Nov 22 17:54:54 ktalina rsyslogd: [origin software="rsyslogd" swVersion="5.8.11" x-pid="1006" x-info="http://www.rsyslog.com"] rsyslogd was HUPed
Nov 22 17:55:06 ktalina anacron[1273]: Job `cron.daily' terminated
Nov 22 17:55:06 ktalina anacron[1273]: Normal exit (1 job run)
Nov 22 18:03:03 ktalina NetworkManager[1076]: <warn> nl_recvmsgs() error: (-33) Dump inconsistency detected, interrupted
Nov 22 18:07:03 ktalina NetworkManager[1076]: <warn> nl_recvmsgs() error: (-33) Dump inconsistency detected, interrupted
Nov 22 18:17:01 ktalina CRON[3770]: (root) CMD (   cd / && run-parts --report /etc/cron.hourly)
Nov 22 18:23:03 ktalina NetworkManager[1076]: <warn> nl_recvmsgs() error: (-33) Dump inconsistency detected, interrupted
Nov 22 18:35:03 ktalina NetworkManager[1076]: <warn> nl_recvmsgs() error: (-33) Dump inconsistency detected, interrupted
Nov 22 18:37:22 ktalina kernel: [ 3714.008617] ACPI Error: No handler for Region [CMS0] (ffff8801b92602d0) [SystemCMOS] (20121018/evregion-376)
Nov 22 18:37:22 ktalina kernel: [ 3714.008634] ACPI Error: Region SystemCMOS (ID=5) has no handler (20121018/exfldio-305)
Nov 22 18:37:22 ktalina kernel: [ 3714.008647] ACPI Error: Method parse/execution failed [\_SB_.PCI0.LPCB.EC0_._Q33] (Node ffff8801b92699d8), AE_NOT_EXIST (20121018/psparse-537)
Nov 22 19:17:01 ktalina CRON[4199]: (root) CMD (   cd / && run-parts --report /etc/cron.hourly)
Nov 22 19:39:35 ktalina kernel: [ 7445.607497] ACPI Error: No handler for Region [CMS0] (ffff8801b92602d0) [SystemCMOS] (20121018/evregion-376)
Nov 22 19:39:35 ktalina kernel: [ 7445.607514] ACPI Error: Region SystemCMOS (ID=5) has no handler (20121018/exfldio-305)
Nov 22 19:39:35 ktalina kernel: [ 7445.607527] ACPI Error: Method parse/execution failed [\_SB_.PCI0.LPCB.EC0_._Q33] (Node ffff8801b92699d8), AE_NOT_EXIST (20121018/psparse-537)
Nov 22 19:55:32 ktalina colord: device removed: xrandr-Seiko Epson Corporation
Nov 22 19:55:32 ktalina colord: Profile removed: icc-bbe1a40d69e812e21f3696aaeed90709
Nov 22 19:55:32 ktalina gnome-session[2595]: CRITICAL: gsm_manager_set_phase: assertion `GSM_IS_MANAGER (manager)' failed
Nov 22 19:55:32 ktalina gnome-session[2595]: Gtk-CRITICAL: gtk_main_quit: assertion `main_loops != NULL' failed
Nov 22 21:27:51 ktalina kernel: imklog 5.8.11, log source = /proc/kmsg started.
Nov 22 21:27:51 ktalina rsyslogd: [origin software="rsyslogd" swVersion="5.8.11" x-pid="988" x-info="http://www.rsyslog.com"] start
Nov 22 21:27:51 ktalina rsyslogd: rsyslogd's groupid changed to 103
Nov 22 21:27:51 ktalina rsyslogd: rsyslogd's userid changed to 101
Nov 22 21:27:51 ktalina rsyslogd-2039: Could not open output pipe '/dev/xconsole' [try http://www.rsyslog.com/e/2039 ]
Nov 22 21:27:51 ktalina kernel: [    0.000000] Initializing cgroup subsys cpuset
Nov 22 21:27:51 ktalina kernel: [    0.000000] Initializing cgroup subsys cpu
Nov 22 21:27:51 ktalina kernel: [    0.000000] Linux version 3.8.0-30-generic (buildd@roseapple) (gcc version 4.7.3 (Ubuntu/Linaro 4.7.3-1ubuntu1) ) #44-Ubuntu SMP Thu Aug 22 20:52:24 UTC 2013 (Ubuntu 3.8.0-30.44-generic 3.8.13.6)
Nov 22 21:27:51 ktalina kernel: [    0.000000] Command line: BOOT_IMAGE=/boot/vmlinuz-3.8.0-30-generic root=UUID=b638beb9-a3e7-4e70-99d0-43dcbabc8bc3 ro
Nov 22 21:27:51 ktalina kernel: [    0.000000] KERNEL supported cpus:
Nov 22 21:27:51 ktalina kernel: [    0.000000]   Intel GenuineIntel
Nov 22 21:27:51 ktalina kernel: [    0.000000]   AMD AuthenticAMD
Nov 22 21:27:51 ktalina kernel: [    0.000000]   Centaur CentaurHauls
Nov 22 21:27:51 ktalina kernel: [    0.000000] e820: BIOS-provided physical RAM map:
Nov 22 21:27:51 ktalina kernel: [    0.000000] BIOS-e820: [mem 0x0000000000000000-0x0000000000087fff] usable
Nov 22 21:27:51 ktalina kernel: [    0.000000] BIOS-e820: [mem 0x0000000000088000-0x00000000000bffff] reserved
Nov 22 21:27:51 ktalina kernel: [    0.000000] BIOS-e820: [mem 0x0000000000100000-0x000000001fffffff] usable
Nov 22 21:27:51 ktalina kernel: [    0.000000] BIOS-e820: [mem 0x0000000020000000-0x00000000201fffff] reserved
Nov 22 21:27:51 ktalina kernel: [    0.000000] BIOS-e820: [mem 0x0000000020200000-0x000000003a7befff] usable
Nov 22 21:27:51 ktalina kernel: [    0.000000] BIOS-e820: [mem 0x000000003a7bf000-0x000000003aebefff] reserved
Nov 22 21:27:51 ktalina kernel: [    0.000000] BIOS-e820: [mem 0x000000003aebf000-0x000000003afbefff] ACPI NVS
Nov 22 21:27:51 ktalina kernel: [    0.000000] BIOS-e820: [mem 0x000000003afbf000-0x000000003affefff] ACPI data
Nov 22 21:27:51 ktalina kernel: [    0.000000] BIOS-e820: [mem 0x000000003afff000-0x000000003affffff] usable
Nov 22 21:27:51 ktalina kernel: [    0.000000] BIOS-e820: [mem 0x000000003b000000-0x000000003f9fffff] reserved
Nov 22 21:27:51 ktalina kernel: [    0.000000] BIOS-e820: [mem 0x00000000f0000000-0x00000000f3ffffff] reserved
Nov 22 21:27:51 ktalina kernel: [    0.000000] BIOS-e820: [mem 0x00000000feb00000-0x00000000feb03fff] reserved
Nov 22 21:27:51 ktalina kernel: [    0.000000] BIOS-e820: [mem 0x00000000fec00000-0x00000000fec00fff] reserved
Nov 22 21:27:51 ktalina kernel: [    0.000000] BIOS-e820: [mem 0x00000000fed10000-0x00000000fed19fff] reserved
Nov 22 21:27:51 ktalina kernel: [    0.000000] BIOS-e820: [mem 0x00000000fed1c000-0x00000000fed1ffff] reserved
Nov 22 21:27:51 ktalina kernel: [    0.000000] BIOS-e820: [mem 0x00000000fee00000-0x00000000fee00fff] reserved
Nov 22 21:27:51 ktalina kernel: [    0.000000] BIOS-e820: [mem 0x00000000ffd80000-0x00000000ffffffff] reserved
Nov 22 21:27:51 ktalina kernel: [    0.000000] BIOS-e820: [mem 0x0000000100000000-0x00000001bf5fffff] usable
Nov 22 21:27:51 ktalina kernel: [    0.000000] NX (Execute Disable) protection: active
Nov 22 21:27:51 ktalina kernel: [    0.000000] efi: EFI v2.31 by INSYDE Corp.
Nov 22 21:27:51 ktalina kernel: [    0.000000] efi:  ACPI=0x3affe000  ACPI 2.0=0x3affe014  SMBIOS=0x3aebef98 
Nov 22 21:27:51 ktalina kernel: [    0.000000] efi: mem00: type=3, attr=0xf, range=[0x0000000000000000-0x0000000000001000) (0MB)
Nov 22 21:27:51 ktalina kernel: [    0.000000] efi: mem01: type=7, attr=0xf, range=[0x0000000000001000-0x000000000006f000) (0MB)
Nov 22 21:27:51 ktalina kernel: [    0.000000] efi: mem02: type=4, attr=0xf, range=[0x000000000006f000-0x0000000000070000) (0MB)
Nov 22 21:27:51 ktalina kernel: [    0.000000] efi: mem03: type=7, attr=0xf, range=[0x0000000000070000-0x0000000000088000) (0MB)
Nov 22 21:27:51 ktalina kernel: [    0.000000] efi: mem04: type=6, attr=0x800000000000000f, range=[0x0000000000088000-0x00000000000a0000) (0MB)
Nov 22 21:27:51 ktalina kernel: [    0.000000] efi: mem05: type=2, attr=0xf, range=[0x0000000000100000-0x0000000001444000) (19MB)
Nov 22 21:27:51 ktalina kernel: [    0.000000] efi: mem06: type=7, attr=0xf, range=[0x0000000001444000-0x0000000002000000) (11MB)
Nov 22 21:27:51 ktalina kernel: [    0.000000] efi: mem07: type=2, attr=0xf, range=[0x0000000002000000-0x0000000003344000) (19MB)
Nov 22 21:27:51 ktalina kernel: [    0.000000] efi: mem08: type=7, attr=0xf, range=[0x0000000003344000-0x000000001237b000) (240MB)
Nov 22 21:27:51 ktalina kernel: [    0.000000] efi: mem09: type=2, attr=0xf, range=[0x000000001237b000-0x0000000020000000) (220MB)
Nov 22 21:27:51 ktalina kernel: [    0.000000] efi: mem10: type=0, attr=0xf, range=[0x0000000020000000-0x0000000020200000) (2MB)
Nov 22 21:27:51 ktalina kernel: [    0.000000] efi: mem11: type=7, attr=0xf, range=[0x0000000020200000-0x000000002b1c0000) (175MB)
Nov 22 21:27:51 ktalina kernel: [    0.000000] efi: mem12: type=4, attr=0xf, range=[0x000000002b1c0000-0x000000002b1e0000) (0MB)
Nov 22 21:27:51 ktalina kernel: [    0.000000] efi: mem13: type=7, attr=0xf, range=[0x000000002b1e0000-0x00000000357a6000) (165MB)
Nov 22 21:27:51 ktalina kernel: [    0.000000] efi: mem14: type=4, attr=0xf, range=[0x00000000357a6000-0x00000000361b0000) (10MB)
Nov 22 21:27:51 ktalina kernel: [    0.000000] efi: mem15: type=7, attr=0xf, range=[0x00000000361b0000-0x00000000363a1000) (1MB)
Nov 22 21:27:51 ktalina kernel: [    0.000000] efi: mem16: type=1, attr=0xf, range=[0x00000000363a1000-0x00000000363bf000) (0MB)
Nov 22 21:27:51 ktalina kernel: [    0.000000] efi: mem17: type=7, attr=0xf, range=[0x00000000363bf000-0x000000003799a000) (21MB)
Nov 22 21:27:51 ktalina kernel: [    0.000000] efi: mem18: type=2, attr=0xf, range=[0x000000003799a000-0x0000000037bed000) (2MB)
Nov 22 21:27:51 ktalina kernel: [    0.000000] efi: mem19: type=4, attr=0xf, range=[0x0000000037bed000-0x000000003846f000) (8MB)
Nov 22 21:27:51 ktalina kernel: [    0.000000] efi: mem20: type=7, attr=0xf, range=[0x000000003846f000-0x0000000038770000) (3MB)
Nov 22 21:27:51 ktalina kernel: [    0.000000] efi: mem21: type=4, attr=0xf, range=[0x0000000038770000-0x00000000387ca000) (0MB)
Nov 22 21:27:51 ktalina kernel: [    0.000000] efi: mem22: type=7, attr=0xf, range=[0x00000000387ca000-0x00000000387d4000) (0MB)
Nov 22 21:27:51 ktalina kernel: [    0.000000] efi: mem23: type=4, attr=0xf, range=[0x00000000387d4000-0x0000000038818000) (0MB)
Nov 22 21:27:51 ktalina kernel: [    0.000000] efi: mem24: type=7, attr=0xf, range=[0x0000000038818000-0x000000003881a000) (0MB)
Nov 22 21:27:51 ktalina kernel: [    0.000000] efi: mem25: type=4, attr=0xf, range=[0x000000003881a000-0x000000003881c000) (0MB)
Nov 22 21:27:51 ktalina kernel: [    0.000000] efi: mem26: type=7, attr=0xf, range=[0x000000003881c000-0x000000003881e000) (0MB)
Nov 22 21:27:51 ktalina kernel: [    0.000000] efi: mem27: type=4, attr=0xf, range=[0x000000003881e000-0x0000000038868000) (0MB)
Nov 22 21:27:51 ktalina kernel: [    0.000000] efi: mem28: type=7, attr=0xf, range=[0x0000000038868000-0x000000003886d000) (0MB)
Nov 22 21:27:51 ktalina kernel: [    0.000000] efi: mem29: type=4, attr=0xf, range=[0x000000003886d000-0x0000000038874000) (0MB)
Nov 22 21:27:51 ktalina kernel: [    0.000000] efi: mem30: type=7, attr=0xf, range=[0x0000000038874000-0x0000000038875000) (0MB)
Nov 22 21:27:51 ktalina kernel: [    0.000000] efi: mem31: type=4, attr=0xf, range=[0x0000000038875000-0x000000003889f000) (0MB)
Nov 22 21:27:51 ktalina kernel: [    0.000000] efi: mem32: type=7, attr=0xf, range=[0x000000003889f000-0x00000000388a0000) (0MB)
Nov 22 21:27:51 ktalina kernel: [    0.000000] efi: mem33: type=4, attr=0xf, range=[0x00000000388a0000-0x0000000038a09000) (1MB)
Nov 22 21:27:51 ktalina kernel: [    0.000000] efi: mem34: type=7, attr=0xf, range=[0x0000000038a09000-0x0000000038a0c000) (0MB)
Nov 22 21:27:51 ktalina kernel: [    0.000000] efi: mem35: type=4, attr=0xf, range=[0x0000000038a0c000-0x0000000038a2f000) (0MB)
Nov 22 21:27:51 ktalina kernel: [    0.000000] efi: mem36: type=7, attr=0xf, range=[0x0000000038a2f000-0x0000000038a3f000) (0MB)
Nov 22 21:27:51 ktalina kernel: [    0.000000] efi: mem37: type=4, attr=0xf, range=[0x0000000038a3f000-0x0000000038a6c000) (0MB)
Nov 22 21:27:51 ktalina kernel: [    0.000000] efi: mem38: type=7, attr=0xf, range=[0x0000000038a6c000-0x0000000038a79000) (0MB)
Nov 22 21:27:51 ktalina kernel: [    0.000000] efi: mem39: type=4, attr=0xf, range=[0x0000000038a79000-0x0000000038e26000) (3MB)
Nov 22 21:27:51 ktalina kernel: [    0.000000] efi: mem40: type=7, attr=0xf, range=[0x0000000038e26000-0x0000000038e2d000) (0MB)
Nov 22 21:27:51 ktalina kernel: [    0.000000] efi: mem41: type=4, attr=0xf, range=[0x0000000038e2d000-0x0000000038e46000) (0MB)
Nov 22 21:27:51 ktalina kernel: [    0.000000] efi: mem42: type=7, attr=0xf, range=[0x0000000038e46000-0x0000000038e49000) (0MB)
Nov 22 21:27:51 ktalina kernel: [    0.000000] efi: mem43: type=4, attr=0xf, range=[0x0000000038e49000-0x000000003a3bf000) (21MB)
Nov 22 21:27:51 ktalina kernel: [    0.000000] efi: mem44: type=7, attr=0xf, range=[0x000000003a3bf000-0x000000003a3ec000) (0MB)
Nov 22 21:27:51 ktalina kernel: [    0.000000] efi: mem45: type=2, attr=0xf, range=[0x000000003a3ec000-0x000000003a3f6000) (0MB)
Nov 22 21:27:51 ktalina kernel: [    0.000000] efi: mem46: type=3, attr=0xf, range=[0x000000003a3f6000-0x000000003a7bf000) (3MB)
Nov 22 21:27:51 ktalina kernel: [    0.000000] efi: mem47: type=5, attr=0x800000000000000f, range=[0x000000003a7bf000-0x000000003a89b000) (0MB)
Nov 22 21:27:51 ktalina kernel: [    0.000000] efi: mem48: type=6, attr=0x800000000000000f, range=[0x000000003a89b000-0x000000003a89c000) (0MB)
Nov 22 21:27:51 ktalina kernel: [    0.000000] efi: mem49: type=5, attr=0x800000000000000f, range=[0x000000003a89c000-0x000000003a8cb000) (0MB)
Nov 22 21:27:51 ktalina kernel: [    0.000000] efi: mem50: type=6, attr=0x800000000000000f, range=[0x000000003a8cb000-0x000000003a8cc000) (0MB)
Nov 22 21:27:51 ktalina kernel: [    0.000000] efi: mem51: type=5, attr=0x800000000000000f, range=[0x000000003a8cc000-0x000000003a8dc000) (0MB)
Nov 22 21:27:51 ktalina kernel: [    0.000000] efi: mem52: type=6, attr=0x800000000000000f, range=[0x000000003a8dc000-0x000000003a930000) (0MB)
Nov 22 21:27:51 ktalina kernel: [    0.000000] efi: mem53: type=5, attr=0x800000000000000f, range=[0x000000003a930000-0x000000003a9bf000) (0MB)
Nov 22 21:27:51 ktalina kernel: [    0.000000] efi: mem54: type=6, attr=0x800000000000000f, range=[0x000000003a9bf000-0x000000003aabf000) (1MB)
Nov 22 21:27:51 ktalina kernel: [    0.000000] efi: mem55: type=0, attr=0xf, range=[0x000000003aabf000-0x000000003aebf000) (4MB)
Nov 22 21:27:51 ktalina kernel: [    0.000000] efi: mem56: type=10, attr=0xf, range=[0x000000003aebf000-0x000000003afbf000) (1MB)
Nov 22 21:27:51 ktalina kernel: [    0.000000] efi: mem57: type=9, attr=0xf, range=[0x000000003afbf000-0x000000003afff000) (0MB)
Nov 22 21:27:51 ktalina kernel: [    0.000000] efi: mem58: type=4, attr=0xf, range=[0x000000003afff000-0x000000003b000000) (0MB)
Nov 22 21:27:51 ktalina kernel: [    0.000000] efi: mem59: type=7, attr=0xf, range=[0x0000000100000000-0x00000001bf600000) (3062MB)
Nov 22 21:27:51 ktalina kernel: [    0.000000] efi: mem60: type=0, attr=0x0, range=[0x00000000000a0000-0x00000000000c0000) (0MB)
Nov 22 21:27:51 ktalina kernel: [    0.000000] efi: mem61: type=0, attr=0x0, range=[0x000000003b000000-0x000000003fa00000) (74MB)
Nov 22 21:27:51 ktalina kernel: [    0.000000] efi: mem62: type=11, attr=0x8000000000000001, range=[0x00000000f0000000-0x00000000f4000000) (64MB)
Nov 22 21:27:51 ktalina kernel: [    0.000000] efi: mem63: type=11, attr=0x8000000000000001, range=[0x00000000feb00000-0x00000000feb04000) (0MB)
Nov 22 21:27:51 ktalina kernel: [    0.000000] efi: mem64: type=11, attr=0x8000000000000001, range=[0x00000000fec00000-0x00000000fec01000) (0MB)
Nov 22 21:27:51 ktalina kernel: [    0.000000] efi: mem65: type=11, attr=0x8000000000000001, range=[0x00000000fed10000-0x00000000fed1a000) (0MB)
Nov 22 21:27:51 ktalina kernel: [    0.000000] efi: mem66: type=11, attr=0x8000000000000001, range=[0x00000000fed1c000-0x00000000fed20000) (0MB)
Nov 22 21:27:51 ktalina kernel: [    0.000000] efi: mem67: type=11, attr=0x8000000000000001, range=[0x00000000fee00000-0x00000000fee01000) (0MB)
Nov 22 21:27:51 ktalina kernel: [    0.000000] efi: mem68: type=11, attr=0x8000000000000000, range=[0x00000000ffd80000-0x0000000100000000) (2MB)
Nov 22 21:27:51 ktalina kernel: [    0.000000] SMBIOS 2.7 present.
Nov 22 21:27:51 ktalina kernel: [    0.000000] DMI: Hewlett-Packard HP Pavilion Sleekbook 15/1900, BIOS F.12 11/02/2012
Nov 22 21:27:51 ktalina kernel: [    0.000000] e820: update [mem 0x00000000-0x0000ffff] usable ==> reserved
Nov 22 21:27:51 ktalina kernel: [    0.000000] e820: remove [mem 0x000a0000-0x000fffff] usable
Nov 22 21:27:51 ktalina kernel: [    0.000000] No AGP bridge found
Nov 22 21:27:51 ktalina kernel: [    0.000000] e820: last_pfn = 0x1bf600 max_arch_pfn = 0x400000000
Nov 22 21:27:51 ktalina kernel: [    0.000000] MTRR default type: uncachable
Nov 22 21:27:51 ktalina kernel: [    0.000000] MTRR fixed ranges enabled:
Nov 22 21:27:51 ktalina kernel: [    0.000000]   00000-9FFFF write-back
Nov 22 21:27:51 ktalina kernel: [    0.000000]   A0000-BFFFF uncachable
Nov 22 21:27:51 ktalina kernel: [    0.000000]   C0000-E7FFF write-protect
Nov 22 21:27:51 ktalina kernel: [    0.000000]   E8000-EFFFF write-combining
Nov 22 21:27:51 ktalina kernel: [    0.000000]   F0000-FFFFF write-protect
Nov 22 21:27:51 ktalina kernel: [    0.000000] MTRR variable ranges enabled:
Nov 22 21:27:51 ktalina kernel: [    0.000000]   0 base 000000000 mask FC0000000 write-back
Nov 22 21:27:51 ktalina kernel: [    0.000000]   1 base 03B000000 mask FFF000000 uncachable
Nov 22 21:27:51 ktalina kernel: [    0.000000]   2 base 03C000000 mask FFC000000 uncachable
Nov 22 21:27:51 ktalina kernel: [    0.000000]   3 base 0FFC00000 mask FFFC00000 write-protect
Nov 22 21:27:51 ktalina kernel: [    0.000000]   4 base 100000000 mask F00000000 write-back
Nov 22 21:27:51 ktalina kernel: [    0.000000]   5 base 1BF600000 mask FFFE00000 uncachable
Nov 22 21:27:51 ktalina kernel: [    0.000000]   6 base 1BF800000 mask FFF800000 uncachable
Nov 22 21:27:51 ktalina kernel: [    0.000000]   7 base 1C0000000 mask FC0000000 uncachable
Nov 22 21:27:51 ktalina kernel: [    0.000000]   8 disabled
Nov 22 21:27:51 ktalina kernel: [    0.000000]   9 disabled
Nov 22 21:27:51 ktalina kernel: [    0.000000] x86 PAT enabled: cpu 0, old 0x7040600070406, new 0x7010600070106
Nov 22 21:27:51 ktalina kernel: [    0.000000] e820: last_pfn = 0x3b000 max_arch_pfn = 0x400000000
Nov 22 21:27:51 ktalina kernel: [    0.000000] initial memory mapped: [mem 0x00000000-0x1fffffff]
Nov 22 21:27:51 ktalina kernel: [    0.000000] Base memory trampoline at [ffff88000007e000] 7e000 size 24576
Nov 22 21:27:51 ktalina kernel: [    0.000000] reserving inaccessible SNB gfx pages
Nov 22 21:27:51 ktalina kernel: [    0.000000] init_memory_mapping: [mem 0x00000000-0x3affffff]
Nov 22 21:27:51 ktalina kernel: [    0.000000]  [mem 0x00000000-0x3affffff] page 2M
Nov 22 21:27:51 ktalina kernel: [    0.000000] kernel direct mapping tables up to 0x3affffff @ [mem 0x1fffe000-0x1fffffff]
Nov 22 21:27:51 ktalina kernel: [    0.000000] init_memory_mapping: [mem 0x100000000-0x1bf5fffff]
Nov 22 21:27:51 ktalina kernel: [    0.000000]  [mem 0x100000000-0x1bf5fffff] page 2M
Nov 22 21:27:51 ktalina kernel: [    0.000000] kernel direct mapping tables up to 0x1bf5fffff @ [mem 0x3a3f2000-0x3a3f5fff]
Nov 22 21:27:51 ktalina kernel: [    0.000000] RAMDISK: [mem 0x3799a000-0x37becfff]
Nov 22 21:27:51 ktalina kernel: [    0.000000] ACPI: RSDP 000000003affe014 00024 (v02 HPQOEM)
Nov 22 21:27:51 ktalina kernel: [    0.000000] ACPI: XSDT 000000003affe210 000A4 (v01 HPQOEM SLIC-MPC 00000001 HP   01000013)
Nov 22 21:27:51 ktalina kernel: [    0.000000] ACPI: FACP 000000003affb000 0010C (v05 HPQOEM SLIC-MPC 00000001 HP   00040000)
Nov 22 21:27:51 ktalina kernel: [    0.000000] ACPI: DSDT 000000003afe9000 0E884 (v01 HPQOEM INSYDE   00000000 INTL 00040000)
Nov 22 21:27:51 ktalina kernel: [    0.000000] ACPI: FACS 000000003afba000 00040
Nov 22 21:27:51 ktalina kernel: [    0.000000] ACPI: UEFI 000000003affd000 00236 (v01 HPQOEM 1900     00000001 HP   00040000)
Nov 22 21:27:51 ktalina kernel: [    0.000000] ACPI: ASF! 000000003affc000 000A5 (v32 HPQOEM 1900     00000001 HP   00040000)
Nov 22 21:27:51 ktalina kernel: [    0.000000] ACPI: HPET 000000003affa000 00038 (v01 HPQOEM 1900     00000001 HP   00040000)
Nov 22 21:27:51 ktalina kernel: [    0.000000] ACPI: APIC 000000003aff9000 0008C (v03 HPQOEM 1900     00000001 HP   00040000)
Nov 22 21:27:51 ktalina kernel: [    0.000000] ACPI: MCFG 000000003aff8000 0003C (v01 HPQOEM 1900     00000001 HP   00040000)
Nov 22 21:27:51 ktalina kernel: [    0.000000] ACPI: WDAT 000000003afe8000 00224 (v01 HPQOEM 1900     00000001 HP   00040000)
Nov 22 21:27:51 ktalina kernel: [    0.000000] ACPI: SSDT 000000003afe7000 00E21 (v01 HPQOEM INSYDE   00001000 INTL 00040000)
Nov 22 21:27:51 ktalina kernel: [    0.000000] ACPI: BOOT 000000003afe5000 00028 (v01 HPQOEM 1900     00000001 HP   00040000)
Nov 22 21:27:51 ktalina kernel: [    0.000000] ACPI: ASPT 000000003afe3000 00034 (v07 HPQOEM 1900     00000001 HP   00040000)
Nov 22 21:27:51 ktalina kernel: [    0.000000] ACPI: DBGP 000000003afe2000 00034 (v01 HPQOEM 1900     00000001 HP   00040000)
Nov 22 21:27:51 ktalina kernel: [    0.000000] ACPI: FPDT 000000003afe0000 00044 (v01 HPQOEM 1900     00000001 HP   00040000)
Nov 22 21:27:51 ktalina kernel: [    0.000000] ACPI: SSDT 000000003afde000 0079A (v01 HPQOEM INSYDE   00003000 INTL 00040000)
Nov 22 21:27:51 ktalina kernel: [    0.000000] ACPI: SSDT 000000003afdd000 00B22 (v01 HPQOEM INSYDE   00003000 INTL 00040000)
Nov 22 21:27:51 ktalina kernel: [    0.000000] ACPI: UEFI 000000003afdc000 0005C (v01 HPQOEM 1900     00000000 HP   00040000)
Nov 22 21:27:51 ktalina kernel: [    0.000000] ACPI: BGRT 000000003afdb000 00038 (v01 HPQOEM 1900     00000001 HP   00040000)
Nov 22 21:27:51 ktalina kernel: [    0.000000] ACPI: Local APIC address 0xfee00000
Nov 22 21:27:51 ktalina kernel: [    0.000000] No NUMA configuration found
Nov 22 21:27:51 ktalina kernel: [    0.000000] Faking a node at [mem 0x0000000000000000-0x00000001bf5fffff]
Nov 22 21:27:51 ktalina kernel: [    0.000000] Initmem setup node 0 [mem 0x00000000-0x1bf5fffff]
Nov 22 21:27:51 ktalina kernel: [    0.000000]   NODE_DATA [mem 0x1bf5fb000-0x1bf5fffff]
Nov 22 21:27:51 ktalina kernel: [    0.000000]  [ffffea0000000000-ffffea0006ffffff] PMD -> [ffff8801bac00000-ffff8801bebfffff] on node 0
Nov 22 21:27:51 ktalina kernel: [    0.000000] Zone ranges:
Nov 22 21:27:51 ktalina kernel: [    0.000000]   DMA      [mem 0x00010000-0x00ffffff]
Nov 22 21:27:51 ktalina kernel: [    0.000000]   DMA32    [mem 0x01000000-0xffffffff]
Nov 22 21:27:51 ktalina kernel: [    0.000000]   Normal   [mem 0x100000000-0x1bf5fffff]
Nov 22 21:27:51 ktalina kernel: [    0.000000] Movable zone start for each node
Nov 22 21:27:51 ktalina kernel: [    0.000000] Early memory node ranges
Nov 22 21:27:51 ktalina kernel: [    0.000000]   node   0: [mem 0x00010000-0x00087fff]
Nov 22 21:27:51 ktalina kernel: [    0.000000]   node   0: [mem 0x00100000-0x1fffffff]
Nov 22 21:27:51 ktalina kernel: [    0.000000]   node   0: [mem 0x20200000-0x3a7befff]
Nov 22 21:27:51 ktalina kernel: [    0.000000]   node   0: [mem 0x3afff000-0x3affffff]
Nov 22 21:27:51 ktalina kernel: [    0.000000]   node   0: [mem 0x100000000-0x1bf5fffff]
Nov 22 21:27:51 ktalina kernel: [    0.000000] On node 0 totalpages: 1022776
Nov 22 21:27:51 ktalina kernel: [    0.000000]   DMA zone: 64 pages used for memmap
Nov 22 21:27:51 ktalina kernel: [    0.000000]   DMA zone: 120 pages reserved
Nov 22 21:27:51 ktalina kernel: [    0.000000]   DMA zone: 3776 pages, LIFO batch:0
Nov 22 21:27:51 ktalina kernel: [    0.000000]   DMA32 zone: 3671 pages used for memmap
Nov 22 21:27:51 ktalina kernel: [    0.000000]   DMA32 zone: 231273 pages, LIFO batch:31
Nov 22 21:27:51 ktalina kernel: [    0.000000]   Normal zone: 12248 pages used for memmap
Nov 22 21:27:51 ktalina kernel: [    0.000000]   Normal zone: 771624 pages, LIFO batch:31
Nov 22 21:27:51 ktalina kernel: [    0.000000] ACPI: PM-Timer IO Port: 0x408
Nov 22 21:27:51 ktalina kernel: [    0.000000] ACPI: Local APIC address 0xfee00000
Nov 22 21:27:51 ktalina kernel: [    0.000000] ACPI: LAPIC (acpi_id[0x01] lapic_id[0x00] enabled)
Nov 22 21:27:51 ktalina kernel: [    0.000000] ACPI: LAPIC (acpi_id[0x02] lapic_id[0x01] enabled)
Nov 22 21:27:51 ktalina kernel: [    0.000000] ACPI: LAPIC (acpi_id[0x03] lapic_id[0x02] enabled)
Nov 22 21:27:51 ktalina kernel: [    0.000000] ACPI: LAPIC (acpi_id[0x04] lapic_id[0x03] enabled)
Nov 22 21:27:51 ktalina kernel: [    0.000000] ACPI: LAPIC (acpi_id[0x05] lapic_id[0x00] disabled)
Nov 22 21:27:51 ktalina kernel: [    0.000000] ACPI: LAPIC (acpi_id[0x06] lapic_id[0x00] disabled)
Nov 22 21:27:51 ktalina kernel: [    0.000000] ACPI: LAPIC (acpi_id[0x07] lapic_id[0x00] disabled)
Nov 22 21:27:51 ktalina kernel: [    0.000000] ACPI: LAPIC (acpi_id[0x08] lapic_id[0x00] disabled)
Nov 22 21:27:51 ktalina kernel: [    0.000000] ACPI: IOAPIC (id[0x00] address[0xfec00000] gsi_base[0])
Nov 22 21:27:51 ktalina kernel: [    0.000000] IOAPIC[0]: apic_id 0, version 32, address 0xfec00000, GSI 0-23
Nov 22 21:27:51 ktalina kernel: [    0.000000] ACPI: INT_SRC_OVR (bus 0 bus_irq 0 global_irq 2 dfl dfl)
Nov 22 21:27:51 ktalina kernel: [    0.000000] ACPI: INT_SRC_OVR (bus 0 bus_irq 9 global_irq 9 high level)
Nov 22 21:27:51 ktalina kernel: [    0.000000] ACPI: IRQ0 used by override.
Nov 22 21:27:51 ktalina kernel: [    0.000000] ACPI: IRQ2 used by override.
Nov 22 21:27:51 ktalina kernel: [    0.000000] ACPI: IRQ9 used by override.
Nov 22 21:27:51 ktalina kernel: [    0.000000] Using ACPI (MADT) for SMP configuration information
Nov 22 21:27:51 ktalina kernel: [    0.000000] ACPI: HPET id: 0x8086a201 base: 0xfed00000
Nov 22 21:27:51 ktalina kernel: [    0.000000] smpboot: Allowing 8 CPUs, 4 hotplug CPUs
Nov 22 21:27:51 ktalina kernel: [    0.000000] nr_irqs_gsi: 40
Nov 22 21:27:51 ktalina kernel: [    0.000000] PM: Registered nosave memory: 0000000000088000 - 00000000000c0000
Nov 22 21:27:51 ktalina kernel: [    0.000000] PM: Registered nosave memory: 00000000000c0000 - 0000000000100000
Nov 22 21:27:51 ktalina kernel: [    0.000000] PM: Registered nosave memory: 0000000020000000 - 0000000020200000
Nov 22 21:27:51 ktalina kernel: [    0.000000] PM: Registered nosave memory: 000000003a7bf000 - 000000003aebf000
Nov 22 21:27:51 ktalina kernel: [    0.000000] PM: Registered nosave memory: 000000003aebf000 - 000000003afbf000
Nov 22 21:27:51 ktalina kernel: [    0.000000] PM: Registered nosave memory: 000000003afbf000 - 000000003afff000
Nov 22 21:27:51 ktalina kernel: [    0.000000] PM: Registered nosave memory: 000000003b000000 - 000000003fa00000
Nov 22 21:27:51 ktalina kernel: [    0.000000] PM: Registered nosave memory: 000000003fa00000 - 00000000f0000000
Nov 22 21:27:51 ktalina kernel: [    0.000000] PM: Registered nosave memory: 00000000f0000000 - 00000000f4000000
Nov 22 21:27:51 ktalina kernel: [    0.000000] PM: Registered nosave memory: 00000000f4000000 - 00000000feb00000
Nov 22 21:27:51 ktalina kernel: [    0.000000] PM: Registered nosave memory: 00000000feb00000 - 00000000feb04000
Nov 22 21:27:51 ktalina kernel: [    0.000000] PM: Registered nosave memory: 00000000feb04000 - 00000000fec00000
Nov 22 21:27:51 ktalina kernel: [    0.000000] PM: Registered nosave memory: 00000000fec00000 - 00000000fec01000
Nov 22 21:27:51 ktalina kernel: [    0.000000] PM: Registered nosave memory: 00000000fec01000 - 00000000fed10000
Nov 22 21:27:51 ktalina kernel: [    0.000000] PM: Registered nosave memory: 00000000fed10000 - 00000000fed1a000
Nov 22 21:27:51 ktalina kernel: [    0.000000] PM: Registered nosave memory: 00000000fed1a000 - 00000000fed1c000
Nov 22 21:27:51 ktalina kernel: [    0.000000] PM: Registered nosave memory: 00000000fed1c000 - 00000000fed20000
Nov 22 21:27:51 ktalina kernel: [    0.000000] PM: Registered nosave memory: 00000000fed20000 - 00000000fee00000
Nov 22 21:27:51 ktalina kernel: [    0.000000] PM: Registered nosave memory: 00000000fee00000 - 00000000fee01000
Nov 22 21:27:51 ktalina kernel: [    0.000000] PM: Registered nosave memory: 00000000fee01000 - 00000000ffd80000
Nov 22 21:27:51 ktalina kernel: [    0.000000] PM: Registered nosave memory: 00000000ffd80000 - 0000000100000000
Nov 22 21:27:51 ktalina kernel: [    0.000000] e820: [mem 0x3fa00000-0xefffffff] available for PCI devices
Nov 22 21:27:51 ktalina kernel: [    0.000000] Booting paravirtualized kernel on bare hardware
Nov 22 21:27:51 ktalina kernel: [    0.000000] setup_percpu: NR_CPUS:256 nr_cpumask_bits:256 nr_cpu_ids:8 nr_node_ids:1
Nov 22 21:27:51 ktalina kernel: [    0.000000] PERCPU: Embedded 28 pages/cpu @ffff8801bf200000 s85056 r8192 d21440 u262144
Nov 22 21:27:51 ktalina kernel: [    0.000000] pcpu-alloc: s85056 r8192 d21440 u262144 alloc=1*2097152
Nov 22 21:27:51 ktalina kernel: [    0.000000] pcpu-alloc: [0] 0 1 2 3 4 5 6 7 
Nov 22 21:27:51 ktalina kernel: [    0.000000] Built 1 zonelists in Zone order, mobility grouping on.  Total pages: 1006673
Nov 22 21:27:51 ktalina kernel: [    0.000000] Policy zone: Normal
Nov 22 21:27:51 ktalina kernel: [    0.000000] Kernel command line: BOOT_IMAGE=/boot/vmlinuz-3.8.0-30-generic root=UUID=b638beb9-a3e7-4e70-99d0-43dcbabc8bc3 ro
Nov 22 21:27:51 ktalina kernel: [    0.000000] PID hash table entries: 4096 (order: 3, 32768 bytes)
Nov 22 21:27:51 ktalina kernel: [    0.000000] __ex_table already sorted, skipping sort
Nov 22 21:27:51 ktalina kernel: [    0.000000] xsave: enabled xstate_bv 0x7, cntxt size 0x340
Nov 22 21:27:51 ktalina kernel: [    0.000000] Checking aperture...
Nov 22 21:27:51 ktalina kernel: [    0.000000] No AGP bridge found
Nov 22 21:27:51 ktalina kernel: [    0.000000] Calgary: detecting Calgary via BIOS EBDA area
Nov 22 21:27:51 ktalina kernel: [    0.000000] Calgary: Unable to locate Rio Grande table in EBDA - bailing!
Nov 22 21:27:51 ktalina kernel: [    0.000000] Memory: 3888220k/7329792k available (7014k kernel code, 3238688k absent, 202884k reserved, 6229k data, 996k init)
Nov 22 21:27:51 ktalina kernel: [    0.000000] SLUB: Genslabs=15, HWalign=64, Order=0-3, MinObjects=0, CPUs=8, Nodes=1
Nov 22 21:27:51 ktalina kernel: [    0.000000] Hierarchical RCU implementation.
Nov 22 21:27:51 ktalina kernel: [    0.000000] 	RCU dyntick-idle grace-period acceleration is enabled.
Nov 22 21:27:51 ktalina kernel: [    0.000000] 	RCU restricting CPUs from NR_CPUS=256 to nr_cpu_ids=8.
Nov 22 21:27:51 ktalina kernel: [    0.000000] NR_IRQS:16640 nr_irqs:744 16
Nov 22 21:27:51 ktalina kernel: [    0.000000] Console: colour dummy device 80x25
Nov 22 21:27:51 ktalina kernel: [    0.000000] console [tty0] enabled
Nov 22 21:27:51 ktalina kernel: [    0.000000] allocated 16777216 bytes of page_cgroup
Nov 22 21:27:51 ktalina kernel: [    0.000000] please try 'cgroup_disable=memory' option if you don't want memory cgroups
Nov 22 21:27:51 ktalina kernel: [    0.000000] hpet clockevent registered
Nov 22 21:27:51 ktalina kernel: [    0.000000] tsc: Fast TSC calibration using PIT
Nov 22 21:27:51 ktalina kernel: [    0.004000] tsc: Detected 1496.577 MHz processor
Nov 22 21:27:51 ktalina kernel: [    0.000003] Calibrating delay loop (skipped), value calculated using timer frequency.. 2993.15 BogoMIPS (lpj=5986308)
Nov 22 21:27:51 ktalina kernel: [    0.000013] pid_max: default: 32768 minimum: 301
Nov 22 21:27:51 ktalina kernel: [    0.024427] Security Framework initialized
Nov 22 21:27:51 ktalina kernel: [    0.024444] AppArmor: AppArmor initialized
Nov 22 21:27:51 ktalina kernel: [    0.024448] Yama: becoming mindful.
Nov 22 21:27:51 ktalina kernel: [    0.024881] Dentry cache hash table entries: 524288 (order: 10, 4194304 bytes)
Nov 22 21:27:51 ktalina kernel: [    0.026194] Inode-cache hash table entries: 262144 (order: 9, 2097152 bytes)
Nov 22 21:27:51 ktalina kernel: [    0.026743] Mount-cache hash table entries: 256
Nov 22 21:27:51 ktalina kernel: [    0.026977] Initializing cgroup subsys cpuacct
Nov 22 21:27:51 ktalina kernel: [    0.026983] Initializing cgroup subsys memory
Nov 22 21:27:51 ktalina kernel: [    0.026994] Initializing cgroup subsys devices
Nov 22 21:27:51 ktalina kernel: [    0.026998] Initializing cgroup subsys freezer
Nov 22 21:27:51 ktalina kernel: [    0.027002] Initializing cgroup subsys blkio
Nov 22 21:27:51 ktalina kernel: [    0.027007] Initializing cgroup subsys perf_event
Nov 22 21:27:51 ktalina kernel: [    0.027012] Initializing cgroup subsys hugetlb
Nov 22 21:27:51 ktalina kernel: [    0.027047] CPU: Physical Processor ID: 0
Nov 22 21:27:51 ktalina kernel: [    0.027051] CPU: Processor Core ID: 0
Nov 22 21:27:51 ktalina kernel: [    0.027059] ENERGY_PERF_BIAS: Set to 'normal', was 'performance'
Nov 22 21:27:51 ktalina kernel: [    0.027059] ENERGY_PERF_BIAS: View and update with x86_energy_perf_policy(8)
Nov 22 21:27:51 ktalina kernel: [    0.027069] mce: CPU supports 7 MCE banks
Nov 22 21:27:51 ktalina kernel: [    0.027088] CPU0: Thermal monitoring enabled (TM1)
Nov 22 21:27:51 ktalina kernel: [    0.027100] process: using mwait in idle threads
Nov 22 21:27:51 ktalina kernel: [    0.027107] Last level iTLB entries: 4KB 512, 2MB 0, 4MB 0
Nov 22 21:27:51 ktalina kernel: [    0.027107] Last level dTLB entries: 4KB 512, 2MB 32, 4MB 32
Nov 22 21:27:51 ktalina kernel: [    0.027107] tlb_flushall_shift: 5
Nov 22 21:27:51 ktalina kernel: [    0.027324] Freeing SMP alternatives: 24k freed
Nov 22 21:27:51 ktalina kernel: [    0.031261] ACPI: Core revision 20121018
Nov 22 21:27:51 ktalina kernel: [    0.057626] ftrace: allocating 26715 entries in 105 pages
Nov 22 21:27:51 ktalina kernel: [    0.079286] ..TIMER: vector=0x30 apic1=0 pin1=2 apic2=-1 pin2=-1
Nov 22 21:27:51 ktalina kernel: [    0.118966] smpboot: CPU0: Intel(R) Core(TM) i3-2375M CPU @ 1.50GHz (fam: 06, model: 2a, stepping: 07)
Nov 22 21:27:51 ktalina kernel: [    0.118981] TSC deadline timer enabled
Nov 22 21:27:51 ktalina kernel: [    0.118987] Performance Events: PEBS fmt1+, 16-deep LBR, SandyBridge events, Intel PMU driver.
Nov 22 21:27:51 ktalina kernel: [    0.119001] ... version:                3
Nov 22 21:27:51 ktalina kernel: [    0.119004] ... bit width:              48
Nov 22 21:27:51 ktalina kernel: [    0.119007] ... generic registers:      4
Nov 22 21:27:51 ktalina kernel: [    0.119011] ... value mask:             0000ffffffffffff
Nov 22 21:27:51 ktalina kernel: [    0.119014] ... max period:             000000007fffffff
Nov 22 21:27:51 ktalina kernel: [    0.119018] ... fixed-purpose events:   3
Nov 22 21:27:51 ktalina kernel: [    0.119021] ... event mask:             000000070000000f
Nov 22 21:27:51 ktalina kernel: [    0.133728] NMI watchdog: enabled on all CPUs, permanently consumes one hw-PMU counter.
Nov 22 21:27:51 ktalina kernel: [    0.120470] smpboot: Booting Node   0, Processors  #1 #2 #3
Nov 22 21:27:51 ktalina kernel: [    0.160254] Brought up 4 CPUs
Nov 22 21:27:51 ktalina kernel: [    0.160263] smpboot: Total of 4 processors activated (11972.61 BogoMIPS)
Nov 22 21:27:51 ktalina kernel: [    0.165109] devtmpfs: initialized
Nov 22 21:27:51 ktalina kernel: [    0.166286] EVM: security.selinux
Nov 22 21:27:51 ktalina kernel: [    0.166291] EVM: security.SMACK64
Nov 22 21:27:51 ktalina kernel: [    0.166294] EVM: security.capability
Nov 22 21:27:51 ktalina kernel: [    0.166346] PM: Registering ACPI NVS region [mem 0x3aebf000-0x3afbefff] (1048576 bytes)
Nov 22 21:27:51 ktalina kernel: [    0.167464] regulator-dummy: no parameters
Nov 22 21:27:51 ktalina kernel: [    0.167532] NET: Registered protocol family 16
Nov 22 21:27:51 ktalina kernel: [    0.167705] ACPI FADT declares the system doesn't support PCIe ASPM, so disable it
Nov 22 21:27:51 ktalina kernel: [    0.167711] ACPI: bus type pci registered
Nov 22 21:27:51 ktalina kernel: [    0.167801] PCI: MMCONFIG for domain 0000 [bus 00-3f] at [mem 0xf0000000-0xf3ffffff] (base 0xf0000000)
Nov 22 21:27:51 ktalina kernel: [    0.167808] PCI: MMCONFIG at [mem 0xf0000000-0xf3ffffff] reserved in E820
Nov 22 21:27:51 ktalina kernel: [    0.176207] PCI: Using configuration type 1 for base access
Nov 22 21:27:51 ktalina kernel: [    0.177395] bio: create slab <bio-0> at 0
Nov 22 21:27:51 ktalina kernel: [    0.177510] ACPI: Added _OSI(Module Device)
Nov 22 21:27:51 ktalina kernel: [    0.177515] ACPI: Added _OSI(Processor Device)
Nov 22 21:27:51 ktalina kernel: [    0.177519] ACPI: Added _OSI(3.0 _SCP Extensions)
Nov 22 21:27:51 ktalina kernel: [    0.177523] ACPI: Added _OSI(Processor Aggregator Device)
Nov 22 21:27:51 ktalina kernel: [    0.179733] ACPI: EC: Look up EC in DSDT
Nov 22 21:27:51 ktalina kernel: [    0.181897] ACPI: Executed 1 blocks of module-level executable AML code
Nov 22 21:27:51 ktalina kernel: [    0.185398] [Firmware Bug]: ACPI: BIOS _OSI(Linux) query ignored
Nov 22 21:27:51 ktalina kernel: [    0.186092] ACPI: SSDT 000000003ae19018 0083B (v01  PmRef  Cpu0Cst 00003001 INTL 20111123)
Nov 22 21:27:51 ktalina kernel: [    0.186673] ACPI: Dynamic OEM Table Load:
Nov 22 21:27:51 ktalina kernel: [    0.186679] ACPI: SSDT           (null) 0083B (v01  PmRef  Cpu0Cst 00003001 INTL 20111123)
Nov 22 21:27:51 ktalina kernel: [    0.187085] ACPI: SSDT 000000003ae5ba98 00303 (v01  PmRef    ApIst 00003000 INTL 20111123)
Nov 22 21:27:51 ktalina kernel: [    0.187705] ACPI: Dynamic OEM Table Load:
Nov 22 21:27:51 ktalina kernel: [    0.187710] ACPI: SSDT           (null) 00303 (v01  PmRef    ApIst 00003000 INTL 20111123)
Nov 22 21:27:51 ktalina kernel: [    0.187899] ACPI: SSDT 000000003ae18d98 00119 (v01  PmRef    ApCst 00003000 INTL 20111123)
Nov 22 21:27:51 ktalina kernel: [    0.188468] ACPI: Dynamic OEM Table Load:
Nov 22 21:27:51 ktalina kernel: [    0.188473] ACPI: SSDT           (null) 00119 (v01  PmRef    ApCst 00003000 INTL 20111123)
Nov 22 21:27:51 ktalina kernel: [    0.313722] ACPI: Interpreter enabled
Nov 22 21:27:51 ktalina kernel: [    0.313730] ACPI: (supports S0 S3 S4 S5)
Nov 22 21:27:51 ktalina kernel: [    0.313764] ACPI: Using IOAPIC for interrupt routing
Nov 22 21:27:51 ktalina kernel: [    0.319372] ACPI: EC: GPE = 0x1d, I/O: command/status = 0x66, data = 0x62
Nov 22 21:27:51 ktalina kernel: [    0.319527] ACPI: No dock devices found.
Nov 22 21:27:51 ktalina kernel: [    0.319535] PCI: Using host bridge windows from ACPI; if necessary, use "pci=nocrs" and report a bug
Nov 22 21:27:51 ktalina kernel: [    0.319764] ACPI: PCI Root Bridge [PCI0] (domain 0000 [bus 00-3e])
Nov 22 21:27:51 ktalina kernel: [    0.319770] ACPI: PCI Interrupt Routing Table [\_SB_.PCI0._PRT]
Nov 22 21:27:51 ktalina kernel: [    0.320072] \_SB_.PCI0:_OSC invalid UUID
Nov 22 21:27:51 ktalina kernel: [    0.320074] _OSC request data:1 8 0 
Nov 22 21:27:51 ktalina kernel: [    0.320504] PCI host bridge to bus 0000:00
Nov 22 21:27:51 ktalina kernel: [    0.320512] pci_bus 0000:00: root bus resource [bus 00-3e]
Nov 22 21:27:51 ktalina kernel: [    0.320517] pci_bus 0000:00: root bus resource [io  0x0000-0x0cf7]
Nov 22 21:27:51 ktalina kernel: [    0.320522] pci_bus 0000:00: root bus resource [io  0x0d00-0xffff]
Nov 22 21:27:51 ktalina kernel: [    0.320527] pci_bus 0000:00: root bus resource [mem 0x000a0000-0x000bffff]
Nov 22 21:27:51 ktalina kernel: [    0.320532] pci_bus 0000:00: root bus resource [mem 0x000c0000-0x000c3fff]
Nov 22 21:27:51 ktalina kernel: [    0.320537] pci_bus 0000:00: root bus resource [mem 0x000c4000-0x000c7fff]
Nov 22 21:27:51 ktalina kernel: [    0.320542] pci_bus 0000:00: root bus resource [mem 0x000c8000-0x000cbfff]
Nov 22 21:27:51 ktalina kernel: [    0.320547] pci_bus 0000:00: root bus resource [mem 0x000cc000-0x000cffff]
Nov 22 21:27:51 ktalina kernel: [    0.320551] pci_bus 0000:00: root bus resource [mem 0x000d0000-0x000d3fff]
Nov 22 21:27:51 ktalina kernel: [    0.320556] pci_bus 0000:00: root bus resource [mem 0x000d4000-0x000d7fff]
Nov 22 21:27:51 ktalina kernel: [    0.320561] pci_bus 0000:00: root bus resource [mem 0x000d8000-0x000dbfff]
Nov 22 21:27:51 ktalina kernel: [    0.320566] pci_bus 0000:00: root bus resource [mem 0x000dc000-0x000dffff]
Nov 22 21:27:51 ktalina kernel: [    0.320571] pci_bus 0000:00: root bus resource [mem 0x000e0000-0x000e3fff]
Nov 22 21:27:51 ktalina kernel: [    0.320576] pci_bus 0000:00: root bus resource [mem 0x000e4000-0x000e7fff]
Nov 22 21:27:51 ktalina kernel: [    0.320581] pci_bus 0000:00: root bus resource [mem 0x000e8000-0x000ebfff]
Nov 22 21:27:51 ktalina kernel: [    0.320586] pci_bus 0000:00: root bus resource [mem 0x000ec000-0x000effff]
Nov 22 21:27:51 ktalina kernel: [    0.320591] pci_bus 0000:00: root bus resource [mem 0x000f0000-0x000fffff]
Nov 22 21:27:51 ktalina kernel: [    0.320596] pci_bus 0000:00: root bus resource [mem 0x3fa00000-0xfeafffff]
Nov 22 21:27:51 ktalina kernel: [    0.320610] pci 0000:00:00.0: [8086:0104] type 00 class 0x060000
Nov 22 21:27:51 ktalina kernel: [    0.320664] pci 0000:00:02.0: [8086:0116] type 00 class 0x030000
Nov 22 21:27:51 ktalina kernel: [    0.320681] pci 0000:00:02.0: reg 10: [mem 0x52000000-0x523fffff 64bit]
Nov 22 21:27:51 ktalina kernel: [    0.320690] pci 0000:00:02.0: reg 18: [mem 0x40000000-0x4fffffff 64bit pref]
Nov 22 21:27:51 ktalina kernel: [    0.320697] pci 0000:00:02.0: reg 20: [io  0x4000-0x403f]
Nov 22 21:27:51 ktalina kernel: [    0.320787] pci 0000:00:14.0: [8086:1e31] type 00 class 0x0c0330
Nov 22 21:27:51 ktalina kernel: [    0.320826] pci 0000:00:14.0: reg 10: [mem 0x52600000-0x5260ffff 64bit]
Nov 22 21:27:51 ktalina kernel: [    0.320963] pci 0000:00:14.0: PME# supported from D3hot D3cold
Nov 22 21:27:51 ktalina kernel: [    0.321003] pci 0000:00:16.0: [8086:1e3a] type 00 class 0x078000
Nov 22 21:27:51 ktalina kernel: [    0.321043] pci 0000:00:16.0: reg 10: [mem 0x52614000-0x5261400f 64bit]
Nov 22 21:27:51 ktalina kernel: [    0.321170] pci 0000:00:16.0: PME# supported from D0 D3hot D3cold
Nov 22 21:27:51 ktalina kernel: [    0.321229] pci 0000:00:1a.0: [8086:1e2d] type 00 class 0x0c0320
Nov 22 21:27:51 ktalina kernel: [    0.321264] pci 0000:00:1a.0: reg 10: [mem 0x52619000-0x526193ff]
Nov 22 21:27:51 ktalina kernel: [    0.321421] pci 0000:00:1a.0: PME# supported from D0 D3hot D3cold
Nov 22 21:27:51 ktalina kernel: [    0.321468] pci 0000:00:1b.0: [8086:1e20] type 00 class 0x040300
Nov 22 21:27:51 ktalina kernel: [    0.321496] pci 0000:00:1b.0: reg 10: [mem 0x52610000-0x52613fff 64bit]
Nov 22 21:27:51 ktalina kernel: [    0.321628] pci 0000:00:1b.0: PME# supported from D0 D3hot D3cold
Nov 22 21:27:51 ktalina kernel: [    0.321668] pci 0000:00:1c.0: [8086:1e10] type 01 class 0x060400
Nov 22 21:27:51 ktalina kernel: [    0.321805] pci 0000:00:1c.0: PME# supported from D0 D3hot D3cold
Nov 22 21:27:51 ktalina kernel: [    0.321851] pci 0000:00:1c.1: [8086:1e12] type 01 class 0x060400
Nov 22 21:27:51 ktalina kernel: [    0.321994] pci 0000:00:1c.1: PME# supported from D0 D3hot D3cold
Nov 22 21:27:51 ktalina kernel: [    0.322037] pci 0000:00:1c.2: [8086:1e14] type 01 class 0x060400
Nov 22 21:27:51 ktalina kernel: [    0.322181] pci 0000:00:1c.2: PME# supported from D0 D3hot D3cold
Nov 22 21:27:51 ktalina kernel: [    0.322241] pci 0000:00:1d.0: [8086:1e26] type 00 class 0x0c0320
Nov 22 21:27:51 ktalina kernel: [    0.322275] pci 0000:00:1d.0: reg 10: [mem 0x52618000-0x526183ff]
Nov 22 21:27:51 ktalina kernel: [    0.322430] pci 0000:00:1d.0: PME# supported from D0 D3hot D3cold
Nov 22 21:27:51 ktalina kernel: [    0.322471] pci 0000:00:1f.0: [8086:1e57] type 00 class 0x060100
Nov 22 21:27:51 ktalina kernel: [    0.322670] pci 0000:00:1f.2: [8086:282a] type 00 class 0x010400
Nov 22 21:27:51 ktalina kernel: [    0.322709] pci 0000:00:1f.2: reg 10: [io  0x4088-0x408f]
Nov 22 21:27:51 ktalina kernel: [    0.322726] pci 0000:00:1f.2: reg 14: [io  0x4094-0x4097]
Nov 22 21:27:51 ktalina kernel: [    0.322742] pci 0000:00:1f.2: reg 18: [io  0x4080-0x4087]
Nov 22 21:27:51 ktalina kernel: [    0.322757] pci 0000:00:1f.2: reg 1c: [io  0x4090-0x4093]
Nov 22 21:27:51 ktalina kernel: [    0.322772] pci 0000:00:1f.2: reg 20: [io  0x4060-0x407f]
Nov 22 21:27:51 ktalina kernel: [    0.322789] pci 0000:00:1f.2: reg 24: [mem 0x52617000-0x526177ff]
Nov 22 21:27:51 ktalina kernel: [    0.322886] pci 0000:00:1f.2: PME# supported from D3hot
Nov 22 21:27:51 ktalina kernel: [    0.322921] pci 0000:00:1f.3: [8086:1e22] type 00 class 0x0c0500
Nov 22 21:27:51 ktalina kernel: [    0.322951] pci 0000:00:1f.3: reg 10: [mem 0x52615000-0x526150ff 64bit]
Nov 22 21:27:51 ktalina kernel: [    0.322994] pci 0000:00:1f.3: reg 20: [io  0x4040-0x405f]
Nov 22 21:27:51 ktalina kernel: [    0.323175] pci 0000:01:00.0: [168c:0036] type 00 class 0x028000
Nov 22 21:27:51 ktalina kernel: [    0.323237] pci 0000:01:00.0: reg 10: [mem 0x52500000-0x5257ffff 64bit]
Nov 22 21:27:51 ktalina kernel: [    0.323372] pci 0000:01:00.0: reg 30: [mem 0xffff0000-0xffffffff pref]
Nov 22 21:27:51 ktalina kernel: [    0.323518] pci 0000:01:00.0: supports D1 D2
Nov 22 21:27:51 ktalina kernel: [    0.323520] pci 0000:01:00.0: PME# supported from D0 D1 D2 D3hot D3cold
Nov 22 21:27:51 ktalina kernel: [    0.328931] pci 0000:00:1c.0: PCI bridge to [bus 01]
Nov 22 21:27:51 ktalina kernel: [    0.328958] pci 0000:00:1c.0:   bridge window [mem 0x52500000-0x525fffff]
Nov 22 21:27:51 ktalina kernel: [    0.329076] pci 0000:02:00.0: [10ec:8136] type 00 class 0x020000
Nov 22 21:27:51 ktalina kernel: [    0.329105] pci 0000:02:00.0: reg 10: [io  0x3000-0x30ff]
Nov 22 21:27:51 ktalina kernel: [    0.329153] pci 0000:02:00.0: reg 18: [mem 0x52404000-0x52404fff 64bit pref]
Nov 22 21:27:51 ktalina kernel: [    0.329184] pci 0000:02:00.0: reg 20: [mem 0x52400000-0x52403fff 64bit pref]
Nov 22 21:27:51 ktalina kernel: [    0.329314] pci 0000:02:00.0: supports D1 D2
Nov 22 21:27:51 ktalina kernel: [    0.329316] pci 0000:02:00.0: PME# supported from D0 D1 D2 D3hot D3cold
Nov 22 21:27:51 ktalina kernel: [    0.336926] pci 0000:00:1c.1: PCI bridge to [bus 02]
Nov 22 21:27:51 ktalina kernel: [    0.336941] pci 0000:00:1c.1:   bridge window [io  0x3000-0x3fff]
Nov 22 21:27:51 ktalina kernel: [    0.336950] pci 0000:00:1c.1:   bridge window [mem 0x52400000-0x524fffff]
Nov 22 21:27:51 ktalina kernel: [    0.337144] pci 0000:03:00.0: [10ec:5229] type 00 class 0xff0000
Nov 22 21:27:51 ktalina kernel: [    0.337212] pci 0000:03:00.0: reg 10: [mem 0x51000000-0x51000fff]
Nov 22 21:27:51 ktalina kernel: [    0.337710] pci 0000:03:00.0: supports D1 D2
Nov 22 21:27:51 ktalina kernel: [    0.337712] pci 0000:03:00.0: PME# supported from D1 D2 D3hot
Nov 22 21:27:51 ktalina kernel: [    0.344976] pci 0000:00:1c.2: PCI bridge to [bus 03-08]
Nov 22 21:27:51 ktalina kernel: [    0.344985] pci 0000:00:1c.2:   bridge window [io  0x2000-0x2fff]
Nov 22 21:27:51 ktalina kernel: [    0.344991] pci 0000:00:1c.2:   bridge window [mem 0x51000000-0x51ffffff]
Nov 22 21:27:51 ktalina kernel: [    0.345001] pci 0000:00:1c.2:   bridge window [mem 0x50000000-0x50ffffff 64bit pref]
Nov 22 21:27:51 ktalina kernel: [    0.345068] ACPI: PCI Interrupt Routing Table [\_SB_.PCI0.RP01._PRT]
Nov 22 21:27:51 ktalina kernel: [    0.345110] ACPI: PCI Interrupt Routing Table [\_SB_.PCI0.RP02._PRT]
Nov 22 21:27:51 ktalina kernel: [    0.345151] ACPI: PCI Interrupt Routing Table [\_SB_.PCI0.RP03._PRT]
Nov 22 21:27:51 ktalina kernel: [    0.345272] \_SB_.PCI0:_OSC invalid UUID
Nov 22 21:27:51 ktalina kernel: [    0.345274] _OSC request data:1 1f 0 
Nov 22 21:27:51 ktalina kernel: [    0.345279]  pci0000:00: ACPI _OSC support notification failed, disabling PCIe ASPM
Nov 22 21:27:51 ktalina kernel: [    0.345286]  pci0000:00: Unable to request _OSC control (_OSC support mask: 0x08)
Nov 22 21:27:51 ktalina kernel: [    0.346067] ACPI: PCI Interrupt Link [LNKA] (IRQs 1 3 4 5 6 10 11 12 14 15) *0, disabled.
Nov 22 21:27:51 ktalina kernel: [    0.346136] ACPI: PCI Interrupt Link [LNKB] (IRQs 1 3 4 5 6 10 11 12 14 15) *0, disabled.
Nov 22 21:27:51 ktalina kernel: [    0.346201] ACPI: PCI Interrupt Link [LNKC] (IRQs 1 3 4 5 6 10 11 12 14 15) *0, disabled.
Nov 22 21:27:51 ktalina kernel: [    0.346265] ACPI: PCI Interrupt Link [LNKD] (IRQs 1 3 4 5 6 10 11 12 14 15) *0, disabled.
Nov 22 21:27:51 ktalina kernel: [    0.346329] ACPI: PCI Interrupt Link [LNKE] (IRQs 1 3 4 5 6 10 11 12 14 15) *0, disabled.
Nov 22 21:27:51 ktalina kernel: [    0.346393] ACPI: PCI Interrupt Link [LNKF] (IRQs 1 3 4 5 6 10 11 12 14 15) *0, disabled.
Nov 22 21:27:51 ktalina kernel: [    0.346457] ACPI: PCI Interrupt Link [LNKG] (IRQs 1 3 4 5 6 10 11 12 14 15) *0, disabled.
Nov 22 21:27:51 ktalina kernel: [    0.346521] ACPI: PCI Interrupt Link [LNKH] (IRQs 1 3 4 5 6 10 11 12 14 15) *0, disabled.
Nov 22 21:27:51 ktalina kernel: [    0.346656] vgaarb: device added: PCI:0000:00:02.0,decodes=io+mem,owns=io+mem,locks=none
Nov 22 21:27:51 ktalina kernel: [    0.346665] vgaarb: loaded
Nov 22 21:27:51 ktalina kernel: [    0.346668] vgaarb: bridge control possible 0000:00:02.0
Nov 22 21:27:51 ktalina kernel: [    0.346886] SCSI subsystem initialized
Nov 22 21:27:51 ktalina kernel: [    0.346891] ACPI: bus type scsi registered
Nov 22 21:27:51 ktalina kernel: [    0.346944] libata version 3.00 loaded.
Nov 22 21:27:51 ktalina kernel: [    0.346965] ACPI: bus type usb registered
Nov 22 21:27:51 ktalina kernel: [    0.346989] usbcore: registered new interface driver usbfs
Nov 22 21:27:51 ktalina kernel: [    0.347002] usbcore: registered new interface driver hub
Nov 22 21:27:51 ktalina kernel: [    0.347031] usbcore: registered new device driver usb
Nov 22 21:27:51 ktalina kernel: [    0.347141] PCI: Using ACPI for IRQ routing
Nov 22 21:27:51 ktalina kernel: [    0.349935] PCI: pci_cache_line_size set to 64 bytes
Nov 22 21:27:51 ktalina kernel: [    0.350049] e820: reserve RAM buffer [mem 0x00088000-0x0008ffff]
Nov 22 21:27:51 ktalina kernel: [    0.350051] e820: reserve RAM buffer [mem 0x3a7bf000-0x3bffffff]
Nov 22 21:27:51 ktalina kernel: [    0.350054] e820: reserve RAM buffer [mem 0x3b000000-0x3bffffff]
Nov 22 21:27:51 ktalina kernel: [    0.350056] e820: reserve RAM buffer [mem 0x1bf600000-0x1bfffffff]
Nov 22 21:27:51 ktalina kernel: [    0.350164] NetLabel: Initializing
Nov 22 21:27:51 ktalina kernel: [    0.350168] NetLabel:  domain hash size = 128
Nov 22 21:27:51 ktalina kernel: [    0.350171] NetLabel:  protocols = UNLABELED CIPSOv4
Nov 22 21:27:51 ktalina kernel: [    0.350185] NetLabel:  unlabeled traffic allowed by default
Nov 22 21:27:51 ktalina kernel: [    0.350249] hpet0: at MMIO 0xfed00000, IRQs 2, 8, 0, 0, 0, 0, 0, 0
Nov 22 21:27:51 ktalina kernel: [    0.350261] hpet0: 8 comparators, 64-bit 14.318180 MHz counter
Nov 22 21:27:51 ktalina kernel: [    0.352275] Switching to clocksource hpet
Nov 22 21:27:51 ktalina kernel: [    0.359183] AppArmor: AppArmor Filesystem Enabled
Nov 22 21:27:51 ktalina kernel: [    0.359215] pnp: PnP ACPI init
Nov 22 21:27:51 ktalina kernel: [    0.359231] ACPI: bus type pnp registered
Nov 22 21:27:51 ktalina kernel: [    0.359554] pnp 00:00: [dma 4]
Nov 22 21:27:51 ktalina kernel: [    0.359585] pnp 00:00: Plug and Play ACPI device, IDs PNP0200 (active)
Nov 22 21:27:51 ktalina kernel: [    0.359612] pnp 00:01: Plug and Play ACPI device, IDs INT0800 (active)
Nov 22 21:27:51 ktalina kernel: [    0.359737] pnp 00:02: Plug and Play ACPI device, IDs PNP0103 (active)
Nov 22 21:27:51 ktalina kernel: [    0.359778] pnp 00:03: Plug and Play ACPI device, IDs PNP0c04 (active)
Nov 22 21:27:51 ktalina kernel: [    0.359838] system 00:04: [io  0x0680-0x069f] has been reserved
Nov 22 21:27:51 ktalina kernel: [    0.359844] system 00:04: [io  0x1000-0x100f] has been reserved
Nov 22 21:27:51 ktalina kernel: [    0.359850] system 00:04: [io  0xffff] has been reserved
Nov 22 21:27:51 ktalina kernel: [    0.359854] system 00:04: [io  0xffff] has been reserved
Nov 22 21:27:51 ktalina kernel: [    0.359859] system 00:04: [io  0x0400-0x0453] has been reserved
Nov 22 21:27:51 ktalina kernel: [    0.359864] system 00:04: [io  0x0458-0x047f] has been reserved
Nov 22 21:27:51 ktalina kernel: [    0.359869] system 00:04: [io  0x0500-0x057f] has been reserved
Nov 22 21:27:51 ktalina kernel: [    0.359874] system 00:04: [io  0x164e-0x164f] has been reserved
Nov 22 21:27:51 ktalina kernel: [    0.359879] system 00:04: [io  0x0454-0x0457] has been reserved
Nov 22 21:27:51 ktalina kernel: [    0.359884] system 00:04: [io  0x0380-0x0387] has been reserved
Nov 22 21:27:51 ktalina kernel: [    0.359891] system 00:04: Plug and Play ACPI device, IDs PNP0c02 (active)
Nov 22 21:27:51 ktalina kernel: [    0.359924] pnp 00:05: Plug and Play ACPI device, IDs PNP0b00 (active)
Nov 22 21:27:51 ktalina kernel: [    0.359970] pnp 00:06: Plug and Play ACPI device, IDs HPQ8001 PNP0303 (active)
Nov 22 21:27:51 ktalina kernel: [    0.360016] pnp 00:07: Plug and Play ACPI device, IDs SYN1e83 SYN1e00 SYN0002 PNP0f13 (active)
Nov 22 21:27:51 ktalina kernel: [    0.360074] pnp 00:08: Plug and Play ACPI device, IDs HPQ0004 (active)
Nov 22 21:27:51 ktalina kernel: [    0.360375] system 00:09: [mem 0xfed1c000-0xfed1ffff] has been reserved
Nov 22 21:27:51 ktalina kernel: [    0.360382] system 00:09: [mem 0xfed10000-0xfed17fff] has been reserved
Nov 22 21:27:51 ktalina kernel: [    0.360387] system 00:09: [mem 0xfed18000-0xfed18fff] has been reserved
Nov 22 21:27:51 ktalina kernel: [    0.360392] system 00:09: [mem 0xfed19000-0xfed19fff] has been reserved
Nov 22 21:27:51 ktalina kernel: [    0.360398] system 00:09: [mem 0xf0000000-0xf3ffffff] has been reserved
Nov 22 21:27:51 ktalina kernel: [    0.360403] system 00:09: [mem 0xfed20000-0xfed3ffff] has been reserved
Nov 22 21:27:51 ktalina kernel: [    0.360408] system 00:09: [mem 0xfed90000-0xfed93fff] has been reserved
Nov 22 21:27:51 ktalina kernel: [    0.360414] system 00:09: [mem 0xff000000-0xffffffff] could not be reserved
Nov 22 21:27:51 ktalina kernel: [    0.360419] system 00:09: [mem 0xfee00000-0xfeefffff] could not be reserved
Nov 22 21:27:51 ktalina kernel: [    0.360425] system 00:09: [mem 0x3fa00000-0x3fa00fff] has been reserved
Nov 22 21:27:51 ktalina kernel: [    0.360431] system 00:09: Plug and Play ACPI device, IDs PNP0c02 (active)
Nov 22 21:27:51 ktalina kernel: [    0.360681] pnp 00:0a: disabling [mem 0x40000000-0x401fffff] because it overlaps 0000:00:02.0 BAR 2 [mem 0x40000000-0x4fffffff 64bit pref]
Nov 22 21:27:51 ktalina kernel: [    0.360720] system 00:0a: [mem 0x20000000-0x201fffff] has been reserved
Nov 22 21:27:51 ktalina kernel: [    0.360726] system 00:0a: Plug and Play ACPI device, IDs PNP0c01 (active)
Nov 22 21:27:51 ktalina kernel: [    0.360752] pnp: PnP ACPI: found 11 devices
Nov 22 21:27:51 ktalina kernel: [    0.360756] ACPI: ACPI bus type pnp unregistered
Nov 22 21:27:51 ktalina kernel: [    0.367617] pci 0000:01:00.0: no compatible bridge window for [mem 0xffff0000-0xffffffff pref]
Nov 22 21:27:51 ktalina kernel: [    0.367678] pci 0000:00:1c.0: BAR 15: assigned [mem 0x3fb00000-0x3fbfffff pref]
Nov 22 21:27:51 ktalina kernel: [    0.367685] pci 0000:01:00.0: BAR 6: assigned [mem 0x3fb00000-0x3fb0ffff pref]
Nov 22 21:27:51 ktalina kernel: [    0.367692] pci 0000:00:1c.0: PCI bridge to [bus 01]
Nov 22 21:27:51 ktalina kernel: [    0.367703] pci 0000:00:1c.0:   bridge window [mem 0x52500000-0x525fffff]
Nov 22 21:27:51 ktalina kernel: [    0.367712] pci 0000:00:1c.0:   bridge window [mem 0x3fb00000-0x3fbfffff pref]
Nov 22 21:27:51 ktalina kernel: [    0.367726] pci 0000:00:1c.1: PCI bridge to [bus 02]
Nov 22 21:27:51 ktalina kernel: [    0.367732] pci 0000:00:1c.1:   bridge window [io  0x3000-0x3fff]
Nov 22 21:27:51 ktalina kernel: [    0.367742] pci 0000:00:1c.1:   bridge window [mem 0x52400000-0x524fffff]
Nov 22 21:27:51 ktalina kernel: [    0.367759] pci 0000:00:1c.2: PCI bridge to [bus 03-08]
Nov 22 21:27:51 ktalina kernel: [    0.367765] pci 0000:00:1c.2:   bridge window [io  0x2000-0x2fff]
Nov 22 21:27:51 ktalina kernel: [    0.367776] pci 0000:00:1c.2:   bridge window [mem 0x51000000-0x51ffffff]
Nov 22 21:27:51 ktalina kernel: [    0.367785] pci 0000:00:1c.2:   bridge window [mem 0x50000000-0x50ffffff 64bit pref]
Nov 22 21:27:51 ktalina kernel: [    0.367835] pci_bus 0000:00: resource 4 [io  0x0000-0x0cf7]
Nov 22 21:27:51 ktalina kernel: [    0.367838] pci_bus 0000:00: resource 5 [io  0x0d00-0xffff]
Nov 22 21:27:51 ktalina kernel: [    0.367841] pci_bus 0000:00: resource 6 [mem 0x000a0000-0x000bffff]
Nov 22 21:27:51 ktalina kernel: [    0.367844] pci_bus 0000:00: resource 7 [mem 0x000c0000-0x000c3fff]
Nov 22 21:27:51 ktalina kernel: [    0.367847] pci_bus 0000:00: resource 8 [mem 0x000c4000-0x000c7fff]
Nov 22 21:27:51 ktalina kernel: [    0.367849] pci_bus 0000:00: resource 9 [mem 0x000c8000-0x000cbfff]
Nov 22 21:27:51 ktalina kernel: [    0.367852] pci_bus 0000:00: resource 10 [mem 0x000cc000-0x000cffff]
Nov 22 21:27:51 ktalina kernel: [    0.367855] pci_bus 0000:00: resource 11 [mem 0x000d0000-0x000d3fff]
Nov 22 21:27:51 ktalina kernel: [    0.367857] pci_bus 0000:00: resource 12 [mem 0x000d4000-0x000d7fff]
Nov 22 21:27:51 ktalina kernel: [    0.367860] pci_bus 0000:00: resource 13 [mem 0x000d8000-0x000dbfff]
Nov 22 21:27:51 ktalina kernel: [    0.367862] pci_bus 0000:00: resource 14 [mem 0x000dc000-0x000dffff]
Nov 22 21:27:51 ktalina kernel: [    0.367865] pci_bus 0000:00: resource 15 [mem 0x000e0000-0x000e3fff]
Nov 22 21:27:51 ktalina kernel: [    0.367868] pci_bus 0000:00: resource 16 [mem 0x000e4000-0x000e7fff]
Nov 22 21:27:51 ktalina kernel: [    0.367870] pci_bus 0000:00: resource 17 [mem 0x000e8000-0x000ebfff]
Nov 22 21:27:51 ktalina kernel: [    0.367873] pci_bus 0000:00: resource 18 [mem 0x000ec000-0x000effff]
Nov 22 21:27:51 ktalina kernel: [    0.367876] pci_bus 0000:00: resource 19 [mem 0x000f0000-0x000fffff]
Nov 22 21:27:51 ktalina kernel: [    0.367878] pci_bus 0000:00: resource 20 [mem 0x3fa00000-0xfeafffff]
Nov 22 21:27:51 ktalina kernel: [    0.367881] pci_bus 0000:01: resource 1 [mem 0x52500000-0x525fffff]
Nov 22 21:27:51 ktalina kernel: [    0.367884] pci_bus 0000:01: resource 2 [mem 0x3fb00000-0x3fbfffff pref]
Nov 22 21:27:51 ktalina kernel: [    0.367887] pci_bus 0000:02: resource 0 [io  0x3000-0x3fff]
Nov 22 21:27:51 ktalina kernel: [    0.367890] pci_bus 0000:02: resource 1 [mem 0x52400000-0x524fffff]
Nov 22 21:27:51 ktalina kernel: [    0.367893] pci_bus 0000:03: resource 0 [io  0x2000-0x2fff]
Nov 22 21:27:51 ktalina kernel: [    0.367895] pci_bus 0000:03: resource 1 [mem 0x51000000-0x51ffffff]
Nov 22 21:27:51 ktalina kernel: [    0.367898] pci_bus 0000:03: resource 2 [mem 0x50000000-0x50ffffff 64bit pref]
Nov 22 21:27:51 ktalina kernel: [    0.367938] NET: Registered protocol family 2
Nov 22 21:27:51 ktalina kernel: [    0.368140] TCP established hash table entries: 32768 (order: 7, 524288 bytes)
Nov 22 21:27:51 ktalina kernel: [    0.368321] TCP bind hash table entries: 32768 (order: 7, 524288 bytes)
Nov 22 21:27:51 ktalina kernel: [    0.368428] TCP: Hash tables configured (established 32768 bind 32768)
Nov 22 21:27:51 ktalina kernel: [    0.368457] TCP: reno registered
Nov 22 21:27:51 ktalina kernel: [    0.368472] UDP hash table entries: 2048 (order: 4, 65536 bytes)
Nov 22 21:27:51 ktalina kernel: [    0.368498] UDP-Lite hash table entries: 2048 (order: 4, 65536 bytes)
Nov 22 21:27:51 ktalina kernel: [    0.368584] NET: Registered protocol family 1
Nov 22 21:27:51 ktalina kernel: [    0.368601] pci 0000:00:02.0: Boot video device
Nov 22 21:27:51 ktalina kernel: [    0.400370] PCI: CLS 64 bytes, default 64
Nov 22 21:27:51 ktalina kernel: [    0.400422] Trying to unpack rootfs image as initramfs...
Nov 22 21:27:51 ktalina kernel: [    0.465546] Freeing initrd memory: 2380k freed
Nov 22 21:27:51 ktalina kernel: [    0.465979] PCI-DMA: Using software bounce buffering for IO (SWIOTLB)
Nov 22 21:27:51 ktalina kernel: [    0.465987] software IO TLB [mem 0x317a6000-0x357a6000] (64MB) mapped at [ffff8800317a6000-ffff8800357a5fff]
Nov 22 21:27:51 ktalina kernel: [    0.466026] Simple Boot Flag at 0x44 set to 0x1
Nov 22 21:27:51 ktalina kernel: [    0.466499] Initialise module verification
Nov 22 21:27:51 ktalina kernel: [    0.466556] audit: initializing netlink socket (disabled)
Nov 22 21:27:51 ktalina kernel: [    0.466571] type=2000 audit(1385152055.416:1): initialized
Nov 22 21:27:51 ktalina kernel: [    0.508299] HugeTLB registered 2 MB page size, pre-allocated 0 pages
Nov 22 21:27:51 ktalina kernel: [    0.510098] VFS: Disk quotas dquot_6.5.2
Nov 22 21:27:51 ktalina kernel: [    0.510156] Dquot-cache hash table entries: 512 (order 0, 4096 bytes)
Nov 22 21:27:51 ktalina kernel: [    0.510742] fuse init (API version 7.20)
Nov 22 21:27:51 ktalina kernel: [    0.510839] msgmni has been set to 7699
Nov 22 21:27:51 ktalina kernel: [    0.511353] Key type asymmetric registered
Nov 22 21:27:51 ktalina kernel: [    0.511360] Asymmetric key parser 'x509' registered
Nov 22 21:27:51 ktalina kernel: [    0.511402] Block layer SCSI generic (bsg) driver version 0.4 loaded (major 252)
Nov 22 21:27:51 ktalina kernel: [    0.511436] io scheduler noop registered
Nov 22 21:27:51 ktalina kernel: [    0.511443] io scheduler deadline registered (default)
Nov 22 21:27:51 ktalina kernel: [    0.511451] io scheduler cfq registered
Nov 22 21:27:51 ktalina kernel: [    0.511767] pci_hotplug: PCI Hot Plug PCI Core version: 0.5
Nov 22 21:27:51 ktalina kernel: [    0.511789] pciehp: PCI Express Hot Plug Controller Driver version: 0.4
Nov 22 21:27:51 ktalina kernel: [    0.511859] efifb: probing for efifb
Nov 22 21:27:51 ktalina kernel: [    0.512566] efifb: framebuffer at 0x40000000, mapped to 0xffffc90008b80000, using 4160k, total 4160k
Nov 22 21:27:51 ktalina kernel: [    0.512573] efifb: mode is 1366x768x32, linelength=5504, pages=1
Nov 22 21:27:51 ktalina kernel: [    0.512576] efifb: scrolling: redraw
Nov 22 21:27:51 ktalina kernel: [    0.512581] efifb: Truecolor: size=8:8:8:8, shift=24:16:8:0
Nov 22 21:27:51 ktalina kernel: [    0.516448] Console: switching to colour frame buffer device 170x48
Nov 22 21:27:51 ktalina kernel: [    0.520090] fb0: EFI VGA frame buffer device
Nov 22 21:27:51 ktalina kernel: [    0.520123] intel_idle: MWAIT substates: 0x21120
Nov 22 21:27:51 ktalina kernel: [    0.520125] intel_idle: v0.4 model 0x2A
Nov 22 21:27:51 ktalina kernel: [    0.520126] intel_idle: lapic_timer_reliable_states 0xffffffff
Nov 22 21:27:51 ktalina kernel: [    0.520603] ACPI: AC Adapter [ACAD] (on-line)
Nov 22 21:27:51 ktalina kernel: [    0.520847] input: Lid Switch as /devices/LNXSYSTM:00/LNXSYBUS:00/PNP0C0D:00/input/input0
Nov 22 21:27:51 ktalina kernel: [    0.521554] ACPI: Lid Switch [LID0]
Nov 22 21:27:51 ktalina kernel: [    0.521621] input: Power Button as /devices/LNXSYSTM:00/LNXSYBUS:00/PNP0C0C:00/input/input1
Nov 22 21:27:51 ktalina kernel: [    0.521672] ACPI: Power Button [PWRB]
Nov 22 21:27:51 ktalina kernel: [    0.521747] input: Power Button as /devices/LNXSYSTM:00/LNXPWRBN:00/input/input2
Nov 22 21:27:51 ktalina kernel: [    0.521792] ACPI: Power Button [PWRF]
Nov 22 21:27:51 ktalina kernel: [    0.521904] ACPI: Requesting acpi_cpufreq
Nov 22 21:27:51 ktalina kernel: [    0.528753] [Firmware Bug]: Invalid critical threshold (0)
Nov 22 21:27:51 ktalina kernel: [    0.531399] thermal LNXTHERM:00: registered as thermal_zone0
Nov 22 21:27:51 ktalina kernel: [    0.531436] ACPI: Thermal Zone [TZ01] (58 C)
Nov 22 21:27:51 ktalina kernel: [    0.531498] GHES: HEST is not enabled!
Nov 22 21:27:51 ktalina kernel: [    0.531699] Serial: 8250/16550 driver, 32 ports, IRQ sharing enabled
Nov 22 21:27:51 ktalina kernel: [    0.534086] Linux agpgart interface v0.103
Nov 22 21:27:51 ktalina kernel: [    0.535732] brd: module loaded
Nov 22 21:27:51 ktalina kernel: [    0.536628] loop: module loaded
Nov 22 21:27:51 ktalina kernel: [    0.537022] libphy: Fixed MDIO Bus: probed
Nov 22 21:27:51 ktalina kernel: [    0.537120] tun: Universal TUN/TAP device driver, 1.6
Nov 22 21:27:51 ktalina kernel: [    0.537151] tun: (C) 1999-2004 Max Krasnyansky <maxk@qualcomm.com>
Nov 22 21:27:51 ktalina kernel: [    0.537246] PPP generic driver version 2.4.2
Nov 22 21:27:51 ktalina kernel: [    0.537336] ehci_hcd: USB 2.0 'Enhanced' Host Controller (EHCI) Driver
Nov 22 21:27:51 ktalina kernel: [    0.537376] ehci-pci: EHCI PCI platform driver
Nov 22 21:27:51 ktalina kernel: [    0.538752] ehci-pci 0000:00:1a.0: setting latency timer to 64
Nov 22 21:27:51 ktalina kernel: [    0.538758] ehci-pci 0000:00:1a.0: EHCI Host Controller
Nov 22 21:27:51 ktalina kernel: [    0.540098] ehci-pci 0000:00:1a.0: new USB bus registered, assigned bus number 1
Nov 22 21:27:51 ktalina kernel: [    0.541483] ehci-pci 0000:00:1a.0: debug port 2
Nov 22 21:27:51 ktalina kernel: [    0.546731] ehci-pci 0000:00:1a.0: cache line size of 64 is not supported
Nov 22 21:27:51 ktalina kernel: [    0.546755] ehci-pci 0000:00:1a.0: irq 16, io mem 0x52619000
Nov 22 21:27:51 ktalina kernel: [    0.556254] ehci-pci 0000:00:1a.0: USB 2.0 started, EHCI 1.00
Nov 22 21:27:51 ktalina kernel: [    0.557624] usb usb1: New USB device found, idVendor=1d6b, idProduct=0002
Nov 22 21:27:51 ktalina kernel: [    0.558944] usb usb1: New USB device strings: Mfr=3, Product=2, SerialNumber=1
Nov 22 21:27:51 ktalina kernel: [    0.560273] usb usb1: Product: EHCI Host Controller
Nov 22 21:27:51 ktalina kernel: [    0.561592] usb usb1: Manufacturer: Linux 3.8.0-30-generic ehci_hcd
Nov 22 21:27:51 ktalina kernel: [    0.562919] usb usb1: SerialNumber: 0000:00:1a.0
Nov 22 21:27:51 ktalina kernel: [    0.564402] hub 1-0:1.0: USB hub found
Nov 22 21:27:51 ktalina kernel: [    0.565711] hub 1-0:1.0: 2 ports detected
Nov 22 21:27:51 ktalina kernel: [    0.567105] ehci-pci 0000:00:1d.0: setting latency timer to 64
Nov 22 21:27:51 ktalina kernel: [    0.567110] ehci-pci 0000:00:1d.0: EHCI Host Controller
Nov 22 21:27:51 ktalina kernel: [    0.568419] ehci-pci 0000:00:1d.0: new USB bus registered, assigned bus number 2
Nov 22 21:27:51 ktalina kernel: [    0.569769] ehci-pci 0000:00:1d.0: debug port 2
Nov 22 21:27:51 ktalina kernel: [    0.574981] ehci-pci 0000:00:1d.0: cache line size of 64 is not supported
Nov 22 21:27:51 ktalina kernel: [    0.574999] ehci-pci 0000:00:1d.0: irq 20, io mem 0x52618000
Nov 22 21:27:51 ktalina kernel: [    0.587237] ACPI: Battery Slot [BAT0] (battery present)
Nov 22 21:27:51 ktalina kernel: [    0.588552] ehci-pci 0000:00:1d.0: USB 2.0 started, EHCI 1.00
Nov 22 21:27:51 ktalina kernel: [    0.589862] usb usb2: New USB device found, idVendor=1d6b, idProduct=0002
Nov 22 21:27:51 ktalina kernel: [    0.591153] usb usb2: New USB device strings: Mfr=3, Product=2, SerialNumber=1
Nov 22 21:27:51 ktalina kernel: [    0.592434] usb usb2: Product: EHCI Host Controller
Nov 22 21:27:51 ktalina kernel: [    0.593693] usb usb2: Manufacturer: Linux 3.8.0-30-generic ehci_hcd
Nov 22 21:27:51 ktalina kernel: [    0.594955] usb usb2: SerialNumber: 0000:00:1d.0
Nov 22 21:27:51 ktalina kernel: [    0.596340] hub 2-0:1.0: USB hub found
Nov 22 21:27:51 ktalina kernel: [    0.597595] hub 2-0:1.0: 2 ports detected
Nov 22 21:27:51 ktalina kernel: [    0.598926] ehci-platform: EHCI generic platform driver
Nov 22 21:27:51 ktalina kernel: [    0.600181] ohci_hcd: USB 1.1 'Open' Host Controller (OHCI) Driver
Nov 22 21:27:51 ktalina kernel: [    0.601452] uhci_hcd: USB Universal Host Controller Interface driver
Nov 22 21:27:51 ktalina kernel: [    0.602743] xhci_hcd 0000:00:14.0: setting latency timer to 64
Nov 22 21:27:51 ktalina kernel: [    0.602748] xhci_hcd 0000:00:14.0: xHCI Host Controller
Nov 22 21:27:51 ktalina kernel: [    0.603972] xhci_hcd 0000:00:14.0: new USB bus registered, assigned bus number 3
Nov 22 21:27:51 ktalina kernel: [    0.605301] xhci_hcd 0000:00:14.0: cache line size of 64 is not supported
Nov 22 21:27:51 ktalina kernel: [    0.605376] xhci_hcd 0000:00:14.0: irq 40 for MSI/MSI-X
Nov 22 21:27:51 ktalina kernel: [    0.605439] usb usb3: New USB device found, idVendor=1d6b, idProduct=0002
Nov 22 21:27:51 ktalina kernel: [    0.606652] usb usb3: New USB device strings: Mfr=3, Product=2, SerialNumber=1
Nov 22 21:27:51 ktalina kernel: [    0.607856] usb usb3: Product: xHCI Host Controller
Nov 22 21:27:51 ktalina kernel: [    0.609079] usb usb3: Manufacturer: Linux 3.8.0-30-generic xhci_hcd
Nov 22 21:27:51 ktalina kernel: [    0.610301] usb usb3: SerialNumber: 0000:00:14.0
Nov 22 21:27:51 ktalina kernel: [    0.611593] xHCI xhci_add_endpoint called for root hub
Nov 22 21:27:51 ktalina kernel: [    0.611595] xHCI xhci_check_bandwidth called for root hub
Nov 22 21:27:51 ktalina kernel: [    0.611621] hub 3-0:1.0: USB hub found
Nov 22 21:27:51 ktalina kernel: [    0.612839] hub 3-0:1.0: 4 ports detected
Nov 22 21:27:51 ktalina kernel: [    0.614402] xhci_hcd 0000:00:14.0: xHCI Host Controller
Nov 22 21:27:51 ktalina kernel: [    0.615595] xhci_hcd 0000:00:14.0: new USB bus registered, assigned bus number 4
Nov 22 21:27:51 ktalina kernel: [    0.616825] usb usb4: New USB device found, idVendor=1d6b, idProduct=0003
Nov 22 21:27:51 ktalina kernel: [    0.618034] usb usb4: New USB device strings: Mfr=3, Product=2, SerialNumber=1
Nov 22 21:27:51 ktalina kernel: [    0.619253] usb usb4: Product: xHCI Host Controller
Nov 22 21:27:51 ktalina kernel: [    0.620478] usb usb4: Manufacturer: Linux 3.8.0-30-generic xhci_hcd
Nov 22 21:27:51 ktalina kernel: [    0.621707] usb usb4: SerialNumber: 0000:00:14.0
Nov 22 21:27:51 ktalina kernel: [    0.623006] xHCI xhci_add_endpoint called for root hub
Nov 22 21:27:51 ktalina kernel: [    0.623008] xHCI xhci_check_bandwidth called for root hub
Nov 22 21:27:51 ktalina kernel: [    0.623031] hub 4-0:1.0: USB hub found
Nov 22 21:27:51 ktalina kernel: [    0.624252] hub 4-0:1.0: 4 ports detected
Nov 22 21:27:51 ktalina kernel: [    0.625921] i8042: PNP: PS/2 Controller [PNP0303:PS2K,PNP0f13:PS2M] at 0x60,0x64 irq 1,12
Nov 22 21:27:51 ktalina kernel: [    0.634877] serio: i8042 KBD port at 0x60,0x64 irq 1
Nov 22 21:27:51 ktalina kernel: [    0.636117] serio: i8042 AUX port at 0x60,0x64 irq 12
Nov 22 21:27:51 ktalina kernel: [    0.637497] mousedev: PS/2 mouse device common for all mice
Nov 22 21:27:51 ktalina kernel: [    0.638876] rtc_cmos 00:05: RTC can wake from S4
Nov 22 21:27:51 ktalina kernel: [    0.640251] rtc_cmos 00:05: rtc core: registered rtc_cmos as rtc0
Nov 22 21:27:51 ktalina kernel: [    0.641506] rtc0: alarms up to one month, 242 bytes nvram, hpet irqs
Nov 22 21:27:51 ktalina kernel: [    0.642834] device-mapper: uevent: version 1.0.3
Nov 22 21:27:51 ktalina kernel: [    0.644124] device-mapper: ioctl: 4.23.1-ioctl (2012-12-18) initialised: dm-devel@redhat.com
Nov 22 21:27:51 ktalina kernel: [    0.645480] cpuidle: using governor ladder
Nov 22 21:27:51 ktalina kernel: [    0.646839] cpuidle: using governor menu
Nov 22 21:27:51 ktalina kernel: [    0.648067] ledtrig-cpu: registered to indicate activity on CPUs
Nov 22 21:27:51 ktalina kernel: [    0.649323] EFI Variables Facility v0.08 2004-May-17
Nov 22 21:27:51 ktalina kernel: [    0.666013] ashmem: initialized
Nov 22 21:27:51 ktalina kernel: [    0.667445] TCP: cubic registered
Nov 22 21:27:51 ktalina kernel: [    0.668805] NET: Registered protocol family 10
Nov 22 21:27:51 ktalina kernel: [    0.670226] NET: Registered protocol family 17
Nov 22 21:27:51 ktalina kernel: [    0.671481] Key type dns_resolver registered
Nov 22 21:27:51 ktalina kernel: [    0.673133] Loading module verification certificates
Nov 22 21:27:51 ktalina kernel: [    0.675746] MODSIGN: Loaded cert 'Magrathea: Glacier signing key: 3a8155c013f798de7084673b6e86215ebed17697'
Nov 22 21:27:51 ktalina kernel: [    0.677027] registered taskstats version 1
Nov 22 21:27:51 ktalina kernel: [    0.681364] Key type trusted registered
Nov 22 21:27:51 ktalina kernel: [    0.685476] Key type encrypted registered
Nov 22 21:27:51 ktalina kernel: [    0.690109] rtc_cmos 00:05: setting system clock to 2013-11-22 20:27:36 UTC (1385152056)
Nov 22 21:27:51 ktalina kernel: [    0.692331] BIOS EDD facility v0.16 2004-Jun-25, 0 devices found
Nov 22 21:27:51 ktalina kernel: [    0.693605] EDD information not available.
Nov 22 21:27:51 ktalina kernel: [    0.697212] Freeing unused kernel memory: 996k freed
Nov 22 21:27:51 ktalina kernel: [    0.698653] Write protecting the kernel read-only data: 12288k
Nov 22 21:27:51 ktalina kernel: [    0.704744] Freeing unused kernel memory: 1168k freed
Nov 22 21:27:51 ktalina kernel: [    0.710421] Freeing unused kernel memory: 1076k freed
Nov 22 21:27:51 ktalina kernel: [    0.732136] zram: module is from the staging directory, the quality is unknown, you have been warned.
Nov 22 21:27:51 ktalina kernel: [    0.733813] zram: num_devices not specified. Using default: 1
Nov 22 21:27:51 ktalina kernel: [    0.735131] zram: Creating 1 devices ...
Nov 22 21:27:51 ktalina kernel: [    0.744135] Disabling lock debugging due to kernel taint
Nov 22 21:27:51 ktalina kernel: [    0.747331] ahci 0000:00:1f.2: version 3.0
Nov 22 21:27:51 ktalina kernel: [    0.747444] ahci 0000:00:1f.2: irq 41 for MSI/MSI-X
Nov 22 21:27:51 ktalina kernel: [    0.747534] ahci 0000:00:1f.2: AHCI 0001.0300 32 slots 6 ports 6 Gbps 0x1 impl RAID mode
Nov 22 21:27:51 ktalina kernel: [    0.749762] ahci 0000:00:1f.2: flags: 64bit ncq pm led clo pio slum part ems apst 
Nov 22 21:27:51 ktalina kernel: [    0.751975] ahci 0000:00:1f.2: setting latency timer to 64
Nov 22 21:27:51 ktalina kernel: [    0.754446] scsi0 : ahci
Nov 22 21:27:51 ktalina kernel: [    0.758554] scsi1 : ahci
Nov 22 21:27:51 ktalina kernel: [    0.760271] scsi2 : ahci
Nov 22 21:27:51 ktalina kernel: [    0.764067] scsi3 : ahci
Nov 22 21:27:51 ktalina kernel: [    0.766294] scsi4 : ahci
Nov 22 21:27:51 ktalina kernel: [    0.768035] scsi5 : ahci
Nov 22 21:27:51 ktalina kernel: [    0.770103] ata1: SATA max UDMA/133 abar m2048@0x52617000 port 0x52617100 irq 41
Nov 22 21:27:51 ktalina kernel: [    0.771593] ata2: DUMMY
Nov 22 21:27:51 ktalina kernel: [    0.773032] ata3: DUMMY
Nov 22 21:27:51 ktalina kernel: [    0.774904] ata4: DUMMY
Nov 22 21:27:51 ktalina kernel: [    0.776796] ata5: DUMMY
Nov 22 21:27:51 ktalina kernel: [    0.778643] ata6: DUMMY
Nov 22 21:27:51 ktalina kernel: [    0.876167] usb 1-1: new high-speed USB device number 2 using ehci-pci
Nov 22 21:27:51 ktalina kernel: [    1.008743] usb 1-1: New USB device found, idVendor=8087, idProduct=0024
Nov 22 21:27:51 ktalina kernel: [    1.010008] usb 1-1: New USB device strings: Mfr=0, Product=0, SerialNumber=0
Nov 22 21:27:51 ktalina kernel: [    1.011691] hub 1-1:1.0: USB hub found
Nov 22 21:27:51 ktalina kernel: [    1.013106] hub 1-1:1.0: 6 ports detected
Nov 22 21:27:51 ktalina kernel: [    1.100177] ata1: SATA link up 3.0 Gbps (SStatus 123 SControl 300)
Nov 22 21:27:51 ktalina kernel: [    1.111121] ata1.00: ATA-8: ST500LT012-9WS142, 0001YAM1, max UDMA/133
Nov 22 21:27:51 ktalina kernel: [    1.112375] ata1.00: 976773168 sectors, multi 16: LBA48 NCQ (depth 31/32), AA
Nov 22 21:27:51 ktalina kernel: [    1.124109] usb 2-1: new high-speed USB device number 2 using ehci-pci
Nov 22 21:27:51 ktalina kernel: [    1.128939] ata1.00: configured for UDMA/133
Nov 22 21:27:51 ktalina kernel: [    1.130465] scsi 0:0:0:0: Direct-Access     ATA      ST500LT012-9WS14 0001 PQ: 0 ANSI: 5
Nov 22 21:27:51 ktalina kernel: [    1.131979] sd 0:0:0:0: Attached scsi generic sg0 type 0
Nov 22 21:27:51 ktalina kernel: [    1.131987] sd 0:0:0:0: [sda] 976773168 512-byte logical blocks: (500 GB/465 GiB)
Nov 22 21:27:51 ktalina kernel: [    1.131991] sd 0:0:0:0: [sda] 4096-byte physical blocks
Nov 22 21:27:51 ktalina kernel: [    1.132127] sd 0:0:0:0: [sda] Write Protect is off
Nov 22 21:27:51 ktalina kernel: [    1.132130] sd 0:0:0:0: [sda] Mode Sense: 00 3a 00 00
Nov 22 21:27:51 ktalina kernel: [    1.132171] sd 0:0:0:0: [sda] Write cache: enabled, read cache: enabled, doesn't support DPO or FUA
Nov 22 21:27:51 ktalina kernel: [    1.145458] input: AT Translated Set 2 keyboard as /devices/platform/i8042/serio0/input/input3
Nov 22 21:27:51 ktalina kernel: [    1.235781]  sda: sda1 sda2 sda3 sda4 < sda5 sda6 sda7 >
Nov 22 21:27:51 ktalina kernel: [    1.238014] sd 0:0:0:0: [sda] Attached SCSI disk
Nov 22 21:27:51 ktalina kernel: [    1.256612] usb 2-1: New USB device found, idVendor=8087, idProduct=0024
Nov 22 21:27:51 ktalina kernel: [    1.257946] usb 2-1: New USB device strings: Mfr=0, Product=0, SerialNumber=0
Nov 22 21:27:51 ktalina kernel: [    1.259565] hub 2-1:1.0: USB hub found
Nov 22 21:27:51 ktalina kernel: [    1.261281] hub 2-1:1.0: 8 ports detected
Nov 22 21:27:51 ktalina kernel: [    1.376034] usb 3-3: new high-speed USB device number 2 using xhci_hcd
Nov 22 21:27:51 ktalina kernel: [    1.463986] tsc: Refined TSC clocksource calibration: 1496.597 MHz
Nov 22 21:27:51 ktalina kernel: [    1.465346] Switching to clocksource tsc
Nov 22 21:27:51 ktalina kernel: [    1.490043] usb 3-3: New USB device found, idVendor=04f2, idProduct=b35f
Nov 22 21:27:51 ktalina kernel: [    1.491389] usb 3-3: New USB device strings: Mfr=3, Product=1, SerialNumber=2
Nov 22 21:27:51 ktalina kernel: [    1.492714] usb 3-3: Product: HP Truevision HD
Nov 22 21:27:51 ktalina kernel: [    1.494032] usb 3-3: Manufacturer: Chicony Electronics Co.,Ltd.
Nov 22 21:27:51 ktalina kernel: [    1.495330] usb 3-3: SerialNumber: 0x0001
Nov 22 21:27:51 ktalina kernel: [    1.572102] usb 1-1.3: new full-speed USB device number 3 using ehci-pci
Nov 22 21:27:51 ktalina kernel: [    1.665154] usb 1-1.3: New USB device found, idVendor=0cf3, idProduct=311f
Nov 22 21:27:51 ktalina kernel: [    1.666451] usb 1-1.3: New USB device strings: Mfr=0, Product=0, SerialNumber=0
Nov 22 21:27:51 ktalina kernel: [    2.084566] EXT4-fs (sda1): INFO: recovery required on readonly filesystem
Nov 22 21:27:51 ktalina kernel: [    2.085915] EXT4-fs (sda1): write access will be enabled during recovery
Nov 22 21:27:51 ktalina kernel: [    3.470623] EXT4-fs (sda1): orphan cleanup on readonly fs
Nov 22 21:27:51 ktalina kernel: [    3.472038] EXT4-fs (sda1): ext4_orphan_cleanup: deleting unreferenced inode 917971
Nov 22 21:27:51 ktalina kernel: [    3.472129] EXT4-fs (sda1): 1 orphan inode deleted
Nov 22 21:27:51 ktalina kernel: [    3.473483] EXT4-fs (sda1): recovery complete
Nov 22 21:27:51 ktalina kernel: [    3.547697] EXT4-fs (sda1): mounted filesystem with ordered data mode. Opts: (null)
Nov 22 21:27:51 ktalina kernel: [   12.495084] Adding 1048572k swap on /dev/sda5.  Priority:-1 extents:1 across:1048572k 
Nov 22 21:27:51 ktalina kernel: [   12.837576] Bluetooth: Core ver 2.16
Nov 22 21:27:51 ktalina kernel: [   12.837610] NET: Registered protocol family 31
Nov 22 21:27:51 ktalina kernel: [   12.837613] Bluetooth: HCI device and connection manager initialized
Nov 22 21:27:51 ktalina kernel: [   12.837624] Bluetooth: HCI socket layer initialized
Nov 22 21:27:51 ktalina kernel: [   12.837629] Bluetooth: L2CAP socket layer initialized
Nov 22 21:27:51 ktalina kernel: [   12.837639] Bluetooth: SCO socket layer initialized
Nov 22 21:27:51 ktalina kernel: [   12.840250] lp: driver loaded but no devices found
Nov 22 21:27:51 ktalina kernel: [   12.841082] usbcore: registered new interface driver btusb
Nov 22 21:27:51 ktalina kernel: [   12.851247] r8169 Gigabit Ethernet driver 2.3LK-NAPI loaded
Nov 22 21:27:51 ktalina kernel: [   12.851501] r8169 0000:02:00.0: irq 42 for MSI/MSI-X
Nov 22 21:27:51 ktalina kernel: [   12.852248] r8169 0000:02:00.0 eth0: RTL8105e at 0xffffc90004084000, 38:ea:a7:f9:be:ee, XID 00c00000 IRQ 42
Nov 22 21:27:51 ktalina kernel: [   12.867107] ACPI Warning: 0x0000000000000428-0x000000000000042f SystemIO conflicts with Region \PMIO 1 (20121018/utaddress-251)
Nov 22 21:27:51 ktalina kernel: [   12.867120] ACPI: If an ACPI driver is available for this device, you should use it instead of the native driver
Nov 22 21:27:51 ktalina kernel: [   12.867126] ACPI Warning: 0x0000000000000530-0x000000000000053f SystemIO conflicts with Region \GPIO 1 (20121018/utaddress-251)
Nov 22 21:27:51 ktalina kernel: [   12.867131] ACPI Warning: 0x0000000000000530-0x000000000000053f SystemIO conflicts with Region \_SB_.PCI0.LPCB.GPIO 2 (20121018/utaddress-251)
Nov 22 21:27:51 ktalina kernel: [   12.867136] ACPI: If an ACPI driver is available for this device, you should use it instead of the native driver
Nov 22 21:27:51 ktalina kernel: [   12.867138] ACPI Warning: 0x0000000000000500-0x000000000000052f SystemIO conflicts with Region \GPIO 1 (20121018/utaddress-251)
Nov 22 21:27:51 ktalina kernel: [   12.867142] ACPI Warning: 0x0000000000000500-0x000000000000052f SystemIO conflicts with Region \_SB_.PCI0.LPCB.GPIO 2 (20121018/utaddress-251)
Nov 22 21:27:51 ktalina kernel: [   12.867146] ACPI: If an ACPI driver is available for this device, you should use it instead of the native driver
Nov 22 21:27:51 ktalina kernel: [   12.867148] lpc_ich: Resource conflict(s) found affecting gpio_ich
Nov 22 21:27:51 ktalina kernel: [   12.867780] rtsx_pci 0000:03:00.0: irq 43 for MSI/MSI-X
Nov 22 21:27:51 ktalina kernel: [   12.867820] rtsx_pci 0000:03:00.0: rtsx_pci_acquire_irq: pcr->msi_en = 1, pci->irq = 43
Nov 22 21:27:51 ktalina kernel: [   12.868284] mei 0000:00:16.0: setting latency timer to 64
Nov 22 21:27:51 ktalina kernel: [   12.868381] mei 0000:00:16.0: irq 44 for MSI/MSI-X
Nov 22 21:27:51 ktalina kernel: [   12.868800] microcode: CPU0 sig=0x206a7, pf=0x10, revision=0x28
Nov 22 21:27:51 ktalina kernel: [   12.885462] [drm] Initialized drm 1.1.0 20060810
Nov 22 21:27:51 ktalina kernel: [   12.921434] wmi: Mapper loaded
Nov 22 21:27:51 ktalina kernel: [   12.938943] hp_accel: laptop model unknown, using default axes configuration
Nov 22 21:27:51 ktalina kernel: [   12.939300] cfg80211: Calling CRDA to update world regulatory domain
Nov 22 21:27:51 ktalina kernel: [   12.968730] lis3lv02d: 8 bits 3DC sensor found
Nov 22 21:27:51 ktalina kernel: [   12.972106] Linux video capture interface: v2.00
Nov 22 21:27:51 ktalina kernel: [   12.974144] [drm] Memory usable by graphics device = 2048M
Nov 22 21:27:51 ktalina kernel: [   12.974150] checking generic (40000000 410000) vs hw (40000000 10000000)
Nov 22 21:27:51 ktalina kernel: [   12.974152] fb: conflicting fb hw usage inteldrmfb vs EFI VGA - removing generic driver
Nov 22 21:27:51 ktalina kernel: [   12.974171] Console: switching to colour dummy device 80x25
Nov 22 21:27:51 ktalina kernel: [   12.976811] i915 0000:00:02.0: setting latency timer to 64
Nov 22 21:27:51 ktalina kernel: [   13.013446] uvcvideo: Found UVC 1.00 device HP Truevision HD (04f2:b35f)
Nov 22 21:27:51 ktalina kernel: [   13.015527] device-mapper: multipath: version 1.5.1 loaded
Nov 22 21:27:51 ktalina kernel: [   13.024956] input: HP Truevision HD as /devices/pci0000:00/0000:00:14.0/usb3/3-3/3-3:1.0/input/input4
Nov 22 21:27:51 ktalina kernel: [   13.025165] usbcore: registered new interface driver uvcvideo
Nov 22 21:27:51 ktalina kernel: [   13.025169] USB Video Class driver (1.1.1)
Nov 22 21:27:51 ktalina kernel: [   13.031567] input: ST LIS3LV02DL Accelerometer as /devices/platform/lis3lv02d/input/input5
Nov 22 21:27:51 ktalina kernel: [   13.040760] i915 0000:00:02.0: irq 45 for MSI/MSI-X
Nov 22 21:27:51 ktalina kernel: [   13.040780] [drm] Supports vblank timestamp caching Rev 1 (10.10.2010).
Nov 22 21:27:51 ktalina kernel: [   13.040783] [drm] Driver supports precise vblank timestamp query.
Nov 22 21:27:51 ktalina kernel: [   13.040934] vgaarb: device changed decodes: PCI:0000:00:02.0,olddecodes=io+mem,decodes=io+mem:owns=io+mem
Nov 22 21:27:51 ktalina kernel: [   13.044100] ath: phy0: ASPM enabled: 0x43
Nov 22 21:27:51 ktalina kernel: [   13.044107] ath: EEPROM regdomain: 0x6a
Nov 22 21:27:51 ktalina kernel: [   13.044110] ath: EEPROM indicates we should expect a direct regpair map
Nov 22 21:27:51 ktalina kernel: [   13.044114] ath: Country alpha2 being used: 00
Nov 22 21:27:51 ktalina kernel: [   13.044116] ath: Regpair used: 0x6a
Nov 22 21:27:51 ktalina kernel: [   13.074934] ieee80211 phy0: Selected rate control algorithm 'minstrel_ht'
Nov 22 21:27:51 ktalina kernel: [   13.075716] ieee80211 phy0: Atheros AR9565 Rev:0 mem=0xffffc90008b80000, irq=16
Nov 22 21:27:51 ktalina kernel: [   13.127196] microcode: CPU1 sig=0x206a7, pf=0x10, revision=0x28
Nov 22 21:27:51 ktalina kernel: [   13.127804] input: HP WMI hotkeys as /devices/virtual/input/input6
Nov 22 21:27:51 ktalina kernel: [   13.162425] microcode: CPU2 sig=0x206a7, pf=0x10, revision=0x28
Nov 22 21:27:51 ktalina kernel: [   13.169428] microcode: CPU3 sig=0x206a7, pf=0x10, revision=0x28
Nov 22 21:27:51 ktalina kernel: [   13.173453] microcode: Microcode Update Driver: v2.00 <tigran@aivazian.fsnet.co.uk>, Peter Oruba
Nov 22 21:27:51 ktalina kernel: [   13.198645] cfg80211: World regulatory domain updated:
Nov 22 21:27:51 ktalina kernel: [   13.198651] cfg80211:   (start_freq - end_freq @ bandwidth), (max_antenna_gain, max_eirp)
Nov 22 21:27:51 ktalina kernel: [   13.198655] cfg80211:   (2402000 KHz - 2472000 KHz @ 40000 KHz), (300 mBi, 2000 mBm)
Nov 22 21:27:51 ktalina kernel: [   13.198659] cfg80211:   (2457000 KHz - 2482000 KHz @ 20000 KHz), (300 mBi, 2000 mBm)
Nov 22 21:27:51 ktalina kernel: [   13.198663] cfg80211:   (2474000 KHz - 2494000 KHz @ 20000 KHz), (300 mBi, 2000 mBm)
Nov 22 21:27:51 ktalina kernel: [   13.198666] cfg80211:   (5170000 KHz - 5250000 KHz @ 40000 KHz), (300 mBi, 2000 mBm)
Nov 22 21:27:51 ktalina kernel: [   13.198670] cfg80211:   (5735000 KHz - 5835000 KHz @ 40000 KHz), (300 mBi, 2000 mBm)
Nov 22 21:27:51 ktalina kernel: [   13.276177] [drm] GMBUS [i915 gmbus vga] timed out, falling back to bit banging on pin 2
Nov 22 21:27:51 ktalina kernel: [   13.329726] fbcon: inteldrmfb (fb0) is primary device
Nov 22 21:27:51 ktalina kernel: [   13.786562] psmouse serio1: synaptics: Touchpad model: 1, fw: 7.5, id: 0x1e0b1, caps: 0xf00173/0x240000/0xa2400, board id: 2068, fw id: 1028260
Nov 22 21:27:51 ktalina kernel: [   13.825345] input: SynPS/2 Synaptics TouchPad as /devices/platform/i8042/serio1/input/input7
Nov 22 21:27:51 ktalina kernel: [   14.096012] Console: switching to colour frame buffer device 170x48
Nov 22 21:27:51 ktalina kernel: [   14.099737] i915 0000:00:02.0: fb0: inteldrmfb frame buffer device
Nov 22 21:27:51 ktalina kernel: [   14.099740] i915 0000:00:02.0: registered panic notifier
Nov 22 21:27:51 ktalina kernel: [   14.100952] ACPI Error: Too many duplicates in _BCL package
Nov 22 21:27:51 ktalina kernel: [   14.100956]  (20121018/video-724)
Nov 22 21:27:51 ktalina kernel: [   14.105662] acpi device:05: registered as cooling_device4
Nov 22 21:27:51 ktalina kernel: [   14.105934] ACPI: Video Device [GFX0] (multi-head: yes  rom: no  post: no)
Nov 22 21:27:51 ktalina kernel: [   14.106002] input: Video Bus as /devices/LNXSYSTM:00/LNXSYBUS:00/PNP0A08:00/LNXVIDEO:00/input/input8
Nov 22 21:27:51 ktalina kernel: [   14.106274] [drm] Initialized i915 1.6.0 20080730 for 0000:00:02.0 on minor 0
Nov 22 21:27:51 ktalina kernel: [   14.106418] snd_hda_intel 0000:00:1b.0: irq 46 for MSI/MSI-X
Nov 22 21:27:51 ktalina kernel: [   14.156641] input: HDA Intel PCH HDMI/DP,pcm=3 as /devices/pci0000:00/0000:00:1b.0/sound/card0/input9
Nov 22 21:27:51 ktalina kernel: [   14.156766] input: HDA Intel PCH Mic as /devices/pci0000:00/0000:00:1b.0/sound/card0/input10
Nov 22 21:27:51 ktalina kernel: [   14.156938] input: HDA Intel PCH Headphone as /devices/pci0000:00/0000:00:1b.0/sound/card0/input11
Nov 22 21:27:51 ktalina kernel: [   14.863984] [drm] Enabling RC6 states: RC6 on, RC6p off, RC6pp off
Nov 22 21:27:51 ktalina kernel: [   15.460260] EXT4-fs (sda1): re-mounted. Opts: errors=remount-ro
Nov 22 21:27:51 ktalina kernel: [   15.794383] EXT4-fs (sda6): mounted filesystem with ordered data mode. Opts: (null)
Nov 22 21:27:51 ktalina kernel: [   15.845759] EXT4-fs (sda7): mounted filesystem with ordered data mode. Opts: (null)
Nov 22 21:27:51 ktalina ntpdate[1028]: Can't find host 0.ubuntu.pool.ntp.org: System error (-11)
Nov 22 21:27:51 ktalina ntpdate[1028]: Can't find host 1.ubuntu.pool.ntp.org: System error (-11)
Nov 22 21:27:51 ktalina ntpdate[1028]: Can't find host 2.ubuntu.pool.ntp.org: System error (-11)
Nov 22 21:27:51 ktalina ntpdate[1028]: Can't find host 3.ubuntu.pool.ntp.org: System error (-11)
Nov 22 21:27:51 ktalina ntpdate[1028]: Can't find host ntp.ubuntu.com: System error (-11)
Nov 22 21:27:51 ktalina ntpdate[1028]: no servers can be used, exiting
Nov 22 21:27:51 ktalina avahi-daemon[1057]: Found user 'avahi' (UID 111) and group 'avahi' (GID 118).
Nov 22 21:27:51 ktalina avahi-daemon[1057]: Successfully dropped root privileges.
Nov 22 21:27:51 ktalina avahi-daemon[1057]: avahi-daemon 0.6.31 starting up.
Nov 22 21:27:51 ktalina avahi-daemon[1057]: Successfully called chroot().
Nov 22 21:27:51 ktalina avahi-daemon[1057]: Successfully dropped remaining capabilities.
Nov 22 21:27:51 ktalina avahi-daemon[1057]: Loading service file /services/udisks.service.
Nov 22 21:27:52 ktalina avahi-daemon[1057]: Network interface enumeration completed.
Nov 22 21:27:52 ktalina avahi-daemon[1057]: Registering HINFO record with values 'X86_64'/'LINUX'.
Nov 22 21:27:52 ktalina avahi-daemon[1057]: Server startup complete. Host name is ktalina.local. Local service cookie is 601827191.
Nov 22 21:27:52 ktalina avahi-daemon[1057]: Service "ktalina" (/services/udisks.service) successfully established.
Nov 22 21:27:52 ktalina modem-manager[1016]: <info>  ModemManager (version 0.6.0.0) starting...
Nov 22 21:27:52 ktalina modem-manager[1016]: <info>  Loaded plugin 'Nokia'
Nov 22 21:27:52 ktalina modem-manager[1016]: <info>  Loaded plugin 'X22X'
Nov 22 21:27:52 ktalina modem-manager[1016]: <info>  Loaded plugin 'MotoC'
Nov 22 21:27:52 ktalina modem-manager[1016]: <info>  Loaded plugin 'Gobi'
Nov 22 21:27:52 ktalina modem-manager[1016]: <info>  Loaded plugin 'Novatel'
Nov 22 21:27:52 ktalina modem-manager[1016]: <info>  Loaded plugin 'Wavecom'
Nov 22 21:27:52 ktalina modem-manager[1016]: <info>  Loaded plugin 'Ericsson MBM'
Nov 22 21:27:52 ktalina modem-manager[1016]: <info>  Loaded plugin 'Samsung'
Nov 22 21:27:52 ktalina modem-manager[1016]: <info>  Loaded plugin 'Option High-Speed'
Nov 22 21:27:52 ktalina modem-manager[1016]: <info>  Loaded plugin 'Longcheer'
Nov 22 21:27:52 ktalina modem-manager[1016]: <info>  Loaded plugin 'Linktop'
Nov 22 21:27:52 ktalina modem-manager[1016]: <info>  Loaded plugin 'AnyData'
Nov 22 21:27:52 ktalina modem-manager[1016]: <info>  Loaded plugin 'Option'
Nov 22 21:27:52 ktalina modem-manager[1016]: <info>  Loaded plugin 'ZTE'
Nov 22 21:27:52 ktalina modem-manager[1016]: <info>  Loaded plugin 'SimTech'
Nov 22 21:27:52 ktalina modem-manager[1016]: <info>  Loaded plugin 'Huawei'
Nov 22 21:27:52 ktalina modem-manager[1016]: <info>  Loaded plugin 'Sierra'
Nov 22 21:27:52 ktalina modem-manager[1016]: <info>  Loaded plugin 'Iridium'
Nov 22 21:27:52 ktalina modem-manager[1016]: <info>  Loaded plugin 'Cinterion'
Nov 22 21:27:52 ktalina modem-manager[1016]: <info>  Loaded plugin 'Generic'
Nov 22 21:27:52 ktalina modem-manager[1016]: <info>  Successfully loaded 20 plugins
Nov 22 21:27:52 ktalina ntpd[1055]: ntpd 4.2.6p5@1.2349-o Thu Apr  4 22:25:14 UTC 2013 (1)
Nov 22 21:27:52 ktalina ntpd[1075]: proto: precision = 0.110 usec
Nov 22 21:27:52 ktalina ntpd[1075]: ntp_io: estimated max descriptors: 1024, initial socket boundary: 16
Nov 22 21:27:52 ktalina ntpd[1075]: Listen and drop on 0 v4wildcard 0.0.0.0 UDP 123
Nov 22 21:27:52 ktalina ntpd[1075]: Listen and drop on 1 v6wildcard :: UDP 123
Nov 22 21:27:52 ktalina ntpd[1075]: Listen normally on 2 lo 127.0.0.1 UDP 123
Nov 22 21:27:52 ktalina ntpd[1075]: Listen normally on 3 lo ::1 UDP 123
Nov 22 21:27:52 ktalina ntpd[1075]: peers refreshed
Nov 22 21:27:52 ktalina ntpd[1075]: Listening on routing socket on fd #20 for interface updates
Nov 22 21:27:52 ktalina ntpd[1075]: Deferring DNS for 0.ubuntu.pool.ntp.org 1
Nov 22 21:27:52 ktalina ntpd[1075]: Deferring DNS for 1.ubuntu.pool.ntp.org 1
Nov 22 21:27:52 ktalina ntpd[1075]: Deferring DNS for 2.ubuntu.pool.ntp.org 1
Nov 22 21:27:52 ktalina ntpd[1075]: Deferring DNS for 3.ubuntu.pool.ntp.org 1
Nov 22 21:27:52 ktalina ntpd[1075]: Deferring DNS for ntp.ubuntu.com 1
Nov 22 21:27:52 ktalina ntpd[1078]: signal_no_reset: signal 17 had flags 4000000
Nov 22 21:27:52 ktalina NetworkManager[1079]: <info> NetworkManager (version 0.9.8.0) is starting...
Nov 22 21:27:52 ktalina NetworkManager[1079]: <info> Read config file /etc/NetworkManager/NetworkManager.conf
Nov 22 21:27:52 ktalina NetworkManager[1079]: <info> WEXT support is enabled
Nov 22 21:27:52 ktalina NetworkManager[1079]: <info> VPN: loaded org.freedesktop.NetworkManager.pptp
Nov 22 21:27:52 ktalina NetworkManager[1079]: <info> DNS: loaded plugin dnsmasq
Nov 22 21:27:52 ktalina dbus[1007]: [system] Activating service name='org.freedesktop.PolicyKit1' (using servicehelper)
Nov 22 21:27:52 ktalina polkitd[1083]: started daemon version 0.105 using authority implementation `local' version `0.105'
Nov 22 21:27:52 ktalina dbus[1007]: [system] Successfully activated service 'org.freedesktop.PolicyKit1'
Nov 22 21:27:52 ktalina NetworkManager[1079]:    SCPlugin-Ifupdown: init!
Nov 22 21:27:52 ktalina NetworkManager[1079]:    SCPlugin-Ifupdown: update_system_hostname
Nov 22 21:27:52 ktalina NetworkManager[1079]:    SCPluginIfupdown: management mode: unmanaged
Nov 22 21:27:52 ktalina NetworkManager[1079]:    SCPlugin-Ifupdown: devices added (path: /sys/devices/pci0000:00/0000:00:1c.0/0000:01:00.0/net/wlan0, iface: wlan0)
Nov 22 21:27:52 ktalina NetworkManager[1079]:    SCPlugin-Ifupdown: device added (path: /sys/devices/pci0000:00/0000:00:1c.0/0000:01:00.0/net/wlan0, iface: wlan0): no ifupdown configuration found.
Nov 22 21:27:52 ktalina NetworkManager[1079]:    SCPlugin-Ifupdown: devices added (path: /sys/devices/pci0000:00/0000:00:1c.1/0000:02:00.0/net/eth0, iface: eth0)
Nov 22 21:27:52 ktalina NetworkManager[1079]:    SCPlugin-Ifupdown: device added (path: /sys/devices/pci0000:00/0000:00:1c.1/0000:02:00.0/net/eth0, iface: eth0): no ifupdown configuration found.
Nov 22 21:27:52 ktalina NetworkManager[1079]:    SCPlugin-Ifupdown: devices added (path: /sys/devices/virtual/net/lo, iface: lo)
Nov 22 21:27:52 ktalina NetworkManager[1079]:    SCPlugin-Ifupdown: device added (path: /sys/devices/virtual/net/lo, iface: lo): no ifupdown configuration found.
Nov 22 21:27:52 ktalina NetworkManager[1079]:    SCPlugin-Ifupdown: end _init.
Nov 22 21:27:52 ktalina NetworkManager[1079]: <info> Loaded plugin ifupdown: (C) 2008 Canonical Ltd.  To report bugs please use the NetworkManager mailing list.
Nov 22 21:27:52 ktalina NetworkManager[1079]: <info> Loaded plugin keyfile: (c) 2007 - 2010 Red Hat, Inc.  To report bugs please use the NetworkManager mailing list.
Nov 22 21:27:52 ktalina NetworkManager[1079]:    Ifupdown: get unmanaged devices count: 0
Nov 22 21:27:52 ktalina NetworkManager[1079]:    SCPlugin-Ifupdown: (34416816) ... get_connections.
Nov 22 21:27:52 ktalina NetworkManager[1079]:    SCPlugin-Ifupdown: (34416816) ... get_connections (managed=false): return empty list.
Nov 22 21:27:52 ktalina NetworkManager[1079]:    keyfile: parsing paradores automtica ... 
Nov 22 21:27:52 ktalina NetworkManager[1079]:    keyfile:     read connection 'paradores automtica'
Nov 22 21:27:52 ktalina NetworkManager[1079]:    keyfile: parsing WLAN_800A automtica ... 
Nov 22 21:27:52 ktalina NetworkManager[1079]:    keyfile:     read connection 'WLAN_800A automtica'
Nov 22 21:27:52 ktalina NetworkManager[1079]:    keyfile: parsing BigDataSpain automtica ... 
Nov 22 21:27:52 ktalina NetworkManager[1079]:    keyfile:     read connection 'BigDataSpain automtica'
Nov 22 21:27:52 ktalina NetworkManager[1079]:    keyfile: parsing Auto Jazztel_C0 ... 
Nov 22 21:27:52 ktalina NetworkManager[1079]:    keyfile:     read connection 'Auto Jazztel_C0'
Nov 22 21:27:52 ktalina NetworkManager[1079]:    Ifupdown: get unmanaged devices count: 0
Nov 22 21:27:52 ktalina NetworkManager[1079]: <info> modem-manager is now available
Nov 22 21:27:52 ktalina NetworkManager[1079]: <info> monitoring kernel firmware directory '/lib/firmware'.
Nov 22 21:27:52 ktalina NetworkManager[1079]: <info> rfkill1: found WiFi radio killswitch (at /sys/devices/pci0000:00/0000:00:1c.0/0000:01:00.0/ieee80211/phy0/rfkill1) (driver ath9k)
Nov 22 21:27:52 ktalina NetworkManager[1079]: <info> WiFi hardware radio set enabled
Nov 22 21:27:52 ktalina NetworkManager[1079]: <info> WiFi enabled by radio killswitch; enabled by state file
Nov 22 21:27:52 ktalina NetworkManager[1079]: <info> WWAN enabled by radio killswitch; enabled by state file
Nov 22 21:27:52 ktalina NetworkManager[1079]: <info> WiMAX enabled by radio killswitch; enabled by state file
Nov 22 21:27:52 ktalina NetworkManager[1079]: <info> Networking is enabled by state file
Nov 22 21:27:52 ktalina NetworkManager[1079]: <info> (wlan0): using nl80211 for WiFi device control
Nov 22 21:27:52 ktalina NetworkManager[1079]: <info> (wlan0): driver supports Access Point (AP) mode
Nov 22 21:27:52 ktalina NetworkManager[1079]: <info> (wlan0): new 802.11 WiFi device (driver: 'ath9k' ifindex: 3)
Nov 22 21:27:52 ktalina NetworkManager[1079]: <info> (wlan0): exported as /org/freedesktop/NetworkManager/Devices/0
Nov 22 21:27:52 ktalina NetworkManager[1079]: <info> (wlan0): device state change: unmanaged -> unavailable (reason 'managed') [10 20 2]
Nov 22 21:27:52 ktalina NetworkManager[1079]: <info> (wlan0): bringing up device.
Nov 22 21:27:52 ktalina NetworkManager[1079]: <info> (wlan0): preparing device.
Nov 22 21:27:52 ktalina NetworkManager[1079]: <info> (wlan0): deactivating device (reason 'managed') [2]
Nov 22 21:27:52 ktalina kernel: [   16.975164] IPv6: ADDRCONF(NETDEV_UP): wlan0: link is not ready
Nov 22 21:27:52 ktalina kernel: [   16.978591] IPv6: ADDRCONF(NETDEV_UP): wlan0: link is not ready
Nov 22 21:27:52 ktalina dbus[1007]: [system] Activating service name='fi.w1.wpa_supplicant1' (using servicehelper)
Nov 22 21:27:52 ktalina NetworkManager[1079]: <warn> failed to allocate link cache: (-10) Operation not supported
Nov 22 21:27:52 ktalina NetworkManager[1079]: <info> (eth0): carrier is OFF
Nov 22 21:27:52 ktalina NetworkManager[1079]: <info> (eth0): new Ethernet device (driver: 'r8169' ifindex: 2)
Nov 22 21:27:52 ktalina NetworkManager[1079]: <info> (eth0): exported as /org/freedesktop/NetworkManager/Devices/1
Nov 22 21:27:52 ktalina NetworkManager[1079]: <info> (eth0): device state change: unmanaged -> unavailable (reason 'managed') [10 20 2]
Nov 22 21:27:52 ktalina NetworkManager[1079]: <info> (eth0): bringing up device.
Nov 22 21:27:52 ktalina dbus[1007]: [system] Successfully activated service 'fi.w1.wpa_supplicant1'
Nov 22 21:27:53 ktalina NetworkManager[1079]: <info> (eth0): preparing device.
Nov 22 21:27:53 ktalina NetworkManager[1079]: <info> (eth0): deactivating device (reason 'managed') [2]
Nov 22 21:27:53 ktalina kernel: [   17.234042] r8169 0000:02:00.0 eth0: link down
Nov 22 21:27:53 ktalina kernel: [   17.234094] IPv6: ADDRCONF(NETDEV_UP): eth0: link is not ready
Nov 22 21:27:53 ktalina kernel: [   17.234559] IPv6: ADDRCONF(NETDEV_UP): eth0: link is not ready
Nov 22 21:27:53 ktalina NetworkManager[1079]: <info> Added default wired connection 'Conexin cableada 1' for /sys/devices/pci0000:00/0000:00:1c.1/0000:02:00.0/net/eth0
Nov 22 21:27:53 ktalina NetworkManager[1079]: <warn> /sys/devices/virtual/net/lo: couldn't determine device driver; ignoring...
Nov 22 21:27:53 ktalina NetworkManager[1079]: <warn> /sys/devices/virtual/net/lo: couldn't determine device driver; ignoring...
Nov 22 21:27:53 ktalina NetworkManager[1079]: <info> wpa_supplicant started
Nov 22 21:27:53 ktalina NetworkManager[1079]: <info> (wlan0) supports 4 scan SSIDs
Nov 22 21:27:53 ktalina NetworkManager[1079]: <warn> Trying to remove a non-existant call id.
Nov 22 21:27:53 ktalina NetworkManager[1079]: <info> (wlan0): supplicant interface state: starting -> ready
Nov 22 21:27:53 ktalina NetworkManager[1079]: <info> (wlan0): device state change: unavailable -> disconnected (reason 'supplicant-available') [20 30 42]
Nov 22 21:27:53 ktalina NetworkManager[1079]: <info> (wlan0): supplicant interface state: ready -> inactive
Nov 22 21:27:53 ktalina NetworkManager[1079]: <info> (wlan0) supports 4 scan SSIDs
Nov 22 21:27:53 ktalina anacron[1278]: Anacron 2.3 started on 2013-11-22
Nov 22 21:27:53 ktalina acpid: starting up with proc fs
Nov 22 21:27:53 ktalina kernel: [   18.071031] /dev/vmmon[1324]: Module vmmon: registered with major=10 minor=165
Nov 22 21:27:53 ktalina kernel: [   18.071040] /dev/vmmon[1324]: Module vmmon: initialized
Nov 22 21:27:53 ktalina acpid: 33 rules loaded
Nov 22 21:27:53 ktalina acpid: waiting for events: event logging is off
Nov 22 21:27:53 ktalina kernel: [   18.092326] [1335]: VMCI: shared components initialized.
Nov 22 21:27:53 ktalina kernel: [   18.092368] [1335]: VMCI: host components initialized.
Nov 22 21:27:53 ktalina kernel: [   18.092438] [1335]: VMCI: Module registered (name=vmci, major=10, minor=52).
Nov 22 21:27:53 ktalina kernel: [   18.092442] [1335]: VMCI: Using host personality
