Nov 23 08:22:10 ktalina rsyslogd: [origin software="rsyslogd" swVersion="5.8.11" x-pid="1021" x-info="http://www.rsyslog.com"] rsyslogd was HUPed
Nov 23 08:22:22 ktalina anacron[3306]: Job `cron.daily' terminated
Nov 23 08:22:22 ktalina anacron[3306]: Normal exit (1 job run)
Nov 23 08:33:24 ktalina NetworkManager[1092]: <warn> nl_recvmsgs() error: (-33) Dump inconsistency detected, interrupted
Nov 23 08:53:26 ktalina kernel: [ 3696.885037] ACPI Error: No handler for Region [CMS0] (ffff8801b92602d0) [SystemCMOS] (20121018/evregion-376)
Nov 23 08:53:26 ktalina kernel: [ 3696.885057] ACPI Error: Region SystemCMOS (ID=5) has no handler (20121018/exfldio-305)
Nov 23 08:53:26 ktalina kernel: [ 3696.885076] ACPI Error: Method parse/execution failed [\_SB_.PCI0.LPCB.EC0_._Q33] (Node ffff8801b92699d8), AE_NOT_EXIST (20121018/psparse-537)
Nov 23 09:03:24 ktalina NetworkManager[1092]: <warn> nl_recvmsgs() error: (-33) Dump inconsistency detected, interrupted
Nov 23 09:05:24 ktalina NetworkManager[1092]: <warn> nl_recvmsgs() error: (-33) Dump inconsistency detected, interrupted
Nov 23 09:09:24 ktalina NetworkManager[1092]: <warn> nl_recvmsgs() error: (-33) Dump inconsistency detected, interrupted
Nov 23 09:17:01 ktalina CRON[5551]: (root) CMD (   cd / && run-parts --report /etc/cron.hourly)
Nov 23 09:53:24 ktalina NetworkManager[1092]: <warn> nl_recvmsgs() error: (-33) Dump inconsistency detected, interrupted
Nov 23 09:55:42 ktalina kernel: [ 7431.554898] ACPI Error: No handler for Region [CMS0] (ffff8801b92602d0) [SystemCMOS] (20121018/evregion-376)
Nov 23 09:55:42 ktalina kernel: [ 7431.554915] ACPI Error: Region SystemCMOS (ID=5) has no handler (20121018/exfldio-305)
Nov 23 09:55:42 ktalina kernel: [ 7431.554928] ACPI Error: Method parse/execution failed [\_SB_.PCI0.LPCB.EC0_._Q33] (Node ffff8801b92699d8), AE_NOT_EXIST (20121018/psparse-537)
Nov 23 10:09:24 ktalina NetworkManager[1092]: <warn> nl_recvmsgs() error: (-33) Dump inconsistency detected, interrupted
Nov 23 10:15:24 ktalina NetworkManager[1092]: <warn> nl_recvmsgs() error: (-33) Dump inconsistency detected, interrupted
Nov 23 10:17:01 ktalina CRON[5984]: (root) CMD (   cd / && run-parts --report /etc/cron.hourly)
Nov 23 10:17:32 ktalina colord: device removed: xrandr-Seiko Epson Corporation
Nov 23 10:17:32 ktalina colord: Profile removed: icc-bbe1a40d69e812e21f3696aaeed90709
Nov 23 10:17:33 ktalina gnome-session[3945]: CRITICAL: gsm_manager_set_phase: assertion `GSM_IS_MANAGER (manager)' failed
Nov 23 10:17:33 ktalina gnome-session[3945]: Gtk-CRITICAL: gtk_main_quit: assertion `main_loops != NULL' failed
Nov 23 11:31:23 ktalina kernel: imklog 5.8.11, log source = /proc/kmsg started.
Nov 23 11:31:23 ktalina rsyslogd: [origin software="rsyslogd" swVersion="5.8.11" x-pid="986" x-info="http://www.rsyslog.com"] start
Nov 23 11:31:23 ktalina rsyslogd: rsyslogd's groupid changed to 103
Nov 23 11:31:23 ktalina rsyslogd: rsyslogd's userid changed to 101
Nov 23 11:31:23 ktalina rsyslogd-2039: Could not open output pipe '/dev/xconsole' [try http://www.rsyslog.com/e/2039 ]
Nov 23 11:31:23 ktalina kernel: [    0.000000] Initializing cgroup subsys cpuset
Nov 23 11:31:23 ktalina kernel: [    0.000000] Initializing cgroup subsys cpu
Nov 23 11:31:23 ktalina kernel: [    0.000000] Linux version 3.8.0-30-generic (buildd@roseapple) (gcc version 4.7.3 (Ubuntu/Linaro 4.7.3-1ubuntu1) ) #44-Ubuntu SMP Thu Aug 22 20:52:24 UTC 2013 (Ubuntu 3.8.0-30.44-generic 3.8.13.6)
Nov 23 11:31:23 ktalina kernel: [    0.000000] Command line: BOOT_IMAGE=/boot/vmlinuz-3.8.0-30-generic root=UUID=b638beb9-a3e7-4e70-99d0-43dcbabc8bc3 ro
Nov 23 11:31:23 ktalina kernel: [    0.000000] KERNEL supported cpus:
Nov 23 11:31:23 ktalina kernel: [    0.000000]   Intel GenuineIntel
Nov 23 11:31:23 ktalina kernel: [    0.000000]   AMD AuthenticAMD
Nov 23 11:31:23 ktalina kernel: [    0.000000]   Centaur CentaurHauls
Nov 23 11:31:23 ktalina kernel: [    0.000000] e820: BIOS-provided physical RAM map:
Nov 23 11:31:23 ktalina kernel: [    0.000000] BIOS-e820: [mem 0x0000000000000000-0x0000000000087fff] usable
Nov 23 11:31:23 ktalina kernel: [    0.000000] BIOS-e820: [mem 0x0000000000088000-0x00000000000bffff] reserved
Nov 23 11:31:23 ktalina kernel: [    0.000000] BIOS-e820: [mem 0x0000000000100000-0x000000001fffffff] usable
Nov 23 11:31:23 ktalina kernel: [    0.000000] BIOS-e820: [mem 0x0000000020000000-0x00000000201fffff] reserved
Nov 23 11:31:23 ktalina kernel: [    0.000000] BIOS-e820: [mem 0x0000000020200000-0x000000003a7befff] usable
Nov 23 11:31:23 ktalina kernel: [    0.000000] BIOS-e820: [mem 0x000000003a7bf000-0x000000003aebefff] reserved
Nov 23 11:31:23 ktalina kernel: [    0.000000] BIOS-e820: [mem 0x000000003aebf000-0x000000003afbefff] ACPI NVS
Nov 23 11:31:23 ktalina kernel: [    0.000000] BIOS-e820: [mem 0x000000003afbf000-0x000000003affefff] ACPI data
Nov 23 11:31:23 ktalina kernel: [    0.000000] BIOS-e820: [mem 0x000000003afff000-0x000000003affffff] usable
Nov 23 11:31:23 ktalina kernel: [    0.000000] BIOS-e820: [mem 0x000000003b000000-0x000000003f9fffff] reserved
Nov 23 11:31:23 ktalina kernel: [    0.000000] BIOS-e820: [mem 0x00000000f0000000-0x00000000f3ffffff] reserved
Nov 23 11:31:23 ktalina kernel: [    0.000000] BIOS-e820: [mem 0x00000000feb00000-0x00000000feb03fff] reserved
Nov 23 11:31:23 ktalina kernel: [    0.000000] BIOS-e820: [mem 0x00000000fec00000-0x00000000fec00fff] reserved
Nov 23 11:31:23 ktalina kernel: [    0.000000] BIOS-e820: [mem 0x00000000fed10000-0x00000000fed19fff] reserved
Nov 23 11:31:23 ktalina kernel: [    0.000000] BIOS-e820: [mem 0x00000000fed1c000-0x00000000fed1ffff] reserved
Nov 23 11:31:23 ktalina kernel: [    0.000000] BIOS-e820: [mem 0x00000000fee00000-0x00000000fee00fff] reserved
Nov 23 11:31:23 ktalina kernel: [    0.000000] BIOS-e820: [mem 0x00000000ffd80000-0x00000000ffffffff] reserved
Nov 23 11:31:23 ktalina kernel: [    0.000000] BIOS-e820: [mem 0x0000000100000000-0x00000001bf5fffff] usable
Nov 23 11:31:23 ktalina kernel: [    0.000000] NX (Execute Disable) protection: active
Nov 23 11:31:23 ktalina kernel: [    0.000000] efi: EFI v2.31 by INSYDE Corp.
Nov 23 11:31:23 ktalina kernel: [    0.000000] efi:  ACPI=0x3affe000  ACPI 2.0=0x3affe014  SMBIOS=0x3aebef98 
Nov 23 11:31:23 ktalina kernel: [    0.000000] efi: mem00: type=3, attr=0xf, range=[0x0000000000000000-0x0000000000001000) (0MB)
Nov 23 11:31:23 ktalina kernel: [    0.000000] efi: mem01: type=7, attr=0xf, range=[0x0000000000001000-0x000000000006f000) (0MB)
Nov 23 11:31:23 ktalina kernel: [    0.000000] efi: mem02: type=4, attr=0xf, range=[0x000000000006f000-0x0000000000070000) (0MB)
Nov 23 11:31:23 ktalina kernel: [    0.000000] efi: mem03: type=7, attr=0xf, range=[0x0000000000070000-0x0000000000088000) (0MB)
Nov 23 11:31:23 ktalina kernel: [    0.000000] efi: mem04: type=6, attr=0x800000000000000f, range=[0x0000000000088000-0x00000000000a0000) (0MB)
Nov 23 11:31:23 ktalina kernel: [    0.000000] efi: mem05: type=2, attr=0xf, range=[0x0000000000100000-0x0000000001444000) (19MB)
Nov 23 11:31:23 ktalina kernel: [    0.000000] efi: mem06: type=7, attr=0xf, range=[0x0000000001444000-0x0000000002000000) (11MB)
Nov 23 11:31:23 ktalina kernel: [    0.000000] efi: mem07: type=2, attr=0xf, range=[0x0000000002000000-0x0000000003344000) (19MB)
Nov 23 11:31:23 ktalina kernel: [    0.000000] efi: mem08: type=7, attr=0xf, range=[0x0000000003344000-0x000000001237b000) (240MB)
Nov 23 11:31:23 ktalina kernel: [    0.000000] efi: mem09: type=2, attr=0xf, range=[0x000000001237b000-0x0000000020000000) (220MB)
Nov 23 11:31:23 ktalina kernel: [    0.000000] efi: mem10: type=0, attr=0xf, range=[0x0000000020000000-0x0000000020200000) (2MB)
Nov 23 11:31:23 ktalina kernel: [    0.000000] efi: mem11: type=7, attr=0xf, range=[0x0000000020200000-0x000000002b1c0000) (175MB)
Nov 23 11:31:23 ktalina kernel: [    0.000000] efi: mem12: type=4, attr=0xf, range=[0x000000002b1c0000-0x000000002b1e0000) (0MB)
Nov 23 11:31:23 ktalina kernel: [    0.000000] efi: mem13: type=7, attr=0xf, range=[0x000000002b1e0000-0x00000000357a6000) (165MB)
Nov 23 11:31:23 ktalina kernel: [    0.000000] efi: mem14: type=4, attr=0xf, range=[0x00000000357a6000-0x00000000361b0000) (10MB)
Nov 23 11:31:23 ktalina kernel: [    0.000000] efi: mem15: type=7, attr=0xf, range=[0x00000000361b0000-0x00000000363a1000) (1MB)
Nov 23 11:31:23 ktalina kernel: [    0.000000] efi: mem16: type=1, attr=0xf, range=[0x00000000363a1000-0x00000000363bf000) (0MB)
Nov 23 11:31:23 ktalina kernel: [    0.000000] efi: mem17: type=7, attr=0xf, range=[0x00000000363bf000-0x000000003799a000) (21MB)
Nov 23 11:31:23 ktalina kernel: [    0.000000] efi: mem18: type=2, attr=0xf, range=[0x000000003799a000-0x0000000037bed000) (2MB)
Nov 23 11:31:23 ktalina kernel: [    0.000000] efi: mem19: type=4, attr=0xf, range=[0x0000000037bed000-0x000000003846f000) (8MB)
Nov 23 11:31:23 ktalina kernel: [    0.000000] efi: mem20: type=7, attr=0xf, range=[0x000000003846f000-0x0000000038770000) (3MB)
Nov 23 11:31:23 ktalina kernel: [    0.000000] efi: mem21: type=4, attr=0xf, range=[0x0000000038770000-0x00000000387ca000) (0MB)
Nov 23 11:31:23 ktalina kernel: [    0.000000] efi: mem22: type=7, attr=0xf, range=[0x00000000387ca000-0x00000000387d4000) (0MB)
Nov 23 11:31:23 ktalina kernel: [    0.000000] efi: mem23: type=4, attr=0xf, range=[0x00000000387d4000-0x0000000038818000) (0MB)
Nov 23 11:31:23 ktalina kernel: [    0.000000] efi: mem24: type=7, attr=0xf, range=[0x0000000038818000-0x000000003881a000) (0MB)
Nov 23 11:31:23 ktalina kernel: [    0.000000] efi: mem25: type=4, attr=0xf, range=[0x000000003881a000-0x000000003881c000) (0MB)
Nov 23 11:31:23 ktalina kernel: [    0.000000] efi: mem26: type=7, attr=0xf, range=[0x000000003881c000-0x000000003881e000) (0MB)
Nov 23 11:31:23 ktalina kernel: [    0.000000] efi: mem27: type=4, attr=0xf, range=[0x000000003881e000-0x0000000038868000) (0MB)
Nov 23 11:31:23 ktalina kernel: [    0.000000] efi: mem28: type=7, attr=0xf, range=[0x0000000038868000-0x000000003886d000) (0MB)
Nov 23 11:31:23 ktalina kernel: [    0.000000] efi: mem29: type=4, attr=0xf, range=[0x000000003886d000-0x0000000038874000) (0MB)
Nov 23 11:31:23 ktalina kernel: [    0.000000] efi: mem30: type=7, attr=0xf, range=[0x0000000038874000-0x0000000038875000) (0MB)
Nov 23 11:31:23 ktalina kernel: [    0.000000] efi: mem31: type=4, attr=0xf, range=[0x0000000038875000-0x000000003889f000) (0MB)
Nov 23 11:31:23 ktalina kernel: [    0.000000] efi: mem32: type=7, attr=0xf, range=[0x000000003889f000-0x00000000388a0000) (0MB)
Nov 23 11:31:23 ktalina kernel: [    0.000000] efi: mem33: type=4, attr=0xf, range=[0x00000000388a0000-0x0000000038a09000) (1MB)
Nov 23 11:31:23 ktalina kernel: [    0.000000] efi: mem34: type=7, attr=0xf, range=[0x0000000038a09000-0x0000000038a0c000) (0MB)
Nov 23 11:31:23 ktalina kernel: [    0.000000] efi: mem35: type=4, attr=0xf, range=[0x0000000038a0c000-0x0000000038a2f000) (0MB)
Nov 23 11:31:23 ktalina kernel: [    0.000000] efi: mem36: type=7, attr=0xf, range=[0x0000000038a2f000-0x0000000038a3f000) (0MB)
Nov 23 11:31:23 ktalina kernel: [    0.000000] efi: mem37: type=4, attr=0xf, range=[0x0000000038a3f000-0x0000000038a6c000) (0MB)
Nov 23 11:31:23 ktalina kernel: [    0.000000] efi: mem38: type=7, attr=0xf, range=[0x0000000038a6c000-0x0000000038a79000) (0MB)
Nov 23 11:31:23 ktalina kernel: [    0.000000] efi: mem39: type=4, attr=0xf, range=[0x0000000038a79000-0x0000000038e26000) (3MB)
Nov 23 11:31:23 ktalina kernel: [    0.000000] efi: mem40: type=7, attr=0xf, range=[0x0000000038e26000-0x0000000038e2d000) (0MB)
Nov 23 11:31:23 ktalina kernel: [    0.000000] efi: mem41: type=4, attr=0xf, range=[0x0000000038e2d000-0x0000000038e46000) (0MB)
Nov 23 11:31:23 ktalina kernel: [    0.000000] efi: mem42: type=7, attr=0xf, range=[0x0000000038e46000-0x0000000038e49000) (0MB)
Nov 23 11:31:23 ktalina kernel: [    0.000000] efi: mem43: type=4, attr=0xf, range=[0x0000000038e49000-0x000000003a3bf000) (21MB)
Nov 23 11:31:23 ktalina kernel: [    0.000000] efi: mem44: type=7, attr=0xf, range=[0x000000003a3bf000-0x000000003a3ec000) (0MB)
Nov 23 11:31:23 ktalina kernel: [    0.000000] efi: mem45: type=2, attr=0xf, range=[0x000000003a3ec000-0x000000003a3f6000) (0MB)
Nov 23 11:31:23 ktalina kernel: [    0.000000] efi: mem46: type=3, attr=0xf, range=[0x000000003a3f6000-0x000000003a7bf000) (3MB)
Nov 23 11:31:23 ktalina kernel: [    0.000000] efi: mem47: type=5, attr=0x800000000000000f, range=[0x000000003a7bf000-0x000000003a89b000) (0MB)
Nov 23 11:31:23 ktalina kernel: [    0.000000] efi: mem48: type=6, attr=0x800000000000000f, range=[0x000000003a89b000-0x000000003a89c000) (0MB)
Nov 23 11:31:23 ktalina kernel: [    0.000000] efi: mem49: type=5, attr=0x800000000000000f, range=[0x000000003a89c000-0x000000003a8cb000) (0MB)
Nov 23 11:31:23 ktalina kernel: [    0.000000] efi: mem50: type=6, attr=0x800000000000000f, range=[0x000000003a8cb000-0x000000003a8cc000) (0MB)
Nov 23 11:31:23 ktalina kernel: [    0.000000] efi: mem51: type=5, attr=0x800000000000000f, range=[0x000000003a8cc000-0x000000003a8dc000) (0MB)
Nov 23 11:31:23 ktalina kernel: [    0.000000] efi: mem52: type=6, attr=0x800000000000000f, range=[0x000000003a8dc000-0x000000003a930000) (0MB)
Nov 23 11:31:23 ktalina kernel: [    0.000000] efi: mem53: type=5, attr=0x800000000000000f, range=[0x000000003a930000-0x000000003a9bf000) (0MB)
Nov 23 11:31:23 ktalina kernel: [    0.000000] efi: mem54: type=6, attr=0x800000000000000f, range=[0x000000003a9bf000-0x000000003aabf000) (1MB)
Nov 23 11:31:23 ktalina kernel: [    0.000000] efi: mem55: type=0, attr=0xf, range=[0x000000003aabf000-0x000000003aebf000) (4MB)
Nov 23 11:31:23 ktalina kernel: [    0.000000] efi: mem56: type=10, attr=0xf, range=[0x000000003aebf000-0x000000003afbf000) (1MB)
Nov 23 11:31:23 ktalina kernel: [    0.000000] efi: mem57: type=9, attr=0xf, range=[0x000000003afbf000-0x000000003afff000) (0MB)
Nov 23 11:31:23 ktalina kernel: [    0.000000] efi: mem58: type=4, attr=0xf, range=[0x000000003afff000-0x000000003b000000) (0MB)
Nov 23 11:31:23 ktalina kernel: [    0.000000] efi: mem59: type=7, attr=0xf, range=[0x0000000100000000-0x00000001bf600000) (3062MB)
Nov 23 11:31:23 ktalina kernel: [    0.000000] efi: mem60: type=0, attr=0x0, range=[0x00000000000a0000-0x00000000000c0000) (0MB)
Nov 23 11:31:23 ktalina kernel: [    0.000000] efi: mem61: type=0, attr=0x0, range=[0x000000003b000000-0x000000003fa00000) (74MB)
Nov 23 11:31:23 ktalina kernel: [    0.000000] efi: mem62: type=11, attr=0x8000000000000001, range=[0x00000000f0000000-0x00000000f4000000) (64MB)
Nov 23 11:31:23 ktalina kernel: [    0.000000] efi: mem63: type=11, attr=0x8000000000000001, range=[0x00000000feb00000-0x00000000feb04000) (0MB)
Nov 23 11:31:23 ktalina kernel: [    0.000000] efi: mem64: type=11, attr=0x8000000000000001, range=[0x00000000fec00000-0x00000000fec01000) (0MB)
Nov 23 11:31:23 ktalina kernel: [    0.000000] efi: mem65: type=11, attr=0x8000000000000001, range=[0x00000000fed10000-0x00000000fed1a000) (0MB)
Nov 23 11:31:23 ktalina kernel: [    0.000000] efi: mem66: type=11, attr=0x8000000000000001, range=[0x00000000fed1c000-0x00000000fed20000) (0MB)
Nov 23 11:31:23 ktalina kernel: [    0.000000] efi: mem67: type=11, attr=0x8000000000000001, range=[0x00000000fee00000-0x00000000fee01000) (0MB)
Nov 23 11:31:23 ktalina kernel: [    0.000000] efi: mem68: type=11, attr=0x8000000000000000, range=[0x00000000ffd80000-0x0000000100000000) (2MB)
Nov 23 11:31:23 ktalina kernel: [    0.000000] SMBIOS 2.7 present.
Nov 23 11:31:23 ktalina kernel: [    0.000000] DMI: Hewlett-Packard HP Pavilion Sleekbook 15/1900, BIOS F.12 11/02/2012
Nov 23 11:31:23 ktalina kernel: [    0.000000] e820: update [mem 0x00000000-0x0000ffff] usable ==> reserved
Nov 23 11:31:23 ktalina kernel: [    0.000000] e820: remove [mem 0x000a0000-0x000fffff] usable
Nov 23 11:31:23 ktalina kernel: [    0.000000] No AGP bridge found
Nov 23 11:31:23 ktalina kernel: [    0.000000] e820: last_pfn = 0x1bf600 max_arch_pfn = 0x400000000
Nov 23 11:31:23 ktalina kernel: [    0.000000] MTRR default type: uncachable
Nov 23 11:31:23 ktalina kernel: [    0.000000] MTRR fixed ranges enabled:
Nov 23 11:31:23 ktalina kernel: [    0.000000]   00000-9FFFF write-back
Nov 23 11:31:23 ktalina kernel: [    0.000000]   A0000-BFFFF uncachable
Nov 23 11:31:23 ktalina kernel: [    0.000000]   C0000-E7FFF write-protect
Nov 23 11:31:23 ktalina kernel: [    0.000000]   E8000-EFFFF write-combining
Nov 23 11:31:23 ktalina kernel: [    0.000000]   F0000-FFFFF write-protect
Nov 23 11:31:23 ktalina kernel: [    0.000000] MTRR variable ranges enabled:
Nov 23 11:31:23 ktalina kernel: [    0.000000]   0 base 000000000 mask FC0000000 write-back
Nov 23 11:31:23 ktalina kernel: [    0.000000]   1 base 03B000000 mask FFF000000 uncachable
Nov 23 11:31:23 ktalina kernel: [    0.000000]   2 base 03C000000 mask FFC000000 uncachable
Nov 23 11:31:23 ktalina kernel: [    0.000000]   3 base 0FFC00000 mask FFFC00000 write-protect
Nov 23 11:31:23 ktalina kernel: [    0.000000]   4 base 100000000 mask F00000000 write-back
Nov 23 11:31:23 ktalina kernel: [    0.000000]   5 base 1BF600000 mask FFFE00000 uncachable
Nov 23 11:31:23 ktalina kernel: [    0.000000]   6 base 1BF800000 mask FFF800000 uncachable
Nov 23 11:31:23 ktalina kernel: [    0.000000]   7 base 1C0000000 mask FC0000000 uncachable
Nov 23 11:31:23 ktalina kernel: [    0.000000]   8 disabled
Nov 23 11:31:23 ktalina kernel: [    0.000000]   9 disabled
Nov 23 11:31:23 ktalina kernel: [    0.000000] x86 PAT enabled: cpu 0, old 0x7040600070406, new 0x7010600070106
Nov 23 11:31:23 ktalina kernel: [    0.000000] e820: last_pfn = 0x3b000 max_arch_pfn = 0x400000000
Nov 23 11:31:23 ktalina kernel: [    0.000000] initial memory mapped: [mem 0x00000000-0x1fffffff]
Nov 23 11:31:23 ktalina kernel: [    0.000000] Base memory trampoline at [ffff88000007e000] 7e000 size 24576
Nov 23 11:31:23 ktalina kernel: [    0.000000] reserving inaccessible SNB gfx pages
Nov 23 11:31:23 ktalina kernel: [    0.000000] init_memory_mapping: [mem 0x00000000-0x3affffff]
Nov 23 11:31:23 ktalina kernel: [    0.000000]  [mem 0x00000000-0x3affffff] page 2M
Nov 23 11:31:23 ktalina kernel: [    0.000000] kernel direct mapping tables up to 0x3affffff @ [mem 0x1fffe000-0x1fffffff]
Nov 23 11:31:23 ktalina kernel: [    0.000000] init_memory_mapping: [mem 0x100000000-0x1bf5fffff]
Nov 23 11:31:23 ktalina kernel: [    0.000000]  [mem 0x100000000-0x1bf5fffff] page 2M
Nov 23 11:31:23 ktalina kernel: [    0.000000] kernel direct mapping tables up to 0x1bf5fffff @ [mem 0x3a3f2000-0x3a3f5fff]
Nov 23 11:31:23 ktalina kernel: [    0.000000] RAMDISK: [mem 0x3799a000-0x37becfff]
Nov 23 11:31:23 ktalina kernel: [    0.000000] ACPI: RSDP 000000003affe014 00024 (v02 HPQOEM)
Nov 23 11:31:23 ktalina kernel: [    0.000000] ACPI: XSDT 000000003affe210 000A4 (v01 HPQOEM SLIC-MPC 00000001 HP   01000013)
Nov 23 11:31:23 ktalina kernel: [    0.000000] ACPI: FACP 000000003affb000 0010C (v05 HPQOEM SLIC-MPC 00000001 HP   00040000)
Nov 23 11:31:23 ktalina kernel: [    0.000000] ACPI: DSDT 000000003afe9000 0E884 (v01 HPQOEM INSYDE   00000000 INTL 00040000)
Nov 23 11:31:23 ktalina kernel: [    0.000000] ACPI: FACS 000000003afba000 00040
Nov 23 11:31:23 ktalina kernel: [    0.000000] ACPI: UEFI 000000003affd000 00236 (v01 HPQOEM 1900     00000001 HP   00040000)
Nov 23 11:31:23 ktalina kernel: [    0.000000] ACPI: ASF! 000000003affc000 000A5 (v32 HPQOEM 1900     00000001 HP   00040000)
Nov 23 11:31:23 ktalina kernel: [    0.000000] ACPI: HPET 000000003affa000 00038 (v01 HPQOEM 1900     00000001 HP   00040000)
Nov 23 11:31:23 ktalina kernel: [    0.000000] ACPI: APIC 000000003aff9000 0008C (v03 HPQOEM 1900     00000001 HP   00040000)
Nov 23 11:31:23 ktalina kernel: [    0.000000] ACPI: MCFG 000000003aff8000 0003C (v01 HPQOEM 1900     00000001 HP   00040000)
Nov 23 11:31:23 ktalina kernel: [    0.000000] ACPI: WDAT 000000003afe8000 00224 (v01 HPQOEM 1900     00000001 HP   00040000)
Nov 23 11:31:23 ktalina kernel: [    0.000000] ACPI: SSDT 000000003afe7000 00E21 (v01 HPQOEM INSYDE   00001000 INTL 00040000)
Nov 23 11:31:23 ktalina kernel: [    0.000000] ACPI: BOOT 000000003afe5000 00028 (v01 HPQOEM 1900     00000001 HP   00040000)
Nov 23 11:31:23 ktalina kernel: [    0.000000] ACPI: ASPT 000000003afe3000 00034 (v07 HPQOEM 1900     00000001 HP   00040000)
Nov 23 11:31:23 ktalina kernel: [    0.000000] ACPI: DBGP 000000003afe2000 00034 (v01 HPQOEM 1900     00000001 HP   00040000)
Nov 23 11:31:23 ktalina kernel: [    0.000000] ACPI: FPDT 000000003afe0000 00044 (v01 HPQOEM 1900     00000001 HP   00040000)
Nov 23 11:31:23 ktalina kernel: [    0.000000] ACPI: SSDT 000000003afde000 0079A (v01 HPQOEM INSYDE   00003000 INTL 00040000)
Nov 23 11:31:23 ktalina kernel: [    0.000000] ACPI: SSDT 000000003afdd000 00B22 (v01 HPQOEM INSYDE   00003000 INTL 00040000)
Nov 23 11:31:23 ktalina kernel: [    0.000000] ACPI: UEFI 000000003afdc000 0005C (v01 HPQOEM 1900     00000000 HP   00040000)
Nov 23 11:31:23 ktalina kernel: [    0.000000] ACPI: BGRT 000000003afdb000 00038 (v01 HPQOEM 1900     00000001 HP   00040000)
Nov 23 11:31:23 ktalina kernel: [    0.000000] ACPI: Local APIC address 0xfee00000
Nov 23 11:31:23 ktalina kernel: [    0.000000] No NUMA configuration found
Nov 23 11:31:23 ktalina kernel: [    0.000000] Faking a node at [mem 0x0000000000000000-0x00000001bf5fffff]
Nov 23 11:31:23 ktalina kernel: [    0.000000] Initmem setup node 0 [mem 0x00000000-0x1bf5fffff]
Nov 23 11:31:23 ktalina kernel: [    0.000000]   NODE_DATA [mem 0x1bf5fb000-0x1bf5fffff]
Nov 23 11:31:23 ktalina kernel: [    0.000000]  [ffffea0000000000-ffffea0006ffffff] PMD -> [ffff8801bac00000-ffff8801bebfffff] on node 0
Nov 23 11:31:23 ktalina kernel: [    0.000000] Zone ranges:
Nov 23 11:31:23 ktalina kernel: [    0.000000]   DMA      [mem 0x00010000-0x00ffffff]
Nov 23 11:31:23 ktalina kernel: [    0.000000]   DMA32    [mem 0x01000000-0xffffffff]
Nov 23 11:31:23 ktalina kernel: [    0.000000]   Normal   [mem 0x100000000-0x1bf5fffff]
Nov 23 11:31:23 ktalina kernel: [    0.000000] Movable zone start for each node
Nov 23 11:31:23 ktalina kernel: [    0.000000] Early memory node ranges
Nov 23 11:31:23 ktalina kernel: [    0.000000]   node   0: [mem 0x00010000-0x00087fff]
Nov 23 11:31:23 ktalina kernel: [    0.000000]   node   0: [mem 0x00100000-0x1fffffff]
Nov 23 11:31:23 ktalina kernel: [    0.000000]   node   0: [mem 0x20200000-0x3a7befff]
Nov 23 11:31:23 ktalina kernel: [    0.000000]   node   0: [mem 0x3afff000-0x3affffff]
Nov 23 11:31:23 ktalina kernel: [    0.000000]   node   0: [mem 0x100000000-0x1bf5fffff]
Nov 23 11:31:23 ktalina kernel: [    0.000000] On node 0 totalpages: 1022776
Nov 23 11:31:23 ktalina kernel: [    0.000000]   DMA zone: 64 pages used for memmap
Nov 23 11:31:23 ktalina kernel: [    0.000000]   DMA zone: 120 pages reserved
Nov 23 11:31:23 ktalina kernel: [    0.000000]   DMA zone: 3776 pages, LIFO batch:0
Nov 23 11:31:23 ktalina kernel: [    0.000000]   DMA32 zone: 3671 pages used for memmap
Nov 23 11:31:23 ktalina kernel: [    0.000000]   DMA32 zone: 231273 pages, LIFO batch:31
Nov 23 11:31:23 ktalina kernel: [    0.000000]   Normal zone: 12248 pages used for memmap
Nov 23 11:31:23 ktalina kernel: [    0.000000]   Normal zone: 771624 pages, LIFO batch:31
Nov 23 11:31:23 ktalina kernel: [    0.000000] ACPI: PM-Timer IO Port: 0x408
Nov 23 11:31:23 ktalina kernel: [    0.000000] ACPI: Local APIC address 0xfee00000
Nov 23 11:31:23 ktalina kernel: [    0.000000] ACPI: LAPIC (acpi_id[0x01] lapic_id[0x00] enabled)
Nov 23 11:31:23 ktalina kernel: [    0.000000] ACPI: LAPIC (acpi_id[0x02] lapic_id[0x01] enabled)
Nov 23 11:31:23 ktalina kernel: [    0.000000] ACPI: LAPIC (acpi_id[0x03] lapic_id[0x02] enabled)
Nov 23 11:31:23 ktalina kernel: [    0.000000] ACPI: LAPIC (acpi_id[0x04] lapic_id[0x03] enabled)
Nov 23 11:31:23 ktalina kernel: [    0.000000] ACPI: LAPIC (acpi_id[0x05] lapic_id[0x00] disabled)
Nov 23 11:31:23 ktalina kernel: [    0.000000] ACPI: LAPIC (acpi_id[0x06] lapic_id[0x00] disabled)
Nov 23 11:31:23 ktalina kernel: [    0.000000] ACPI: LAPIC (acpi_id[0x07] lapic_id[0x00] disabled)
Nov 23 11:31:23 ktalina kernel: [    0.000000] ACPI: LAPIC (acpi_id[0x08] lapic_id[0x00] disabled)
Nov 23 11:31:23 ktalina kernel: [    0.000000] ACPI: IOAPIC (id[0x00] address[0xfec00000] gsi_base[0])
Nov 23 11:31:23 ktalina kernel: [    0.000000] IOAPIC[0]: apic_id 0, version 32, address 0xfec00000, GSI 0-23
Nov 23 11:31:23 ktalina kernel: [    0.000000] ACPI: INT_SRC_OVR (bus 0 bus_irq 0 global_irq 2 dfl dfl)
Nov 23 11:31:23 ktalina kernel: [    0.000000] ACPI: INT_SRC_OVR (bus 0 bus_irq 9 global_irq 9 high level)
Nov 23 11:31:23 ktalina kernel: [    0.000000] ACPI: IRQ0 used by override.
Nov 23 11:31:23 ktalina kernel: [    0.000000] ACPI: IRQ2 used by override.
Nov 23 11:31:23 ktalina kernel: [    0.000000] ACPI: IRQ9 used by override.
Nov 23 11:31:23 ktalina kernel: [    0.000000] Using ACPI (MADT) for SMP configuration information
Nov 23 11:31:23 ktalina kernel: [    0.000000] ACPI: HPET id: 0x8086a201 base: 0xfed00000
Nov 23 11:31:23 ktalina kernel: [    0.000000] smpboot: Allowing 8 CPUs, 4 hotplug CPUs
Nov 23 11:31:23 ktalina kernel: [    0.000000] nr_irqs_gsi: 40
Nov 23 11:31:23 ktalina kernel: [    0.000000] PM: Registered nosave memory: 0000000000088000 - 00000000000c0000
Nov 23 11:31:23 ktalina kernel: [    0.000000] PM: Registered nosave memory: 00000000000c0000 - 0000000000100000
Nov 23 11:31:23 ktalina kernel: [    0.000000] PM: Registered nosave memory: 0000000020000000 - 0000000020200000
Nov 23 11:31:23 ktalina kernel: [    0.000000] PM: Registered nosave memory: 000000003a7bf000 - 000000003aebf000
Nov 23 11:31:23 ktalina kernel: [    0.000000] PM: Registered nosave memory: 000000003aebf000 - 000000003afbf000
Nov 23 11:31:23 ktalina kernel: [    0.000000] PM: Registered nosave memory: 000000003afbf000 - 000000003afff000
Nov 23 11:31:23 ktalina kernel: [    0.000000] PM: Registered nosave memory: 000000003b000000 - 000000003fa00000
Nov 23 11:31:23 ktalina kernel: [    0.000000] PM: Registered nosave memory: 000000003fa00000 - 00000000f0000000
Nov 23 11:31:23 ktalina kernel: [    0.000000] PM: Registered nosave memory: 00000000f0000000 - 00000000f4000000
Nov 23 11:31:23 ktalina kernel: [    0.000000] PM: Registered nosave memory: 00000000f4000000 - 00000000feb00000
Nov 23 11:31:23 ktalina kernel: [    0.000000] PM: Registered nosave memory: 00000000feb00000 - 00000000feb04000
Nov 23 11:31:23 ktalina kernel: [    0.000000] PM: Registered nosave memory: 00000000feb04000 - 00000000fec00000
Nov 23 11:31:23 ktalina kernel: [    0.000000] PM: Registered nosave memory: 00000000fec00000 - 00000000fec01000
Nov 23 11:31:23 ktalina kernel: [    0.000000] PM: Registered nosave memory: 00000000fec01000 - 00000000fed10000
Nov 23 11:31:23 ktalina kernel: [    0.000000] PM: Registered nosave memory: 00000000fed10000 - 00000000fed1a000
Nov 23 11:31:23 ktalina kernel: [    0.000000] PM: Registered nosave memory: 00000000fed1a000 - 00000000fed1c000
Nov 23 11:31:23 ktalina kernel: [    0.000000] PM: Registered nosave memory: 00000000fed1c000 - 00000000fed20000
Nov 23 11:31:23 ktalina kernel: [    0.000000] PM: Registered nosave memory: 00000000fed20000 - 00000000fee00000
Nov 23 11:31:23 ktalina kernel: [    0.000000] PM: Registered nosave memory: 00000000fee00000 - 00000000fee01000
Nov 23 11:31:23 ktalina kernel: [    0.000000] PM: Registered nosave memory: 00000000fee01000 - 00000000ffd80000
Nov 23 11:31:23 ktalina kernel: [    0.000000] PM: Registered nosave memory: 00000000ffd80000 - 0000000100000000
Nov 23 11:31:23 ktalina kernel: [    0.000000] e820: [mem 0x3fa00000-0xefffffff] available for PCI devices
Nov 23 11:31:23 ktalina kernel: [    0.000000] Booting paravirtualized kernel on bare hardware
Nov 23 11:31:23 ktalina kernel: [    0.000000] setup_percpu: NR_CPUS:256 nr_cpumask_bits:256 nr_cpu_ids:8 nr_node_ids:1
Nov 23 11:31:23 ktalina kernel: [    0.000000] PERCPU: Embedded 28 pages/cpu @ffff8801bf200000 s85056 r8192 d21440 u262144
Nov 23 11:31:23 ktalina kernel: [    0.000000] pcpu-alloc: s85056 r8192 d21440 u262144 alloc=1*2097152
Nov 23 11:31:23 ktalina kernel: [    0.000000] pcpu-alloc: [0] 0 1 2 3 4 5 6 7 
Nov 23 11:31:23 ktalina kernel: [    0.000000] Built 1 zonelists in Zone order, mobility grouping on.  Total pages: 1006673
Nov 23 11:31:23 ktalina kernel: [    0.000000] Policy zone: Normal
Nov 23 11:31:23 ktalina kernel: [    0.000000] Kernel command line: BOOT_IMAGE=/boot/vmlinuz-3.8.0-30-generic root=UUID=b638beb9-a3e7-4e70-99d0-43dcbabc8bc3 ro
Nov 23 11:31:23 ktalina kernel: [    0.000000] PID hash table entries: 4096 (order: 3, 32768 bytes)
Nov 23 11:31:23 ktalina kernel: [    0.000000] __ex_table already sorted, skipping sort
Nov 23 11:31:23 ktalina kernel: [    0.000000] xsave: enabled xstate_bv 0x7, cntxt size 0x340
Nov 23 11:31:23 ktalina kernel: [    0.000000] Checking aperture...
Nov 23 11:31:23 ktalina kernel: [    0.000000] No AGP bridge found
Nov 23 11:31:23 ktalina kernel: [    0.000000] Calgary: detecting Calgary via BIOS EBDA area
Nov 23 11:31:23 ktalina kernel: [    0.000000] Calgary: Unable to locate Rio Grande table in EBDA - bailing!
Nov 23 11:31:23 ktalina kernel: [    0.000000] Memory: 3888220k/7329792k available (7014k kernel code, 3238688k absent, 202884k reserved, 6229k data, 996k init)
Nov 23 11:31:23 ktalina kernel: [    0.000000] SLUB: Genslabs=15, HWalign=64, Order=0-3, MinObjects=0, CPUs=8, Nodes=1
Nov 23 11:31:23 ktalina kernel: [    0.000000] Hierarchical RCU implementation.
Nov 23 11:31:23 ktalina kernel: [    0.000000] 	RCU dyntick-idle grace-period acceleration is enabled.
Nov 23 11:31:23 ktalina kernel: [    0.000000] 	RCU restricting CPUs from NR_CPUS=256 to nr_cpu_ids=8.
Nov 23 11:31:23 ktalina kernel: [    0.000000] NR_IRQS:16640 nr_irqs:744 16
Nov 23 11:31:23 ktalina kernel: [    0.000000] Console: colour dummy device 80x25
Nov 23 11:31:23 ktalina kernel: [    0.000000] console [tty0] enabled
Nov 23 11:31:23 ktalina kernel: [    0.000000] allocated 16777216 bytes of page_cgroup
Nov 23 11:31:23 ktalina kernel: [    0.000000] please try 'cgroup_disable=memory' option if you don't want memory cgroups
Nov 23 11:31:23 ktalina kernel: [    0.000000] hpet clockevent registered
Nov 23 11:31:23 ktalina kernel: [    0.000000] tsc: Fast TSC calibration using PIT
Nov 23 11:31:23 ktalina kernel: [    0.004000] tsc: Detected 1496.470 MHz processor
Nov 23 11:31:23 ktalina kernel: [    0.000003] Calibrating delay loop (skipped), value calculated using timer frequency.. 2992.94 BogoMIPS (lpj=5985880)
Nov 23 11:31:23 ktalina kernel: [    0.000013] pid_max: default: 32768 minimum: 301
Nov 23 11:31:23 ktalina kernel: [    0.024445] Security Framework initialized
Nov 23 11:31:23 ktalina kernel: [    0.024462] AppArmor: AppArmor initialized
Nov 23 11:31:23 ktalina kernel: [    0.024466] Yama: becoming mindful.
Nov 23 11:31:23 ktalina kernel: [    0.024899] Dentry cache hash table entries: 524288 (order: 10, 4194304 bytes)
Nov 23 11:31:23 ktalina kernel: [    0.026213] Inode-cache hash table entries: 262144 (order: 9, 2097152 bytes)
Nov 23 11:31:23 ktalina kernel: [    0.026762] Mount-cache hash table entries: 256
Nov 23 11:31:23 ktalina kernel: [    0.026997] Initializing cgroup subsys cpuacct
Nov 23 11:31:23 ktalina kernel: [    0.027003] Initializing cgroup subsys memory
Nov 23 11:31:23 ktalina kernel: [    0.027013] Initializing cgroup subsys devices
Nov 23 11:31:23 ktalina kernel: [    0.027018] Initializing cgroup subsys freezer
Nov 23 11:31:23 ktalina kernel: [    0.027022] Initializing cgroup subsys blkio
Nov 23 11:31:23 ktalina kernel: [    0.027026] Initializing cgroup subsys perf_event
Nov 23 11:31:23 ktalina kernel: [    0.027032] Initializing cgroup subsys hugetlb
Nov 23 11:31:23 ktalina kernel: [    0.027068] CPU: Physical Processor ID: 0
Nov 23 11:31:23 ktalina kernel: [    0.027072] CPU: Processor Core ID: 0
Nov 23 11:31:23 ktalina kernel: [    0.027080] ENERGY_PERF_BIAS: Set to 'normal', was 'performance'
Nov 23 11:31:23 ktalina kernel: [    0.027080] ENERGY_PERF_BIAS: View and update with x86_energy_perf_policy(8)
Nov 23 11:31:23 ktalina kernel: [    0.027090] mce: CPU supports 7 MCE banks
Nov 23 11:31:23 ktalina kernel: [    0.027108] CPU0: Thermal monitoring enabled (TM1)
Nov 23 11:31:23 ktalina kernel: [    0.027121] process: using mwait in idle threads
Nov 23 11:31:23 ktalina kernel: [    0.027129] Last level iTLB entries: 4KB 512, 2MB 0, 4MB 0
Nov 23 11:31:23 ktalina kernel: [    0.027129] Last level dTLB entries: 4KB 512, 2MB 32, 4MB 32
Nov 23 11:31:23 ktalina kernel: [    0.027129] tlb_flushall_shift: 5
Nov 23 11:31:23 ktalina kernel: [    0.027346] Freeing SMP alternatives: 24k freed
Nov 23 11:31:23 ktalina kernel: [    0.031274] ACPI: Core revision 20121018
Nov 23 11:31:23 ktalina kernel: [    0.057926] ftrace: allocating 26715 entries in 105 pages
Nov 23 11:31:23 ktalina kernel: [    0.079590] ..TIMER: vector=0x30 apic1=0 pin1=2 apic2=-1 pin2=-1
Nov 23 11:31:23 ktalina kernel: [    0.119266] smpboot: CPU0: Intel(R) Core(TM) i3-2375M CPU @ 1.50GHz (fam: 06, model: 2a, stepping: 07)
Nov 23 11:31:23 ktalina kernel: [    0.119282] TSC deadline timer enabled
Nov 23 11:31:23 ktalina kernel: [    0.119287] Performance Events: PEBS fmt1+, 16-deep LBR, SandyBridge events, Intel PMU driver.
Nov 23 11:31:23 ktalina kernel: [    0.119301] ... version:                3
Nov 23 11:31:23 ktalina kernel: [    0.119305] ... bit width:              48
Nov 23 11:31:23 ktalina kernel: [    0.119308] ... generic registers:      4
Nov 23 11:31:23 ktalina kernel: [    0.119311] ... value mask:             0000ffffffffffff
Nov 23 11:31:23 ktalina kernel: [    0.119315] ... max period:             000000007fffffff
Nov 23 11:31:23 ktalina kernel: [    0.119318] ... fixed-purpose events:   3
Nov 23 11:31:23 ktalina kernel: [    0.119322] ... event mask:             000000070000000f
Nov 23 11:31:23 ktalina kernel: [    0.134029] NMI watchdog: enabled on all CPUs, permanently consumes one hw-PMU counter.
Nov 23 11:31:23 ktalina kernel: [    0.120772] smpboot: Booting Node   0, Processors  #1 #2 #3
Nov 23 11:31:23 ktalina kernel: [    0.160454] Brought up 4 CPUs
Nov 23 11:31:23 ktalina kernel: [    0.160463] smpboot: Total of 4 processors activated (11971.76 BogoMIPS)
Nov 23 11:31:23 ktalina kernel: [    0.165307] devtmpfs: initialized
Nov 23 11:31:23 ktalina kernel: [    0.166483] EVM: security.selinux
Nov 23 11:31:23 ktalina kernel: [    0.166487] EVM: security.SMACK64
Nov 23 11:31:23 ktalina kernel: [    0.166490] EVM: security.capability
Nov 23 11:31:23 ktalina kernel: [    0.166543] PM: Registering ACPI NVS region [mem 0x3aebf000-0x3afbefff] (1048576 bytes)
Nov 23 11:31:23 ktalina kernel: [    0.167658] regulator-dummy: no parameters
Nov 23 11:31:23 ktalina kernel: [    0.167726] NET: Registered protocol family 16
Nov 23 11:31:23 ktalina kernel: [    0.167898] ACPI FADT declares the system doesn't support PCIe ASPM, so disable it
Nov 23 11:31:23 ktalina kernel: [    0.167905] ACPI: bus type pci registered
Nov 23 11:31:23 ktalina kernel: [    0.167992] PCI: MMCONFIG for domain 0000 [bus 00-3f] at [mem 0xf0000000-0xf3ffffff] (base 0xf0000000)
Nov 23 11:31:23 ktalina kernel: [    0.167999] PCI: MMCONFIG at [mem 0xf0000000-0xf3ffffff] reserved in E820
Nov 23 11:31:23 ktalina kernel: [    0.176397] PCI: Using configuration type 1 for base access
Nov 23 11:31:23 ktalina kernel: [    0.177582] bio: create slab <bio-0> at 0
Nov 23 11:31:23 ktalina kernel: [    0.177697] ACPI: Added _OSI(Module Device)
Nov 23 11:31:23 ktalina kernel: [    0.177701] ACPI: Added _OSI(Processor Device)
Nov 23 11:31:23 ktalina kernel: [    0.177705] ACPI: Added _OSI(3.0 _SCP Extensions)
Nov 23 11:31:23 ktalina kernel: [    0.177709] ACPI: Added _OSI(Processor Aggregator Device)
Nov 23 11:31:23 ktalina kernel: [    0.179920] ACPI: EC: Look up EC in DSDT
Nov 23 11:31:23 ktalina kernel: [    0.182084] ACPI: Executed 1 blocks of module-level executable AML code
Nov 23 11:31:23 ktalina kernel: [    0.193125] [Firmware Bug]: ACPI: BIOS _OSI(Linux) query ignored
Nov 23 11:31:23 ktalina kernel: [    0.193790] ACPI: SSDT 000000003ae19018 0083B (v01  PmRef  Cpu0Cst 00003001 INTL 20111123)
Nov 23 11:31:23 ktalina kernel: [    0.194370] ACPI: Dynamic OEM Table Load:
Nov 23 11:31:23 ktalina kernel: [    0.194376] ACPI: SSDT           (null) 0083B (v01  PmRef  Cpu0Cst 00003001 INTL 20111123)
Nov 23 11:31:23 ktalina kernel: [    0.194813] ACPI: SSDT 000000003ae5ba98 00303 (v01  PmRef    ApIst 00003000 INTL 20111123)
Nov 23 11:31:23 ktalina kernel: [    0.195434] ACPI: Dynamic OEM Table Load:
Nov 23 11:31:23 ktalina kernel: [    0.195440] ACPI: SSDT           (null) 00303 (v01  PmRef    ApIst 00003000 INTL 20111123)
Nov 23 11:31:23 ktalina kernel: [    0.195635] ACPI: SSDT 000000003ae18d98 00119 (v01  PmRef    ApCst 00003000 INTL 20111123)
Nov 23 11:31:23 ktalina kernel: [    0.196200] ACPI: Dynamic OEM Table Load:
Nov 23 11:31:23 ktalina kernel: [    0.196205] ACPI: SSDT           (null) 00119 (v01  PmRef    ApCst 00003000 INTL 20111123)
Nov 23 11:31:23 ktalina kernel: [    0.317913] ACPI: Interpreter enabled
Nov 23 11:31:23 ktalina kernel: [    0.317921] ACPI: (supports S0 S3 S4 S5)
Nov 23 11:31:23 ktalina kernel: [    0.317955] ACPI: Using IOAPIC for interrupt routing
Nov 23 11:31:23 ktalina kernel: [    0.323605] ACPI: EC: GPE = 0x1d, I/O: command/status = 0x66, data = 0x62
Nov 23 11:31:23 ktalina kernel: [    0.323760] ACPI: No dock devices found.
Nov 23 11:31:23 ktalina kernel: [    0.323767] PCI: Using host bridge windows from ACPI; if necessary, use "pci=nocrs" and report a bug
Nov 23 11:31:23 ktalina kernel: [    0.324003] ACPI: PCI Root Bridge [PCI0] (domain 0000 [bus 00-3e])
Nov 23 11:31:23 ktalina kernel: [    0.324009] ACPI: PCI Interrupt Routing Table [\_SB_.PCI0._PRT]
Nov 23 11:31:23 ktalina kernel: [    0.324309] \_SB_.PCI0:_OSC invalid UUID
Nov 23 11:31:23 ktalina kernel: [    0.324311] _OSC request data:1 8 0 
Nov 23 11:31:23 ktalina kernel: [    0.324742] PCI host bridge to bus 0000:00
Nov 23 11:31:23 ktalina kernel: [    0.324749] pci_bus 0000:00: root bus resource [bus 00-3e]
Nov 23 11:31:23 ktalina kernel: [    0.324755] pci_bus 0000:00: root bus resource [io  0x0000-0x0cf7]
Nov 23 11:31:23 ktalina kernel: [    0.324760] pci_bus 0000:00: root bus resource [io  0x0d00-0xffff]
Nov 23 11:31:23 ktalina kernel: [    0.324765] pci_bus 0000:00: root bus resource [mem 0x000a0000-0x000bffff]
Nov 23 11:31:23 ktalina kernel: [    0.324770] pci_bus 0000:00: root bus resource [mem 0x000c0000-0x000c3fff]
Nov 23 11:31:23 ktalina kernel: [    0.324774] pci_bus 0000:00: root bus resource [mem 0x000c4000-0x000c7fff]
Nov 23 11:31:23 ktalina kernel: [    0.324779] pci_bus 0000:00: root bus resource [mem 0x000c8000-0x000cbfff]
Nov 23 11:31:23 ktalina kernel: [    0.324784] pci_bus 0000:00: root bus resource [mem 0x000cc000-0x000cffff]
Nov 23 11:31:23 ktalina kernel: [    0.324789] pci_bus 0000:00: root bus resource [mem 0x000d0000-0x000d3fff]
Nov 23 11:31:23 ktalina kernel: [    0.324794] pci_bus 0000:00: root bus resource [mem 0x000d4000-0x000d7fff]
Nov 23 11:31:23 ktalina kernel: [    0.324799] pci_bus 0000:00: root bus resource [mem 0x000d8000-0x000dbfff]
Nov 23 11:31:23 ktalina kernel: [    0.324804] pci_bus 0000:00: root bus resource [mem 0x000dc000-0x000dffff]
Nov 23 11:31:23 ktalina kernel: [    0.324809] pci_bus 0000:00: root bus resource [mem 0x000e0000-0x000e3fff]
Nov 23 11:31:23 ktalina kernel: [    0.324814] pci_bus 0000:00: root bus resource [mem 0x000e4000-0x000e7fff]
Nov 23 11:31:23 ktalina kernel: [    0.324819] pci_bus 0000:00: root bus resource [mem 0x000e8000-0x000ebfff]
Nov 23 11:31:23 ktalina kernel: [    0.324823] pci_bus 0000:00: root bus resource [mem 0x000ec000-0x000effff]
Nov 23 11:31:23 ktalina kernel: [    0.324828] pci_bus 0000:00: root bus resource [mem 0x000f0000-0x000fffff]
Nov 23 11:31:23 ktalina kernel: [    0.324833] pci_bus 0000:00: root bus resource [mem 0x3fa00000-0xfeafffff]
Nov 23 11:31:23 ktalina kernel: [    0.324848] pci 0000:00:00.0: [8086:0104] type 00 class 0x060000
Nov 23 11:31:23 ktalina kernel: [    0.324902] pci 0000:00:02.0: [8086:0116] type 00 class 0x030000
Nov 23 11:31:23 ktalina kernel: [    0.324918] pci 0000:00:02.0: reg 10: [mem 0x52000000-0x523fffff 64bit]
Nov 23 11:31:23 ktalina kernel: [    0.324928] pci 0000:00:02.0: reg 18: [mem 0x40000000-0x4fffffff 64bit pref]
Nov 23 11:31:23 ktalina kernel: [    0.324934] pci 0000:00:02.0: reg 20: [io  0x4000-0x403f]
Nov 23 11:31:23 ktalina kernel: [    0.325025] pci 0000:00:14.0: [8086:1e31] type 00 class 0x0c0330
Nov 23 11:31:23 ktalina kernel: [    0.325063] pci 0000:00:14.0: reg 10: [mem 0x52600000-0x5260ffff 64bit]
Nov 23 11:31:23 ktalina kernel: [    0.325197] pci 0000:00:14.0: PME# supported from D3hot D3cold
Nov 23 11:31:23 ktalina kernel: [    0.325237] pci 0000:00:16.0: [8086:1e3a] type 00 class 0x078000
Nov 23 11:31:23 ktalina kernel: [    0.325277] pci 0000:00:16.0: reg 10: [mem 0x52614000-0x5261400f 64bit]
Nov 23 11:31:23 ktalina kernel: [    0.325406] pci 0000:00:16.0: PME# supported from D0 D3hot D3cold
Nov 23 11:31:23 ktalina kernel: [    0.325466] pci 0000:00:1a.0: [8086:1e2d] type 00 class 0x0c0320
Nov 23 11:31:23 ktalina kernel: [    0.325501] pci 0000:00:1a.0: reg 10: [mem 0x52619000-0x526193ff]
Nov 23 11:31:23 ktalina kernel: [    0.325655] pci 0000:00:1a.0: PME# supported from D0 D3hot D3cold
Nov 23 11:31:23 ktalina kernel: [    0.325700] pci 0000:00:1b.0: [8086:1e20] type 00 class 0x040300
Nov 23 11:31:23 ktalina kernel: [    0.325730] pci 0000:00:1b.0: reg 10: [mem 0x52610000-0x52613fff 64bit]
Nov 23 11:31:23 ktalina kernel: [    0.325865] pci 0000:00:1b.0: PME# supported from D0 D3hot D3cold
Nov 23 11:31:23 ktalina kernel: [    0.325903] pci 0000:00:1c.0: [8086:1e10] type 01 class 0x060400
Nov 23 11:31:23 ktalina kernel: [    0.326046] pci 0000:00:1c.0: PME# supported from D0 D3hot D3cold
Nov 23 11:31:23 ktalina kernel: [    0.326090] pci 0000:00:1c.1: [8086:1e12] type 01 class 0x060400
Nov 23 11:31:23 ktalina kernel: [    0.326234] pci 0000:00:1c.1: PME# supported from D0 D3hot D3cold
Nov 23 11:31:23 ktalina kernel: [    0.326278] pci 0000:00:1c.2: [8086:1e14] type 01 class 0x060400
Nov 23 11:31:23 ktalina kernel: [    0.326419] pci 0000:00:1c.2: PME# supported from D0 D3hot D3cold
Nov 23 11:31:23 ktalina kernel: [    0.326479] pci 0000:00:1d.0: [8086:1e26] type 00 class 0x0c0320
Nov 23 11:31:23 ktalina kernel: [    0.326515] pci 0000:00:1d.0: reg 10: [mem 0x52618000-0x526183ff]
Nov 23 11:31:23 ktalina kernel: [    0.326672] pci 0000:00:1d.0: PME# supported from D0 D3hot D3cold
Nov 23 11:31:23 ktalina kernel: [    0.326712] pci 0000:00:1f.0: [8086:1e57] type 00 class 0x060100
Nov 23 11:31:23 ktalina kernel: [    0.326909] pci 0000:00:1f.2: [8086:282a] type 00 class 0x010400
Nov 23 11:31:23 ktalina kernel: [    0.326947] pci 0000:00:1f.2: reg 10: [io  0x4088-0x408f]
Nov 23 11:31:23 ktalina kernel: [    0.326963] pci 0000:00:1f.2: reg 14: [io  0x4094-0x4097]
Nov 23 11:31:23 ktalina kernel: [    0.326980] pci 0000:00:1f.2: reg 18: [io  0x4080-0x4087]
Nov 23 11:31:23 ktalina kernel: [    0.326996] pci 0000:00:1f.2: reg 1c: [io  0x4090-0x4093]
Nov 23 11:31:23 ktalina kernel: [    0.327012] pci 0000:00:1f.2: reg 20: [io  0x4060-0x407f]
Nov 23 11:31:23 ktalina kernel: [    0.327028] pci 0000:00:1f.2: reg 24: [mem 0x52617000-0x526177ff]
Nov 23 11:31:23 ktalina kernel: [    0.327125] pci 0000:00:1f.2: PME# supported from D3hot
Nov 23 11:31:23 ktalina kernel: [    0.327160] pci 0000:00:1f.3: [8086:1e22] type 00 class 0x0c0500
Nov 23 11:31:23 ktalina kernel: [    0.327190] pci 0000:00:1f.3: reg 10: [mem 0x52615000-0x526150ff 64bit]
Nov 23 11:31:23 ktalina kernel: [    0.327231] pci 0000:00:1f.3: reg 20: [io  0x4040-0x405f]
Nov 23 11:31:23 ktalina kernel: [    0.327411] pci 0000:01:00.0: [168c:0036] type 00 class 0x028000
Nov 23 11:31:23 ktalina kernel: [    0.327471] pci 0000:01:00.0: reg 10: [mem 0x52500000-0x5257ffff 64bit]
Nov 23 11:31:23 ktalina kernel: [    0.327619] pci 0000:01:00.0: reg 30: [mem 0xffff0000-0xffffffff pref]
Nov 23 11:31:23 ktalina kernel: [    0.327766] pci 0000:01:00.0: supports D1 D2
Nov 23 11:31:23 ktalina kernel: [    0.327769] pci 0000:01:00.0: PME# supported from D0 D1 D2 D3hot D3cold
Nov 23 11:31:23 ktalina kernel: [    0.333133] pci 0000:00:1c.0: PCI bridge to [bus 01]
Nov 23 11:31:23 ktalina kernel: [    0.333160] pci 0000:00:1c.0:   bridge window [mem 0x52500000-0x525fffff]
Nov 23 11:31:23 ktalina kernel: [    0.333280] pci 0000:02:00.0: [10ec:8136] type 00 class 0x020000
Nov 23 11:31:23 ktalina kernel: [    0.333309] pci 0000:02:00.0: reg 10: [io  0x3000-0x30ff]
Nov 23 11:31:23 ktalina kernel: [    0.333358] pci 0000:02:00.0: reg 18: [mem 0x52404000-0x52404fff 64bit pref]
Nov 23 11:31:23 ktalina kernel: [    0.333389] pci 0000:02:00.0: reg 20: [mem 0x52400000-0x52403fff 64bit pref]
Nov 23 11:31:23 ktalina kernel: [    0.333519] pci 0000:02:00.0: supports D1 D2
Nov 23 11:31:23 ktalina kernel: [    0.333522] pci 0000:02:00.0: PME# supported from D0 D1 D2 D3hot D3cold
Nov 23 11:31:23 ktalina kernel: [    0.341129] pci 0000:00:1c.1: PCI bridge to [bus 02]
Nov 23 11:31:23 ktalina kernel: [    0.341144] pci 0000:00:1c.1:   bridge window [io  0x3000-0x3fff]
Nov 23 11:31:23 ktalina kernel: [    0.341162] pci 0000:00:1c.1:   bridge window [mem 0x52400000-0x524fffff]
Nov 23 11:31:23 ktalina kernel: [    0.341340] pci 0000:03:00.0: [10ec:5229] type 00 class 0xff0000
Nov 23 11:31:23 ktalina kernel: [    0.341402] pci 0000:03:00.0: reg 10: [mem 0x51000000-0x51000fff]
Nov 23 11:31:23 ktalina kernel: [    0.341929] pci 0000:03:00.0: supports D1 D2
Nov 23 11:31:23 ktalina kernel: [    0.341932] pci 0000:03:00.0: PME# supported from D1 D2 D3hot
Nov 23 11:31:23 ktalina kernel: [    0.349173] pci 0000:00:1c.2: PCI bridge to [bus 03-08]
Nov 23 11:31:23 ktalina kernel: [    0.349182] pci 0000:00:1c.2:   bridge window [io  0x2000-0x2fff]
Nov 23 11:31:23 ktalina kernel: [    0.349188] pci 0000:00:1c.2:   bridge window [mem 0x51000000-0x51ffffff]
Nov 23 11:31:23 ktalina kernel: [    0.349198] pci 0000:00:1c.2:   bridge window [mem 0x50000000-0x50ffffff 64bit pref]
Nov 23 11:31:23 ktalina kernel: [    0.349265] ACPI: PCI Interrupt Routing Table [\_SB_.PCI0.RP01._PRT]
Nov 23 11:31:23 ktalina kernel: [    0.349306] ACPI: PCI Interrupt Routing Table [\_SB_.PCI0.RP02._PRT]
Nov 23 11:31:23 ktalina kernel: [    0.349347] ACPI: PCI Interrupt Routing Table [\_SB_.PCI0.RP03._PRT]
Nov 23 11:31:23 ktalina kernel: [    0.349465] \_SB_.PCI0:_OSC invalid UUID
Nov 23 11:31:23 ktalina kernel: [    0.349467] _OSC request data:1 1f 0 
Nov 23 11:31:23 ktalina kernel: [    0.349472]  pci0000:00: ACPI _OSC support notification failed, disabling PCIe ASPM
Nov 23 11:31:23 ktalina kernel: [    0.349478]  pci0000:00: Unable to request _OSC control (_OSC support mask: 0x08)
Nov 23 11:31:23 ktalina kernel: [    0.350260] ACPI: PCI Interrupt Link [LNKA] (IRQs 1 3 4 5 6 10 11 12 14 15) *0, disabled.
Nov 23 11:31:23 ktalina kernel: [    0.350329] ACPI: PCI Interrupt Link [LNKB] (IRQs 1 3 4 5 6 10 11 12 14 15) *0, disabled.
Nov 23 11:31:23 ktalina kernel: [    0.350394] ACPI: PCI Interrupt Link [LNKC] (IRQs 1 3 4 5 6 10 11 12 14 15) *0, disabled.
Nov 23 11:31:23 ktalina kernel: [    0.350459] ACPI: PCI Interrupt Link [LNKD] (IRQs 1 3 4 5 6 10 11 12 14 15) *0, disabled.
Nov 23 11:31:23 ktalina kernel: [    0.350523] ACPI: PCI Interrupt Link [LNKE] (IRQs 1 3 4 5 6 10 11 12 14 15) *0, disabled.
Nov 23 11:31:23 ktalina kernel: [    0.350590] ACPI: PCI Interrupt Link [LNKF] (IRQs 1 3 4 5 6 10 11 12 14 15) *0, disabled.
Nov 23 11:31:23 ktalina kernel: [    0.350657] ACPI: PCI Interrupt Link [LNKG] (IRQs 1 3 4 5 6 10 11 12 14 15) *0, disabled.
Nov 23 11:31:23 ktalina kernel: [    0.350724] ACPI: PCI Interrupt Link [LNKH] (IRQs 1 3 4 5 6 10 11 12 14 15) *0, disabled.
Nov 23 11:31:23 ktalina kernel: [    0.350859] vgaarb: device added: PCI:0000:00:02.0,decodes=io+mem,owns=io+mem,locks=none
Nov 23 11:31:23 ktalina kernel: [    0.350868] vgaarb: loaded
Nov 23 11:31:23 ktalina kernel: [    0.350871] vgaarb: bridge control possible 0000:00:02.0
Nov 23 11:31:23 ktalina kernel: [    0.351084] SCSI subsystem initialized
Nov 23 11:31:23 ktalina kernel: [    0.351088] ACPI: bus type scsi registered
Nov 23 11:31:23 ktalina kernel: [    0.351142] libata version 3.00 loaded.
Nov 23 11:31:23 ktalina kernel: [    0.351167] ACPI: bus type usb registered
Nov 23 11:31:23 ktalina kernel: [    0.351188] usbcore: registered new interface driver usbfs
Nov 23 11:31:23 ktalina kernel: [    0.351200] usbcore: registered new interface driver hub
Nov 23 11:31:23 ktalina kernel: [    0.351230] usbcore: registered new device driver usb
Nov 23 11:31:23 ktalina kernel: [    0.351337] PCI: Using ACPI for IRQ routing
Nov 23 11:31:23 ktalina kernel: [    0.354128] PCI: pci_cache_line_size set to 64 bytes
Nov 23 11:31:23 ktalina kernel: [    0.354257] e820: reserve RAM buffer [mem 0x00088000-0x0008ffff]
Nov 23 11:31:23 ktalina kernel: [    0.354260] e820: reserve RAM buffer [mem 0x3a7bf000-0x3bffffff]
Nov 23 11:31:23 ktalina kernel: [    0.354263] e820: reserve RAM buffer [mem 0x3b000000-0x3bffffff]
Nov 23 11:31:23 ktalina kernel: [    0.354265] e820: reserve RAM buffer [mem 0x1bf600000-0x1bfffffff]
Nov 23 11:31:23 ktalina kernel: [    0.354371] NetLabel: Initializing
Nov 23 11:31:23 ktalina kernel: [    0.354375] NetLabel:  domain hash size = 128
Nov 23 11:31:23 ktalina kernel: [    0.354378] NetLabel:  protocols = UNLABELED CIPSOv4
Nov 23 11:31:23 ktalina kernel: [    0.354393] NetLabel:  unlabeled traffic allowed by default
Nov 23 11:31:23 ktalina kernel: [    0.354456] hpet0: at MMIO 0xfed00000, IRQs 2, 8, 0, 0, 0, 0, 0, 0
Nov 23 11:31:23 ktalina kernel: [    0.354468] hpet0: 8 comparators, 64-bit 14.318180 MHz counter
Nov 23 11:31:23 ktalina kernel: [    0.356482] Switching to clocksource hpet
Nov 23 11:31:23 ktalina kernel: [    0.363382] AppArmor: AppArmor Filesystem Enabled
Nov 23 11:31:23 ktalina kernel: [    0.363418] pnp: PnP ACPI init
Nov 23 11:31:23 ktalina kernel: [    0.363433] ACPI: bus type pnp registered
Nov 23 11:31:23 ktalina kernel: [    0.363791] pnp 00:00: [dma 4]
Nov 23 11:31:23 ktalina kernel: [    0.363819] pnp 00:00: Plug and Play ACPI device, IDs PNP0200 (active)
Nov 23 11:31:23 ktalina kernel: [    0.363850] pnp 00:01: Plug and Play ACPI device, IDs INT0800 (active)
Nov 23 11:31:23 ktalina kernel: [    0.363979] pnp 00:02: Plug and Play ACPI device, IDs PNP0103 (active)
Nov 23 11:31:23 ktalina kernel: [    0.364018] pnp 00:03: Plug and Play ACPI device, IDs PNP0c04 (active)
Nov 23 11:31:23 ktalina kernel: [    0.364077] system 00:04: [io  0x0680-0x069f] has been reserved
Nov 23 11:31:23 ktalina kernel: [    0.364084] system 00:04: [io  0x1000-0x100f] has been reserved
Nov 23 11:31:23 ktalina kernel: [    0.364089] system 00:04: [io  0xffff] has been reserved
Nov 23 11:31:23 ktalina kernel: [    0.364094] system 00:04: [io  0xffff] has been reserved
Nov 23 11:31:23 ktalina kernel: [    0.364099] system 00:04: [io  0x0400-0x0453] has been reserved
Nov 23 11:31:23 ktalina kernel: [    0.364106] system 00:04: [io  0x0458-0x047f] has been reserved
Nov 23 11:31:23 ktalina kernel: [    0.364111] system 00:04: [io  0x0500-0x057f] has been reserved
Nov 23 11:31:23 ktalina kernel: [    0.364116] system 00:04: [io  0x164e-0x164f] has been reserved
Nov 23 11:31:23 ktalina kernel: [    0.364121] system 00:04: [io  0x0454-0x0457] has been reserved
Nov 23 11:31:23 ktalina kernel: [    0.364126] system 00:04: [io  0x0380-0x0387] has been reserved
Nov 23 11:31:23 ktalina kernel: [    0.364133] system 00:04: Plug and Play ACPI device, IDs PNP0c02 (active)
Nov 23 11:31:23 ktalina kernel: [    0.364164] pnp 00:05: Plug and Play ACPI device, IDs PNP0b00 (active)
Nov 23 11:31:23 ktalina kernel: [    0.364212] pnp 00:06: Plug and Play ACPI device, IDs HPQ8001 PNP0303 (active)
Nov 23 11:31:23 ktalina kernel: [    0.364257] pnp 00:07: Plug and Play ACPI device, IDs SYN1e83 SYN1e00 SYN0002 PNP0f13 (active)
Nov 23 11:31:23 ktalina kernel: [    0.364316] pnp 00:08: Plug and Play ACPI device, IDs HPQ0004 (active)
Nov 23 11:31:23 ktalina kernel: [    0.364627] system 00:09: [mem 0xfed1c000-0xfed1ffff] has been reserved
Nov 23 11:31:23 ktalina kernel: [    0.364634] system 00:09: [mem 0xfed10000-0xfed17fff] has been reserved
Nov 23 11:31:23 ktalina kernel: [    0.364639] system 00:09: [mem 0xfed18000-0xfed18fff] has been reserved
Nov 23 11:31:23 ktalina kernel: [    0.364644] system 00:09: [mem 0xfed19000-0xfed19fff] has been reserved
Nov 23 11:31:23 ktalina kernel: [    0.364650] system 00:09: [mem 0xf0000000-0xf3ffffff] has been reserved
Nov 23 11:31:23 ktalina kernel: [    0.364655] system 00:09: [mem 0xfed20000-0xfed3ffff] has been reserved
Nov 23 11:31:23 ktalina kernel: [    0.364660] system 00:09: [mem 0xfed90000-0xfed93fff] has been reserved
Nov 23 11:31:23 ktalina kernel: [    0.364666] system 00:09: [mem 0xff000000-0xffffffff] could not be reserved
Nov 23 11:31:23 ktalina kernel: [    0.364671] system 00:09: [mem 0xfee00000-0xfeefffff] could not be reserved
Nov 23 11:31:23 ktalina kernel: [    0.364677] system 00:09: [mem 0x3fa00000-0x3fa00fff] has been reserved
Nov 23 11:31:23 ktalina kernel: [    0.364683] system 00:09: Plug and Play ACPI device, IDs PNP0c02 (active)
Nov 23 11:31:23 ktalina kernel: [    0.364933] pnp 00:0a: disabling [mem 0x40000000-0x401fffff] because it overlaps 0000:00:02.0 BAR 2 [mem 0x40000000-0x4fffffff 64bit pref]
Nov 23 11:31:23 ktalina kernel: [    0.364972] system 00:0a: [mem 0x20000000-0x201fffff] has been reserved
Nov 23 11:31:23 ktalina kernel: [    0.364978] system 00:0a: Plug and Play ACPI device, IDs PNP0c01 (active)
Nov 23 11:31:23 ktalina kernel: [    0.365003] pnp: PnP ACPI: found 11 devices
Nov 23 11:31:23 ktalina kernel: [    0.365007] ACPI: ACPI bus type pnp unregistered
Nov 23 11:31:23 ktalina kernel: [    0.371867] pci 0000:01:00.0: no compatible bridge window for [mem 0xffff0000-0xffffffff pref]
Nov 23 11:31:23 ktalina kernel: [    0.371929] pci 0000:00:1c.0: BAR 15: assigned [mem 0x3fb00000-0x3fbfffff pref]
Nov 23 11:31:23 ktalina kernel: [    0.371937] pci 0000:01:00.0: BAR 6: assigned [mem 0x3fb00000-0x3fb0ffff pref]
Nov 23 11:31:23 ktalina kernel: [    0.371943] pci 0000:00:1c.0: PCI bridge to [bus 01]
Nov 23 11:31:23 ktalina kernel: [    0.371954] pci 0000:00:1c.0:   bridge window [mem 0x52500000-0x525fffff]
Nov 23 11:31:23 ktalina kernel: [    0.371963] pci 0000:00:1c.0:   bridge window [mem 0x3fb00000-0x3fbfffff pref]
Nov 23 11:31:23 ktalina kernel: [    0.371977] pci 0000:00:1c.1: PCI bridge to [bus 02]
Nov 23 11:31:23 ktalina kernel: [    0.371983] pci 0000:00:1c.1:   bridge window [io  0x3000-0x3fff]
Nov 23 11:31:23 ktalina kernel: [    0.371994] pci 0000:00:1c.1:   bridge window [mem 0x52400000-0x524fffff]
Nov 23 11:31:23 ktalina kernel: [    0.372011] pci 0000:00:1c.2: PCI bridge to [bus 03-08]
Nov 23 11:31:23 ktalina kernel: [    0.372017] pci 0000:00:1c.2:   bridge window [io  0x2000-0x2fff]
Nov 23 11:31:23 ktalina kernel: [    0.372026] pci 0000:00:1c.2:   bridge window [mem 0x51000000-0x51ffffff]
Nov 23 11:31:23 ktalina kernel: [    0.372036] pci 0000:00:1c.2:   bridge window [mem 0x50000000-0x50ffffff 64bit pref]
Nov 23 11:31:23 ktalina kernel: [    0.372086] pci_bus 0000:00: resource 4 [io  0x0000-0x0cf7]
Nov 23 11:31:23 ktalina kernel: [    0.372089] pci_bus 0000:00: resource 5 [io  0x0d00-0xffff]
Nov 23 11:31:23 ktalina kernel: [    0.372092] pci_bus 0000:00: resource 6 [mem 0x000a0000-0x000bffff]
Nov 23 11:31:23 ktalina kernel: [    0.372095] pci_bus 0000:00: resource 7 [mem 0x000c0000-0x000c3fff]
Nov 23 11:31:23 ktalina kernel: [    0.372098] pci_bus 0000:00: resource 8 [mem 0x000c4000-0x000c7fff]
Nov 23 11:31:23 ktalina kernel: [    0.372100] pci_bus 0000:00: resource 9 [mem 0x000c8000-0x000cbfff]
Nov 23 11:31:23 ktalina kernel: [    0.372103] pci_bus 0000:00: resource 10 [mem 0x000cc000-0x000cffff]
Nov 23 11:31:23 ktalina kernel: [    0.372106] pci_bus 0000:00: resource 11 [mem 0x000d0000-0x000d3fff]
Nov 23 11:31:23 ktalina kernel: [    0.372108] pci_bus 0000:00: resource 12 [mem 0x000d4000-0x000d7fff]
Nov 23 11:31:23 ktalina kernel: [    0.372111] pci_bus 0000:00: resource 13 [mem 0x000d8000-0x000dbfff]
Nov 23 11:31:23 ktalina kernel: [    0.372113] pci_bus 0000:00: resource 14 [mem 0x000dc000-0x000dffff]
Nov 23 11:31:23 ktalina kernel: [    0.372116] pci_bus 0000:00: resource 15 [mem 0x000e0000-0x000e3fff]
Nov 23 11:31:23 ktalina kernel: [    0.372119] pci_bus 0000:00: resource 16 [mem 0x000e4000-0x000e7fff]
Nov 23 11:31:23 ktalina kernel: [    0.372121] pci_bus 0000:00: resource 17 [mem 0x000e8000-0x000ebfff]
Nov 23 11:31:23 ktalina kernel: [    0.372124] pci_bus 0000:00: resource 18 [mem 0x000ec000-0x000effff]
Nov 23 11:31:23 ktalina kernel: [    0.372126] pci_bus 0000:00: resource 19 [mem 0x000f0000-0x000fffff]
Nov 23 11:31:23 ktalina kernel: [    0.372129] pci_bus 0000:00: resource 20 [mem 0x3fa00000-0xfeafffff]
Nov 23 11:31:23 ktalina kernel: [    0.372132] pci_bus 0000:01: resource 1 [mem 0x52500000-0x525fffff]
Nov 23 11:31:23 ktalina kernel: [    0.372135] pci_bus 0000:01: resource 2 [mem 0x3fb00000-0x3fbfffff pref]
Nov 23 11:31:23 ktalina kernel: [    0.372138] pci_bus 0000:02: resource 0 [io  0x3000-0x3fff]
Nov 23 11:31:23 ktalina kernel: [    0.372141] pci_bus 0000:02: resource 1 [mem 0x52400000-0x524fffff]
Nov 23 11:31:23 ktalina kernel: [    0.372143] pci_bus 0000:03: resource 0 [io  0x2000-0x2fff]
Nov 23 11:31:23 ktalina kernel: [    0.372146] pci_bus 0000:03: resource 1 [mem 0x51000000-0x51ffffff]
Nov 23 11:31:23 ktalina kernel: [    0.372149] pci_bus 0000:03: resource 2 [mem 0x50000000-0x50ffffff 64bit pref]
Nov 23 11:31:23 ktalina kernel: [    0.372189] NET: Registered protocol family 2
Nov 23 11:31:23 ktalina kernel: [    0.372392] TCP established hash table entries: 32768 (order: 7, 524288 bytes)
Nov 23 11:31:23 ktalina kernel: [    0.372572] TCP bind hash table entries: 32768 (order: 7, 524288 bytes)
Nov 23 11:31:23 ktalina kernel: [    0.372679] TCP: Hash tables configured (established 32768 bind 32768)
Nov 23 11:31:23 ktalina kernel: [    0.372708] TCP: reno registered
Nov 23 11:31:23 ktalina kernel: [    0.372723] UDP hash table entries: 2048 (order: 4, 65536 bytes)
Nov 23 11:31:23 ktalina kernel: [    0.372751] UDP-Lite hash table entries: 2048 (order: 4, 65536 bytes)
Nov 23 11:31:23 ktalina kernel: [    0.372836] NET: Registered protocol family 1
Nov 23 11:31:23 ktalina kernel: [    0.372853] pci 0000:00:02.0: Boot video device
Nov 23 11:31:23 ktalina kernel: [    0.404572] PCI: CLS 64 bytes, default 64
Nov 23 11:31:23 ktalina kernel: [    0.404622] Trying to unpack rootfs image as initramfs...
Nov 23 11:31:23 ktalina kernel: [    0.469768] Freeing initrd memory: 2380k freed
Nov 23 11:31:23 ktalina kernel: [    0.470198] PCI-DMA: Using software bounce buffering for IO (SWIOTLB)
Nov 23 11:31:23 ktalina kernel: [    0.470207] software IO TLB [mem 0x317a6000-0x357a6000] (64MB) mapped at [ffff8800317a6000-ffff8800357a5fff]
Nov 23 11:31:23 ktalina kernel: [    0.470245] Simple Boot Flag at 0x44 set to 0x1
Nov 23 11:31:23 ktalina kernel: [    0.470706] Initialise module verification
Nov 23 11:31:23 ktalina kernel: [    0.470765] audit: initializing netlink socket (disabled)
Nov 23 11:31:23 ktalina kernel: [    0.470779] type=2000 audit(1385202667.416:1): initialized
Nov 23 11:31:23 ktalina kernel: [    0.512492] HugeTLB registered 2 MB page size, pre-allocated 0 pages
Nov 23 11:31:23 ktalina kernel: [    0.514279] VFS: Disk quotas dquot_6.5.2
Nov 23 11:31:23 ktalina kernel: [    0.514337] Dquot-cache hash table entries: 512 (order 0, 4096 bytes)
Nov 23 11:31:23 ktalina kernel: [    0.514917] fuse init (API version 7.20)
Nov 23 11:31:23 ktalina kernel: [    0.515009] msgmni has been set to 7699
Nov 23 11:31:23 ktalina kernel: [    0.515469] Key type asymmetric registered
Nov 23 11:31:23 ktalina kernel: [    0.515476] Asymmetric key parser 'x509' registered
Nov 23 11:31:23 ktalina kernel: [    0.515518] Block layer SCSI generic (bsg) driver version 0.4 loaded (major 252)
Nov 23 11:31:23 ktalina kernel: [    0.515554] io scheduler noop registered
Nov 23 11:31:23 ktalina kernel: [    0.515561] io scheduler deadline registered (default)
Nov 23 11:31:23 ktalina kernel: [    0.515570] io scheduler cfq registered
Nov 23 11:31:23 ktalina kernel: [    0.515887] pci_hotplug: PCI Hot Plug PCI Core version: 0.5
Nov 23 11:31:23 ktalina kernel: [    0.515909] pciehp: PCI Express Hot Plug Controller Driver version: 0.4
Nov 23 11:31:23 ktalina kernel: [    0.515979] efifb: probing for efifb
Nov 23 11:31:23 ktalina kernel: [    0.516711] efifb: framebuffer at 0x40000000, mapped to 0xffffc90008b80000, using 4160k, total 4160k
Nov 23 11:31:23 ktalina kernel: [    0.516718] efifb: mode is 1366x768x32, linelength=5504, pages=1
Nov 23 11:31:23 ktalina kernel: [    0.516722] efifb: scrolling: redraw
Nov 23 11:31:23 ktalina kernel: [    0.516726] efifb: Truecolor: size=8:8:8:8, shift=24:16:8:0
Nov 23 11:31:23 ktalina kernel: [    0.520599] Console: switching to colour frame buffer device 170x48
Nov 23 11:31:23 ktalina kernel: [    0.524244] fb0: EFI VGA frame buffer device
Nov 23 11:31:23 ktalina kernel: [    0.524277] intel_idle: MWAIT substates: 0x21120
Nov 23 11:31:23 ktalina kernel: [    0.524279] intel_idle: v0.4 model 0x2A
Nov 23 11:31:23 ktalina kernel: [    0.524280] intel_idle: lapic_timer_reliable_states 0xffffffff
Nov 23 11:31:23 ktalina kernel: [    0.524868] ACPI: AC Adapter [ACAD] (on-line)
Nov 23 11:31:23 ktalina kernel: [    0.525036] input: Lid Switch as /devices/LNXSYSTM:00/LNXSYBUS:00/PNP0C0D:00/input/input0
Nov 23 11:31:23 ktalina kernel: [    0.525783] ACPI: Lid Switch [LID0]
Nov 23 11:31:23 ktalina kernel: [    0.525855] input: Power Button as /devices/LNXSYSTM:00/LNXSYBUS:00/PNP0C0C:00/input/input1
Nov 23 11:31:23 ktalina kernel: [    0.525906] ACPI: Power Button [PWRB]
Nov 23 11:31:23 ktalina kernel: [    0.525976] input: Power Button as /devices/LNXSYSTM:00/LNXPWRBN:00/input/input2
Nov 23 11:31:23 ktalina kernel: [    0.526021] ACPI: Power Button [PWRF]
Nov 23 11:31:23 ktalina kernel: [    0.526132] ACPI: Requesting acpi_cpufreq
Nov 23 11:31:23 ktalina kernel: [    0.533090] [Firmware Bug]: Invalid critical threshold (0)
Nov 23 11:31:23 ktalina kernel: [    0.535573] thermal LNXTHERM:00: registered as thermal_zone0
Nov 23 11:31:23 ktalina kernel: [    0.535611] ACPI: Thermal Zone [TZ01] (58 C)
Nov 23 11:31:23 ktalina kernel: [    0.535673] GHES: HEST is not enabled!
Nov 23 11:31:23 ktalina kernel: [    0.535879] Serial: 8250/16550 driver, 32 ports, IRQ sharing enabled
Nov 23 11:31:23 ktalina kernel: [    0.538304] Linux agpgart interface v0.103
Nov 23 11:31:23 ktalina kernel: [    0.539951] brd: module loaded
Nov 23 11:31:23 ktalina kernel: [    0.540841] loop: module loaded
Nov 23 11:31:23 ktalina kernel: [    0.541234] libphy: Fixed MDIO Bus: probed
Nov 23 11:31:23 ktalina kernel: [    0.541333] tun: Universal TUN/TAP device driver, 1.6
Nov 23 11:31:23 ktalina kernel: [    0.541364] tun: (C) 1999-2004 Max Krasnyansky <maxk@qualcomm.com>
Nov 23 11:31:23 ktalina kernel: [    0.541456] PPP generic driver version 2.4.2
Nov 23 11:31:23 ktalina kernel: [    0.541548] ehci_hcd: USB 2.0 'Enhanced' Host Controller (EHCI) Driver
Nov 23 11:31:23 ktalina kernel: [    0.541588] ehci-pci: EHCI PCI platform driver
Nov 23 11:31:23 ktalina kernel: [    0.542960] ehci-pci 0000:00:1a.0: setting latency timer to 64
Nov 23 11:31:23 ktalina kernel: [    0.542965] ehci-pci 0000:00:1a.0: EHCI Host Controller
Nov 23 11:31:23 ktalina kernel: [    0.544301] ehci-pci 0000:00:1a.0: new USB bus registered, assigned bus number 1
Nov 23 11:31:23 ktalina kernel: [    0.545688] ehci-pci 0000:00:1a.0: debug port 2
Nov 23 11:31:23 ktalina kernel: [    0.550927] ehci-pci 0000:00:1a.0: cache line size of 64 is not supported
Nov 23 11:31:23 ktalina kernel: [    0.550950] ehci-pci 0000:00:1a.0: irq 16, io mem 0x52619000
Nov 23 11:31:23 ktalina kernel: [    0.560457] ehci-pci 0000:00:1a.0: USB 2.0 started, EHCI 1.00
Nov 23 11:31:23 ktalina kernel: [    0.561817] usb usb1: New USB device found, idVendor=1d6b, idProduct=0002
Nov 23 11:31:23 ktalina kernel: [    0.563126] usb usb1: New USB device strings: Mfr=3, Product=2, SerialNumber=1
Nov 23 11:31:23 ktalina kernel: [    0.564447] usb usb1: Product: EHCI Host Controller
Nov 23 11:31:23 ktalina kernel: [    0.565754] usb usb1: Manufacturer: Linux 3.8.0-30-generic ehci_hcd
Nov 23 11:31:23 ktalina kernel: [    0.567071] usb usb1: SerialNumber: 0000:00:1a.0
Nov 23 11:31:23 ktalina kernel: [    0.568535] hub 1-0:1.0: USB hub found
Nov 23 11:31:23 ktalina kernel: [    0.569852] hub 1-0:1.0: 2 ports detected
Nov 23 11:31:23 ktalina kernel: [    0.571249] ehci-pci 0000:00:1d.0: setting latency timer to 64
Nov 23 11:31:23 ktalina kernel: [    0.571255] ehci-pci 0000:00:1d.0: EHCI Host Controller
Nov 23 11:31:23 ktalina kernel: [    0.572554] ehci-pci 0000:00:1d.0: new USB bus registered, assigned bus number 2
Nov 23 11:31:23 ktalina kernel: [    0.573875] ehci-pci 0000:00:1d.0: debug port 2
Nov 23 11:31:23 ktalina kernel: [    0.579084] ehci-pci 0000:00:1d.0: cache line size of 64 is not supported
Nov 23 11:31:23 ktalina kernel: [    0.579104] ehci-pci 0000:00:1d.0: irq 20, io mem 0x52618000
Nov 23 11:31:23 ktalina kernel: [    0.588458] ehci-pci 0000:00:1d.0: USB 2.0 started, EHCI 1.00
Nov 23 11:31:23 ktalina kernel: [    0.589809] usb usb2: New USB device found, idVendor=1d6b, idProduct=0002
Nov 23 11:31:23 ktalina kernel: [    0.591125] usb usb2: New USB device strings: Mfr=3, Product=2, SerialNumber=1
Nov 23 11:31:23 ktalina kernel: [    0.592443] usb usb2: Product: EHCI Host Controller
Nov 23 11:31:23 ktalina kernel: [    0.593723] usb usb2: Manufacturer: Linux 3.8.0-30-generic ehci_hcd
Nov 23 11:31:23 ktalina kernel: [    0.595013] usb usb2: SerialNumber: 0000:00:1d.0
Nov 23 11:31:23 ktalina kernel: [    0.596525] hub 2-0:1.0: USB hub found
Nov 23 11:31:23 ktalina kernel: [    0.597809] hub 2-0:1.0: 2 ports detected
Nov 23 11:31:23 ktalina kernel: [    0.599205] ehci-platform: EHCI generic platform driver
Nov 23 11:31:23 ktalina kernel: [    0.600585] ohci_hcd: USB 1.1 'Open' Host Controller (OHCI) Driver
Nov 23 11:31:23 ktalina kernel: [    0.601881] uhci_hcd: USB Universal Host Controller Interface driver
Nov 23 11:31:23 ktalina kernel: [    0.603235] xhci_hcd 0000:00:14.0: setting latency timer to 64
Nov 23 11:31:23 ktalina kernel: [    0.603253] xhci_hcd 0000:00:14.0: xHCI Host Controller
Nov 23 11:31:23 ktalina kernel: [    0.604545] xhci_hcd 0000:00:14.0: new USB bus registered, assigned bus number 3
Nov 23 11:31:23 ktalina kernel: [    0.605983] xhci_hcd 0000:00:14.0: cache line size of 64 is not supported
Nov 23 11:31:23 ktalina kernel: [    0.606011] ACPI: Battery Slot [BAT0] (battery present)
Nov 23 11:31:23 ktalina kernel: [    0.606057] xhci_hcd 0000:00:14.0: irq 40 for MSI/MSI-X
Nov 23 11:31:23 ktalina kernel: [    0.606122] usb usb3: New USB device found, idVendor=1d6b, idProduct=0002
Nov 23 11:31:23 ktalina kernel: [    0.606124] usb usb3: New USB device strings: Mfr=3, Product=2, SerialNumber=1
Nov 23 11:31:23 ktalina kernel: [    0.606126] usb usb3: Product: xHCI Host Controller
Nov 23 11:31:23 ktalina kernel: [    0.606127] usb usb3: Manufacturer: Linux 3.8.0-30-generic xhci_hcd
Nov 23 11:31:23 ktalina kernel: [    0.606129] usb usb3: SerialNumber: 0000:00:14.0
Nov 23 11:31:23 ktalina kernel: [    0.606224] xHCI xhci_add_endpoint called for root hub
Nov 23 11:31:23 ktalina kernel: [    0.606225] xHCI xhci_check_bandwidth called for root hub
Nov 23 11:31:23 ktalina kernel: [    0.606250] hub 3-0:1.0: USB hub found
Nov 23 11:31:23 ktalina kernel: [    0.606258] hub 3-0:1.0: 4 ports detected
Nov 23 11:31:23 ktalina kernel: [    0.606636] xhci_hcd 0000:00:14.0: xHCI Host Controller
Nov 23 11:31:23 ktalina kernel: [    0.606641] xhci_hcd 0000:00:14.0: new USB bus registered, assigned bus number 4
Nov 23 11:31:23 ktalina kernel: [    0.606665] usb usb4: New USB device found, idVendor=1d6b, idProduct=0003
Nov 23 11:31:23 ktalina kernel: [    0.606667] usb usb4: New USB device strings: Mfr=3, Product=2, SerialNumber=1
Nov 23 11:31:23 ktalina kernel: [    0.606669] usb usb4: Product: xHCI Host Controller
Nov 23 11:31:23 ktalina kernel: [    0.606670] usb usb4: Manufacturer: Linux 3.8.0-30-generic xhci_hcd
Nov 23 11:31:23 ktalina kernel: [    0.606672] usb usb4: SerialNumber: 0000:00:14.0
Nov 23 11:31:23 ktalina kernel: [    0.606761] xHCI xhci_add_endpoint called for root hub
Nov 23 11:31:23 ktalina kernel: [    0.606762] xHCI xhci_check_bandwidth called for root hub
Nov 23 11:31:23 ktalina kernel: [    0.606785] hub 4-0:1.0: USB hub found
Nov 23 11:31:23 ktalina kernel: [    0.606792] hub 4-0:1.0: 4 ports detected
Nov 23 11:31:23 ktalina kernel: [    0.626626] i8042: PNP: PS/2 Controller [PNP0303:PS2K,PNP0f13:PS2M] at 0x60,0x64 irq 1,12
Nov 23 11:31:23 ktalina kernel: [    0.636173] serio: i8042 KBD port at 0x60,0x64 irq 1
Nov 23 11:31:23 ktalina kernel: [    0.637414] serio: i8042 AUX port at 0x60,0x64 irq 12
Nov 23 11:31:23 ktalina kernel: [    0.638796] mousedev: PS/2 mouse device common for all mice
Nov 23 11:31:23 ktalina kernel: [    0.640190] rtc_cmos 00:05: RTC can wake from S4
Nov 23 11:31:23 ktalina kernel: [    0.641559] rtc_cmos 00:05: rtc core: registered rtc_cmos as rtc0
Nov 23 11:31:23 ktalina kernel: [    0.642809] rtc0: alarms up to one month, 242 bytes nvram, hpet irqs
Nov 23 11:31:23 ktalina kernel: [    0.644129] device-mapper: uevent: version 1.0.3
Nov 23 11:31:23 ktalina kernel: [    0.645432] device-mapper: ioctl: 4.23.1-ioctl (2012-12-18) initialised: dm-devel@redhat.com
Nov 23 11:31:23 ktalina kernel: [    0.646763] cpuidle: using governor ladder
Nov 23 11:31:23 ktalina kernel: [    0.648114] cpuidle: using governor menu
Nov 23 11:31:23 ktalina kernel: [    0.649341] ledtrig-cpu: registered to indicate activity on CPUs
Nov 23 11:31:23 ktalina kernel: [    0.650570] EFI Variables Facility v0.08 2004-May-17
Nov 23 11:31:23 ktalina kernel: [    0.668557] ashmem: initialized
Nov 23 11:31:23 ktalina kernel: [    0.669960] TCP: cubic registered
Nov 23 11:31:23 ktalina kernel: [    0.671290] NET: Registered protocol family 10
Nov 23 11:31:23 ktalina kernel: [    0.672729] NET: Registered protocol family 17
Nov 23 11:31:23 ktalina kernel: [    0.673948] Key type dns_resolver registered
Nov 23 11:31:23 ktalina kernel: [    0.675450] Loading module verification certificates
Nov 23 11:31:23 ktalina kernel: [    0.678065] MODSIGN: Loaded cert 'Magrathea: Glacier signing key: 3a8155c013f798de7084673b6e86215ebed17697'
Nov 23 11:31:23 ktalina kernel: [    0.679327] registered taskstats version 1
Nov 23 11:31:23 ktalina kernel: [    0.683735] Key type trusted registered
Nov 23 11:31:23 ktalina kernel: [    0.687957] Key type encrypted registered
Nov 23 11:31:23 ktalina kernel: [    0.692662] rtc_cmos 00:05: setting system clock to 2013-11-23 10:31:07 UTC (1385202667)
Nov 23 11:31:23 ktalina kernel: [    0.694808] BIOS EDD facility v0.16 2004-Jun-25, 0 devices found
Nov 23 11:31:23 ktalina kernel: [    0.696085] EDD information not available.
Nov 23 11:31:23 ktalina kernel: [    0.699674] Freeing unused kernel memory: 996k freed
Nov 23 11:31:23 ktalina kernel: [    0.701146] Write protecting the kernel read-only data: 12288k
Nov 23 11:31:23 ktalina kernel: [    0.707243] Freeing unused kernel memory: 1168k freed
Nov 23 11:31:23 ktalina kernel: [    0.712964] Freeing unused kernel memory: 1076k freed
Nov 23 11:31:23 ktalina kernel: [    0.735157] zram: module is from the staging directory, the quality is unknown, you have been warned.
Nov 23 11:31:23 ktalina kernel: [    0.736749] zram: num_devices not specified. Using default: 1
Nov 23 11:31:23 ktalina kernel: [    0.738047] zram: Creating 1 devices ...
Nov 23 11:31:23 ktalina kernel: [    0.746991] Disabling lock debugging due to kernel taint
Nov 23 11:31:23 ktalina kernel: [    0.750163] ahci 0000:00:1f.2: version 3.0
Nov 23 11:31:23 ktalina kernel: [    0.750277] ahci 0000:00:1f.2: irq 41 for MSI/MSI-X
Nov 23 11:31:23 ktalina kernel: [    0.750367] ahci 0000:00:1f.2: AHCI 0001.0300 32 slots 6 ports 6 Gbps 0x1 impl RAID mode
Nov 23 11:31:23 ktalina kernel: [    0.752574] ahci 0000:00:1f.2: flags: 64bit ncq pm led clo pio slum part ems apst 
Nov 23 11:31:23 ktalina kernel: [    0.754778] ahci 0000:00:1f.2: setting latency timer to 64
Nov 23 11:31:23 ktalina kernel: [    0.755794] scsi0 : ahci
Nov 23 11:31:23 ktalina kernel: [    0.761678] scsi1 : ahci
Nov 23 11:31:23 ktalina kernel: [    0.764774] scsi2 : ahci
Nov 23 11:31:23 ktalina kernel: [    0.766849] scsi3 : ahci
Nov 23 11:31:23 ktalina kernel: [    0.768275] scsi4 : ahci
Nov 23 11:31:23 ktalina kernel: [    0.769729] scsi5 : ahci
Nov 23 11:31:23 ktalina kernel: [    0.771067] ata1: SATA max UDMA/133 abar m2048@0x52617000 port 0x52617100 irq 41
Nov 23 11:31:23 ktalina kernel: [    0.772403] ata2: DUMMY
Nov 23 11:31:23 ktalina kernel: [    0.774222] ata3: DUMMY
Nov 23 11:31:23 ktalina kernel: [    0.775524] ata4: DUMMY
Nov 23 11:31:23 ktalina kernel: [    0.776999] ata5: DUMMY
Nov 23 11:31:23 ktalina kernel: [    0.778804] ata6: DUMMY
Nov 23 11:31:23 ktalina kernel: [    0.880391] usb 1-1: new high-speed USB device number 2 using ehci-pci
Nov 23 11:31:23 ktalina kernel: [    1.012952] usb 1-1: New USB device found, idVendor=8087, idProduct=0024
Nov 23 11:31:23 ktalina kernel: [    1.014220] usb 1-1: New USB device strings: Mfr=0, Product=0, SerialNumber=0
Nov 23 11:31:23 ktalina kernel: [    1.015870] hub 1-1:1.0: USB hub found
Nov 23 11:31:23 ktalina kernel: [    1.017292] hub 1-1:1.0: 6 ports detected
Nov 23 11:31:23 ktalina kernel: [    1.096386] ata1: SATA link up 3.0 Gbps (SStatus 123 SControl 300)
Nov 23 11:31:23 ktalina kernel: [    1.107325] ata1.00: ATA-8: ST500LT012-9WS142, 0001YAM1, max UDMA/133
Nov 23 11:31:23 ktalina kernel: [    1.108578] ata1.00: 976773168 sectors, multi 16: LBA48 NCQ (depth 31/32), AA
Nov 23 11:31:23 ktalina kernel: [    1.125198] ata1.00: configured for UDMA/133
Nov 23 11:31:23 ktalina kernel: [    1.126721] scsi 0:0:0:0: Direct-Access     ATA      ST500LT012-9WS14 0001 PQ: 0 ANSI: 5
Nov 23 11:31:23 ktalina kernel: [    1.128167] sd 0:0:0:0: [sda] 976773168 512-byte logical blocks: (500 GB/465 GiB)
Nov 23 11:31:23 ktalina kernel: [    1.128213] sd 0:0:0:0: Attached scsi generic sg0 type 0
Nov 23 11:31:23 ktalina kernel: [    1.128298] usb 2-1: new high-speed USB device number 2 using ehci-pci
Nov 23 11:31:23 ktalina kernel: [    1.132119] sd 0:0:0:0: [sda] 4096-byte physical blocks
Nov 23 11:31:23 ktalina kernel: [    1.133480] sd 0:0:0:0: [sda] Write Protect is off
Nov 23 11:31:23 ktalina kernel: [    1.134775] sd 0:0:0:0: [sda] Mode Sense: 00 3a 00 00
Nov 23 11:31:23 ktalina kernel: [    1.134799] sd 0:0:0:0: [sda] Write cache: enabled, read cache: enabled, doesn't support DPO or FUA
Nov 23 11:31:23 ktalina kernel: [    1.145937] input: AT Translated Set 2 keyboard as /devices/platform/i8042/serio0/input/input3
Nov 23 11:31:23 ktalina kernel: [    1.235909]  sda: sda1 sda2 sda3 sda4 < sda5 sda6 sda7 >
Nov 23 11:31:23 ktalina kernel: [    1.238220] sd 0:0:0:0: [sda] Attached SCSI disk
Nov 23 11:31:23 ktalina kernel: [    1.260624] usb 2-1: New USB device found, idVendor=8087, idProduct=0024
Nov 23 11:31:23 ktalina kernel: [    1.263078] usb 2-1: New USB device strings: Mfr=0, Product=0, SerialNumber=0
Nov 23 11:31:23 ktalina kernel: [    1.265891] hub 2-1:1.0: USB hub found
Nov 23 11:31:23 ktalina kernel: [    1.268855] hub 2-1:1.0: 8 ports detected
Nov 23 11:31:23 ktalina kernel: [    1.384214] usb 3-3: new high-speed USB device number 2 using xhci_hcd
Nov 23 11:31:23 ktalina kernel: [    1.468188] tsc: Refined TSC clocksource calibration: 1496.598 MHz
Nov 23 11:31:23 ktalina kernel: [    1.470878] Switching to clocksource tsc
Nov 23 11:31:23 ktalina kernel: [    1.494916] usb 3-3: New USB device found, idVendor=04f2, idProduct=b35f
Nov 23 11:31:23 ktalina kernel: [    1.497424] usb 3-3: New USB device strings: Mfr=3, Product=1, SerialNumber=2
Nov 23 11:31:23 ktalina kernel: [    1.499848] usb 3-3: Product: HP Truevision HD
Nov 23 11:31:23 ktalina kernel: [    1.502271] usb 3-3: Manufacturer: Chicony Electronics Co.,Ltd.
Nov 23 11:31:23 ktalina kernel: [    1.504652] usb 3-3: SerialNumber: 0x0001
Nov 23 11:31:23 ktalina kernel: [    1.584479] usb 1-1.3: new full-speed USB device number 3 using ehci-pci
Nov 23 11:31:23 ktalina kernel: [    1.677212] usb 1-1.3: New USB device found, idVendor=0cf3, idProduct=311f
Nov 23 11:31:23 ktalina kernel: [    1.679551] usb 1-1.3: New USB device strings: Mfr=0, Product=0, SerialNumber=0
Nov 23 11:31:23 ktalina kernel: [    2.150053] EXT4-fs (sda1): INFO: recovery required on readonly filesystem
Nov 23 11:31:23 ktalina kernel: [    2.152553] EXT4-fs (sda1): write access will be enabled during recovery
Nov 23 11:31:23 ktalina kernel: [    3.049843] EXT4-fs (sda1): orphan cleanup on readonly fs
Nov 23 11:31:23 ktalina kernel: [    3.052437] EXT4-fs (sda1): ext4_orphan_cleanup: deleting unreferenced inode 917971
Nov 23 11:31:23 ktalina kernel: [    3.052581] EXT4-fs (sda1): 1 orphan inode deleted
Nov 23 11:31:23 ktalina kernel: [    3.055061] EXT4-fs (sda1): recovery complete
Nov 23 11:31:23 ktalina kernel: [    3.148525] EXT4-fs (sda1): mounted filesystem with ordered data mode. Opts: (null)
Nov 23 11:31:23 ktalina kernel: [   12.617131] Adding 1048572k swap on /dev/sda5.  Priority:-1 extents:1 across:1048572k 
Nov 23 11:31:23 ktalina kernel: [   12.952551] lp: driver loaded but no devices found
Nov 23 11:31:23 ktalina kernel: [   12.955205] mei 0000:00:16.0: setting latency timer to 64
Nov 23 11:31:23 ktalina kernel: [   12.955304] mei 0000:00:16.0: irq 42 for MSI/MSI-X
Nov 23 11:31:23 ktalina kernel: [   12.969199] [drm] Initialized drm 1.1.0 20060810
Nov 23 11:31:23 ktalina kernel: [   12.972462] rtsx_pci 0000:03:00.0: irq 43 for MSI/MSI-X
Nov 23 11:31:23 ktalina kernel: [   12.972522] rtsx_pci 0000:03:00.0: rtsx_pci_acquire_irq: pcr->msi_en = 1, pci->irq = 43
Nov 23 11:31:23 ktalina kernel: [   12.989363] ACPI Warning: 0x0000000000000428-0x000000000000042f SystemIO conflicts with Region \PMIO 1 (20121018/utaddress-251)
Nov 23 11:31:23 ktalina kernel: [   12.989376] ACPI: If an ACPI driver is available for this device, you should use it instead of the native driver
Nov 23 11:31:23 ktalina kernel: [   12.989384] ACPI Warning: 0x0000000000000530-0x000000000000053f SystemIO conflicts with Region \GPIO 1 (20121018/utaddress-251)
Nov 23 11:31:23 ktalina kernel: [   12.989392] ACPI Warning: 0x0000000000000530-0x000000000000053f SystemIO conflicts with Region \_SB_.PCI0.LPCB.GPIO 2 (20121018/utaddress-251)
Nov 23 11:31:23 ktalina kernel: [   12.989399] ACPI: If an ACPI driver is available for this device, you should use it instead of the native driver
Nov 23 11:31:23 ktalina kernel: [   12.989402] ACPI Warning: 0x0000000000000500-0x000000000000052f SystemIO conflicts with Region \GPIO 1 (20121018/utaddress-251)
Nov 23 11:31:23 ktalina kernel: [   12.989410] ACPI Warning: 0x0000000000000500-0x000000000000052f SystemIO conflicts with Region \_SB_.PCI0.LPCB.GPIO 2 (20121018/utaddress-251)
Nov 23 11:31:23 ktalina kernel: [   12.989417] ACPI: If an ACPI driver is available for this device, you should use it instead of the native driver
Nov 23 11:31:23 ktalina kernel: [   12.989420] lpc_ich: Resource conflict(s) found affecting gpio_ich
Nov 23 11:31:23 ktalina kernel: [   12.992646] cfg80211: Calling CRDA to update world regulatory domain
Nov 23 11:31:23 ktalina kernel: [   12.994033] r8169 Gigabit Ethernet driver 2.3LK-NAPI loaded
Nov 23 11:31:23 ktalina kernel: [   12.994300] r8169 0000:02:00.0: irq 44 for MSI/MSI-X
Nov 23 11:31:23 ktalina kernel: [   12.994603] r8169 0000:02:00.0 eth0: RTL8105e at 0xffffc9000408c000, 38:ea:a7:f9:be:ee, XID 00c00000 IRQ 44
Nov 23 11:31:23 ktalina kernel: [   13.009741] [drm] Memory usable by graphics device = 2048M
Nov 23 11:31:23 ktalina kernel: [   13.009750] checking generic (40000000 410000) vs hw (40000000 10000000)
Nov 23 11:31:23 ktalina kernel: [   13.009755] fb: conflicting fb hw usage inteldrmfb vs EFI VGA - removing generic driver
Nov 23 11:31:23 ktalina kernel: [   13.009779] Console: switching to colour dummy device 80x25
Nov 23 11:31:23 ktalina kernel: [   13.018240] i915 0000:00:02.0: setting latency timer to 64
Nov 23 11:31:23 ktalina kernel: [   13.052015] Bluetooth: Core ver 2.16
Nov 23 11:31:23 ktalina kernel: [   13.052038] NET: Registered protocol family 31
Nov 23 11:31:23 ktalina kernel: [   13.052041] Bluetooth: HCI device and connection manager initialized
Nov 23 11:31:23 ktalina kernel: [   13.052052] Bluetooth: HCI socket layer initialized
Nov 23 11:31:23 ktalina kernel: [   13.052056] Bluetooth: L2CAP socket layer initialized
Nov 23 11:31:23 ktalina kernel: [   13.052065] Bluetooth: SCO socket layer initialized
Nov 23 11:31:23 ktalina kernel: [   13.066796] wmi: Mapper loaded
Nov 23 11:31:23 ktalina kernel: [   13.067901] usbcore: registered new interface driver btusb
Nov 23 11:31:23 ktalina kernel: [   13.089988] i915 0000:00:02.0: irq 45 for MSI/MSI-X
Nov 23 11:31:23 ktalina kernel: [   13.090006] [drm] Supports vblank timestamp caching Rev 1 (10.10.2010).
Nov 23 11:31:23 ktalina kernel: [   13.090009] [drm] Driver supports precise vblank timestamp query.
Nov 23 11:31:23 ktalina kernel: [   13.090161] vgaarb: device changed decodes: PCI:0000:00:02.0,olddecodes=io+mem,decodes=io+mem:owns=io+mem
Nov 23 11:31:23 ktalina kernel: [   13.091866] ath: phy0: ASPM enabled: 0x43
Nov 23 11:31:23 ktalina kernel: [   13.091873] ath: EEPROM regdomain: 0x6a
Nov 23 11:31:23 ktalina kernel: [   13.091876] ath: EEPROM indicates we should expect a direct regpair map
Nov 23 11:31:23 ktalina kernel: [   13.091881] ath: Country alpha2 being used: 00
Nov 23 11:31:23 ktalina kernel: [   13.091884] ath: Regpair used: 0x6a
Nov 23 11:31:23 ktalina kernel: [   13.100867] hp_accel: laptop model unknown, using default axes configuration
Nov 23 11:31:23 ktalina kernel: [   13.108984] lis3lv02d: 8 bits 3DC sensor found
Nov 23 11:31:23 ktalina kernel: [   13.112878] ieee80211 phy0: Selected rate control algorithm 'minstrel_ht'
Nov 23 11:31:23 ktalina kernel: [   13.113374] ieee80211 phy0: Atheros AR9565 Rev:0 mem=0xffffc90008b80000, irq=16
Nov 23 11:31:23 ktalina kernel: [   13.124132] Linux video capture interface: v2.00
Nov 23 11:31:23 ktalina kernel: [   13.136773] microcode: CPU0 sig=0x206a7, pf=0x10, revision=0x28
Nov 23 11:31:23 ktalina kernel: [   13.138297] uvcvideo: Found UVC 1.00 device HP Truevision HD (04f2:b35f)
Nov 23 11:31:23 ktalina kernel: [   13.144205] input: HP Truevision HD as /devices/pci0000:00/0000:00:14.0/usb3/3-3/3-3:1.0/input/input4
Nov 23 11:31:23 ktalina kernel: [   13.144577] usbcore: registered new interface driver uvcvideo
Nov 23 11:31:23 ktalina kernel: [   13.144582] USB Video Class driver (1.1.1)
Nov 23 11:31:23 ktalina kernel: [   13.152528] input: ST LIS3LV02DL Accelerometer as /devices/platform/lis3lv02d/input/input5
Nov 23 11:31:23 ktalina kernel: [   13.177447] device-mapper: multipath: version 1.5.1 loaded
Nov 23 11:31:23 ktalina kernel: [   13.305770] microcode: CPU1 sig=0x206a7, pf=0x10, revision=0x28
Nov 23 11:31:23 ktalina kernel: [   13.312209] input: HP WMI hotkeys as /devices/virtual/input/input6
Nov 23 11:31:23 ktalina kernel: [   13.319664] microcode: CPU2 sig=0x206a7, pf=0x10, revision=0x28
Nov 23 11:31:23 ktalina kernel: [   13.324474] microcode: CPU3 sig=0x206a7, pf=0x10, revision=0x28
Nov 23 11:31:23 ktalina kernel: [   13.326469] microcode: Microcode Update Driver: v2.00 <tigran@aivazian.fsnet.co.uk>, Peter Oruba
Nov 23 11:31:23 ktalina kernel: [   13.328380] [drm] GMBUS [i915 gmbus vga] timed out, falling back to bit banging on pin 2
Nov 23 11:31:23 ktalina kernel: [   13.382038] fbcon: inteldrmfb (fb0) is primary device
Nov 23 11:31:23 ktalina kernel: [   13.520331] cfg80211: World regulatory domain updated:
Nov 23 11:31:23 ktalina kernel: [   13.520333] cfg80211:   (start_freq - end_freq @ bandwidth), (max_antenna_gain, max_eirp)
Nov 23 11:31:23 ktalina kernel: [   13.520337] cfg80211:   (2402000 KHz - 2472000 KHz @ 40000 KHz), (300 mBi, 2000 mBm)
Nov 23 11:31:23 ktalina kernel: [   13.520339] cfg80211:   (2457000 KHz - 2482000 KHz @ 20000 KHz), (300 mBi, 2000 mBm)
Nov 23 11:31:23 ktalina kernel: [   13.520342] cfg80211:   (2474000 KHz - 2494000 KHz @ 20000 KHz), (300 mBi, 2000 mBm)
Nov 23 11:31:23 ktalina kernel: [   13.520344] cfg80211:   (5170000 KHz - 5250000 KHz @ 40000 KHz), (300 mBi, 2000 mBm)
Nov 23 11:31:23 ktalina kernel: [   13.520347] cfg80211:   (5735000 KHz - 5835000 KHz @ 40000 KHz), (300 mBi, 2000 mBm)
Nov 23 11:31:23 ktalina kernel: [   13.849982] psmouse serio1: synaptics: Touchpad model: 1, fw: 7.5, id: 0x1e0b1, caps: 0xf00173/0x240000/0xa2400, board id: 2068, fw id: 1028260
Nov 23 11:31:23 ktalina kernel: [   13.888748] input: SynPS/2 Synaptics TouchPad as /devices/platform/i8042/serio1/input/input7
Nov 23 11:31:23 ktalina kernel: [   14.148291] Console: switching to colour frame buffer device 170x48
Nov 23 11:31:23 ktalina kernel: [   14.152023] i915 0000:00:02.0: fb0: inteldrmfb frame buffer device
Nov 23 11:31:23 ktalina kernel: [   14.152026] i915 0000:00:02.0: registered panic notifier
Nov 23 11:31:23 ktalina kernel: [   14.153257] ACPI Error: Too many duplicates in _BCL package
Nov 23 11:31:23 ktalina kernel: [   14.153262]  (20121018/video-724)
Nov 23 11:31:23 ktalina kernel: [   14.169210] acpi device:05: registered as cooling_device4
Nov 23 11:31:23 ktalina kernel: [   14.169492] ACPI: Video Device [GFX0] (multi-head: yes  rom: no  post: no)
Nov 23 11:31:23 ktalina kernel: [   14.169558] input: Video Bus as /devices/LNXSYSTM:00/LNXSYBUS:00/PNP0A08:00/LNXVIDEO:00/input/input8
Nov 23 11:31:23 ktalina kernel: [   14.169666] [drm] Initialized i915 1.6.0 20080730 for 0000:00:02.0 on minor 0
Nov 23 11:31:23 ktalina kernel: [   14.169809] snd_hda_intel 0000:00:1b.0: irq 46 for MSI/MSI-X
Nov 23 11:31:23 ktalina kernel: [   14.213012] input: HDA Intel PCH HDMI/DP,pcm=3 as /devices/pci0000:00/0000:00:1b.0/sound/card0/input9
Nov 23 11:31:23 ktalina kernel: [   14.213151] input: HDA Intel PCH Mic as /devices/pci0000:00/0000:00:1b.0/sound/card0/input10
Nov 23 11:31:23 ktalina kernel: [   14.213276] input: HDA Intel PCH Headphone as /devices/pci0000:00/0000:00:1b.0/sound/card0/input11
Nov 23 11:31:23 ktalina kernel: [   14.844289] [drm] Enabling RC6 states: RC6 on, RC6p off, RC6pp off
Nov 23 11:31:23 ktalina kernel: [   15.582363] EXT4-fs (sda1): re-mounted. Opts: errors=remount-ro
Nov 23 11:31:23 ktalina kernel: [   15.933096] EXT4-fs (sda6): mounted filesystem with ordered data mode. Opts: (null)
Nov 23 11:31:23 ktalina kernel: [   16.009362] EXT4-fs (sda7): mounted filesystem with ordered data mode. Opts: (null)
Nov 23 11:31:23 ktalina ntpdate[1025]: Can't find host 0.ubuntu.pool.ntp.org: System error (-11)
Nov 23 11:31:23 ktalina ntpdate[1025]: Can't find host 1.ubuntu.pool.ntp.org: System error (-11)
Nov 23 11:31:23 ktalina ntpdate[1025]: Can't find host 2.ubuntu.pool.ntp.org: System error (-11)
Nov 23 11:31:23 ktalina ntpdate[1025]: Can't find host 3.ubuntu.pool.ntp.org: System error (-11)
Nov 23 11:31:23 ktalina ntpdate[1025]: Can't find host ntp.ubuntu.com: System error (-11)
Nov 23 11:31:23 ktalina ntpdate[1025]: no servers can be used, exiting
Nov 23 11:31:23 ktalina avahi-daemon[1044]: Found user 'avahi' (UID 111) and group 'avahi' (GID 118).
Nov 23 11:31:23 ktalina avahi-daemon[1044]: Successfully dropped root privileges.
Nov 23 11:31:23 ktalina avahi-daemon[1044]: avahi-daemon 0.6.31 starting up.
Nov 23 11:31:23 ktalina avahi-daemon[1044]: Successfully called chroot().
Nov 23 11:31:23 ktalina avahi-daemon[1044]: Successfully dropped remaining capabilities.
Nov 23 11:31:23 ktalina ntpd[1058]: ntpd 4.2.6p5@1.2349-o Thu Apr  4 22:25:14 UTC 2013 (1)
Nov 23 11:31:23 ktalina ntpd[1059]: proto: precision = 0.104 usec
Nov 23 11:31:23 ktalina ntpd[1059]: ntp_io: estimated max descriptors: 1024, initial socket boundary: 16
Nov 23 11:31:23 ktalina ntpd[1059]: Listen and drop on 0 v4wildcard 0.0.0.0 UDP 123
Nov 23 11:31:23 ktalina ntpd[1059]: Listen and drop on 1 v6wildcard :: UDP 123
Nov 23 11:31:23 ktalina ntpd[1059]: Listen normally on 2 lo 127.0.0.1 UDP 123
Nov 23 11:31:23 ktalina ntpd[1059]: Listen normally on 3 lo ::1 UDP 123
Nov 23 11:31:23 ktalina ntpd[1059]: peers refreshed
Nov 23 11:31:23 ktalina ntpd[1059]: Listening on routing socket on fd #20 for interface updates
Nov 23 11:31:23 ktalina ntpd[1059]: Deferring DNS for 0.ubuntu.pool.ntp.org 1
Nov 23 11:31:23 ktalina ntpd[1059]: Deferring DNS for 1.ubuntu.pool.ntp.org 1
Nov 23 11:31:23 ktalina ntpd[1059]: Deferring DNS for 2.ubuntu.pool.ntp.org 1
Nov 23 11:31:23 ktalina ntpd[1059]: Deferring DNS for 3.ubuntu.pool.ntp.org 1
Nov 23 11:31:23 ktalina ntpd[1059]: Deferring DNS for ntp.ubuntu.com 1
Nov 23 11:31:23 ktalina ntpd[1061]: signal_no_reset: signal 17 had flags 4000000
Nov 23 11:31:23 ktalina avahi-daemon[1044]: Loading service file /services/udisks.service.
Nov 23 11:31:23 ktalina avahi-daemon[1044]: Network interface enumeration completed.
Nov 23 11:31:23 ktalina avahi-daemon[1044]: Registering HINFO record with values 'X86_64'/'LINUX'.
Nov 23 11:31:23 ktalina avahi-daemon[1044]: Server startup complete. Host name is ktalina.local. Local service cookie is 723624706.
Nov 23 11:31:23 ktalina avahi-daemon[1044]: Service "ktalina" (/services/udisks.service) successfully established.
Nov 23 11:31:23 ktalina modem-manager[1016]: <info>  ModemManager (version 0.6.0.0) starting...
Nov 23 11:31:23 ktalina modem-manager[1016]: <info>  Loaded plugin 'Nokia'
Nov 23 11:31:23 ktalina modem-manager[1016]: <info>  Loaded plugin 'X22X'
Nov 23 11:31:23 ktalina modem-manager[1016]: <info>  Loaded plugin 'MotoC'
Nov 23 11:31:23 ktalina modem-manager[1016]: <info>  Loaded plugin 'Gobi'
Nov 23 11:31:23 ktalina modem-manager[1016]: <info>  Loaded plugin 'Novatel'
Nov 23 11:31:23 ktalina modem-manager[1016]: <info>  Loaded plugin 'Wavecom'
Nov 23 11:31:23 ktalina modem-manager[1016]: <info>  Loaded plugin 'Ericsson MBM'
Nov 23 11:31:23 ktalina modem-manager[1016]: <info>  Loaded plugin 'Samsung'
Nov 23 11:31:23 ktalina modem-manager[1016]: <info>  Loaded plugin 'Option High-Speed'
Nov 23 11:31:23 ktalina modem-manager[1016]: <info>  Loaded plugin 'Longcheer'
Nov 23 11:31:23 ktalina modem-manager[1016]: <info>  Loaded plugin 'Linktop'
Nov 23 11:31:23 ktalina modem-manager[1016]: <info>  Loaded plugin 'AnyData'
Nov 23 11:31:23 ktalina modem-manager[1016]: <info>  Loaded plugin 'Option'
Nov 23 11:31:23 ktalina modem-manager[1016]: <info>  Loaded plugin 'ZTE'
Nov 23 11:31:23 ktalina modem-manager[1016]: <info>  Loaded plugin 'SimTech'
Nov 23 11:31:23 ktalina modem-manager[1016]: <info>  Loaded plugin 'Huawei'
Nov 23 11:31:23 ktalina modem-manager[1016]: <info>  Loaded plugin 'Sierra'
Nov 23 11:31:23 ktalina modem-manager[1016]: <info>  Loaded plugin 'Iridium'
Nov 23 11:31:23 ktalina modem-manager[1016]: <info>  Loaded plugin 'Cinterion'
Nov 23 11:31:23 ktalina modem-manager[1016]: <info>  Loaded plugin 'Generic'
Nov 23 11:31:23 ktalina modem-manager[1016]: <info>  Successfully loaded 20 plugins
Nov 23 11:31:23 ktalina NetworkManager[1078]: <info> NetworkManager (version 0.9.8.0) is starting...
Nov 23 11:31:23 ktalina NetworkManager[1078]: <info> Read config file /etc/NetworkManager/NetworkManager.conf
Nov 23 11:31:23 ktalina NetworkManager[1078]: <info> WEXT support is enabled
Nov 23 11:31:23 ktalina NetworkManager[1078]: <info> VPN: loaded org.freedesktop.NetworkManager.pptp
Nov 23 11:31:23 ktalina NetworkManager[1078]: <info> DNS: loaded plugin dnsmasq
Nov 23 11:31:23 ktalina dbus[1007]: [system] Activating service name='org.freedesktop.PolicyKit1' (using servicehelper)
Nov 23 11:31:24 ktalina polkitd[1082]: started daemon version 0.105 using authority implementation `local' version `0.105'
Nov 23 11:31:24 ktalina dbus[1007]: [system] Successfully activated service 'org.freedesktop.PolicyKit1'
Nov 23 11:31:24 ktalina NetworkManager[1078]:    SCPlugin-Ifupdown: init!
Nov 23 11:31:24 ktalina NetworkManager[1078]:    SCPlugin-Ifupdown: update_system_hostname
Nov 23 11:31:24 ktalina NetworkManager[1078]:    SCPluginIfupdown: management mode: unmanaged
Nov 23 11:31:24 ktalina NetworkManager[1078]:    SCPlugin-Ifupdown: devices added (path: /sys/devices/pci0000:00/0000:00:1c.0/0000:01:00.0/net/wlan0, iface: wlan0)
Nov 23 11:31:24 ktalina NetworkManager[1078]:    SCPlugin-Ifupdown: device added (path: /sys/devices/pci0000:00/0000:00:1c.0/0000:01:00.0/net/wlan0, iface: wlan0): no ifupdown configuration found.
Nov 23 11:31:24 ktalina NetworkManager[1078]:    SCPlugin-Ifupdown: devices added (path: /sys/devices/pci0000:00/0000:00:1c.1/0000:02:00.0/net/eth0, iface: eth0)
Nov 23 11:31:24 ktalina NetworkManager[1078]:    SCPlugin-Ifupdown: device added (path: /sys/devices/pci0000:00/0000:00:1c.1/0000:02:00.0/net/eth0, iface: eth0): no ifupdown configuration found.
Nov 23 11:31:24 ktalina NetworkManager[1078]:    SCPlugin-Ifupdown: devices added (path: /sys/devices/virtual/net/lo, iface: lo)
Nov 23 11:31:24 ktalina NetworkManager[1078]:    SCPlugin-Ifupdown: device added (path: /sys/devices/virtual/net/lo, iface: lo): no ifupdown configuration found.
Nov 23 11:31:24 ktalina NetworkManager[1078]:    SCPlugin-Ifupdown: end _init.
Nov 23 11:31:24 ktalina NetworkManager[1078]: <info> Loaded plugin ifupdown: (C) 2008 Canonical Ltd.  To report bugs please use the NetworkManager mailing list.
Nov 23 11:31:24 ktalina NetworkManager[1078]: <info> Loaded plugin keyfile: (c) 2007 - 2010 Red Hat, Inc.  To report bugs please use the NetworkManager mailing list.
Nov 23 11:31:24 ktalina NetworkManager[1078]:    Ifupdown: get unmanaged devices count: 0
Nov 23 11:31:24 ktalina NetworkManager[1078]:    SCPlugin-Ifupdown: (27031728) ... get_connections.
Nov 23 11:31:24 ktalina NetworkManager[1078]:    SCPlugin-Ifupdown: (27031728) ... get_connections (managed=false): return empty list.
Nov 23 11:31:24 ktalina NetworkManager[1078]:    keyfile: parsing paradores automtica ... 
Nov 23 11:31:24 ktalina NetworkManager[1078]:    keyfile:     read connection 'paradores automtica'
Nov 23 11:31:24 ktalina NetworkManager[1078]:    keyfile: parsing WLAN_800A automtica ... 
Nov 23 11:31:24 ktalina NetworkManager[1078]:    keyfile:     read connection 'WLAN_800A automtica'
Nov 23 11:31:24 ktalina NetworkManager[1078]:    keyfile: parsing BigDataSpain automtica ... 
Nov 23 11:31:24 ktalina NetworkManager[1078]:    keyfile:     read connection 'BigDataSpain automtica'
Nov 23 11:31:24 ktalina NetworkManager[1078]:    keyfile: parsing Auto Jazztel_C0 ... 
Nov 23 11:31:24 ktalina NetworkManager[1078]:    keyfile:     read connection 'Auto Jazztel_C0'
Nov 23 11:31:24 ktalina NetworkManager[1078]:    Ifupdown: get unmanaged devices count: 0
Nov 23 11:31:24 ktalina NetworkManager[1078]: <info> modem-manager is now available
Nov 23 11:31:24 ktalina NetworkManager[1078]: <info> monitoring kernel firmware directory '/lib/firmware'.
Nov 23 11:31:24 ktalina NetworkManager[1078]: <info> rfkill1: found WiFi radio killswitch (at /sys/devices/pci0000:00/0000:00:1c.0/0000:01:00.0/ieee80211/phy0/rfkill1) (driver ath9k)
Nov 23 11:31:24 ktalina NetworkManager[1078]: <info> WiFi hardware radio set enabled
Nov 23 11:31:24 ktalina NetworkManager[1078]: <info> WiFi enabled by radio killswitch; enabled by state file
Nov 23 11:31:24 ktalina NetworkManager[1078]: <info> WWAN enabled by radio killswitch; enabled by state file
Nov 23 11:31:24 ktalina NetworkManager[1078]: <info> WiMAX enabled by radio killswitch; enabled by state file
Nov 23 11:31:24 ktalina NetworkManager[1078]: <info> Networking is enabled by state file
Nov 23 11:31:24 ktalina NetworkManager[1078]: <info> (wlan0): using nl80211 for WiFi device control
Nov 23 11:31:24 ktalina NetworkManager[1078]: <info> (wlan0): driver supports Access Point (AP) mode
Nov 23 11:31:24 ktalina NetworkManager[1078]: <info> (wlan0): new 802.11 WiFi device (driver: 'ath9k' ifindex: 3)
Nov 23 11:31:24 ktalina NetworkManager[1078]: <info> (wlan0): exported as /org/freedesktop/NetworkManager/Devices/0
Nov 23 11:31:24 ktalina NetworkManager[1078]: <info> (wlan0): device state change: unmanaged -> unavailable (reason 'managed') [10 20 2]
Nov 23 11:31:24 ktalina NetworkManager[1078]: <info> (wlan0): bringing up device.
Nov 23 11:31:24 ktalina kernel: [   17.318150] IPv6: ADDRCONF(NETDEV_UP): wlan0: link is not ready
Nov 23 11:31:24 ktalina NetworkManager[1078]: <info> (wlan0): preparing device.
Nov 23 11:31:24 ktalina NetworkManager[1078]: <info> (wlan0): deactivating device (reason 'managed') [2]
Nov 23 11:31:24 ktalina dbus[1007]: [system] Activating service name='fi.w1.wpa_supplicant1' (using servicehelper)
Nov 23 11:31:24 ktalina NetworkManager[1078]: <warn> failed to allocate link cache: (-10) Operation not supported
Nov 23 11:31:24 ktalina kernel: [   17.321564] IPv6: ADDRCONF(NETDEV_UP): wlan0: link is not ready
Nov 23 11:31:24 ktalina NetworkManager[1078]: <info> (eth0): carrier is OFF
Nov 23 11:31:24 ktalina NetworkManager[1078]: <info> (eth0): new Ethernet device (driver: 'r8169' ifindex: 2)
Nov 23 11:31:24 ktalina NetworkManager[1078]: <info> (eth0): exported as /org/freedesktop/NetworkManager/Devices/1
Nov 23 11:31:24 ktalina NetworkManager[1078]: <info> (eth0): device state change: unmanaged -> unavailable (reason 'managed') [10 20 2]
Nov 23 11:31:24 ktalina NetworkManager[1078]: <info> (eth0): bringing up device.
Nov 23 11:31:24 ktalina dbus[1007]: [system] Successfully activated service 'fi.w1.wpa_supplicant1'
Nov 23 11:31:24 ktalina NetworkManager[1078]: <info> (eth0): preparing device.
Nov 23 11:31:24 ktalina NetworkManager[1078]: <info> (eth0): deactivating device (reason 'managed') [2]
Nov 23 11:31:24 ktalina kernel: [   17.554135] r8169 0000:02:00.0 eth0: link down
Nov 23 11:31:24 ktalina kernel: [   17.554188] IPv6: ADDRCONF(NETDEV_UP): eth0: link is not ready
Nov 23 11:31:24 ktalina kernel: [   17.554651] IPv6: ADDRCONF(NETDEV_UP): eth0: link is not ready
Nov 23 11:31:24 ktalina NetworkManager[1078]: <info> Added default wired connection 'Conexin cableada 1' for /sys/devices/pci0000:00/0000:00:1c.1/0000:02:00.0/net/eth0
Nov 23 11:31:24 ktalina NetworkManager[1078]: <warn> /sys/devices/virtual/net/lo: couldn't determine device driver; ignoring...
Nov 23 11:31:24 ktalina NetworkManager[1078]: <warn> /sys/devices/virtual/net/lo: couldn't determine device driver; ignoring...
Nov 23 11:31:24 ktalina NetworkManager[1078]: <info> wpa_supplicant started
Nov 23 11:31:24 ktalina NetworkManager[1078]: <info> (wlan0) supports 4 scan SSIDs
Nov 23 11:31:24 ktalina NetworkManager[1078]: <warn> Trying to remove a non-existant call id.
Nov 23 11:31:24 ktalina NetworkManager[1078]: <info> (wlan0): supplicant interface state: starting -> ready
Nov 23 11:31:24 ktalina NetworkManager[1078]: <info> (wlan0): device state change: unavailable -> disconnected (reason 'supplicant-available') [20 30 42]
Nov 23 11:31:24 ktalina NetworkManager[1078]: <info> (wlan0): supplicant interface state: ready -> inactive
Nov 23 11:31:24 ktalina NetworkManager[1078]: <info> (wlan0) supports 4 scan SSIDs
Nov 23 11:31:25 ktalina acpid: starting up with proc fs
Nov 23 11:31:25 ktalina anacron[1280]: Anacron 2.3 started on 2013-11-23
Nov 23 11:31:25 ktalina NetworkManager[1078]: <info> Auto-activating connection 'WLAN_800A automtica'.
Nov 23 11:31:25 ktalina NetworkManager[1078]: <info> Activation (wlan0) starting connection 'WLAN_800A automtica'
Nov 23 11:31:25 ktalina NetworkManager[1078]: <info> (wlan0): device state change: disconnected -> prepare (reason 'none') [30 40 0]
