Nov 24 07:47:20 ktalina rsyslogd: [origin software="rsyslogd" swVersion="5.8.11" x-pid="997" x-info="http://www.rsyslog.com"] rsyslogd was HUPed
Nov 24 07:47:40 ktalina anacron[2563]: Job `cron.daily' terminated (exit status: 1) (mailing output)
Nov 24 07:47:40 ktalina anacron[2563]: Can't find sendmail at /usr/sbin/sendmail, not mailing output
Nov 24 07:47:40 ktalina anacron[2563]: Normal exit (1 job run)
Nov 24 08:01:51 ktalina kernel: [ 1711.524847] psmouse serio1: TouchPad at isa0060/serio1/input0 lost sync at byte 4
Nov 24 08:01:51 ktalina kernel: [ 1711.525935] psmouse serio1: TouchPad at isa0060/serio1/input0 lost sync at byte 1
Nov 24 08:01:51 ktalina kernel: [ 1711.534757] psmouse serio1: TouchPad at isa0060/serio1/input0 - driver resynced.
Nov 24 08:02:55 ktalina NetworkManager[1068]: <warn> nl_recvmsgs() error: (-33) Dump inconsistency detected, interrupted
Nov 24 08:12:55 ktalina NetworkManager[1068]: <warn> nl_recvmsgs() error: (-33) Dump inconsistency detected, interrupted
Nov 24 08:13:53 ktalina kernel: [ 2433.585307] psmouse serio1: TouchPad at isa0060/serio1/input0 lost sync at byte 4
Nov 24 08:13:53 ktalina kernel: [ 2433.586401] psmouse serio1: TouchPad at isa0060/serio1/input0 lost sync at byte 1
Nov 24 08:13:53 ktalina kernel: [ 2433.595146] psmouse serio1: TouchPad at isa0060/serio1/input0 - driver resynced.
Nov 24 08:17:01 ktalina CRON[6259]: (root) CMD (   cd / && run-parts --report /etc/cron.hourly)
Nov 24 08:31:06 ktalina kernel: [ 3465.824844] psmouse serio1: TouchPad at isa0060/serio1/input0 lost sync at byte 4
Nov 24 08:31:06 ktalina kernel: [ 3465.834609] psmouse serio1: TouchPad at isa0060/serio1/input0 lost sync at byte 4
Nov 24 08:31:06 ktalina kernel: [ 3465.835696] psmouse serio1: TouchPad at isa0060/serio1/input0 lost sync at byte 1
Nov 24 08:31:06 ktalina kernel: [ 3465.836731] psmouse serio1: TouchPad at isa0060/serio1/input0 lost sync at byte 1
Nov 24 08:31:06 ktalina kernel: [ 3465.847512] psmouse serio1: TouchPad at isa0060/serio1/input0 lost sync at byte 4
Nov 24 08:31:06 ktalina kernel: [ 3465.847522] psmouse serio1: issuing reconnect request
Nov 24 08:33:43 ktalina kernel: [ 3622.462866] psmouse serio1: TouchPad at isa0060/serio1/input0 lost sync at byte 4
Nov 24 08:33:43 ktalina kernel: [ 3622.463953] psmouse serio1: TouchPad at isa0060/serio1/input0 lost sync at byte 1
Nov 24 08:33:43 ktalina kernel: [ 3622.472716] psmouse serio1: TouchPad at isa0060/serio1/input0 - driver resynced.
Nov 24 08:35:17 ktalina kernel: [ 3717.255926] ACPI Error: No handler for Region [CMS0] (ffff8801b92602d0) [SystemCMOS] (20121018/evregion-376)
Nov 24 08:35:17 ktalina kernel: [ 3717.255943] ACPI Error: Region SystemCMOS (ID=5) has no handler (20121018/exfldio-305)
Nov 24 08:35:17 ktalina kernel: [ 3717.255956] ACPI Error: Method parse/execution failed [\_SB_.PCI0.LPCB.EC0_._Q33] (Node ffff8801b92699d8), AE_NOT_EXIST (20121018/psparse-537)
Nov 24 08:38:55 ktalina NetworkManager[1068]: <warn> nl_recvmsgs() error: (-33) Dump inconsistency detected, interrupted
Nov 24 08:52:55 ktalina NetworkManager[1068]: <warn> nl_recvmsgs() error: (-33) Dump inconsistency detected, interrupted
Nov 24 08:57:28 ktalina kernel: [ 5046.980810] psmouse serio1: TouchPad at isa0060/serio1/input0 lost sync at byte 4
Nov 24 08:57:28 ktalina kernel: [ 5046.981902] psmouse serio1: TouchPad at isa0060/serio1/input0 lost sync at byte 1
Nov 24 08:57:28 ktalina kernel: [ 5046.989625] psmouse serio1: TouchPad at isa0060/serio1/input0 - driver resynced.
Nov 24 08:59:41 ktalina kernel: [ 5180.384372] psmouse serio1: TouchPad at isa0060/serio1/input0 lost sync at byte 4
Nov 24 08:59:41 ktalina kernel: [ 5180.385465] psmouse serio1: TouchPad at isa0060/serio1/input0 lost sync at byte 1
Nov 24 08:59:41 ktalina kernel: [ 5180.394206] psmouse serio1: TouchPad at isa0060/serio1/input0 - driver resynced.
Nov 24 09:00:39 ktalina kernel: [ 5238.465278] atkbd serio0: Unknown key released (translated set 2, code 0x64 on isa0060/serio0).
Nov 24 09:00:39 ktalina kernel: [ 5238.465287] atkbd serio0: Use 'setkeycodes 64 <keycode>' to make it known.
Nov 24 09:00:39 ktalina kernel: [ 5238.466280] psmouse serio1: TouchPad at isa0060/serio1/input0 lost sync at byte 1
Nov 24 09:00:39 ktalina kernel: [ 5238.467361] psmouse serio1: TouchPad at isa0060/serio1/input0 lost sync at byte 1
Nov 24 09:00:39 ktalina kernel: [ 5238.468451] psmouse serio1: TouchPad at isa0060/serio1/input0 lost sync at byte 1
Nov 24 09:00:39 ktalina kernel: [ 5238.469546] psmouse serio1: TouchPad at isa0060/serio1/input0 lost sync at byte 1
Nov 24 09:00:39 ktalina kernel: [ 5238.470643] psmouse serio1: TouchPad at isa0060/serio1/input0 lost sync at byte 1
Nov 24 09:00:39 ktalina kernel: [ 5238.470649] psmouse serio1: issuing reconnect request
Nov 24 09:00:43 ktalina kernel: [ 5241.824591] psmouse serio1: TouchPad at isa0060/serio1/input0 lost sync at byte 1
Nov 24 09:00:43 ktalina kernel: [ 5241.825669] psmouse serio1: TouchPad at isa0060/serio1/input0 lost sync at byte 1
Nov 24 09:00:43 ktalina kernel: [ 5241.826766] psmouse serio1: TouchPad at isa0060/serio1/input0 lost sync at byte 1
Nov 24 09:00:43 ktalina kernel: [ 5241.827866] psmouse serio1: TouchPad at isa0060/serio1/input0 lost sync at byte 1
Nov 24 09:00:43 ktalina kernel: [ 5241.828980] psmouse serio1: TouchPad at isa0060/serio1/input0 lost sync at byte 1
Nov 24 09:00:43 ktalina kernel: [ 5241.828990] psmouse serio1: issuing reconnect request
Nov 24 09:08:55 ktalina NetworkManager[1068]: <warn> nl_recvmsgs() error: (-33) Dump inconsistency detected, interrupted
Nov 24 09:16:55 ktalina NetworkManager[1068]: <warn> nl_recvmsgs() error: (-33) Dump inconsistency detected, interrupted
Nov 24 09:17:01 ktalina CRON[6636]: (root) CMD (   cd / && run-parts --report /etc/cron.hourly)
Nov 24 09:17:05 ktalina kernel: [ 6224.403597] psmouse serio1: TouchPad at isa0060/serio1/input0 lost sync at byte 4
Nov 24 09:17:05 ktalina kernel: [ 6224.404691] psmouse serio1: TouchPad at isa0060/serio1/input0 lost sync at byte 1
Nov 24 09:17:05 ktalina kernel: [ 6224.413437] psmouse serio1: TouchPad at isa0060/serio1/input0 - driver resynced.
Nov 24 09:18:55 ktalina NetworkManager[1068]: <warn> nl_recvmsgs() error: (-33) Dump inconsistency detected, interrupted
Nov 24 09:36:55 ktalina NetworkManager[1068]: <warn> nl_recvmsgs() error: (-33) Dump inconsistency detected, interrupted
Nov 24 09:37:40 ktalina kernel: [ 7459.014552] ACPI Error: No handler for Region [CMS0] (ffff8801b92602d0) [SystemCMOS] (20121018/evregion-376)
Nov 24 09:37:40 ktalina kernel: [ 7459.014569] ACPI Error: Region SystemCMOS (ID=5) has no handler (20121018/exfldio-305)
Nov 24 09:37:40 ktalina kernel: [ 7459.014582] ACPI Error: Method parse/execution failed [\_SB_.PCI0.LPCB.EC0_._Q33] (Node ffff8801b92699d8), AE_NOT_EXIST (20121018/psparse-537)
Nov 24 09:38:55 ktalina NetworkManager[1068]: <warn> nl_recvmsgs() error: (-33) Dump inconsistency detected, interrupted
Nov 24 09:54:55 ktalina NetworkManager[1068]: <warn> nl_recvmsgs() error: (-33) Dump inconsistency detected, interrupted
Nov 24 09:58:55 ktalina NetworkManager[1068]: <warn> nl_recvmsgs() error: (-33) Dump inconsistency detected, interrupted
Nov 24 10:10:55 ktalina NetworkManager[1068]: <warn> nl_recvmsgs() error: (-33) Dump inconsistency detected, interrupted
Nov 24 10:12:55 ktalina NetworkManager[1068]: <warn> nl_recvmsgs() error: (-33) Dump inconsistency detected, interrupted
Nov 24 10:14:23 ktalina anacron[7275]: Anacron 2.3 started on 2013-11-24
Nov 24 10:14:23 ktalina anacron[7275]: Normal exit (0 jobs run)
Nov 24 10:16:55 ktalina NetworkManager[1068]: <warn> nl_recvmsgs() error: (-33) Dump inconsistency detected, interrupted
Nov 24 10:17:01 ktalina CRON[7432]: (root) CMD (   cd / && run-parts --report /etc/cron.hourly)
Nov 24 10:20:55 ktalina NetworkManager[1068]: <warn> nl_recvmsgs() error: (-33) Dump inconsistency detected, interrupted
Nov 24 10:26:55 ktalina NetworkManager[1068]: <warn> nl_recvmsgs() error: (-33) Dump inconsistency detected, interrupted
Nov 24 10:34:19 ktalina kernel: [10856.855919] psmouse serio1: TouchPad at isa0060/serio1/input0 lost sync at byte 4
Nov 24 10:34:19 ktalina kernel: [10856.864595] psmouse serio1: TouchPad at isa0060/serio1/input0 lost sync at byte 4
Nov 24 10:34:19 ktalina kernel: [10856.865678] psmouse serio1: TouchPad at isa0060/serio1/input0 lost sync at byte 1
Nov 24 10:34:19 ktalina kernel: [10856.866753] psmouse serio1: TouchPad at isa0060/serio1/input0 lost sync at byte 1
Nov 24 10:34:19 ktalina kernel: [10856.867836] psmouse serio1: TouchPad at isa0060/serio1/input0 lost sync at byte 1
Nov 24 10:34:19 ktalina kernel: [10856.867841] psmouse serio1: issuing reconnect request
Nov 24 10:36:55 ktalina NetworkManager[1068]: <warn> nl_recvmsgs() error: (-33) Dump inconsistency detected, interrupted
Nov 24 10:39:32 ktalina kernel: [11169.756259] ACPI Error: No handler for Region [CMS0] (ffff8801b92602d0) [SystemCMOS] (20121018/evregion-376)
Nov 24 10:39:32 ktalina kernel: [11169.756277] ACPI Error: Region SystemCMOS (ID=5) has no handler (20121018/exfldio-305)
Nov 24 10:39:32 ktalina kernel: [11169.756290] ACPI Error: Method parse/execution failed [\_SB_.PCI0.LPCB.EC0_._Q33] (Node ffff8801b92699d8), AE_NOT_EXIST (20121018/psparse-537)
Nov 24 10:44:55 ktalina NetworkManager[1068]: <warn> nl_recvmsgs() error: (-33) Dump inconsistency detected, interrupted
Nov 24 10:55:27 ktalina kernel: [12124.396379] psmouse serio1: TouchPad at isa0060/serio1/input0 lost sync at byte 4
Nov 24 10:55:27 ktalina kernel: [12124.397469] psmouse serio1: TouchPad at isa0060/serio1/input0 lost sync at byte 1
Nov 24 10:55:27 ktalina kernel: [12124.406352] psmouse serio1: TouchPad at isa0060/serio1/input0 - driver resynced.
Nov 24 10:56:55 ktalina NetworkManager[1068]: <warn> nl_recvmsgs() error: (-33) Dump inconsistency detected, interrupted
Nov 24 11:12:55 ktalina NetworkManager[1068]: <warn> nl_recvmsgs() error: (-33) Dump inconsistency detected, interrupted
Nov 24 11:17:01 ktalina CRON[7954]: (root) CMD (   cd / && run-parts --report /etc/cron.hourly)
Nov 24 11:19:14 ktalina kernel: [13550.472335] psmouse serio1: TouchPad at isa0060/serio1/input0 lost sync at byte 1
Nov 24 11:19:14 ktalina kernel: [13550.473411] psmouse serio1: TouchPad at isa0060/serio1/input0 lost sync at byte 1
Nov 24 11:19:14 ktalina kernel: [13550.474493] psmouse serio1: TouchPad at isa0060/serio1/input0 lost sync at byte 1
Nov 24 11:19:14 ktalina kernel: [13550.475576] psmouse serio1: TouchPad at isa0060/serio1/input0 lost sync at byte 1
Nov 24 11:19:14 ktalina kernel: [13550.476680] psmouse serio1: TouchPad at isa0060/serio1/input0 lost sync at byte 1
Nov 24 11:19:14 ktalina kernel: [13550.476684] psmouse serio1: issuing reconnect request
Nov 24 11:19:26 ktalina kernel: [13562.324205] psmouse serio1: TouchPad at isa0060/serio1/input0 lost sync at byte 1
Nov 24 11:19:26 ktalina kernel: [13562.325283] psmouse serio1: TouchPad at isa0060/serio1/input0 lost sync at byte 1
Nov 24 11:19:26 ktalina kernel: [13562.326369] psmouse serio1: TouchPad at isa0060/serio1/input0 lost sync at byte 1
Nov 24 11:19:26 ktalina kernel: [13562.327453] psmouse serio1: TouchPad at isa0060/serio1/input0 lost sync at byte 1
Nov 24 11:19:26 ktalina kernel: [13562.328536] psmouse serio1: TouchPad at isa0060/serio1/input0 lost sync at byte 1
Nov 24 11:19:26 ktalina kernel: [13562.328547] psmouse serio1: issuing reconnect request
Nov 24 11:22:55 ktalina NetworkManager[1068]: <warn> nl_recvmsgs() error: (-33) Dump inconsistency detected, interrupted
Nov 24 11:32:36 ktalina kernel: [14352.637349] psmouse serio1: TouchPad at isa0060/serio1/input0 lost sync at byte 4
Nov 24 11:32:36 ktalina kernel: [14352.638438] psmouse serio1: TouchPad at isa0060/serio1/input0 lost sync at byte 1
Nov 24 11:32:36 ktalina kernel: [14352.648393] psmouse serio1: TouchPad at isa0060/serio1/input0 - driver resynced.
Nov 24 11:32:55 ktalina NetworkManager[1068]: <warn> nl_recvmsgs() error: (-33) Dump inconsistency detected, interrupted
Nov 24 11:34:09 ktalina kernel: [14444.891207] psmouse serio1: TouchPad at isa0060/serio1/input0 lost sync at byte 4
Nov 24 11:34:09 ktalina kernel: [14444.892297] psmouse serio1: TouchPad at isa0060/serio1/input0 lost sync at byte 1
Nov 24 11:34:09 ktalina kernel: [14444.902163] psmouse serio1: TouchPad at isa0060/serio1/input0 - driver resynced.
Nov 24 11:36:55 ktalina NetworkManager[1068]: <warn> nl_recvmsgs() error: (-33) Dump inconsistency detected, interrupted
Nov 24 11:36:55 ktalina NetworkManager[1068]: <warn> nl_recvmsgs() error: (-33) Dump inconsistency detected, interrupted
Nov 24 11:41:33 ktalina kernel: [14888.835242] ACPI Error: No handler for Region [CMS0] (ffff8801b92602d0) [SystemCMOS] (20121018/evregion-376)
Nov 24 11:41:33 ktalina kernel: [14888.835261] ACPI Error: Region SystemCMOS (ID=5) has no handler (20121018/exfldio-305)
Nov 24 11:41:33 ktalina kernel: [14888.835275] ACPI Error: Method parse/execution failed [\_SB_.PCI0.LPCB.EC0_._Q33] (Node ffff8801b92699d8), AE_NOT_EXIST (20121018/psparse-537)
Nov 24 11:42:55 ktalina NetworkManager[1068]: <warn> nl_recvmsgs() error: (-33) Dump inconsistency detected, interrupted
Nov 24 11:45:11 ktalina kernel: [15107.236416] psmouse serio1: TouchPad at isa0060/serio1/input0 lost sync at byte 4
Nov 24 11:45:11 ktalina kernel: [15107.237500] psmouse serio1: TouchPad at isa0060/serio1/input0 lost sync at byte 1
Nov 24 11:45:11 ktalina kernel: [15107.248396] psmouse serio1: TouchPad at isa0060/serio1/input0 - driver resynced.
Nov 24 11:50:56 ktalina kernel: [15452.025295] psmouse serio1: TouchPad at isa0060/serio1/input0 lost sync at byte 1
Nov 24 11:50:56 ktalina kernel: [15452.026377] psmouse serio1: TouchPad at isa0060/serio1/input0 lost sync at byte 1
Nov 24 11:50:56 ktalina kernel: [15452.027519] psmouse serio1: TouchPad at isa0060/serio1/input0 lost sync at byte 1
Nov 24 11:50:56 ktalina kernel: [15452.028605] psmouse serio1: TouchPad at isa0060/serio1/input0 lost sync at byte 1
Nov 24 11:50:56 ktalina kernel: [15452.029689] psmouse serio1: TouchPad at isa0060/serio1/input0 lost sync at byte 1
Nov 24 11:50:56 ktalina kernel: [15452.029695] psmouse serio1: issuing reconnect request
Nov 24 12:04:08 ktalina kernel: [16243.731635] psmouse serio1: TouchPad at isa0060/serio1/input0 lost sync at byte 1
Nov 24 12:04:08 ktalina kernel: [16243.732748] psmouse serio1: TouchPad at isa0060/serio1/input0 lost sync at byte 1
Nov 24 12:04:08 ktalina kernel: [16243.733811] psmouse serio1: TouchPad at isa0060/serio1/input0 lost sync at byte 1
Nov 24 12:04:08 ktalina kernel: [16243.734895] psmouse serio1: TouchPad at isa0060/serio1/input0 lost sync at byte 1
Nov 24 12:04:08 ktalina kernel: [16243.735987] psmouse serio1: TouchPad at isa0060/serio1/input0 lost sync at byte 1
Nov 24 12:04:08 ktalina kernel: [16243.735993] psmouse serio1: issuing reconnect request
Nov 24 12:09:28 ktalina kernel: [16563.895436] psmouse serio1: TouchPad at isa0060/serio1/input0 lost sync at byte 1
Nov 24 12:09:28 ktalina kernel: [16563.896517] psmouse serio1: TouchPad at isa0060/serio1/input0 lost sync at byte 1
Nov 24 12:09:28 ktalina kernel: [16563.897604] psmouse serio1: TouchPad at isa0060/serio1/input0 lost sync at byte 1
Nov 24 12:09:28 ktalina kernel: [16563.898708] psmouse serio1: TouchPad at isa0060/serio1/input0 lost sync at byte 1
Nov 24 12:09:28 ktalina kernel: [16563.899792] psmouse serio1: TouchPad at isa0060/serio1/input0 lost sync at byte 1
Nov 24 12:09:28 ktalina kernel: [16563.899799] psmouse serio1: issuing reconnect request
Nov 24 12:17:03 ktalina CRON[8396]: (root) CMD (   cd / && run-parts --report /etc/cron.hourly)
Nov 24 12:26:55 ktalina NetworkManager[1068]: <warn> nl_recvmsgs() error: (-33) Dump inconsistency detected, interrupted
Nov 24 12:43:49 ktalina kernel: [18623.933092] ACPI Error: No handler for Region [CMS0] (ffff8801b92602d0) [SystemCMOS] (20121018/evregion-376)
Nov 24 12:43:49 ktalina kernel: [18623.933108] ACPI Error: Region SystemCMOS (ID=5) has no handler (20121018/exfldio-305)
Nov 24 12:43:49 ktalina kernel: [18623.933122] ACPI Error: Method parse/execution failed [\_SB_.PCI0.LPCB.EC0_._Q33] (Node ffff8801b92699d8), AE_NOT_EXIST (20121018/psparse-537)
Nov 24 12:48:55 ktalina NetworkManager[1068]: <warn> nl_recvmsgs() error: (-33) Dump inconsistency detected, interrupted
Nov 24 13:16:55 ktalina NetworkManager[1068]: <warn> nl_recvmsgs() error: (-33) Dump inconsistency detected, interrupted
Nov 24 13:17:01 ktalina CRON[8712]: (root) CMD (   cd / && run-parts --report /etc/cron.hourly)
Nov 24 13:17:05 ktalina kernel: [20619.421237] atkbd serio0: Spurious ACK on isa0060/serio0. Some program might be trying to access hardware directly.
Nov 24 13:17:05 ktalina kernel: [20619.428844] psmouse serio1: TouchPad at isa0060/serio1/input0 lost sync at byte 1
Nov 24 13:17:05 ktalina kernel: [20619.429933] psmouse serio1: TouchPad at isa0060/serio1/input0 lost sync at byte 1
Nov 24 13:17:05 ktalina kernel: [20619.431019] psmouse serio1: TouchPad at isa0060/serio1/input0 lost sync at byte 1
Nov 24 13:17:05 ktalina kernel: [20619.440824] psmouse serio1: TouchPad at isa0060/serio1/input0 lost sync at byte 4
Nov 24 13:17:05 ktalina kernel: [20619.441912] psmouse serio1: TouchPad at isa0060/serio1/input0 lost sync at byte 1
Nov 24 13:17:05 ktalina kernel: [20619.441917] psmouse serio1: issuing reconnect request
Nov 24 13:28:55 ktalina NetworkManager[1068]: <warn> nl_recvmsgs() error: (-33) Dump inconsistency detected, interrupted
Nov 24 13:36:55 ktalina NetworkManager[1068]: <warn> nl_recvmsgs() error: (-33) Dump inconsistency detected, interrupted
Nov 24 13:38:55 ktalina NetworkManager[1068]: <warn> nl_recvmsgs() error: (-33) Dump inconsistency detected, interrupted
Nov 24 13:40:55 ktalina NetworkManager[1068]: <warn> nl_recvmsgs() error: (-33) Dump inconsistency detected, interrupted
Nov 24 13:42:55 ktalina NetworkManager[1068]: <warn> nl_recvmsgs() error: (-33) Dump inconsistency detected, interrupted
Nov 24 13:42:55 ktalina NetworkManager[1068]: <warn> nl_recvmsgs() error: (-33) Dump inconsistency detected, interrupted
Nov 24 13:46:02 ktalina kernel: [22356.202152] ACPI Error: No handler for Region [CMS0] (ffff8801b92602d0) [SystemCMOS] (20121018/evregion-376)
Nov 24 13:46:02 ktalina kernel: [22356.202169] ACPI Error: Region SystemCMOS (ID=5) has no handler (20121018/exfldio-305)
Nov 24 13:46:02 ktalina kernel: [22356.202182] ACPI Error: Method parse/execution failed [\_SB_.PCI0.LPCB.EC0_._Q33] (Node ffff8801b92699d8), AE_NOT_EXIST (20121018/psparse-537)
Nov 24 13:50:55 ktalina NetworkManager[1068]: <warn> nl_recvmsgs() error: (-33) Dump inconsistency detected, interrupted
Nov 24 14:17:01 ktalina CRON[9082]: (root) CMD (   cd / && run-parts --report /etc/cron.hourly)
Nov 24 14:28:55 ktalina NetworkManager[1068]: <warn> nl_recvmsgs() error: (-33) Dump inconsistency detected, interrupted
Nov 24 14:48:18 ktalina kernel: [26090.536613] ACPI Error: No handler for Region [CMS0] (ffff8801b92602d0) [SystemCMOS] (20121018/evregion-376)
Nov 24 14:48:18 ktalina kernel: [26090.536630] ACPI Error: Region SystemCMOS (ID=5) has no handler (20121018/exfldio-305)
Nov 24 14:48:18 ktalina kernel: [26090.536643] ACPI Error: Method parse/execution failed [\_SB_.PCI0.LPCB.EC0_._Q33] (Node ffff8801b92699d8), AE_NOT_EXIST (20121018/psparse-537)
Nov 24 15:17:01 ktalina CRON[9342]: (root) CMD (   cd / && run-parts --report /etc/cron.hourly)
Nov 24 15:22:55 ktalina NetworkManager[1068]: <warn> nl_recvmsgs() error: (-33) Dump inconsistency detected, interrupted
Nov 24 15:32:55 ktalina NetworkManager[1068]: <warn> nl_recvmsgs() error: (-33) Dump inconsistency detected, interrupted
Nov 24 15:50:22 ktalina kernel: [29813.185681] ACPI Error: No handler for Region [CMS0] (ffff8801b92602d0) [SystemCMOS] (20121018/evregion-376)
Nov 24 15:50:22 ktalina kernel: [29813.185698] ACPI Error: Region SystemCMOS (ID=5) has no handler (20121018/exfldio-305)
Nov 24 15:50:22 ktalina kernel: [29813.185712] ACPI Error: Method parse/execution failed [\_SB_.PCI0.LPCB.EC0_._Q33] (Node ffff8801b92699d8), AE_NOT_EXIST (20121018/psparse-537)
Nov 24 15:52:55 ktalina NetworkManager[1068]: <warn> nl_recvmsgs() error: (-33) Dump inconsistency detected, interrupted
Nov 24 16:02:55 ktalina NetworkManager[1068]: <warn> nl_recvmsgs() error: (-33) Dump inconsistency detected, interrupted
Nov 24 16:17:01 ktalina CRON[9839]: (root) CMD (   cd / && run-parts --report /etc/cron.hourly)
Nov 24 16:22:55 ktalina NetworkManager[1068]: <warn> nl_recvmsgs() error: (-33) Dump inconsistency detected, interrupted
Nov 24 16:32:20 ktalina NetworkManager[1068]: <info> sleep requested (sleeping: no  enabled: yes)
Nov 24 16:32:20 ktalina NetworkManager[1068]: <info> sleeping or disabling...
Nov 24 16:32:21 ktalina NetworkManager[1068]: <info> (wlan0): device state change: activated -> unmanaged (reason 'sleeping') [100 10 37]
Nov 24 16:32:21 ktalina NetworkManager[1068]: <info> (wlan0): deactivating device (reason 'sleeping') [37]
Nov 24 16:32:21 ktalina NetworkManager[1068]: <info> (wlan0): canceled DHCP transaction, DHCP client pid 1433
Nov 24 16:32:21 ktalina vmnetBridge: RTM_DELROUTE: index:3
Nov 24 16:32:21 ktalina kernel: [32331.610298] wlan0: deauthenticating from 00:1d:20:fb:80:0d by local choice (reason=3)
Nov 24 16:32:21 ktalina avahi-daemon[1034]: Withdrawing address record for fe80::2268:9dff:fec4:b1b4 on wlan0.
Nov 24 16:32:21 ktalina kernel: [32331.624161] cfg80211: Calling CRDA to update world regulatory domain
Nov 24 16:32:21 ktalina NetworkManager[1068]: <warn> DNS: plugin dnsmasq update failed
Nov 24 16:32:21 ktalina NetworkManager[1068]: <info> Removing DNS information from /sbin/resolvconf
Nov 24 16:32:21 ktalina avahi-daemon[1034]: Leaving mDNS multicast group on interface wlan0.IPv6 with address fe80::2268:9dff:fec4:b1b4.
Nov 24 16:32:21 ktalina avahi-daemon[1034]: Interface wlan0.IPv6 no longer relevant for mDNS.
Nov 24 16:32:21 ktalina vmnetBridge: RTM_NEWLINK: name:wlan0 index:3 flags:0x00001003
Nov 24 16:32:21 ktalina vmnetBridge: Removing interface wlan0 index:3
Nov 24 16:32:21 ktalina vmnetBridge: Stopped bridge wlan0 to virtual network 0.
Nov 24 16:32:21 ktalina kernel: [32331.678390] bridge-wlan0: disabling the bridge on dev down
Nov 24 16:32:21 ktalina kernel: [32331.678475] bridge-wlan0: down
Nov 24 16:32:21 ktalina kernel: [32331.678489] bridge-wlan0: detached
Nov 24 16:32:21 ktalina wpa_supplicant[1079]: wlan0: CTRL-EVENT-DISCONNECTED bssid=00:00:00:00:00:00 reason=3
Nov 24 16:32:21 ktalina avahi-daemon[1034]: Withdrawing address record for 192.168.1.37 on wlan0.
Nov 24 16:32:21 ktalina avahi-daemon[1034]: Leaving mDNS multicast group on interface wlan0.IPv4 with address 192.168.1.37.
Nov 24 16:32:21 ktalina avahi-daemon[1034]: Interface wlan0.IPv4 no longer relevant for mDNS.
Nov 24 16:32:21 ktalina dnsmasq[1702]: se establecen los servidores superiores desde DBus
Nov 24 16:32:21 ktalina vmnet-natd: RTM_DELROUTE: index:3
Nov 24 16:32:21 ktalina vmnet-natd: RTM_DELADDR: index:3, addr:192.168.1.37
Nov 24 16:32:21 ktalina vmnet-natd: RTM_NEWLINK: name:wlan0 index:3 flags:0x00001003
Nov 24 16:32:21 ktalina kernel: [32331.999842] userif-3: sent link down event.
Nov 24 16:32:21 ktalina kernel: [32331.999851] userif-3: sent link up event.
Nov 24 16:32:22 ktalina kernel: [32332.613329] cfg80211: World regulatory domain updated:
Nov 24 16:32:22 ktalina kernel: [32332.613334] cfg80211:   (start_freq - end_freq @ bandwidth), (max_antenna_gain, max_eirp)
Nov 24 16:32:22 ktalina kernel: [32332.613337] cfg80211:   (2402000 KHz - 2472000 KHz @ 40000 KHz), (300 mBi, 2000 mBm)
Nov 24 16:32:22 ktalina kernel: [32332.613340] cfg80211:   (2457000 KHz - 2482000 KHz @ 20000 KHz), (300 mBi, 2000 mBm)
Nov 24 16:32:22 ktalina kernel: [32332.613342] cfg80211:   (2474000 KHz - 2494000 KHz @ 20000 KHz), (300 mBi, 2000 mBm)
Nov 24 16:32:22 ktalina kernel: [32332.613344] cfg80211:   (5170000 KHz - 5250000 KHz @ 40000 KHz), (300 mBi, 2000 mBm)
Nov 24 16:32:22 ktalina kernel: [32332.613347] cfg80211:   (5735000 KHz - 5835000 KHz @ 40000 KHz), (300 mBi, 2000 mBm)
Nov 24 16:32:22 ktalina NetworkManager[1068]: <info> (wlan0): cleaning up...
Nov 24 16:32:22 ktalina NetworkManager[1068]: <info> (wlan0): taking down device.
Nov 24 16:32:22 ktalina vmnet-natd: RTM_NEWLINK: name:wlan0 index:3 flags:0x00001002
Nov 24 16:32:22 ktalina vmnetBridge: RTM_NEWLINK: name:wlan0 index:3 flags:0x00001002
Nov 24 16:32:22 ktalina NetworkManager[1068]: <info> (eth0): device state change: unavailable -> unmanaged (reason 'sleeping') [20 10 37]
Nov 24 16:32:22 ktalina NetworkManager[1068]: <info> (eth0): cleaning up...
Nov 24 16:32:22 ktalina NetworkManager[1068]: <info> (eth0): taking down device.
Nov 24 16:32:22 ktalina vmnet-natd: RTM_NEWLINK: name:eth0 index:2 flags:0x00001002
Nov 24 16:32:22 ktalina vmnetBridge: RTM_NEWLINK: name:eth0 index:2 flags:0x00001002
Nov 24 16:32:22 ktalina dbus[988]: [system] Activating service name='org.freedesktop.nm_dispatcher' (using servicehelper)
Nov 24 16:32:23 ktalina anacron[10049]: Anacron 2.3 started on 2013-11-24
Nov 24 16:32:23 ktalina anacron[10049]: Normal exit (0 jobs run)
Nov 24 16:32:24 ktalina dbus[988]: [system] Successfully activated service 'org.freedesktop.nm_dispatcher'
Nov 24 16:32:24 ktalina ntpd[2514]: Deleting interface #9 wlan0, fe80::2268:9dff:fec4:b1b4#123, interface stats: received=0, sent=0, dropped=0, active_time=32312 secs
Nov 24 16:32:24 ktalina ntpd[2514]: Deleting interface #3 wlan0, 192.168.1.37#123, interface stats: received=559, sent=564, dropped=0, active_time=32312 secs
Nov 24 16:32:24 ktalina ntpd[2514]: 91.189.94.4 interface 192.168.1.37 -> (none)
Nov 24 16:32:24 ktalina ntpd[2514]: 46.19.36.161 interface 192.168.1.37 -> (none)
Nov 24 16:32:24 ktalina ntpd[2514]: 46.17.142.10 interface 192.168.1.37 -> (none)
Nov 24 16:32:24 ktalina ntpd[2514]: 163.117.202.33 interface 192.168.1.37 -> (none)
Nov 24 16:32:24 ktalina ntpd[2514]: 46.16.60.129 interface 192.168.1.37 -> (none)
Nov 24 16:32:24 ktalina ntpd[2514]: peers refreshed
Nov 24 16:32:25 ktalina kernel: [32335.232881] PM: Syncing filesystems ... done.
Nov 24 16:44:21 ktalina kernel: [32336.212549] Freezing user space processes ... (elapsed 0.17 seconds) done.
Nov 24 16:44:21 ktalina kernel: [32336.388261] Freezing remaining freezable tasks ... (elapsed 0.01 seconds) done.
Nov 24 16:44:21 ktalina kernel: [32336.404348] Suspending console(s) (use no_console_suspend to debug)
Nov 24 16:44:21 ktalina kernel: [32336.405219] sd 0:0:0:0: [sda] Synchronizing SCSI cache
Nov 24 16:44:21 ktalina kernel: [32336.406210] sd 0:0:0:0: [sda] Stopping disk
Nov 24 16:44:21 ktalina kernel: [32336.451906] i8042 aux 00:07: System wakeup disabled by ACPI
Nov 24 16:44:21 ktalina kernel: [32336.451926] i8042 kbd 00:06: System wakeup enabled by ACPI
Nov 24 16:44:21 ktalina kernel: [32336.812057] PM: suspend of devices complete after 407.695 msecs
Nov 24 16:44:21 ktalina kernel: [32336.812245] PM: late suspend of devices complete after 0.185 msecs
Nov 24 16:44:21 ktalina kernel: [32336.812662] r8169 0000:02:00.0: System wakeup enabled by ACPI
Nov 24 16:44:21 ktalina kernel: [32336.851974] ehci-pci 0000:00:1d.0: System wakeup enabled by ACPI
Nov 24 16:44:21 ktalina kernel: [32336.875956] ehci-pci 0000:00:1a.0: System wakeup enabled by ACPI
Nov 24 16:44:21 ktalina kernel: [32336.907986] xhci_hcd 0000:00:14.0: System wakeup enabled by ACPI
Nov 24 16:44:21 ktalina kernel: [32336.923986] PM: noirq suspend of devices complete after 111.773 msecs
Nov 24 16:44:21 ktalina kernel: [32336.924339] ACPI: Preparing to enter system sleep state S3
Nov 24 16:44:21 ktalina kernel: [32336.984083] PM: Saving platform NVS memory
Nov 24 16:44:21 ktalina kernel: [32336.989039] Disabling non-boot CPUs ...
Nov 24 16:44:21 ktalina kernel: [32336.990381] smpboot: CPU 1 is now offline
Nov 24 16:44:21 ktalina kernel: [32336.992796] smpboot: CPU 2 is now offline
Nov 24 16:44:21 ktalina kernel: [32336.993307] Broke affinity for irq 16
Nov 24 16:44:21 ktalina kernel: [32336.993317] Broke affinity for irq 20
Nov 24 16:44:21 ktalina kernel: [32336.993329] Broke affinity for irq 41
Nov 24 16:44:21 ktalina kernel: [32337.095853] smpboot: CPU 3 is now offline
Nov 24 16:44:21 ktalina kernel: [32337.098433] ACPI: Low-level resume complete
Nov 24 16:44:21 ktalina kernel: [32337.098506] PM: Restoring platform NVS memory
Nov 24 16:44:21 ktalina kernel: [32337.104440] Enabling non-boot CPUs ...
Nov 24 16:44:21 ktalina kernel: [32337.104573] smpboot: Booting Node 0 Processor 1 APIC 0x1
Nov 24 16:44:21 ktalina kernel: [32337.118833] CPU1 is up
Nov 24 16:44:21 ktalina kernel: [32337.118970] smpboot: Booting Node 0 Processor 2 APIC 0x2
Nov 24 16:44:21 ktalina kernel: [32337.132903] CPU2 is up
Nov 24 16:44:21 ktalina kernel: [32337.133023] smpboot: Booting Node 0 Processor 3 APIC 0x3
Nov 24 16:44:21 ktalina kernel: [32337.146938] CPU3 is up
Nov 24 16:44:21 ktalina kernel: [32337.155809] ACPI: Waking up from system sleep state S3
Nov 24 16:44:21 ktalina kernel: [32337.631763] /dev/vmmon[0]: HostIFReadUptimeWork: detected settimeofday: fixed uptimeBase old 18445358798890893633 new 18445358798178836389 attempts 1
Nov 24 16:44:21 ktalina kernel: [32338.551573] xhci_hcd 0000:00:14.0: System wakeup disabled by ACPI
Nov 24 16:44:21 ktalina kernel: [32338.591496] ehci-pci 0000:00:1a.0: System wakeup disabled by ACPI
Nov 24 16:44:21 ktalina kernel: [32338.631485] ehci-pci 0000:00:1d.0: System wakeup disabled by ACPI
Nov 24 16:44:21 ktalina kernel: [32338.695851] PM: noirq resume of devices complete after 176.346 msecs
Nov 24 16:44:21 ktalina kernel: [32338.696116] PM: early resume of devices complete after 0.215 msecs
Nov 24 16:44:21 ktalina kernel: [32338.696169] i915 0000:00:02.0: setting latency timer to 64
Nov 24 16:44:21 ktalina kernel: [32338.696192] xhci_hcd 0000:00:14.0: setting latency timer to 64
Nov 24 16:44:21 ktalina kernel: [32338.696296] ehci-pci 0000:00:1a.0: setting latency timer to 64
Nov 24 16:44:21 ktalina kernel: [32338.696364] ehci-pci 0000:00:1d.0: setting latency timer to 64
Nov 24 16:44:21 ktalina kernel: [32338.696415] mei 0000:00:16.0: irq 43 for MSI/MSI-X
Nov 24 16:44:21 ktalina kernel: [32338.696457] ahci 0000:00:1f.2: setting latency timer to 64
Nov 24 16:44:21 ktalina kernel: [32338.696481] snd_hda_intel 0000:00:1b.0: irq 46 for MSI/MSI-X
Nov 24 16:44:21 ktalina kernel: [32338.696514] ath: phy0: ASPM enabled: 0x43
Nov 24 16:44:21 ktalina kernel: [32338.697285] r8169 0000:02:00.0: System wakeup disabled by ACPI
Nov 24 16:44:21 ktalina kernel: [32338.816564] i8042 kbd 00:06: System wakeup disabled by ACPI
Nov 24 16:44:21 ktalina kernel: [32338.911609] usb 3-3: reset high-speed USB device number 2 using xhci_hcd
Nov 24 16:44:21 ktalina kernel: [32339.012304] xhci_hcd 0000:00:14.0: xHCI xhci_drop_endpoint called with disabled ep ffff8801b7440fc0
Nov 24 16:44:21 ktalina kernel: [32339.295285] ata1: SATA link up 3.0 Gbps (SStatus 123 SControl 300)
Nov 24 16:44:21 ktalina kernel: [32339.474977] ata1.00: configured for UDMA/133
Nov 24 16:44:21 ktalina kernel: [32339.487367] sd 0:0:0:0: [sda] Starting disk
Nov 24 16:44:21 ktalina kernel: [32339.508141] PM: resume of devices complete after 812.277 msecs
Nov 24 16:44:21 ktalina kernel: [32339.508552] Restarting tasks ... done.
Nov 24 16:44:21 ktalina kernel: [32339.514684] video LNXVIDEO:00: Restoring backlight state
Nov 24 16:44:21 ktalina NetworkManager[1068]: <info> WiFi now disabled by radio killswitch
Nov 24 16:44:21 ktalina anacron[10353]: Anacron 2.3 started on 2013-11-24
Nov 24 16:44:21 ktalina anacron[10353]: Normal exit (0 jobs run)
Nov 24 16:44:22 ktalina NetworkManager[1068]: <info> wake requested (sleeping: yes  enabled: yes)
Nov 24 16:44:22 ktalina NetworkManager[1068]: <info> waking up and re-enabling...
Nov 24 16:44:22 ktalina NetworkManager[1068]: <info> WWAN now enabled by management service
Nov 24 16:44:22 ktalina NetworkManager[1068]: <info> (wlan0): device state change: unmanaged -> unavailable (reason 'managed') [10 20 2]
Nov 24 16:44:22 ktalina NetworkManager[1068]: <info> (wlan0): bringing up device.
Nov 24 16:44:22 ktalina NetworkManager[1068]: <info> (wlan0): deactivating device (reason 'managed') [2]
Nov 24 16:44:22 ktalina NetworkManager[1068]: <info> Unmanaged Device found; state CONNECTED forced. (see http://bugs.launchpad.net/bugs/191889)
Nov 24 16:44:22 ktalina NetworkManager[1068]: <info> Unmanaged Device found; state CONNECTED forced. (see http://bugs.launchpad.net/bugs/191889)
Nov 24 16:44:22 ktalina NetworkManager[1068]: <info> (eth0): device state change: unmanaged -> unavailable (reason 'managed') [10 20 2]
Nov 24 16:44:22 ktalina NetworkManager[1068]: <info> (eth0): bringing up device.
Nov 24 16:44:22 ktalina kernel: [32340.642838] [drm] Enabling RC6 states: RC6 on, RC6p off, RC6pp off
Nov 24 16:44:22 ktalina mythlogserver: mythlogserver[2216]: I LogForward loggingserver.cpp:1204 (expireClients) Expiring client 008f71add0cc934f2391572950bf4f090b (#1)
Nov 24 16:44:22 ktalina mythlogserver: mythlogserver[2216]: I LogForward loggingserver.cpp:1204 (expireClients) Expiring client 009e394c75ddcd4afbbf93727d27a1de8a (#0)
Nov 24 16:44:22 ktalina mythlogserver: mythlogserver[2216]: I LogForward loggingserver.cpp:435 (~DatabaseLogger) Removing database logging
Nov 24 16:44:22 ktalina mythlogserver: mythlogserver[2216]: I LogForward loggingserver.cpp:293 (~SyslogLogger) Removing syslogging
Nov 24 16:44:22 ktalina mythlogserver: mythlogserver[2216]: I LogForward loggingserver.cpp:1310 (forwardMessage) New Client: 008f71add0cc934f2391572950bf4f090b (#1)
Nov 24 16:44:22 ktalina mythlogserver: mythlogserver[2216]: I LogForward loggingserver.cpp:287 (SyslogLogger) Added syslogging
Nov 24 16:44:22 ktalina mythlogserver: mythlogserver[2216]: I LogForward loggingserver.cpp:423 (DatabaseLogger) Added database logging to table logging
Nov 24 16:44:22 ktalina mythlogserver: mythlogserver[2216]: I LogForward loggingserver.cpp:1310 (forwardMessage) New Client: 009e394c75ddcd4afbbf93727d27a1de8a (#2)
Nov 24 16:44:22 ktalina vmnet-natd: RTM_NEWLINK: name:eth0 index:2 flags:0x00001003
Nov 24 16:44:22 ktalina vmnetBridge: RTM_NEWLINK: name:eth0 index:2 flags:0x00001003
Nov 24 16:44:22 ktalina kernel: [32340.745892] r8169 0000:02:00.0 eth0: link down
Nov 24 16:44:22 ktalina kernel: [32340.746296] IPv6: ADDRCONF(NETDEV_UP): eth0: link is not ready
Nov 24 16:44:22 ktalina NetworkManager[1068]: <info> (eth0): preparing device.
Nov 24 16:44:22 ktalina NetworkManager[1068]: <info> (eth0): deactivating device (reason 'managed') [2]
Nov 24 16:44:22 ktalina acpid: client 1489[0:0] has disconnected
Nov 24 16:44:22 ktalina acpid: client connected from 1489[0:0]
Nov 24 16:44:22 ktalina acpid: 1 client rule loaded
Nov 24 16:44:33 ktalina kernel: [32351.304897] CPU3: Package power limit notification (total events = 1)
Nov 24 16:44:33 ktalina kernel: [32351.304901] CPU2: Package power limit notification (total events = 1)
Nov 24 16:44:33 ktalina kernel: [32351.304905] CPU1: Package power limit notification (total events = 1)
Nov 24 16:44:33 ktalina kernel: [32351.304908] CPU0: Package power limit notification (total events = 1)
Nov 24 16:44:33 ktalina kernel: [32351.315924] CPU2: Package power limit normal
Nov 24 16:44:33 ktalina kernel: [32351.315926] CPU3: Package power limit normal
Nov 24 16:44:33 ktalina kernel: [32351.315929] CPU1: Package power limit normal
Nov 24 16:44:33 ktalina kernel: [32351.315932] CPU0: Package power limit normal
Nov 24 16:57:06 ktalina kernel: [33104.541190] CPU2: Package power limit notification (total events = 2)
Nov 24 16:57:06 ktalina kernel: [33104.541197] CPU1: Package power limit notification (total events = 2)
Nov 24 16:57:06 ktalina kernel: [33104.541200] CPU0: Package power limit notification (total events = 2)
Nov 24 16:57:06 ktalina kernel: [33104.541202] CPU3: Package power limit notification (total events = 2)
Nov 24 16:57:06 ktalina kernel: [33104.552236] CPU0: Package power limit normal
Nov 24 16:57:06 ktalina kernel: [33104.552240] CPU1: Package power limit normal
Nov 24 16:57:06 ktalina kernel: [33104.552243] CPU2: Package power limit normal
Nov 24 16:57:06 ktalina kernel: [33104.552245] CPU3: Package power limit normal
Nov 24 17:07:40 ktalina kernel: [33737.856732] CPU2: Package power limit notification (total events = 3)
Nov 24 17:07:40 ktalina kernel: [33737.856736] CPU0: Package power limit notification (total events = 3)
Nov 24 17:07:40 ktalina kernel: [33737.856739] CPU1: Package power limit notification (total events = 3)
Nov 24 17:07:40 ktalina kernel: [33737.856741] CPU3: Package power limit notification (total events = 3)
Nov 24 17:07:40 ktalina kernel: [33737.869768] CPU0: Package power limit normal
Nov 24 17:07:40 ktalina kernel: [33737.869771] CPU1: Package power limit normal
Nov 24 17:07:40 ktalina kernel: [33737.869775] CPU2: Package power limit normal
Nov 24 17:07:40 ktalina kernel: [33737.869778] CPU3: Package power limit normal
Nov 24 17:11:53 ktalina colord: device removed: xrandr-Seiko Epson Corporation
Nov 24 17:11:54 ktalina gnome-session[3692]: CRITICAL: gsm_manager_set_phase: assertion `GSM_IS_MANAGER (manager)' failed
Nov 24 17:11:54 ktalina gnome-session[3692]: Gtk-CRITICAL: gtk_main_quit: assertion `main_loops != NULL' failed
Nov 24 17:17:41 ktalina kernel: imklog 5.8.11, log source = /proc/kmsg started.
Nov 24 17:17:41 ktalina rsyslogd: [origin software="rsyslogd" swVersion="5.8.11" x-pid="976" x-info="http://www.rsyslog.com"] start
Nov 24 17:17:41 ktalina rsyslogd: rsyslogd's groupid changed to 103
Nov 24 17:17:41 ktalina rsyslogd: rsyslogd's userid changed to 101
Nov 24 17:17:41 ktalina rsyslogd-2039: Could not open output pipe '/dev/xconsole' [try http://www.rsyslog.com/e/2039 ]
Nov 24 17:17:41 ktalina kernel: [    0.000000] Initializing cgroup subsys cpuset
Nov 24 17:17:41 ktalina kernel: [    0.000000] Initializing cgroup subsys cpu
Nov 24 17:17:41 ktalina kernel: [    0.000000] Linux version 3.8.0-30-generic (buildd@roseapple) (gcc version 4.7.3 (Ubuntu/Linaro 4.7.3-1ubuntu1) ) #44-Ubuntu SMP Thu Aug 22 20:52:24 UTC 2013 (Ubuntu 3.8.0-30.44-generic 3.8.13.6)
Nov 24 17:17:41 ktalina kernel: [    0.000000] Command line: BOOT_IMAGE=/boot/vmlinuz-3.8.0-30-generic root=UUID=b638beb9-a3e7-4e70-99d0-43dcbabc8bc3 ro
Nov 24 17:17:41 ktalina kernel: [    0.000000] KERNEL supported cpus:
Nov 24 17:17:41 ktalina kernel: [    0.000000]   Intel GenuineIntel
Nov 24 17:17:41 ktalina kernel: [    0.000000]   AMD AuthenticAMD
Nov 24 17:17:41 ktalina kernel: [    0.000000]   Centaur CentaurHauls
Nov 24 17:17:41 ktalina kernel: [    0.000000] e820: BIOS-provided physical RAM map:
Nov 24 17:17:41 ktalina kernel: [    0.000000] BIOS-e820: [mem 0x0000000000000000-0x0000000000087fff] usable
Nov 24 17:17:41 ktalina kernel: [    0.000000] BIOS-e820: [mem 0x0000000000088000-0x00000000000bffff] reserved
Nov 24 17:17:41 ktalina kernel: [    0.000000] BIOS-e820: [mem 0x0000000000100000-0x000000001fffffff] usable
Nov 24 17:17:41 ktalina kernel: [    0.000000] BIOS-e820: [mem 0x0000000020000000-0x00000000201fffff] reserved
Nov 24 17:17:41 ktalina kernel: [    0.000000] BIOS-e820: [mem 0x0000000020200000-0x000000003a7befff] usable
Nov 24 17:17:41 ktalina kernel: [    0.000000] BIOS-e820: [mem 0x000000003a7bf000-0x000000003aebefff] reserved
Nov 24 17:17:41 ktalina kernel: [    0.000000] BIOS-e820: [mem 0x000000003aebf000-0x000000003afbefff] ACPI NVS
Nov 24 17:17:41 ktalina kernel: [    0.000000] BIOS-e820: [mem 0x000000003afbf000-0x000000003affefff] ACPI data
Nov 24 17:17:41 ktalina kernel: [    0.000000] BIOS-e820: [mem 0x000000003afff000-0x000000003affffff] usable
Nov 24 17:17:41 ktalina kernel: [    0.000000] BIOS-e820: [mem 0x000000003b000000-0x000000003f9fffff] reserved
Nov 24 17:17:41 ktalina kernel: [    0.000000] BIOS-e820: [mem 0x00000000f0000000-0x00000000f3ffffff] reserved
Nov 24 17:17:41 ktalina kernel: [    0.000000] BIOS-e820: [mem 0x00000000feb00000-0x00000000feb03fff] reserved
Nov 24 17:17:41 ktalina kernel: [    0.000000] BIOS-e820: [mem 0x00000000fec00000-0x00000000fec00fff] reserved
Nov 24 17:17:41 ktalina kernel: [    0.000000] BIOS-e820: [mem 0x00000000fed10000-0x00000000fed19fff] reserved
Nov 24 17:17:41 ktalina kernel: [    0.000000] BIOS-e820: [mem 0x00000000fed1c000-0x00000000fed1ffff] reserved
Nov 24 17:17:41 ktalina kernel: [    0.000000] BIOS-e820: [mem 0x00000000fee00000-0x00000000fee00fff] reserved
Nov 24 17:17:41 ktalina kernel: [    0.000000] BIOS-e820: [mem 0x00000000ffd80000-0x00000000ffffffff] reserved
Nov 24 17:17:41 ktalina kernel: [    0.000000] BIOS-e820: [mem 0x0000000100000000-0x00000001bf5fffff] usable
Nov 24 17:17:41 ktalina kernel: [    0.000000] NX (Execute Disable) protection: active
Nov 24 17:17:41 ktalina kernel: [    0.000000] efi: EFI v2.31 by INSYDE Corp.
Nov 24 17:17:41 ktalina kernel: [    0.000000] efi:  ACPI=0x3affe000  ACPI 2.0=0x3affe014  SMBIOS=0x3aebef98 
Nov 24 17:17:41 ktalina kernel: [    0.000000] efi: mem00: type=3, attr=0xf, range=[0x0000000000000000-0x0000000000001000) (0MB)
Nov 24 17:17:41 ktalina kernel: [    0.000000] efi: mem01: type=7, attr=0xf, range=[0x0000000000001000-0x000000000006f000) (0MB)
Nov 24 17:17:41 ktalina kernel: [    0.000000] efi: mem02: type=4, attr=0xf, range=[0x000000000006f000-0x0000000000070000) (0MB)
Nov 24 17:17:41 ktalina kernel: [    0.000000] efi: mem03: type=7, attr=0xf, range=[0x0000000000070000-0x0000000000088000) (0MB)
Nov 24 17:17:41 ktalina kernel: [    0.000000] efi: mem04: type=6, attr=0x800000000000000f, range=[0x0000000000088000-0x00000000000a0000) (0MB)
Nov 24 17:17:41 ktalina kernel: [    0.000000] efi: mem05: type=2, attr=0xf, range=[0x0000000000100000-0x0000000001444000) (19MB)
Nov 24 17:17:41 ktalina kernel: [    0.000000] efi: mem06: type=7, attr=0xf, range=[0x0000000001444000-0x0000000002000000) (11MB)
Nov 24 17:17:41 ktalina kernel: [    0.000000] efi: mem07: type=2, attr=0xf, range=[0x0000000002000000-0x0000000003344000) (19MB)
Nov 24 17:17:41 ktalina kernel: [    0.000000] efi: mem08: type=7, attr=0xf, range=[0x0000000003344000-0x000000001237b000) (240MB)
Nov 24 17:17:41 ktalina kernel: [    0.000000] efi: mem09: type=2, attr=0xf, range=[0x000000001237b000-0x0000000020000000) (220MB)
Nov 24 17:17:41 ktalina kernel: [    0.000000] efi: mem10: type=0, attr=0xf, range=[0x0000000020000000-0x0000000020200000) (2MB)
Nov 24 17:17:41 ktalina kernel: [    0.000000] efi: mem11: type=7, attr=0xf, range=[0x0000000020200000-0x000000002b1c0000) (175MB)
Nov 24 17:17:41 ktalina kernel: [    0.000000] efi: mem12: type=4, attr=0xf, range=[0x000000002b1c0000-0x000000002b1e0000) (0MB)
Nov 24 17:17:41 ktalina kernel: [    0.000000] efi: mem13: type=7, attr=0xf, range=[0x000000002b1e0000-0x00000000357a6000) (165MB)
Nov 24 17:17:41 ktalina kernel: [    0.000000] efi: mem14: type=4, attr=0xf, range=[0x00000000357a6000-0x00000000361b0000) (10MB)
Nov 24 17:17:41 ktalina kernel: [    0.000000] efi: mem15: type=7, attr=0xf, range=[0x00000000361b0000-0x00000000363a1000) (1MB)
Nov 24 17:17:41 ktalina kernel: [    0.000000] efi: mem16: type=1, attr=0xf, range=[0x00000000363a1000-0x00000000363bf000) (0MB)
Nov 24 17:17:41 ktalina kernel: [    0.000000] efi: mem17: type=7, attr=0xf, range=[0x00000000363bf000-0x000000003799a000) (21MB)
Nov 24 17:17:41 ktalina kernel: [    0.000000] efi: mem18: type=2, attr=0xf, range=[0x000000003799a000-0x0000000037bed000) (2MB)
Nov 24 17:17:41 ktalina kernel: [    0.000000] efi: mem19: type=4, attr=0xf, range=[0x0000000037bed000-0x000000003846f000) (8MB)
Nov 24 17:17:41 ktalina kernel: [    0.000000] efi: mem20: type=7, attr=0xf, range=[0x000000003846f000-0x0000000038770000) (3MB)
Nov 24 17:17:41 ktalina kernel: [    0.000000] efi: mem21: type=4, attr=0xf, range=[0x0000000038770000-0x00000000387ca000) (0MB)
Nov 24 17:17:41 ktalina kernel: [    0.000000] efi: mem22: type=7, attr=0xf, range=[0x00000000387ca000-0x00000000387d4000) (0MB)
Nov 24 17:17:41 ktalina kernel: [    0.000000] efi: mem23: type=4, attr=0xf, range=[0x00000000387d4000-0x0000000038818000) (0MB)
Nov 24 17:17:41 ktalina kernel: [    0.000000] efi: mem24: type=7, attr=0xf, range=[0x0000000038818000-0x000000003881a000) (0MB)
Nov 24 17:17:41 ktalina kernel: [    0.000000] efi: mem25: type=4, attr=0xf, range=[0x000000003881a000-0x000000003881c000) (0MB)
Nov 24 17:17:41 ktalina kernel: [    0.000000] efi: mem26: type=7, attr=0xf, range=[0x000000003881c000-0x000000003881e000) (0MB)
Nov 24 17:17:41 ktalina kernel: [    0.000000] efi: mem27: type=4, attr=0xf, range=[0x000000003881e000-0x0000000038868000) (0MB)
Nov 24 17:17:41 ktalina kernel: [    0.000000] efi: mem28: type=7, attr=0xf, range=[0x0000000038868000-0x000000003886d000) (0MB)
Nov 24 17:17:41 ktalina kernel: [    0.000000] efi: mem29: type=4, attr=0xf, range=[0x000000003886d000-0x0000000038874000) (0MB)
Nov 24 17:17:41 ktalina kernel: [    0.000000] efi: mem30: type=7, attr=0xf, range=[0x0000000038874000-0x0000000038875000) (0MB)
Nov 24 17:17:41 ktalina kernel: [    0.000000] efi: mem31: type=4, attr=0xf, range=[0x0000000038875000-0x000000003889f000) (0MB)
Nov 24 17:17:41 ktalina kernel: [    0.000000] efi: mem32: type=7, attr=0xf, range=[0x000000003889f000-0x00000000388a0000) (0MB)
Nov 24 17:17:41 ktalina kernel: [    0.000000] efi: mem33: type=4, attr=0xf, range=[0x00000000388a0000-0x0000000038a09000) (1MB)
Nov 24 17:17:41 ktalina kernel: [    0.000000] efi: mem34: type=7, attr=0xf, range=[0x0000000038a09000-0x0000000038a0c000) (0MB)
Nov 24 17:17:41 ktalina kernel: [    0.000000] efi: mem35: type=4, attr=0xf, range=[0x0000000038a0c000-0x0000000038a2f000) (0MB)
Nov 24 17:17:41 ktalina kernel: [    0.000000] efi: mem36: type=7, attr=0xf, range=[0x0000000038a2f000-0x0000000038a3f000) (0MB)
Nov 24 17:17:41 ktalina kernel: [    0.000000] efi: mem37: type=4, attr=0xf, range=[0x0000000038a3f000-0x0000000038a6c000) (0MB)
Nov 24 17:17:41 ktalina kernel: [    0.000000] efi: mem38: type=7, attr=0xf, range=[0x0000000038a6c000-0x0000000038a79000) (0MB)
Nov 24 17:17:41 ktalina kernel: [    0.000000] efi: mem39: type=4, attr=0xf, range=[0x0000000038a79000-0x0000000038e26000) (3MB)
Nov 24 17:17:41 ktalina kernel: [    0.000000] efi: mem40: type=7, attr=0xf, range=[0x0000000038e26000-0x0000000038e2d000) (0MB)
Nov 24 17:17:41 ktalina kernel: [    0.000000] efi: mem41: type=4, attr=0xf, range=[0x0000000038e2d000-0x0000000038e46000) (0MB)
Nov 24 17:17:41 ktalina kernel: [    0.000000] efi: mem42: type=7, attr=0xf, range=[0x0000000038e46000-0x0000000038e49000) (0MB)
Nov 24 17:17:41 ktalina kernel: [    0.000000] efi: mem43: type=4, attr=0xf, range=[0x0000000038e49000-0x000000003a3bf000) (21MB)
Nov 24 17:17:41 ktalina kernel: [    0.000000] efi: mem44: type=7, attr=0xf, range=[0x000000003a3bf000-0x000000003a3ec000) (0MB)
Nov 24 17:17:41 ktalina kernel: [    0.000000] efi: mem45: type=2, attr=0xf, range=[0x000000003a3ec000-0x000000003a3f6000) (0MB)
Nov 24 17:17:41 ktalina kernel: [    0.000000] efi: mem46: type=3, attr=0xf, range=[0x000000003a3f6000-0x000000003a7bf000) (3MB)
Nov 24 17:17:41 ktalina kernel: [    0.000000] efi: mem47: type=5, attr=0x800000000000000f, range=[0x000000003a7bf000-0x000000003a89b000) (0MB)
Nov 24 17:17:41 ktalina kernel: [    0.000000] efi: mem48: type=6, attr=0x800000000000000f, range=[0x000000003a89b000-0x000000003a89c000) (0MB)
Nov 24 17:17:41 ktalina kernel: [    0.000000] efi: mem49: type=5, attr=0x800000000000000f, range=[0x000000003a89c000-0x000000003a8cb000) (0MB)
Nov 24 17:17:41 ktalina kernel: [    0.000000] efi: mem50: type=6, attr=0x800000000000000f, range=[0x000000003a8cb000-0x000000003a8cc000) (0MB)
Nov 24 17:17:41 ktalina kernel: [    0.000000] efi: mem51: type=5, attr=0x800000000000000f, range=[0x000000003a8cc000-0x000000003a8dc000) (0MB)
Nov 24 17:17:41 ktalina kernel: [    0.000000] efi: mem52: type=6, attr=0x800000000000000f, range=[0x000000003a8dc000-0x000000003a930000) (0MB)
Nov 24 17:17:41 ktalina kernel: [    0.000000] efi: mem53: type=5, attr=0x800000000000000f, range=[0x000000003a930000-0x000000003a9bf000) (0MB)
Nov 24 17:17:41 ktalina kernel: [    0.000000] efi: mem54: type=6, attr=0x800000000000000f, range=[0x000000003a9bf000-0x000000003aabf000) (1MB)
Nov 24 17:17:41 ktalina kernel: [    0.000000] efi: mem55: type=0, attr=0xf, range=[0x000000003aabf000-0x000000003aebf000) (4MB)
Nov 24 17:17:41 ktalina kernel: [    0.000000] efi: mem56: type=10, attr=0xf, range=[0x000000003aebf000-0x000000003afbf000) (1MB)
Nov 24 17:17:41 ktalina kernel: [    0.000000] efi: mem57: type=9, attr=0xf, range=[0x000000003afbf000-0x000000003afff000) (0MB)
Nov 24 17:17:41 ktalina kernel: [    0.000000] efi: mem58: type=4, attr=0xf, range=[0x000000003afff000-0x000000003b000000) (0MB)
Nov 24 17:17:41 ktalina kernel: [    0.000000] efi: mem59: type=7, attr=0xf, range=[0x0000000100000000-0x00000001bf600000) (3062MB)
Nov 24 17:17:41 ktalina kernel: [    0.000000] efi: mem60: type=0, attr=0x0, range=[0x00000000000a0000-0x00000000000c0000) (0MB)
Nov 24 17:17:41 ktalina kernel: [    0.000000] efi: mem61: type=0, attr=0x0, range=[0x000000003b000000-0x000000003fa00000) (74MB)
Nov 24 17:17:41 ktalina kernel: [    0.000000] efi: mem62: type=11, attr=0x8000000000000001, range=[0x00000000f0000000-0x00000000f4000000) (64MB)
Nov 24 17:17:41 ktalina kernel: [    0.000000] efi: mem63: type=11, attr=0x8000000000000001, range=[0x00000000feb00000-0x00000000feb04000) (0MB)
Nov 24 17:17:41 ktalina kernel: [    0.000000] efi: mem64: type=11, attr=0x8000000000000001, range=[0x00000000fec00000-0x00000000fec01000) (0MB)
Nov 24 17:17:41 ktalina kernel: [    0.000000] efi: mem65: type=11, attr=0x8000000000000001, range=[0x00000000fed10000-0x00000000fed1a000) (0MB)
Nov 24 17:17:41 ktalina kernel: [    0.000000] efi: mem66: type=11, attr=0x8000000000000001, range=[0x00000000fed1c000-0x00000000fed20000) (0MB)
Nov 24 17:17:41 ktalina kernel: [    0.000000] efi: mem67: type=11, attr=0x8000000000000001, range=[0x00000000fee00000-0x00000000fee01000) (0MB)
Nov 24 17:17:41 ktalina kernel: [    0.000000] efi: mem68: type=11, attr=0x8000000000000000, range=[0x00000000ffd80000-0x0000000100000000) (2MB)
Nov 24 17:17:41 ktalina kernel: [    0.000000] SMBIOS 2.7 present.
Nov 24 17:17:41 ktalina kernel: [    0.000000] DMI: Hewlett-Packard HP Pavilion Sleekbook 15/1900, BIOS F.12 11/02/2012
Nov 24 17:17:41 ktalina kernel: [    0.000000] e820: update [mem 0x00000000-0x0000ffff] usable ==> reserved
Nov 24 17:17:41 ktalina kernel: [    0.000000] e820: remove [mem 0x000a0000-0x000fffff] usable
Nov 24 17:17:41 ktalina kernel: [    0.000000] No AGP bridge found
Nov 24 17:17:41 ktalina kernel: [    0.000000] e820: last_pfn = 0x1bf600 max_arch_pfn = 0x400000000
Nov 24 17:17:41 ktalina kernel: [    0.000000] MTRR default type: uncachable
Nov 24 17:17:41 ktalina kernel: [    0.000000] MTRR fixed ranges enabled:
Nov 24 17:17:41 ktalina kernel: [    0.000000]   00000-9FFFF write-back
Nov 24 17:17:41 ktalina kernel: [    0.000000]   A0000-BFFFF uncachable
Nov 24 17:17:41 ktalina kernel: [    0.000000]   C0000-E7FFF write-protect
Nov 24 17:17:41 ktalina kernel: [    0.000000]   E8000-EFFFF write-combining
Nov 24 17:17:41 ktalina kernel: [    0.000000]   F0000-FFFFF write-protect
Nov 24 17:17:41 ktalina kernel: [    0.000000] MTRR variable ranges enabled:
Nov 24 17:17:41 ktalina kernel: [    0.000000]   0 base 000000000 mask FC0000000 write-back
Nov 24 17:17:41 ktalina kernel: [    0.000000]   1 base 03B000000 mask FFF000000 uncachable
Nov 24 17:17:41 ktalina kernel: [    0.000000]   2 base 03C000000 mask FFC000000 uncachable
Nov 24 17:17:41 ktalina kernel: [    0.000000]   3 base 0FFC00000 mask FFFC00000 write-protect
Nov 24 17:17:41 ktalina kernel: [    0.000000]   4 base 100000000 mask F00000000 write-back
Nov 24 17:17:41 ktalina kernel: [    0.000000]   5 base 1BF600000 mask FFFE00000 uncachable
Nov 24 17:17:41 ktalina kernel: [    0.000000]   6 base 1BF800000 mask FFF800000 uncachable
Nov 24 17:17:41 ktalina kernel: [    0.000000]   7 base 1C0000000 mask FC0000000 uncachable
Nov 24 17:17:41 ktalina kernel: [    0.000000]   8 disabled
Nov 24 17:17:41 ktalina kernel: [    0.000000]   9 disabled
Nov 24 17:17:41 ktalina kernel: [    0.000000] x86 PAT enabled: cpu 0, old 0x7040600070406, new 0x7010600070106
Nov 24 17:17:41 ktalina kernel: [    0.000000] e820: last_pfn = 0x3b000 max_arch_pfn = 0x400000000
Nov 24 17:17:41 ktalina kernel: [    0.000000] initial memory mapped: [mem 0x00000000-0x1fffffff]
Nov 24 17:17:41 ktalina kernel: [    0.000000] Base memory trampoline at [ffff88000007e000] 7e000 size 24576
Nov 24 17:17:41 ktalina kernel: [    0.000000] reserving inaccessible SNB gfx pages
Nov 24 17:17:41 ktalina kernel: [    0.000000] init_memory_mapping: [mem 0x00000000-0x3affffff]
Nov 24 17:17:41 ktalina kernel: [    0.000000]  [mem 0x00000000-0x3affffff] page 2M
Nov 24 17:17:41 ktalina kernel: [    0.000000] kernel direct mapping tables up to 0x3affffff @ [mem 0x1fffe000-0x1fffffff]
Nov 24 17:17:41 ktalina kernel: [    0.000000] init_memory_mapping: [mem 0x100000000-0x1bf5fffff]
Nov 24 17:17:41 ktalina kernel: [    0.000000]  [mem 0x100000000-0x1bf5fffff] page 2M
Nov 24 17:17:41 ktalina kernel: [    0.000000] kernel direct mapping tables up to 0x1bf5fffff @ [mem 0x3a3f2000-0x3a3f5fff]
Nov 24 17:17:41 ktalina kernel: [    0.000000] RAMDISK: [mem 0x3799a000-0x37becfff]
Nov 24 17:17:41 ktalina kernel: [    0.000000] ACPI: RSDP 000000003affe014 00024 (v02 HPQOEM)
Nov 24 17:17:41 ktalina kernel: [    0.000000] ACPI: XSDT 000000003affe210 000A4 (v01 HPQOEM SLIC-MPC 00000001 HP   01000013)
Nov 24 17:17:41 ktalina kernel: [    0.000000] ACPI: FACP 000000003affb000 0010C (v05 HPQOEM SLIC-MPC 00000001 HP   00040000)
Nov 24 17:17:41 ktalina kernel: [    0.000000] ACPI: DSDT 000000003afe9000 0E884 (v01 HPQOEM INSYDE   00000000 INTL 00040000)
Nov 24 17:17:41 ktalina kernel: [    0.000000] ACPI: FACS 000000003afba000 00040
Nov 24 17:17:41 ktalina kernel: [    0.000000] ACPI: UEFI 000000003affd000 00236 (v01 HPQOEM 1900     00000001 HP   00040000)
Nov 24 17:17:41 ktalina kernel: [    0.000000] ACPI: ASF! 000000003affc000 000A5 (v32 HPQOEM 1900     00000001 HP   00040000)
Nov 24 17:17:41 ktalina kernel: [    0.000000] ACPI: HPET 000000003affa000 00038 (v01 HPQOEM 1900     00000001 HP   00040000)
Nov 24 17:17:41 ktalina kernel: [    0.000000] ACPI: APIC 000000003aff9000 0008C (v03 HPQOEM 1900     00000001 HP   00040000)
Nov 24 17:17:41 ktalina kernel: [    0.000000] ACPI: MCFG 000000003aff8000 0003C (v01 HPQOEM 1900     00000001 HP   00040000)
Nov 24 17:17:41 ktalina kernel: [    0.000000] ACPI: WDAT 000000003afe8000 00224 (v01 HPQOEM 1900     00000001 HP   00040000)
Nov 24 17:17:41 ktalina kernel: [    0.000000] ACPI: SSDT 000000003afe7000 00E21 (v01 HPQOEM INSYDE   00001000 INTL 00040000)
Nov 24 17:17:41 ktalina kernel: [    0.000000] ACPI: BOOT 000000003afe5000 00028 (v01 HPQOEM 1900     00000001 HP   00040000)
Nov 24 17:17:41 ktalina kernel: [    0.000000] ACPI: ASPT 000000003afe3000 00034 (v07 HPQOEM 1900     00000001 HP   00040000)
Nov 24 17:17:41 ktalina kernel: [    0.000000] ACPI: DBGP 000000003afe2000 00034 (v01 HPQOEM 1900     00000001 HP   00040000)
Nov 24 17:17:41 ktalina kernel: [    0.000000] ACPI: FPDT 000000003afe0000 00044 (v01 HPQOEM 1900     00000001 HP   00040000)
Nov 24 17:17:41 ktalina kernel: [    0.000000] ACPI: SSDT 000000003afde000 0079A (v01 HPQOEM INSYDE   00003000 INTL 00040000)
Nov 24 17:17:41 ktalina kernel: [    0.000000] ACPI: SSDT 000000003afdd000 00B22 (v01 HPQOEM INSYDE   00003000 INTL 00040000)
Nov 24 17:17:41 ktalina kernel: [    0.000000] ACPI: UEFI 000000003afdc000 0005C (v01 HPQOEM 1900     00000000 HP   00040000)
Nov 24 17:17:41 ktalina kernel: [    0.000000] ACPI: BGRT 000000003afdb000 00038 (v01 HPQOEM 1900     00000001 HP   00040000)
Nov 24 17:17:41 ktalina kernel: [    0.000000] ACPI: Local APIC address 0xfee00000
Nov 24 17:17:41 ktalina kernel: [    0.000000] No NUMA configuration found
Nov 24 17:17:41 ktalina kernel: [    0.000000] Faking a node at [mem 0x0000000000000000-0x00000001bf5fffff]
Nov 24 17:17:41 ktalina kernel: [    0.000000] Initmem setup node 0 [mem 0x00000000-0x1bf5fffff]
Nov 24 17:17:41 ktalina kernel: [    0.000000]   NODE_DATA [mem 0x1bf5fb000-0x1bf5fffff]
Nov 24 17:17:41 ktalina kernel: [    0.000000]  [ffffea0000000000-ffffea0006ffffff] PMD -> [ffff8801bac00000-ffff8801bebfffff] on node 0
Nov 24 17:17:41 ktalina kernel: [    0.000000] Zone ranges:
Nov 24 17:17:41 ktalina kernel: [    0.000000]   DMA      [mem 0x00010000-0x00ffffff]
Nov 24 17:17:41 ktalina kernel: [    0.000000]   DMA32    [mem 0x01000000-0xffffffff]
Nov 24 17:17:41 ktalina kernel: [    0.000000]   Normal   [mem 0x100000000-0x1bf5fffff]
Nov 24 17:17:41 ktalina kernel: [    0.000000] Movable zone start for each node
Nov 24 17:17:41 ktalina kernel: [    0.000000] Early memory node ranges
Nov 24 17:17:41 ktalina kernel: [    0.000000]   node   0: [mem 0x00010000-0x00087fff]
Nov 24 17:17:41 ktalina kernel: [    0.000000]   node   0: [mem 0x00100000-0x1fffffff]
Nov 24 17:17:41 ktalina kernel: [    0.000000]   node   0: [mem 0x20200000-0x3a7befff]
Nov 24 17:17:41 ktalina kernel: [    0.000000]   node   0: [mem 0x3afff000-0x3affffff]
Nov 24 17:17:41 ktalina kernel: [    0.000000]   node   0: [mem 0x100000000-0x1bf5fffff]
Nov 24 17:17:41 ktalina kernel: [    0.000000] On node 0 totalpages: 1022776
Nov 24 17:17:41 ktalina kernel: [    0.000000]   DMA zone: 64 pages used for memmap
Nov 24 17:17:41 ktalina kernel: [    0.000000]   DMA zone: 120 pages reserved
Nov 24 17:17:41 ktalina kernel: [    0.000000]   DMA zone: 3776 pages, LIFO batch:0
Nov 24 17:17:41 ktalina kernel: [    0.000000]   DMA32 zone: 3671 pages used for memmap
Nov 24 17:17:41 ktalina kernel: [    0.000000]   DMA32 zone: 231273 pages, LIFO batch:31
Nov 24 17:17:41 ktalina kernel: [    0.000000]   Normal zone: 12248 pages used for memmap
Nov 24 17:17:41 ktalina kernel: [    0.000000]   Normal zone: 771624 pages, LIFO batch:31
Nov 24 17:17:41 ktalina kernel: [    0.000000] ACPI: PM-Timer IO Port: 0x408
Nov 24 17:17:41 ktalina kernel: [    0.000000] ACPI: Local APIC address 0xfee00000
Nov 24 17:17:41 ktalina kernel: [    0.000000] ACPI: LAPIC (acpi_id[0x01] lapic_id[0x00] enabled)
Nov 24 17:17:41 ktalina kernel: [    0.000000] ACPI: LAPIC (acpi_id[0x02] lapic_id[0x01] enabled)
Nov 24 17:17:41 ktalina kernel: [    0.000000] ACPI: LAPIC (acpi_id[0x03] lapic_id[0x02] enabled)
Nov 24 17:17:41 ktalina kernel: [    0.000000] ACPI: LAPIC (acpi_id[0x04] lapic_id[0x03] enabled)
Nov 24 17:17:41 ktalina kernel: [    0.000000] ACPI: LAPIC (acpi_id[0x05] lapic_id[0x00] disabled)
Nov 24 17:17:41 ktalina kernel: [    0.000000] ACPI: LAPIC (acpi_id[0x06] lapic_id[0x00] disabled)
Nov 24 17:17:41 ktalina kernel: [    0.000000] ACPI: LAPIC (acpi_id[0x07] lapic_id[0x00] disabled)
Nov 24 17:17:41 ktalina kernel: [    0.000000] ACPI: LAPIC (acpi_id[0x08] lapic_id[0x00] disabled)
Nov 24 17:17:41 ktalina kernel: [    0.000000] ACPI: IOAPIC (id[0x00] address[0xfec00000] gsi_base[0])
Nov 24 17:17:41 ktalina kernel: [    0.000000] IOAPIC[0]: apic_id 0, version 32, address 0xfec00000, GSI 0-23
Nov 24 17:17:41 ktalina kernel: [    0.000000] ACPI: INT_SRC_OVR (bus 0 bus_irq 0 global_irq 2 dfl dfl)
Nov 24 17:17:41 ktalina kernel: [    0.000000] ACPI: INT_SRC_OVR (bus 0 bus_irq 9 global_irq 9 high level)
Nov 24 17:17:41 ktalina kernel: [    0.000000] ACPI: IRQ0 used by override.
Nov 24 17:17:41 ktalina kernel: [    0.000000] ACPI: IRQ2 used by override.
Nov 24 17:17:41 ktalina kernel: [    0.000000] ACPI: IRQ9 used by override.
Nov 24 17:17:41 ktalina kernel: [    0.000000] Using ACPI (MADT) for SMP configuration information
Nov 24 17:17:41 ktalina kernel: [    0.000000] ACPI: HPET id: 0x8086a201 base: 0xfed00000
Nov 24 17:17:41 ktalina kernel: [    0.000000] smpboot: Allowing 8 CPUs, 4 hotplug CPUs
Nov 24 17:17:41 ktalina kernel: [    0.000000] nr_irqs_gsi: 40
Nov 24 17:17:41 ktalina kernel: [    0.000000] PM: Registered nosave memory: 0000000000088000 - 00000000000c0000
Nov 24 17:17:41 ktalina kernel: [    0.000000] PM: Registered nosave memory: 00000000000c0000 - 0000000000100000
Nov 24 17:17:41 ktalina kernel: [    0.000000] PM: Registered nosave memory: 0000000020000000 - 0000000020200000
Nov 24 17:17:41 ktalina kernel: [    0.000000] PM: Registered nosave memory: 000000003a7bf000 - 000000003aebf000
Nov 24 17:17:41 ktalina kernel: [    0.000000] PM: Registered nosave memory: 000000003aebf000 - 000000003afbf000
Nov 24 17:17:41 ktalina kernel: [    0.000000] PM: Registered nosave memory: 000000003afbf000 - 000000003afff000
Nov 24 17:17:41 ktalina kernel: [    0.000000] PM: Registered nosave memory: 000000003b000000 - 000000003fa00000
Nov 24 17:17:41 ktalina kernel: [    0.000000] PM: Registered nosave memory: 000000003fa00000 - 00000000f0000000
Nov 24 17:17:41 ktalina kernel: [    0.000000] PM: Registered nosave memory: 00000000f0000000 - 00000000f4000000
Nov 24 17:17:41 ktalina kernel: [    0.000000] PM: Registered nosave memory: 00000000f4000000 - 00000000feb00000
Nov 24 17:17:41 ktalina kernel: [    0.000000] PM: Registered nosave memory: 00000000feb00000 - 00000000feb04000
Nov 24 17:17:41 ktalina kernel: [    0.000000] PM: Registered nosave memory: 00000000feb04000 - 00000000fec00000
Nov 24 17:17:41 ktalina kernel: [    0.000000] PM: Registered nosave memory: 00000000fec00000 - 00000000fec01000
Nov 24 17:17:41 ktalina kernel: [    0.000000] PM: Registered nosave memory: 00000000fec01000 - 00000000fed10000
Nov 24 17:17:41 ktalina kernel: [    0.000000] PM: Registered nosave memory: 00000000fed10000 - 00000000fed1a000
Nov 24 17:17:41 ktalina kernel: [    0.000000] PM: Registered nosave memory: 00000000fed1a000 - 00000000fed1c000
Nov 24 17:17:41 ktalina kernel: [    0.000000] PM: Registered nosave memory: 00000000fed1c000 - 00000000fed20000
Nov 24 17:17:41 ktalina kernel: [    0.000000] PM: Registered nosave memory: 00000000fed20000 - 00000000fee00000
Nov 24 17:17:41 ktalina kernel: [    0.000000] PM: Registered nosave memory: 00000000fee00000 - 00000000fee01000
Nov 24 17:17:41 ktalina kernel: [    0.000000] PM: Registered nosave memory: 00000000fee01000 - 00000000ffd80000
Nov 24 17:17:41 ktalina kernel: [    0.000000] PM: Registered nosave memory: 00000000ffd80000 - 0000000100000000
Nov 24 17:17:41 ktalina kernel: [    0.000000] e820: [mem 0x3fa00000-0xefffffff] available for PCI devices
Nov 24 17:17:41 ktalina kernel: [    0.000000] Booting paravirtualized kernel on bare hardware
Nov 24 17:17:41 ktalina kernel: [    0.000000] setup_percpu: NR_CPUS:256 nr_cpumask_bits:256 nr_cpu_ids:8 nr_node_ids:1
Nov 24 17:17:41 ktalina kernel: [    0.000000] PERCPU: Embedded 28 pages/cpu @ffff8801bf200000 s85056 r8192 d21440 u262144
Nov 24 17:17:41 ktalina kernel: [    0.000000] pcpu-alloc: s85056 r8192 d21440 u262144 alloc=1*2097152
Nov 24 17:17:41 ktalina kernel: [    0.000000] pcpu-alloc: [0] 0 1 2 3 4 5 6 7 
Nov 24 17:17:41 ktalina kernel: [    0.000000] Built 1 zonelists in Zone order, mobility grouping on.  Total pages: 1006673
Nov 24 17:17:41 ktalina kernel: [    0.000000] Policy zone: Normal
Nov 24 17:17:41 ktalina kernel: [    0.000000] Kernel command line: BOOT_IMAGE=/boot/vmlinuz-3.8.0-30-generic root=UUID=b638beb9-a3e7-4e70-99d0-43dcbabc8bc3 ro
Nov 24 17:17:41 ktalina kernel: [    0.000000] PID hash table entries: 4096 (order: 3, 32768 bytes)
Nov 24 17:17:41 ktalina kernel: [    0.000000] __ex_table already sorted, skipping sort
Nov 24 17:17:41 ktalina kernel: [    0.000000] xsave: enabled xstate_bv 0x7, cntxt size 0x340
Nov 24 17:17:41 ktalina kernel: [    0.000000] Checking aperture...
Nov 24 17:17:41 ktalina kernel: [    0.000000] No AGP bridge found
Nov 24 17:17:41 ktalina kernel: [    0.000000] Calgary: detecting Calgary via BIOS EBDA area
Nov 24 17:17:41 ktalina kernel: [    0.000000] Calgary: Unable to locate Rio Grande table in EBDA - bailing!
Nov 24 17:17:41 ktalina kernel: [    0.000000] Memory: 3888220k/7329792k available (7014k kernel code, 3238688k absent, 202884k reserved, 6229k data, 996k init)
Nov 24 17:17:41 ktalina kernel: [    0.000000] SLUB: Genslabs=15, HWalign=64, Order=0-3, MinObjects=0, CPUs=8, Nodes=1
Nov 24 17:17:41 ktalina kernel: [    0.000000] Hierarchical RCU implementation.
Nov 24 17:17:41 ktalina kernel: [    0.000000] 	RCU dyntick-idle grace-period acceleration is enabled.
Nov 24 17:17:41 ktalina kernel: [    0.000000] 	RCU restricting CPUs from NR_CPUS=256 to nr_cpu_ids=8.
Nov 24 17:17:41 ktalina kernel: [    0.000000] NR_IRQS:16640 nr_irqs:744 16
Nov 24 17:17:41 ktalina kernel: [    0.000000] Console: colour dummy device 80x25
Nov 24 17:17:41 ktalina kernel: [    0.000000] console [tty0] enabled
Nov 24 17:17:41 ktalina kernel: [    0.000000] allocated 16777216 bytes of page_cgroup
Nov 24 17:17:41 ktalina kernel: [    0.000000] please try 'cgroup_disable=memory' option if you don't want memory cgroups
Nov 24 17:17:41 ktalina kernel: [    0.000000] hpet clockevent registered
Nov 24 17:17:41 ktalina kernel: [    0.000000] tsc: Fast TSC calibration using PIT
Nov 24 17:17:41 ktalina kernel: [    0.004000] tsc: Detected 1496.489 MHz processor
Nov 24 17:17:41 ktalina kernel: [    0.000003] Calibrating delay loop (skipped), value calculated using timer frequency.. 2992.97 BogoMIPS (lpj=5985956)
Nov 24 17:17:41 ktalina kernel: [    0.000013] pid_max: default: 32768 minimum: 301
Nov 24 17:17:41 ktalina kernel: [    0.024421] Security Framework initialized
Nov 24 17:17:41 ktalina kernel: [    0.024438] AppArmor: AppArmor initialized
Nov 24 17:17:41 ktalina kernel: [    0.024442] Yama: becoming mindful.
Nov 24 17:17:41 ktalina kernel: [    0.024876] Dentry cache hash table entries: 524288 (order: 10, 4194304 bytes)
Nov 24 17:17:41 ktalina kernel: [    0.026191] Inode-cache hash table entries: 262144 (order: 9, 2097152 bytes)
Nov 24 17:17:41 ktalina kernel: [    0.026740] Mount-cache hash table entries: 256
Nov 24 17:17:41 ktalina kernel: [    0.026973] Initializing cgroup subsys cpuacct
Nov 24 17:17:41 ktalina kernel: [    0.026980] Initializing cgroup subsys memory
Nov 24 17:17:41 ktalina kernel: [    0.026990] Initializing cgroup subsys devices
Nov 24 17:17:41 ktalina kernel: [    0.026995] Initializing cgroup subsys freezer
Nov 24 17:17:41 ktalina kernel: [    0.026999] Initializing cgroup subsys blkio
Nov 24 17:17:41 ktalina kernel: [    0.027004] Initializing cgroup subsys perf_event
Nov 24 17:17:41 ktalina kernel: [    0.027009] Initializing cgroup subsys hugetlb
Nov 24 17:17:41 ktalina kernel: [    0.027044] CPU: Physical Processor ID: 0
Nov 24 17:17:41 ktalina kernel: [    0.027048] CPU: Processor Core ID: 0
Nov 24 17:17:41 ktalina kernel: [    0.027056] ENERGY_PERF_BIAS: Set to 'normal', was 'performance'
Nov 24 17:17:41 ktalina kernel: [    0.027056] ENERGY_PERF_BIAS: View and update with x86_energy_perf_policy(8)
Nov 24 17:17:41 ktalina kernel: [    0.027066] mce: CPU supports 7 MCE banks
Nov 24 17:17:41 ktalina kernel: [    0.027084] CPU0: Thermal monitoring enabled (TM1)
Nov 24 17:17:41 ktalina kernel: [    0.027097] process: using mwait in idle threads
Nov 24 17:17:41 ktalina kernel: [    0.027105] Last level iTLB entries: 4KB 512, 2MB 0, 4MB 0
Nov 24 17:17:41 ktalina kernel: [    0.027105] Last level dTLB entries: 4KB 512, 2MB 32, 4MB 32
Nov 24 17:17:41 ktalina kernel: [    0.027105] tlb_flushall_shift: 5
Nov 24 17:17:41 ktalina kernel: [    0.027322] Freeing SMP alternatives: 24k freed
Nov 24 17:17:41 ktalina kernel: [    0.031255] ACPI: Core revision 20121018
Nov 24 17:17:41 ktalina kernel: [    0.057454] ftrace: allocating 26715 entries in 105 pages
Nov 24 17:17:41 ktalina kernel: [    0.079121] ..TIMER: vector=0x30 apic1=0 pin1=2 apic2=-1 pin2=-1
Nov 24 17:17:41 ktalina kernel: [    0.118798] smpboot: CPU0: Intel(R) Core(TM) i3-2375M CPU @ 1.50GHz (fam: 06, model: 2a, stepping: 07)
Nov 24 17:17:41 ktalina kernel: [    0.118813] TSC deadline timer enabled
Nov 24 17:17:41 ktalina kernel: [    0.118818] Performance Events: PEBS fmt1+, 16-deep LBR, SandyBridge events, Intel PMU driver.
Nov 24 17:17:41 ktalina kernel: [    0.118832] ... version:                3
Nov 24 17:17:41 ktalina kernel: [    0.118836] ... bit width:              48
Nov 24 17:17:41 ktalina kernel: [    0.118839] ... generic registers:      4
Nov 24 17:17:41 ktalina kernel: [    0.118842] ... value mask:             0000ffffffffffff
Nov 24 17:17:41 ktalina kernel: [    0.118846] ... max period:             000000007fffffff
Nov 24 17:17:41 ktalina kernel: [    0.118849] ... fixed-purpose events:   3
Nov 24 17:17:41 ktalina kernel: [    0.118853] ... event mask:             000000070000000f
Nov 24 17:17:41 ktalina kernel: [    0.133626] NMI watchdog: enabled on all CPUs, permanently consumes one hw-PMU counter.
Nov 24 17:17:41 ktalina kernel: [    0.120304] smpboot: Booting Node   0, Processors  #1 #2 #3
Nov 24 17:17:41 ktalina kernel: [    0.160152] Brought up 4 CPUs
Nov 24 17:17:41 ktalina kernel: [    0.160161] smpboot: Total of 4 processors activated (11971.91 BogoMIPS)
Nov 24 17:17:41 ktalina kernel: [    0.164960] devtmpfs: initialized
Nov 24 17:17:41 ktalina kernel: [    0.166138] EVM: security.selinux
Nov 24 17:17:41 ktalina kernel: [    0.166142] EVM: security.SMACK64
Nov 24 17:17:41 ktalina kernel: [    0.166145] EVM: security.capability
Nov 24 17:17:41 ktalina kernel: [    0.166198] PM: Registering ACPI NVS region [mem 0x3aebf000-0x3afbefff] (1048576 bytes)
Nov 24 17:17:41 ktalina kernel: [    0.167313] regulator-dummy: no parameters
Nov 24 17:17:41 ktalina kernel: [    0.167380] NET: Registered protocol family 16
Nov 24 17:17:41 ktalina kernel: [    0.167552] ACPI FADT declares the system doesn't support PCIe ASPM, so disable it
Nov 24 17:17:41 ktalina kernel: [    0.167559] ACPI: bus type pci registered
Nov 24 17:17:41 ktalina kernel: [    0.167645] PCI: MMCONFIG for domain 0000 [bus 00-3f] at [mem 0xf0000000-0xf3ffffff] (base 0xf0000000)
Nov 24 17:17:41 ktalina kernel: [    0.167653] PCI: MMCONFIG at [mem 0xf0000000-0xf3ffffff] reserved in E820
Nov 24 17:17:41 ktalina kernel: [    0.176061] PCI: Using configuration type 1 for base access
Nov 24 17:17:41 ktalina kernel: [    0.177248] bio: create slab <bio-0> at 0
Nov 24 17:17:41 ktalina kernel: [    0.177363] ACPI: Added _OSI(Module Device)
Nov 24 17:17:41 ktalina kernel: [    0.177368] ACPI: Added _OSI(Processor Device)
Nov 24 17:17:41 ktalina kernel: [    0.177372] ACPI: Added _OSI(3.0 _SCP Extensions)
Nov 24 17:17:41 ktalina kernel: [    0.177376] ACPI: Added _OSI(Processor Aggregator Device)
Nov 24 17:17:41 ktalina kernel: [    0.179585] ACPI: EC: Look up EC in DSDT
Nov 24 17:17:41 ktalina kernel: [    0.181748] ACPI: Executed 1 blocks of module-level executable AML code
Nov 24 17:17:41 ktalina kernel: [    0.192782] [Firmware Bug]: ACPI: BIOS _OSI(Linux) query ignored
Nov 24 17:17:41 ktalina kernel: [    0.193445] ACPI: SSDT 000000003ae19018 0083B (v01  PmRef  Cpu0Cst 00003001 INTL 20111123)
Nov 24 17:17:41 ktalina kernel: [    0.194024] ACPI: Dynamic OEM Table Load:
Nov 24 17:17:41 ktalina kernel: [    0.194030] ACPI: SSDT           (null) 0083B (v01  PmRef  Cpu0Cst 00003001 INTL 20111123)
Nov 24 17:17:41 ktalina kernel: [    0.194467] ACPI: SSDT 000000003ae5ba98 00303 (v01  PmRef    ApIst 00003000 INTL 20111123)
Nov 24 17:17:41 ktalina kernel: [    0.195099] ACPI: Dynamic OEM Table Load:
Nov 24 17:17:41 ktalina kernel: [    0.195105] ACPI: SSDT           (null) 00303 (v01  PmRef    ApIst 00003000 INTL 20111123)
Nov 24 17:17:41 ktalina kernel: [    0.207080] ACPI: SSDT 000000003ae18d98 00119 (v01  PmRef    ApCst 00003000 INTL 20111123)
Nov 24 17:17:41 ktalina kernel: [    0.207651] ACPI: Dynamic OEM Table Load:
Nov 24 17:17:41 ktalina kernel: [    0.207656] ACPI: SSDT           (null) 00119 (v01  PmRef    ApCst 00003000 INTL 20111123)
Nov 24 17:17:41 ktalina kernel: [    0.337537] ACPI: Interpreter enabled
Nov 24 17:17:41 ktalina kernel: [    0.337546] ACPI: (supports S0 S3 S4 S5)
Nov 24 17:17:41 ktalina kernel: [    0.337579] ACPI: Using IOAPIC for interrupt routing
Nov 24 17:17:41 ktalina kernel: [    0.343219] ACPI: EC: GPE = 0x1d, I/O: command/status = 0x66, data = 0x62
Nov 24 17:17:41 ktalina kernel: [    0.343375] ACPI: No dock devices found.
Nov 24 17:17:41 ktalina kernel: [    0.343382] PCI: Using host bridge windows from ACPI; if necessary, use "pci=nocrs" and report a bug
Nov 24 17:17:41 ktalina kernel: [    0.343618] ACPI: PCI Root Bridge [PCI0] (domain 0000 [bus 00-3e])
Nov 24 17:17:41 ktalina kernel: [    0.343625] ACPI: PCI Interrupt Routing Table [\_SB_.PCI0._PRT]
Nov 24 17:17:41 ktalina kernel: [    0.343923] \_SB_.PCI0:_OSC invalid UUID
Nov 24 17:17:41 ktalina kernel: [    0.343925] _OSC request data:1 8 0 
Nov 24 17:17:41 ktalina kernel: [    0.344357] PCI host bridge to bus 0000:00
Nov 24 17:17:41 ktalina kernel: [    0.344365] pci_bus 0000:00: root bus resource [bus 00-3e]
Nov 24 17:17:41 ktalina kernel: [    0.344370] pci_bus 0000:00: root bus resource [io  0x0000-0x0cf7]
Nov 24 17:17:41 ktalina kernel: [    0.344375] pci_bus 0000:00: root bus resource [io  0x0d00-0xffff]
Nov 24 17:17:41 ktalina kernel: [    0.344380] pci_bus 0000:00: root bus resource [mem 0x000a0000-0x000bffff]
Nov 24 17:17:41 ktalina kernel: [    0.344385] pci_bus 0000:00: root bus resource [mem 0x000c0000-0x000c3fff]
Nov 24 17:17:41 ktalina kernel: [    0.344390] pci_bus 0000:00: root bus resource [mem 0x000c4000-0x000c7fff]
Nov 24 17:17:41 ktalina kernel: [    0.344395] pci_bus 0000:00: root bus resource [mem 0x000c8000-0x000cbfff]
Nov 24 17:17:41 ktalina kernel: [    0.344400] pci_bus 0000:00: root bus resource [mem 0x000cc000-0x000cffff]
Nov 24 17:17:41 ktalina kernel: [    0.344405] pci_bus 0000:00: root bus resource [mem 0x000d0000-0x000d3fff]
Nov 24 17:17:41 ktalina kernel: [    0.344409] pci_bus 0000:00: root bus resource [mem 0x000d4000-0x000d7fff]
Nov 24 17:17:41 ktalina kernel: [    0.344414] pci_bus 0000:00: root bus resource [mem 0x000d8000-0x000dbfff]
Nov 24 17:17:41 ktalina kernel: [    0.344419] pci_bus 0000:00: root bus resource [mem 0x000dc000-0x000dffff]
Nov 24 17:17:41 ktalina kernel: [    0.344424] pci_bus 0000:00: root bus resource [mem 0x000e0000-0x000e3fff]
Nov 24 17:17:41 ktalina kernel: [    0.344429] pci_bus 0000:00: root bus resource [mem 0x000e4000-0x000e7fff]
Nov 24 17:17:41 ktalina kernel: [    0.344434] pci_bus 0000:00: root bus resource [mem 0x000e8000-0x000ebfff]
Nov 24 17:17:41 ktalina kernel: [    0.344439] pci_bus 0000:00: root bus resource [mem 0x000ec000-0x000effff]
Nov 24 17:17:41 ktalina kernel: [    0.344444] pci_bus 0000:00: root bus resource [mem 0x000f0000-0x000fffff]
Nov 24 17:17:41 ktalina kernel: [    0.344449] pci_bus 0000:00: root bus resource [mem 0x3fa00000-0xfeafffff]
Nov 24 17:17:41 ktalina kernel: [    0.344463] pci 0000:00:00.0: [8086:0104] type 00 class 0x060000
Nov 24 17:17:41 ktalina kernel: [    0.344517] pci 0000:00:02.0: [8086:0116] type 00 class 0x030000
Nov 24 17:17:41 ktalina kernel: [    0.344533] pci 0000:00:02.0: reg 10: [mem 0x52000000-0x523fffff 64bit]
Nov 24 17:17:41 ktalina kernel: [    0.344543] pci 0000:00:02.0: reg 18: [mem 0x40000000-0x4fffffff 64bit pref]
Nov 24 17:17:41 ktalina kernel: [    0.344550] pci 0000:00:02.0: reg 20: [io  0x4000-0x403f]
Nov 24 17:17:41 ktalina kernel: [    0.344637] pci 0000:00:14.0: [8086:1e31] type 00 class 0x0c0330
Nov 24 17:17:41 ktalina kernel: [    0.344677] pci 0000:00:14.0: reg 10: [mem 0x52600000-0x5260ffff 64bit]
Nov 24 17:17:41 ktalina kernel: [    0.344810] pci 0000:00:14.0: PME# supported from D3hot D3cold
Nov 24 17:17:41 ktalina kernel: [    0.344851] pci 0000:00:16.0: [8086:1e3a] type 00 class 0x078000
Nov 24 17:17:41 ktalina kernel: [    0.344888] pci 0000:00:16.0: reg 10: [mem 0x52614000-0x5261400f 64bit]
Nov 24 17:17:41 ktalina kernel: [    0.345016] pci 0000:00:16.0: PME# supported from D0 D3hot D3cold
Nov 24 17:17:41 ktalina kernel: [    0.345077] pci 0000:00:1a.0: [8086:1e2d] type 00 class 0x0c0320
Nov 24 17:17:41 ktalina kernel: [    0.345110] pci 0000:00:1a.0: reg 10: [mem 0x52619000-0x526193ff]
Nov 24 17:17:41 ktalina kernel: [    0.345258] pci 0000:00:1a.0: PME# supported from D0 D3hot D3cold
Nov 24 17:17:41 ktalina kernel: [    0.345305] pci 0000:00:1b.0: [8086:1e20] type 00 class 0x040300
Nov 24 17:17:41 ktalina kernel: [    0.345335] pci 0000:00:1b.0: reg 10: [mem 0x52610000-0x52613fff 64bit]
Nov 24 17:17:41 ktalina kernel: [    0.345470] pci 0000:00:1b.0: PME# supported from D0 D3hot D3cold
Nov 24 17:17:41 ktalina kernel: [    0.345510] pci 0000:00:1c.0: [8086:1e10] type 01 class 0x060400
Nov 24 17:17:41 ktalina kernel: [    0.345650] pci 0000:00:1c.0: PME# supported from D0 D3hot D3cold
Nov 24 17:17:41 ktalina kernel: [    0.345694] pci 0000:00:1c.1: [8086:1e12] type 01 class 0x060400
Nov 24 17:17:41 ktalina kernel: [    0.345837] pci 0000:00:1c.1: PME# supported from D0 D3hot D3cold
Nov 24 17:17:41 ktalina kernel: [    0.345880] pci 0000:00:1c.2: [8086:1e14] type 01 class 0x060400
Nov 24 17:17:41 ktalina kernel: [    0.346023] pci 0000:00:1c.2: PME# supported from D0 D3hot D3cold
Nov 24 17:17:41 ktalina kernel: [    0.346083] pci 0000:00:1d.0: [8086:1e26] type 00 class 0x0c0320
Nov 24 17:17:41 ktalina kernel: [    0.346117] pci 0000:00:1d.0: reg 10: [mem 0x52618000-0x526183ff]
Nov 24 17:17:41 ktalina kernel: [    0.346270] pci 0000:00:1d.0: PME# supported from D0 D3hot D3cold
Nov 24 17:17:41 ktalina kernel: [    0.346310] pci 0000:00:1f.0: [8086:1e57] type 00 class 0x060100
Nov 24 17:17:41 ktalina kernel: [    0.346506] pci 0000:00:1f.2: [8086:282a] type 00 class 0x010400
Nov 24 17:17:41 ktalina kernel: [    0.346545] pci 0000:00:1f.2: reg 10: [io  0x4088-0x408f]
Nov 24 17:17:41 ktalina kernel: [    0.346560] pci 0000:00:1f.2: reg 14: [io  0x4094-0x4097]
Nov 24 17:17:41 ktalina kernel: [    0.346576] pci 0000:00:1f.2: reg 18: [io  0x4080-0x4087]
Nov 24 17:17:41 ktalina kernel: [    0.346591] pci 0000:00:1f.2: reg 1c: [io  0x4090-0x4093]
Nov 24 17:17:41 ktalina kernel: [    0.346607] pci 0000:00:1f.2: reg 20: [io  0x4060-0x407f]
Nov 24 17:17:41 ktalina kernel: [    0.346624] pci 0000:00:1f.2: reg 24: [mem 0x52617000-0x526177ff]
Nov 24 17:17:41 ktalina kernel: [    0.346723] pci 0000:00:1f.2: PME# supported from D3hot
Nov 24 17:17:41 ktalina kernel: [    0.346756] pci 0000:00:1f.3: [8086:1e22] type 00 class 0x0c0500
Nov 24 17:17:41 ktalina kernel: [    0.346785] pci 0000:00:1f.3: reg 10: [mem 0x52615000-0x526150ff 64bit]
Nov 24 17:17:41 ktalina kernel: [    0.346827] pci 0000:00:1f.3: reg 20: [io  0x4040-0x405f]
Nov 24 17:17:41 ktalina kernel: [    0.347005] pci 0000:01:00.0: [168c:0036] type 00 class 0x028000
Nov 24 17:17:41 ktalina kernel: [    0.347066] pci 0000:01:00.0: reg 10: [mem 0x52500000-0x5257ffff 64bit]
Nov 24 17:17:41 ktalina kernel: [    0.347198] pci 0000:01:00.0: reg 30: [mem 0xffff0000-0xffffffff pref]
Nov 24 17:17:41 ktalina kernel: [    0.347333] pci 0000:01:00.0: supports D1 D2
Nov 24 17:17:41 ktalina kernel: [    0.347336] pci 0000:01:00.0: PME# supported from D0 D1 D2 D3hot D3cold
Nov 24 17:17:41 ktalina kernel: [    0.352781] pci 0000:00:1c.0: PCI bridge to [bus 01]
Nov 24 17:17:41 ktalina kernel: [    0.352809] pci 0000:00:1c.0:   bridge window [mem 0x52500000-0x525fffff]
Nov 24 17:17:41 ktalina kernel: [    0.352928] pci 0000:02:00.0: [10ec:8136] type 00 class 0x020000
Nov 24 17:17:41 ktalina kernel: [    0.352956] pci 0000:02:00.0: reg 10: [io  0x3000-0x30ff]
Nov 24 17:17:41 ktalina kernel: [    0.353004] pci 0000:02:00.0: reg 18: [mem 0x52404000-0x52404fff 64bit pref]
Nov 24 17:17:41 ktalina kernel: [    0.353035] pci 0000:02:00.0: reg 20: [mem 0x52400000-0x52403fff 64bit pref]
Nov 24 17:17:41 ktalina kernel: [    0.353164] pci 0000:02:00.0: supports D1 D2
Nov 24 17:17:41 ktalina kernel: [    0.353167] pci 0000:02:00.0: PME# supported from D0 D1 D2 D3hot D3cold
Nov 24 17:17:41 ktalina kernel: [    0.360777] pci 0000:00:1c.1: PCI bridge to [bus 02]
Nov 24 17:17:41 ktalina kernel: [    0.360792] pci 0000:00:1c.1:   bridge window [io  0x3000-0x3fff]
Nov 24 17:17:41 ktalina kernel: [    0.360811] pci 0000:00:1c.1:   bridge window [mem 0x52400000-0x524fffff]
Nov 24 17:17:41 ktalina kernel: [    0.360993] pci 0000:03:00.0: [10ec:5229] type 00 class 0xff0000
Nov 24 17:17:41 ktalina kernel: [    0.361058] pci 0000:03:00.0: reg 10: [mem 0x51000000-0x51000fff]
Nov 24 17:17:41 ktalina kernel: [    0.361556] pci 0000:03:00.0: supports D1 D2
Nov 24 17:17:41 ktalina kernel: [    0.361559] pci 0000:03:00.0: PME# supported from D1 D2 D3hot
Nov 24 17:17:41 ktalina kernel: [    0.368825] pci 0000:00:1c.2: PCI bridge to [bus 03-08]
Nov 24 17:17:41 ktalina kernel: [    0.368834] pci 0000:00:1c.2:   bridge window [io  0x2000-0x2fff]
Nov 24 17:17:41 ktalina kernel: [    0.368841] pci 0000:00:1c.2:   bridge window [mem 0x51000000-0x51ffffff]
Nov 24 17:17:41 ktalina kernel: [    0.368851] pci 0000:00:1c.2:   bridge window [mem 0x50000000-0x50ffffff 64bit pref]
Nov 24 17:17:41 ktalina kernel: [    0.368919] ACPI: PCI Interrupt Routing Table [\_SB_.PCI0.RP01._PRT]
Nov 24 17:17:41 ktalina kernel: [    0.368961] ACPI: PCI Interrupt Routing Table [\_SB_.PCI0.RP02._PRT]
Nov 24 17:17:41 ktalina kernel: [    0.369002] ACPI: PCI Interrupt Routing Table [\_SB_.PCI0.RP03._PRT]
Nov 24 17:17:41 ktalina kernel: [    0.369119] \_SB_.PCI0:_OSC invalid UUID
Nov 24 17:17:41 ktalina kernel: [    0.369121] _OSC request data:1 1f 0 
Nov 24 17:17:41 ktalina kernel: [    0.369126]  pci0000:00: ACPI _OSC support notification failed, disabling PCIe ASPM
Nov 24 17:17:41 ktalina kernel: [    0.369132]  pci0000:00: Unable to request _OSC control (_OSC support mask: 0x08)
Nov 24 17:17:41 ktalina kernel: [    0.369912] ACPI: PCI Interrupt Link [LNKA] (IRQs 1 3 4 5 6 10 11 12 14 15) *0, disabled.
Nov 24 17:17:41 ktalina kernel: [    0.369981] ACPI: PCI Interrupt Link [LNKB] (IRQs 1 3 4 5 6 10 11 12 14 15) *0, disabled.
Nov 24 17:17:41 ktalina kernel: [    0.370046] ACPI: PCI Interrupt Link [LNKC] (IRQs 1 3 4 5 6 10 11 12 14 15) *0, disabled.
Nov 24 17:17:41 ktalina kernel: [    0.370113] ACPI: PCI Interrupt Link [LNKD] (IRQs 1 3 4 5 6 10 11 12 14 15) *0, disabled.
Nov 24 17:17:41 ktalina kernel: [    0.370178] ACPI: PCI Interrupt Link [LNKE] (IRQs 1 3 4 5 6 10 11 12 14 15) *0, disabled.
Nov 24 17:17:41 ktalina kernel: [    0.370242] ACPI: PCI Interrupt Link [LNKF] (IRQs 1 3 4 5 6 10 11 12 14 15) *0, disabled.
Nov 24 17:17:41 ktalina kernel: [    0.370306] ACPI: PCI Interrupt Link [LNKG] (IRQs 1 3 4 5 6 10 11 12 14 15) *0, disabled.
Nov 24 17:17:41 ktalina kernel: [    0.370371] ACPI: PCI Interrupt Link [LNKH] (IRQs 1 3 4 5 6 10 11 12 14 15) *0, disabled.
Nov 24 17:17:41 ktalina kernel: [    0.370507] vgaarb: device added: PCI:0000:00:02.0,decodes=io+mem,owns=io+mem,locks=none
Nov 24 17:17:41 ktalina kernel: [    0.370516] vgaarb: loaded
Nov 24 17:17:41 ktalina kernel: [    0.370519] vgaarb: bridge control possible 0000:00:02.0
Nov 24 17:17:41 ktalina kernel: [    0.370730] SCSI subsystem initialized
Nov 24 17:17:41 ktalina kernel: [    0.370735] ACPI: bus type scsi registered
Nov 24 17:17:41 ktalina kernel: [    0.370788] libata version 3.00 loaded.
Nov 24 17:17:41 ktalina kernel: [    0.370812] ACPI: bus type usb registered
Nov 24 17:17:41 ktalina kernel: [    0.370833] usbcore: registered new interface driver usbfs
Nov 24 17:17:41 ktalina kernel: [    0.370846] usbcore: registered new interface driver hub
Nov 24 17:17:41 ktalina kernel: [    0.370875] usbcore: registered new device driver usb
Nov 24 17:17:41 ktalina kernel: [    0.370984] PCI: Using ACPI for IRQ routing
Nov 24 17:17:41 ktalina kernel: [    0.373767] PCI: pci_cache_line_size set to 64 bytes
Nov 24 17:17:41 ktalina kernel: [    0.373899] e820: reserve RAM buffer [mem 0x00088000-0x0008ffff]
Nov 24 17:17:41 ktalina kernel: [    0.373902] e820: reserve RAM buffer [mem 0x3a7bf000-0x3bffffff]
Nov 24 17:17:41 ktalina kernel: [    0.373904] e820: reserve RAM buffer [mem 0x3b000000-0x3bffffff]
Nov 24 17:17:41 ktalina kernel: [    0.373907] e820: reserve RAM buffer [mem 0x1bf600000-0x1bfffffff]
Nov 24 17:17:41 ktalina kernel: [    0.374013] NetLabel: Initializing
Nov 24 17:17:41 ktalina kernel: [    0.374017] NetLabel:  domain hash size = 128
Nov 24 17:17:41 ktalina kernel: [    0.374020] NetLabel:  protocols = UNLABELED CIPSOv4
Nov 24 17:17:41 ktalina kernel: [    0.374035] NetLabel:  unlabeled traffic allowed by default
Nov 24 17:17:41 ktalina kernel: [    0.374099] hpet0: at MMIO 0xfed00000, IRQs 2, 8, 0, 0, 0, 0, 0, 0
Nov 24 17:17:41 ktalina kernel: [    0.374111] hpet0: 8 comparators, 64-bit 14.318180 MHz counter
Nov 24 17:17:41 ktalina kernel: [    0.376125] Switching to clocksource hpet
Nov 24 17:17:41 ktalina kernel: [    0.383022] AppArmor: AppArmor Filesystem Enabled
Nov 24 17:17:41 ktalina kernel: [    0.383058] pnp: PnP ACPI init
Nov 24 17:17:41 ktalina kernel: [    0.383074] ACPI: bus type pnp registered
Nov 24 17:17:41 ktalina kernel: [    0.383407] pnp 00:00: [dma 4]
Nov 24 17:17:41 ktalina kernel: [    0.383434] pnp 00:00: Plug and Play ACPI device, IDs PNP0200 (active)
Nov 24 17:17:41 ktalina kernel: [    0.383466] pnp 00:01: Plug and Play ACPI device, IDs INT0800 (active)
Nov 24 17:17:41 ktalina kernel: [    0.383594] pnp 00:02: Plug and Play ACPI device, IDs PNP0103 (active)
Nov 24 17:17:41 ktalina kernel: [    0.383632] pnp 00:03: Plug and Play ACPI device, IDs PNP0c04 (active)
Nov 24 17:17:41 ktalina kernel: [    0.383692] system 00:04: [io  0x0680-0x069f] has been reserved
Nov 24 17:17:41 ktalina kernel: [    0.383698] system 00:04: [io  0x1000-0x100f] has been reserved
Nov 24 17:17:41 ktalina kernel: [    0.383704] system 00:04: [io  0xffff] has been reserved
Nov 24 17:17:41 ktalina kernel: [    0.383711] system 00:04: [io  0xffff] has been reserved
Nov 24 17:17:41 ktalina kernel: [    0.383716] system 00:04: [io  0x0400-0x0453] has been reserved
Nov 24 17:17:41 ktalina kernel: [    0.383721] system 00:04: [io  0x0458-0x047f] has been reserved
Nov 24 17:17:41 ktalina kernel: [    0.383726] system 00:04: [io  0x0500-0x057f] has been reserved
Nov 24 17:17:41 ktalina kernel: [    0.383731] system 00:04: [io  0x164e-0x164f] has been reserved
Nov 24 17:17:41 ktalina kernel: [    0.383736] system 00:04: [io  0x0454-0x0457] has been reserved
Nov 24 17:17:41 ktalina kernel: [    0.383741] system 00:04: [io  0x0380-0x0387] has been reserved
Nov 24 17:17:41 ktalina kernel: [    0.383747] system 00:04: Plug and Play ACPI device, IDs PNP0c02 (active)
Nov 24 17:17:41 ktalina kernel: [    0.383778] pnp 00:05: Plug and Play ACPI device, IDs PNP0b00 (active)
Nov 24 17:17:41 ktalina kernel: [    0.383827] pnp 00:06: Plug and Play ACPI device, IDs HPQ8001 PNP0303 (active)
Nov 24 17:17:41 ktalina kernel: [    0.383872] pnp 00:07: Plug and Play ACPI device, IDs SYN1e83 SYN1e00 SYN0002 PNP0f13 (active)
Nov 24 17:17:41 ktalina kernel: [    0.383930] pnp 00:08: Plug and Play ACPI device, IDs HPQ0004 (active)
Nov 24 17:17:41 ktalina kernel: [    0.384240] system 00:09: [mem 0xfed1c000-0xfed1ffff] has been reserved
Nov 24 17:17:41 ktalina kernel: [    0.384247] system 00:09: [mem 0xfed10000-0xfed17fff] has been reserved
Nov 24 17:17:41 ktalina kernel: [    0.384252] system 00:09: [mem 0xfed18000-0xfed18fff] has been reserved
Nov 24 17:17:41 ktalina kernel: [    0.384257] system 00:09: [mem 0xfed19000-0xfed19fff] has been reserved
Nov 24 17:17:41 ktalina kernel: [    0.384263] system 00:09: [mem 0xf0000000-0xf3ffffff] has been reserved
Nov 24 17:17:41 ktalina kernel: [    0.384268] system 00:09: [mem 0xfed20000-0xfed3ffff] has been reserved
Nov 24 17:17:41 ktalina kernel: [    0.384273] system 00:09: [mem 0xfed90000-0xfed93fff] has been reserved
Nov 24 17:17:41 ktalina kernel: [    0.384279] system 00:09: [mem 0xff000000-0xffffffff] could not be reserved
Nov 24 17:17:41 ktalina kernel: [    0.384285] system 00:09: [mem 0xfee00000-0xfeefffff] could not be reserved
Nov 24 17:17:41 ktalina kernel: [    0.384290] system 00:09: [mem 0x3fa00000-0x3fa00fff] has been reserved
Nov 24 17:17:41 ktalina kernel: [    0.384296] system 00:09: Plug and Play ACPI device, IDs PNP0c02 (active)
Nov 24 17:17:41 ktalina kernel: [    0.384546] pnp 00:0a: disabling [mem 0x40000000-0x401fffff] because it overlaps 0000:00:02.0 BAR 2 [mem 0x40000000-0x4fffffff 64bit pref]
Nov 24 17:17:41 ktalina kernel: [    0.384584] system 00:0a: [mem 0x20000000-0x201fffff] has been reserved
Nov 24 17:17:41 ktalina kernel: [    0.384591] system 00:0a: Plug and Play ACPI device, IDs PNP0c01 (active)
Nov 24 17:17:41 ktalina kernel: [    0.384616] pnp: PnP ACPI: found 11 devices
Nov 24 17:17:41 ktalina kernel: [    0.384620] ACPI: ACPI bus type pnp unregistered
Nov 24 17:17:41 ktalina kernel: [    0.391477] pci 0000:01:00.0: no compatible bridge window for [mem 0xffff0000-0xffffffff pref]
Nov 24 17:17:41 ktalina kernel: [    0.391537] pci 0000:00:1c.0: BAR 15: assigned [mem 0x3fb00000-0x3fbfffff pref]
Nov 24 17:17:41 ktalina kernel: [    0.391544] pci 0000:01:00.0: BAR 6: assigned [mem 0x3fb00000-0x3fb0ffff pref]
Nov 24 17:17:41 ktalina kernel: [    0.391551] pci 0000:00:1c.0: PCI bridge to [bus 01]
Nov 24 17:17:41 ktalina kernel: [    0.391562] pci 0000:00:1c.0:   bridge window [mem 0x52500000-0x525fffff]
Nov 24 17:17:41 ktalina kernel: [    0.391571] pci 0000:00:1c.0:   bridge window [mem 0x3fb00000-0x3fbfffff pref]
Nov 24 17:17:41 ktalina kernel: [    0.391585] pci 0000:00:1c.1: PCI bridge to [bus 02]
Nov 24 17:17:41 ktalina kernel: [    0.391591] pci 0000:00:1c.1:   bridge window [io  0x3000-0x3fff]
Nov 24 17:17:41 ktalina kernel: [    0.391602] pci 0000:00:1c.1:   bridge window [mem 0x52400000-0x524fffff]
Nov 24 17:17:41 ktalina kernel: [    0.391618] pci 0000:00:1c.2: PCI bridge to [bus 03-08]
Nov 24 17:17:41 ktalina kernel: [    0.391625] pci 0000:00:1c.2:   bridge window [io  0x2000-0x2fff]
Nov 24 17:17:41 ktalina kernel: [    0.391635] pci 0000:00:1c.2:   bridge window [mem 0x51000000-0x51ffffff]
Nov 24 17:17:41 ktalina kernel: [    0.391645] pci 0000:00:1c.2:   bridge window [mem 0x50000000-0x50ffffff 64bit pref]
Nov 24 17:17:41 ktalina kernel: [    0.391695] pci_bus 0000:00: resource 4 [io  0x0000-0x0cf7]
Nov 24 17:17:41 ktalina kernel: [    0.391698] pci_bus 0000:00: resource 5 [io  0x0d00-0xffff]
Nov 24 17:17:41 ktalina kernel: [    0.391701] pci_bus 0000:00: resource 6 [mem 0x000a0000-0x000bffff]
Nov 24 17:17:41 ktalina kernel: [    0.391704] pci_bus 0000:00: resource 7 [mem 0x000c0000-0x000c3fff]
Nov 24 17:17:41 ktalina kernel: [    0.391707] pci_bus 0000:00: resource 8 [mem 0x000c4000-0x000c7fff]
Nov 24 17:17:41 ktalina kernel: [    0.391709] pci_bus 0000:00: resource 9 [mem 0x000c8000-0x000cbfff]
Nov 24 17:17:41 ktalina kernel: [    0.391712] pci_bus 0000:00: resource 10 [mem 0x000cc000-0x000cffff]
Nov 24 17:17:41 ktalina kernel: [    0.391714] pci_bus 0000:00: resource 11 [mem 0x000d0000-0x000d3fff]
Nov 24 17:17:41 ktalina kernel: [    0.391717] pci_bus 0000:00: resource 12 [mem 0x000d4000-0x000d7fff]
Nov 24 17:17:41 ktalina kernel: [    0.391720] pci_bus 0000:00: resource 13 [mem 0x000d8000-0x000dbfff]
Nov 24 17:17:41 ktalina kernel: [    0.391722] pci_bus 0000:00: resource 14 [mem 0x000dc000-0x000dffff]
Nov 24 17:17:41 ktalina kernel: [    0.391725] pci_bus 0000:00: resource 15 [mem 0x000e0000-0x000e3fff]
Nov 24 17:17:41 ktalina kernel: [    0.391728] pci_bus 0000:00: resource 16 [mem 0x000e4000-0x000e7fff]
Nov 24 17:17:41 ktalina kernel: [    0.391730] pci_bus 0000:00: resource 17 [mem 0x000e8000-0x000ebfff]
Nov 24 17:17:41 ktalina kernel: [    0.391733] pci_bus 0000:00: resource 18 [mem 0x000ec000-0x000effff]
Nov 24 17:17:41 ktalina kernel: [    0.391735] pci_bus 0000:00: resource 19 [mem 0x000f0000-0x000fffff]
Nov 24 17:17:41 ktalina kernel: [    0.391738] pci_bus 0000:00: resource 20 [mem 0x3fa00000-0xfeafffff]
Nov 24 17:17:41 ktalina kernel: [    0.391741] pci_bus 0000:01: resource 1 [mem 0x52500000-0x525fffff]
Nov 24 17:17:41 ktalina kernel: [    0.391744] pci_bus 0000:01: resource 2 [mem 0x3fb00000-0x3fbfffff pref]
Nov 24 17:17:41 ktalina kernel: [    0.391747] pci_bus 0000:02: resource 0 [io  0x3000-0x3fff]
Nov 24 17:17:41 ktalina kernel: [    0.391750] pci_bus 0000:02: resource 1 [mem 0x52400000-0x524fffff]
Nov 24 17:17:41 ktalina kernel: [    0.391752] pci_bus 0000:03: resource 0 [io  0x2000-0x2fff]
Nov 24 17:17:41 ktalina kernel: [    0.391755] pci_bus 0000:03: resource 1 [mem 0x51000000-0x51ffffff]
Nov 24 17:17:41 ktalina kernel: [    0.391758] pci_bus 0000:03: resource 2 [mem 0x50000000-0x50ffffff 64bit pref]
Nov 24 17:17:41 ktalina kernel: [    0.391799] NET: Registered protocol family 2
Nov 24 17:17:41 ktalina kernel: [    0.392002] TCP established hash table entries: 32768 (order: 7, 524288 bytes)
Nov 24 17:17:41 ktalina kernel: [    0.392186] TCP bind hash table entries: 32768 (order: 7, 524288 bytes)
Nov 24 17:17:41 ktalina kernel: [    0.392292] TCP: Hash tables configured (established 32768 bind 32768)
Nov 24 17:17:41 ktalina kernel: [    0.392320] TCP: reno registered
Nov 24 17:17:41 ktalina kernel: [    0.392335] UDP hash table entries: 2048 (order: 4, 65536 bytes)
Nov 24 17:17:41 ktalina kernel: [    0.392363] UDP-Lite hash table entries: 2048 (order: 4, 65536 bytes)
Nov 24 17:17:41 ktalina kernel: [    0.392449] NET: Registered protocol family 1
Nov 24 17:17:41 ktalina kernel: [    0.392465] pci 0000:00:02.0: Boot video device
Nov 24 17:17:41 ktalina kernel: [    0.424218] PCI: CLS 64 bytes, default 64
Nov 24 17:17:41 ktalina kernel: [    0.424268] Trying to unpack rootfs image as initramfs...
Nov 24 17:17:41 ktalina kernel: [    0.489408] Freeing initrd memory: 2380k freed
Nov 24 17:17:41 ktalina kernel: [    0.489839] PCI-DMA: Using software bounce buffering for IO (SWIOTLB)
Nov 24 17:17:41 ktalina kernel: [    0.489847] software IO TLB [mem 0x317a6000-0x357a6000] (64MB) mapped at [ffff8800317a6000-ffff8800357a5fff]
Nov 24 17:17:41 ktalina kernel: [    0.489885] Simple Boot Flag at 0x44 set to 0x1
Nov 24 17:17:41 ktalina kernel: [    0.490366] Initialise module verification
Nov 24 17:17:41 ktalina kernel: [    0.490433] audit: initializing netlink socket (disabled)
Nov 24 17:17:41 ktalina kernel: [    0.490456] type=2000 audit(1385309846.440:1): initialized
Nov 24 17:17:41 ktalina kernel: [    0.532082] HugeTLB registered 2 MB page size, pre-allocated 0 pages
Nov 24 17:17:41 ktalina kernel: [    0.533884] VFS: Disk quotas dquot_6.5.2
Nov 24 17:17:41 ktalina kernel: [    0.533942] Dquot-cache hash table entries: 512 (order 0, 4096 bytes)
Nov 24 17:17:41 ktalina kernel: [    0.534514] fuse init (API version 7.20)
Nov 24 17:17:41 ktalina kernel: [    0.534603] msgmni has been set to 7699
Nov 24 17:17:41 ktalina kernel: [    0.535065] Key type asymmetric registered
Nov 24 17:17:41 ktalina kernel: [    0.535074] Asymmetric key parser 'x509' registered
Nov 24 17:17:41 ktalina kernel: [    0.535115] Block layer SCSI generic (bsg) driver version 0.4 loaded (major 252)
Nov 24 17:17:41 ktalina kernel: [    0.535151] io scheduler noop registered
Nov 24 17:17:41 ktalina kernel: [    0.535158] io scheduler deadline registered (default)
Nov 24 17:17:41 ktalina kernel: [    0.535166] io scheduler cfq registered
Nov 24 17:17:41 ktalina kernel: [    0.535487] pci_hotplug: PCI Hot Plug PCI Core version: 0.5
Nov 24 17:17:41 ktalina kernel: [    0.535507] pciehp: PCI Express Hot Plug Controller Driver version: 0.4
Nov 24 17:17:41 ktalina kernel: [    0.535577] efifb: probing for efifb
Nov 24 17:17:41 ktalina kernel: [    0.536312] efifb: framebuffer at 0x40000000, mapped to 0xffffc90008b80000, using 4160k, total 4160k
Nov 24 17:17:41 ktalina kernel: [    0.536319] efifb: mode is 1366x768x32, linelength=5504, pages=1
Nov 24 17:17:41 ktalina kernel: [    0.536322] efifb: scrolling: redraw
Nov 24 17:17:41 ktalina kernel: [    0.536327] efifb: Truecolor: size=8:8:8:8, shift=24:16:8:0
Nov 24 17:17:41 ktalina kernel: [    0.540154] Console: switching to colour frame buffer device 170x48
Nov 24 17:17:41 ktalina kernel: [    0.543799] fb0: EFI VGA frame buffer device
Nov 24 17:17:41 ktalina kernel: [    0.543832] intel_idle: MWAIT substates: 0x21120
Nov 24 17:17:41 ktalina kernel: [    0.543834] intel_idle: v0.4 model 0x2A
Nov 24 17:17:41 ktalina kernel: [    0.543835] intel_idle: lapic_timer_reliable_states 0xffffffff
Nov 24 17:17:41 ktalina kernel: [    0.544422] ACPI: AC Adapter [ACAD] (off-line)
Nov 24 17:17:41 ktalina kernel: [    0.544527] input: Lid Switch as /devices/LNXSYSTM:00/LNXSYBUS:00/PNP0C0D:00/input/input0
Nov 24 17:17:41 ktalina kernel: [    0.545547] ACPI: Lid Switch [LID0]
Nov 24 17:17:41 ktalina kernel: [    0.545620] input: Power Button as /devices/LNXSYSTM:00/LNXSYBUS:00/PNP0C0C:00/input/input1
Nov 24 17:17:41 ktalina kernel: [    0.545671] ACPI: Power Button [PWRB]
Nov 24 17:17:41 ktalina kernel: [    0.545744] input: Power Button as /devices/LNXSYSTM:00/LNXPWRBN:00/input/input2
Nov 24 17:17:41 ktalina kernel: [    0.545789] ACPI: Power Button [PWRF]
Nov 24 17:17:41 ktalina kernel: [    0.545908] ACPI: Requesting acpi_cpufreq
Nov 24 17:17:41 ktalina kernel: [    0.552887] [Firmware Bug]: Invalid critical threshold (0)
Nov 24 17:17:41 ktalina kernel: [    0.555476] thermal LNXTHERM:00: registered as thermal_zone0
Nov 24 17:17:41 ktalina kernel: [    0.555514] ACPI: Thermal Zone [TZ01] (58 C)
Nov 24 17:17:41 ktalina kernel: [    0.555577] GHES: HEST is not enabled!
Nov 24 17:17:41 ktalina kernel: [    0.555783] Serial: 8250/16550 driver, 32 ports, IRQ sharing enabled
Nov 24 17:17:41 ktalina kernel: [    0.558166] Linux agpgart interface v0.103
Nov 24 17:17:41 ktalina kernel: [    0.559779] brd: module loaded
Nov 24 17:17:41 ktalina kernel: [    0.560663] loop: module loaded
Nov 24 17:17:41 ktalina kernel: [    0.561057] libphy: Fixed MDIO Bus: probed
Nov 24 17:17:41 ktalina kernel: [    0.561155] tun: Universal TUN/TAP device driver, 1.6
Nov 24 17:17:41 ktalina kernel: [    0.561186] tun: (C) 1999-2004 Max Krasnyansky <maxk@qualcomm.com>
Nov 24 17:17:41 ktalina kernel: [    0.561281] PPP generic driver version 2.4.2
Nov 24 17:17:41 ktalina kernel: [    0.561370] ehci_hcd: USB 2.0 'Enhanced' Host Controller (EHCI) Driver
Nov 24 17:17:41 ktalina kernel: [    0.561410] ehci-pci: EHCI PCI platform driver
Nov 24 17:17:41 ktalina kernel: [    0.562782] ehci-pci 0000:00:1a.0: setting latency timer to 64
Nov 24 17:17:41 ktalina kernel: [    0.562787] ehci-pci 0000:00:1a.0: EHCI Host Controller
Nov 24 17:17:41 ktalina kernel: [    0.564154] ehci-pci 0000:00:1a.0: new USB bus registered, assigned bus number 1
Nov 24 17:17:41 ktalina kernel: [    0.565520] ehci-pci 0000:00:1a.0: debug port 2
Nov 24 17:17:41 ktalina kernel: [    0.570752] ehci-pci 0000:00:1a.0: cache line size of 64 is not supported
Nov 24 17:17:41 ktalina kernel: [    0.570773] ehci-pci 0000:00:1a.0: irq 16, io mem 0x52619000
Nov 24 17:17:41 ktalina kernel: [    0.584098] ehci-pci 0000:00:1a.0: USB 2.0 started, EHCI 1.00
Nov 24 17:17:41 ktalina kernel: [    0.585465] usb usb1: New USB device found, idVendor=1d6b, idProduct=0002
Nov 24 17:17:41 ktalina kernel: [    0.586780] usb usb1: New USB device strings: Mfr=3, Product=2, SerialNumber=1
Nov 24 17:17:41 ktalina kernel: [    0.588099] usb usb1: Product: EHCI Host Controller
Nov 24 17:17:41 ktalina kernel: [    0.589411] usb usb1: Manufacturer: Linux 3.8.0-30-generic ehci_hcd
Nov 24 17:17:41 ktalina kernel: [    0.590730] usb usb1: SerialNumber: 0000:00:1a.0
Nov 24 17:17:41 ktalina kernel: [    0.592215] hub 1-0:1.0: USB hub found
Nov 24 17:17:41 ktalina kernel: [    0.593525] hub 1-0:1.0: 2 ports detected
Nov 24 17:17:41 ktalina kernel: [    0.594916] ehci-pci 0000:00:1d.0: setting latency timer to 64
Nov 24 17:17:41 ktalina kernel: [    0.594921] ehci-pci 0000:00:1d.0: EHCI Host Controller
Nov 24 17:17:41 ktalina kernel: [    0.596266] ehci-pci 0000:00:1d.0: new USB bus registered, assigned bus number 2
Nov 24 17:17:41 ktalina kernel: [    0.597585] ehci-pci 0000:00:1d.0: debug port 2
Nov 24 17:17:41 ktalina kernel: [    0.602784] ehci-pci 0000:00:1d.0: cache line size of 64 is not supported
