Nov 27 06:34:29 ktalina anacron[3422]: Job `cron.daily' terminated
Nov 27 06:34:29 ktalina anacron[3422]: Normal exit (1 job run)
Nov 27 06:55:35 ktalina NetworkManager[1080]: <warn> nl_recvmsgs() error: (-33) Dump inconsistency detected, interrupted
Nov 27 06:59:35 ktalina NetworkManager[1080]: <warn> nl_recvmsgs() error: (-33) Dump inconsistency detected, interrupted
Nov 27 07:00:43  NetworkManager[1080]: last message repeated 2 times
Nov 27 07:01:43  NetworkManager[1080]: last message repeated 2 times
Nov 27 07:02:46 ktalina kernel: [ 3690.701346] ACPI Error: No handler for Region [CMS0] (ffff8801b92602d0) [SystemCMOS] (20121018/evregion-376)
Nov 27 07:02:46 ktalina kernel: [ 3690.701363] ACPI Error: Region SystemCMOS (ID=5) has no handler (20121018/exfldio-305)
Nov 27 07:02:46 ktalina kernel: [ 3690.701377] ACPI Error: Method parse/execution failed [\_SB_.PCI0.LPCB.EC0_._Q33] (Node ffff8801b92699d8), AE_NOT_EXIST (20121018/psparse-537)
Nov 27 07:15:35 ktalina NetworkManager[1080]: <warn> nl_recvmsgs() error: (-33) Dump inconsistency detected, interrupted
Nov 27 07:17:01 ktalina CRON[6132]: (root) CMD (   cd / && run-parts --report /etc/cron.hourly)
Nov 27 07:21:35 ktalina NetworkManager[1080]: <warn> nl_recvmsgs() error: (-33) Dump inconsistency detected, interrupted
Nov 27 07:21:35 ktalina NetworkManager[1080]: <warn> nl_recvmsgs() error: (-33) Dump inconsistency detected, interrupted
Nov 27 07:30:01 ktalina CRON[6185]: (root) CMD (start -q anacron || :)
Nov 27 07:30:01 ktalina anacron[6188]: Anacron 2.3 started on 2013-11-27
Nov 27 07:30:01 ktalina anacron[6188]: Normal exit (0 jobs run)
Nov 27 07:30:05 ktalina NetworkManager[1080]: <warn> nl_recvmsgs() error: (-33) Dump inconsistency detected, interrupted
Nov 27 07:39:35 ktalina NetworkManager[1080]: <warn> nl_recvmsgs() error: (-33) Dump inconsistency detected, interrupted
Nov 27 07:39:35 ktalina NetworkManager[1080]: <warn> nl_recvmsgs() error: (-33) Dump inconsistency detected, interrupted
Nov 27 07:45:35 ktalina NetworkManager[1080]: <warn> nl_recvmsgs() error: (-33) Dump inconsistency detected, interrupted
Nov 27 07:45:35 ktalina NetworkManager[1080]: <warn> nl_recvmsgs() error: (-33) Dump inconsistency detected, interrupted
Nov 27 08:04:17 ktalina kernel: [ 7380.665320] ACPI Error: No handler for Region [CMS0] (ffff8801b92602d0) [SystemCMOS] (20121018/evregion-376)
Nov 27 08:04:17 ktalina kernel: [ 7380.665329] ACPI Error: Region SystemCMOS (ID=5) has no handler (20121018/exfldio-305)
Nov 27 08:04:17 ktalina kernel: [ 7380.665336] ACPI Error: Method parse/execution failed [\_SB_.PCI0.LPCB.EC0_._Q33] (Node ffff8801b92699d8), AE_NOT_EXIST (20121018/psparse-537)
Nov 27 08:11:35 ktalina NetworkManager[1080]: <warn> nl_recvmsgs() error: (-33) Dump inconsistency detected, interrupted
Nov 27 08:17:01 ktalina CRON[6674]: (root) CMD (   cd / && run-parts --report /etc/cron.hourly)
Nov 27 08:28:46 ktalina kernel: [ 8849.130918] /dev/vmmon[7215]: PTSC: initialized at 1496601000 Hz using TSC, TSCs are synchronized.
Nov 27 08:29:09 ktalina kernel: [ 8872.684007] /dev/vmnet: open called by PID 7225 (vmx-vcpu-0)
Nov 27 08:29:09 ktalina kernel: [ 8872.684041] /dev/vmnet: port on hub 0 successfully opened
Nov 27 08:43:35 ktalina NetworkManager[1080]: <warn> nl_recvmsgs() error: (-33) Dump inconsistency detected, interrupted
Nov 27 08:47:35 ktalina NetworkManager[1080]: <warn> nl_recvmsgs() error: (-33) Dump inconsistency detected, interrupted
Nov 27 09:06:15 ktalina kernel: [11097.309613] ACPI Error: No handler for Region [CMS0] (ffff8801b92602d0) [SystemCMOS] (20121018/evregion-376)
Nov 27 09:06:15 ktalina kernel: [11097.309624] ACPI Error: Region SystemCMOS (ID=5) has no handler (20121018/exfldio-305)
Nov 27 09:06:15 ktalina kernel: [11097.309631] ACPI Error: Method parse/execution failed [\_SB_.PCI0.LPCB.EC0_._Q33] (Node ffff8801b92699d8), AE_NOT_EXIST (20121018/psparse-537)
Nov 27 09:07:35 ktalina NetworkManager[1080]: <warn> nl_recvmsgs() error: (-33) Dump inconsistency detected, interrupted
Nov 27 09:07:35 ktalina NetworkManager[1080]: <warn> nl_recvmsgs() error: (-33) Dump inconsistency detected, interrupted
Nov 27 09:17:01 ktalina CRON[8579]: (root) CMD (   cd / && run-parts --report /etc/cron.hourly)
Nov 27 09:17:35 ktalina NetworkManager[1080]: <warn> nl_recvmsgs() error: (-33) Dump inconsistency detected, interrupted
Nov 27 09:27:35 ktalina NetworkManager[1080]: <warn> nl_recvmsgs() error: (-33) Dump inconsistency detected, interrupted
Nov 27 09:39:35 ktalina NetworkManager[1080]: <warn> nl_recvmsgs() error: (-33) Dump inconsistency detected, interrupted
Nov 27 09:45:35 ktalina NetworkManager[1080]: <warn> nl_recvmsgs() error: (-33) Dump inconsistency detected, interrupted
Nov 27 09:55:35 ktalina NetworkManager[1080]: <warn> nl_recvmsgs() error: (-33) Dump inconsistency detected, interrupted
Nov 27 09:55:35 ktalina NetworkManager[1080]: <warn> nl_recvmsgs() error: (-33) Dump inconsistency detected, interrupted
Nov 27 10:08:14 ktalina kernel: [14815.142637] ACPI Error: No handler for Region [CMS0] (ffff8801b92602d0) [SystemCMOS] (20121018/evregion-376)
Nov 27 10:08:14 ktalina kernel: [14815.142647] ACPI Error: Region SystemCMOS (ID=5) has no handler (20121018/exfldio-305)
Nov 27 10:08:14 ktalina kernel: [14815.142655] ACPI Error: Method parse/execution failed [\_SB_.PCI0.LPCB.EC0_._Q33] (Node ffff8801b92699d8), AE_NOT_EXIST (20121018/psparse-537)
Nov 27 10:17:02 ktalina CRON[8937]: (root) CMD (   cd / && run-parts --report /etc/cron.hourly)
Nov 27 10:47:35 ktalina NetworkManager[1080]: <warn> nl_recvmsgs() error: (-33) Dump inconsistency detected, interrupted
Nov 27 10:47:35 ktalina NetworkManager[1080]: <warn> nl_recvmsgs() error: (-33) Dump inconsistency detected, interrupted
Nov 27 11:10:20 ktalina kernel: [18539.943830] ACPI Error: No handler for Region [CMS0] (ffff8801b92602d0) [SystemCMOS] (20121018/evregion-376)
Nov 27 11:10:20 ktalina kernel: [18539.943852] ACPI Error: Region SystemCMOS (ID=5) has no handler (20121018/exfldio-305)
Nov 27 11:10:20 ktalina kernel: [18539.943866] ACPI Error: Method parse/execution failed [\_SB_.PCI0.LPCB.EC0_._Q33] (Node ffff8801b92699d8), AE_NOT_EXIST (20121018/psparse-537)
Nov 27 11:17:01 ktalina CRON[9430]: (root) CMD (   cd / && run-parts --report /etc/cron.hourly)
Nov 27 11:33:15 ktalina kernel: [19914.724233] psmouse serio1: TouchPad at isa0060/serio1/input0 lost sync at byte 1
Nov 27 11:33:15 ktalina kernel: [19914.725313] psmouse serio1: TouchPad at isa0060/serio1/input0 lost sync at byte 1
Nov 27 11:33:15 ktalina kernel: [19914.726396] psmouse serio1: TouchPad at isa0060/serio1/input0 lost sync at byte 1
Nov 27 11:33:15 ktalina kernel: [19914.727482] psmouse serio1: TouchPad at isa0060/serio1/input0 lost sync at byte 1
Nov 27 11:33:15 ktalina kernel: [19914.728575] psmouse serio1: TouchPad at isa0060/serio1/input0 lost sync at byte 1
Nov 27 11:33:15 ktalina kernel: [19914.728581] psmouse serio1: issuing reconnect request
Nov 27 11:39:35 ktalina NetworkManager[1080]: <warn> nl_recvmsgs() error: (-33) Dump inconsistency detected, interrupted
Nov 27 11:39:35 ktalina NetworkManager[1080]: <warn> nl_recvmsgs() error: (-33) Dump inconsistency detected, interrupted
Nov 27 11:42:09 ktalina kernel: [20448.992374] psmouse serio1: TouchPad at isa0060/serio1/input0 lost sync at byte 4
Nov 27 11:42:09 ktalina kernel: [20448.993444] psmouse serio1: TouchPad at isa0060/serio1/input0 lost sync at byte 1
Nov 27 11:42:09 ktalina kernel: [20449.001128] psmouse serio1: TouchPad at isa0060/serio1/input0 - driver resynced.
Nov 27 11:42:09 ktalina kernel: [20449.046620] psmouse serio1: TouchPad at isa0060/serio1/input0 lost sync at byte 1
Nov 27 11:42:09 ktalina kernel: [20449.047691] psmouse serio1: TouchPad at isa0060/serio1/input0 lost sync at byte 1
Nov 27 11:42:09 ktalina kernel: [20449.048805] psmouse serio1: TouchPad at isa0060/serio1/input0 lost sync at byte 1
Nov 27 11:42:09 ktalina kernel: [20449.049867] psmouse serio1: TouchPad at isa0060/serio1/input0 lost sync at byte 1
Nov 27 11:42:09 ktalina kernel: [20449.050948] psmouse serio1: TouchPad at isa0060/serio1/input0 lost sync at byte 1
Nov 27 11:42:09 ktalina kernel: [20449.050954] psmouse serio1: issuing reconnect request
Nov 27 11:48:48 ktalina kernel: [20847.862932] psmouse serio1: TouchPad at isa0060/serio1/input0 lost sync at byte 1
Nov 27 11:48:48 ktalina kernel: [20847.864015] psmouse serio1: TouchPad at isa0060/serio1/input0 lost sync at byte 1
Nov 27 11:48:48 ktalina kernel: [20847.865104] psmouse serio1: TouchPad at isa0060/serio1/input0 lost sync at byte 1
Nov 27 11:48:48 ktalina kernel: [20847.866272] psmouse serio1: TouchPad at isa0060/serio1/input0 lost sync at byte 1
Nov 27 11:48:48 ktalina kernel: [20847.876088] psmouse serio1: TouchPad at isa0060/serio1/input0 lost sync at byte 4
Nov 27 11:48:48 ktalina kernel: [20847.876095] psmouse serio1: issuing reconnect request
Nov 27 12:12:33 ktalina kernel: [22271.809272] ACPI Error: No handler for Region [CMS0] (ffff8801b92602d0) [SystemCMOS] (20121018/evregion-376)
Nov 27 12:12:33 ktalina kernel: [22271.809289] ACPI Error: Region SystemCMOS (ID=5) has no handler (20121018/exfldio-305)
Nov 27 12:12:33 ktalina kernel: [22271.809303] ACPI Error: Method parse/execution failed [\_SB_.PCI0.LPCB.EC0_._Q33] (Node ffff8801b92699d8), AE_NOT_EXIST (20121018/psparse-537)
Nov 27 12:17:01 ktalina CRON[10094]: (root) CMD (   cd / && run-parts --report /etc/cron.hourly)
Nov 27 12:21:39 ktalina kernel: [22817.677871] atkbd serio0: Unknown key pressed (translated set 2, code 0xab on isa0060/serio0).
Nov 27 12:21:39 ktalina kernel: [22817.677883] atkbd serio0: Use 'setkeycodes e02b <keycode>' to make it known.
Nov 27 12:21:39 ktalina kernel: [22817.756074] atkbd serio0: Unknown key released (translated set 2, code 0xab on isa0060/serio0).
Nov 27 12:21:39 ktalina kernel: [22817.756085] atkbd serio0: Use 'setkeycodes e02b <keycode>' to make it known.
Nov 27 12:27:38 ktalina kernel: [23177.164032] psmouse serio1: TouchPad at isa0060/serio1/input0 lost sync at byte 4
Nov 27 12:27:38 ktalina kernel: [23177.165144] psmouse serio1: TouchPad at isa0060/serio1/input0 lost sync at byte 1
Nov 27 12:27:38 ktalina kernel: [23177.173869] psmouse serio1: TouchPad at isa0060/serio1/input0 - driver resynced.
Nov 27 12:29:35 ktalina NetworkManager[1080]: <warn> nl_recvmsgs() error: (-33) Dump inconsistency detected, interrupted
Nov 27 12:29:35 ktalina NetworkManager[1080]: <warn> nl_recvmsgs() error: (-33) Dump inconsistency detected, interrupted
Nov 27 12:37:35 ktalina NetworkManager[1080]: <warn> nl_recvmsgs() error: (-33) Dump inconsistency detected, interrupted
Nov 27 12:45:46 ktalina kernel: [24264.702794] atkbd serio0: Spurious ACK on isa0060/serio0. Some program might be trying to access hardware directly.
Nov 27 12:45:46 ktalina kernel: [24264.703768] psmouse serio1: TouchPad at isa0060/serio1/input0 lost sync at byte 1
Nov 27 12:45:46 ktalina kernel: [24264.704864] psmouse serio1: TouchPad at isa0060/serio1/input0 lost sync at byte 1
Nov 27 12:45:46 ktalina kernel: [24264.706071] psmouse serio1: TouchPad at isa0060/serio1/input0 lost sync at byte 1
Nov 27 12:45:46 ktalina kernel: [24264.707152] psmouse serio1: TouchPad at isa0060/serio1/input0 lost sync at byte 1
Nov 27 12:45:46 ktalina kernel: [24264.708254] psmouse serio1: TouchPad at isa0060/serio1/input0 lost sync at byte 1
Nov 27 12:45:46 ktalina kernel: [24264.708261] psmouse serio1: issuing reconnect request
Nov 27 12:49:35 ktalina NetworkManager[1080]: <warn> nl_recvmsgs() error: (-33) Dump inconsistency detected, interrupted
Nov 27 12:53:35 ktalina NetworkManager[1080]: <warn> nl_recvmsgs() error: (-33) Dump inconsistency detected, interrupted
Nov 27 12:55:35 ktalina NetworkManager[1080]: <warn> nl_recvmsgs() error: (-33) Dump inconsistency detected, interrupted
Nov 27 13:05:35 ktalina NetworkManager[1080]: <warn> nl_recvmsgs() error: (-33) Dump inconsistency detected, interrupted
Nov 27 13:13:35 ktalina NetworkManager[1080]: <warn> nl_recvmsgs() error: (-33) Dump inconsistency detected, interrupted
Nov 27 13:14:49 ktalina kernel: [26006.998347] ACPI Error: No handler for Region [CMS0] (ffff8801b92602d0) [SystemCMOS] (20121018/evregion-376)
Nov 27 13:14:49 ktalina kernel: [26006.998364] ACPI Error: Region SystemCMOS (ID=5) has no handler (20121018/exfldio-305)
Nov 27 13:14:49 ktalina kernel: [26006.998377] ACPI Error: Method parse/execution failed [\_SB_.PCI0.LPCB.EC0_._Q33] (Node ffff8801b92699d8), AE_NOT_EXIST (20121018/psparse-537)
Nov 27 13:17:01 ktalina CRON[10579]: (root) CMD (   cd / && run-parts --report /etc/cron.hourly)
Nov 27 13:37:35 ktalina NetworkManager[1080]: <warn> nl_recvmsgs() error: (-33) Dump inconsistency detected, interrupted
Nov 27 13:53:35 ktalina NetworkManager[1080]: <warn> nl_recvmsgs() error: (-33) Dump inconsistency detected, interrupted
Nov 27 14:16:59 ktalina kernel: [29735.694059] ACPI Error: No handler for Region [CMS0] (ffff8801b92602d0) [SystemCMOS] (20121018/evregion-376)
Nov 27 14:16:59 ktalina kernel: [29735.694076] ACPI Error: Region SystemCMOS (ID=5) has no handler (20121018/exfldio-305)
Nov 27 14:16:59 ktalina kernel: [29735.694089] ACPI Error: Method parse/execution failed [\_SB_.PCI0.LPCB.EC0_._Q33] (Node ffff8801b92699d8), AE_NOT_EXIST (20121018/psparse-537)
Nov 27 14:17:01 ktalina CRON[11356]: (root) CMD (   cd / && run-parts --report /etc/cron.hourly)
Nov 27 15:11:35 ktalina NetworkManager[1080]: <warn> nl_recvmsgs() error: (-33) Dump inconsistency detected, interrupted
Nov 27 15:17:01 ktalina CRON[11812]: (root) CMD (   cd / && run-parts --report /etc/cron.hourly)
Nov 27 15:18:57 ktalina kernel: [33452.263963] ACPI Error: No handler for Region [CMS0] (ffff8801b92602d0) [SystemCMOS] (20121018/evregion-376)
Nov 27 15:18:57 ktalina kernel: [33452.263972] ACPI Error: Region SystemCMOS (ID=5) has no handler (20121018/exfldio-305)
Nov 27 15:18:57 ktalina kernel: [33452.263979] ACPI Error: Method parse/execution failed [\_SB_.PCI0.LPCB.EC0_._Q33] (Node ffff8801b92699d8), AE_NOT_EXIST (20121018/psparse-537)
Nov 27 16:09:18 ktalina kernel: [36472.348991] /dev/vmmon[12706]: PTSC: initialized at 1496601000 Hz using TSC, TSCs are synchronized.
Nov 27 16:09:55 ktalina kernel: [36509.390188] /dev/vmnet: open called by PID 12716 (vmx-vcpu-0)
Nov 27 16:09:55 ktalina kernel: [36509.390222] /dev/vmnet: port on hub 0 successfully opened
Nov 27 16:13:35 ktalina NetworkManager[1080]: <warn> nl_recvmsgs() error: (-33) Dump inconsistency detected, interrupted
Nov 27 16:17:01 ktalina CRON[13527]: (root) CMD (   cd / && run-parts --report /etc/cron.hourly)
Nov 27 16:19:35 ktalina NetworkManager[1080]: <warn> nl_recvmsgs() error: (-33) Dump inconsistency detected, interrupted
Nov 27 16:21:04 ktalina kernel: [37178.418244] ACPI Error: No handler for Region [CMS0] (ffff8801b92602d0) [SystemCMOS] (20121018/evregion-376)
Nov 27 16:21:04 ktalina kernel: [37178.418260] ACPI Error: Region SystemCMOS (ID=5) has no handler (20121018/exfldio-305)
Nov 27 16:21:04 ktalina kernel: [37178.418273] ACPI Error: Method parse/execution failed [\_SB_.PCI0.LPCB.EC0_._Q33] (Node ffff8801b92699d8), AE_NOT_EXIST (20121018/psparse-537)
Nov 27 17:09:35 ktalina NetworkManager[1080]: <warn> nl_recvmsgs() error: (-33) Dump inconsistency detected, interrupted
Nov 27 17:17:03 ktalina CRON[14132]: (root) CMD (   cd / && run-parts --report /etc/cron.hourly)
Nov 27 17:23:23 ktalina kernel: [40915.827282] ACPI Error: No handler for Region [CMS0] (ffff8801b92602d0) [SystemCMOS] (20121018/evregion-376)
Nov 27 17:23:23 ktalina kernel: [40915.827299] ACPI Error: Region SystemCMOS (ID=5) has no handler (20121018/exfldio-305)
Nov 27 17:23:23 ktalina kernel: [40915.827312] ACPI Error: Method parse/execution failed [\_SB_.PCI0.LPCB.EC0_._Q33] (Node ffff8801b92699d8), AE_NOT_EXIST (20121018/psparse-537)
Nov 27 17:41:35 ktalina kernel: [42007.338785] psmouse serio1: TouchPad at isa0060/serio1/input0 lost sync at byte 4
Nov 27 17:41:35 ktalina kernel: [42007.339876] psmouse serio1: TouchPad at isa0060/serio1/input0 lost sync at byte 1
Nov 27 17:41:35 ktalina kernel: [42007.347584] psmouse serio1: TouchPad at isa0060/serio1/input0 - driver resynced.
Nov 27 18:01:35 ktalina NetworkManager[1080]: <warn> nl_recvmsgs() error: (-33) Dump inconsistency detected, interrupted
Nov 27 18:01:35 ktalina NetworkManager[1080]: <warn> nl_recvmsgs() error: (-33) Dump inconsistency detected, interrupted
Nov 27 18:05:35 ktalina NetworkManager[1080]: <warn> nl_recvmsgs() error: (-33) Dump inconsistency detected, interrupted
Nov 27 18:05:35 ktalina NetworkManager[1080]: <warn> nl_recvmsgs() error: (-33) Dump inconsistency detected, interrupted
Nov 27 18:11:34 ktalina colord: device removed: xrandr-Seiko Epson Corporation
Nov 27 18:11:34 ktalina colord: Profile removed: icc-bbe1a40d69e812e21f3696aaeed90709
Nov 27 18:11:35 ktalina gnome-session[2830]: CRITICAL: gsm_manager_set_phase: assertion `GSM_IS_MANAGER (manager)' failed
Nov 27 18:11:35 ktalina gnome-session[2830]: Gtk-CRITICAL: gtk_main_quit: assertion `main_loops != NULL' failed
Nov 27 19:42:28 ktalina kernel: imklog 5.8.11, log source = /proc/kmsg started.
Nov 27 19:42:28 ktalina rsyslogd: [origin software="rsyslogd" swVersion="5.8.11" x-pid="989" x-info="http://www.rsyslog.com"] start
Nov 27 19:42:28 ktalina rsyslogd: rsyslogd's groupid changed to 103
Nov 27 19:42:28 ktalina rsyslogd: rsyslogd's userid changed to 101
Nov 27 19:42:28 ktalina rsyslogd-2039: Could not open output pipe '/dev/xconsole' [try http://www.rsyslog.com/e/2039 ]
Nov 27 19:42:28 ktalina kernel: [    0.000000] Initializing cgroup subsys cpuset
Nov 27 19:42:28 ktalina kernel: [    0.000000] Initializing cgroup subsys cpu
Nov 27 19:42:28 ktalina kernel: [    0.000000] Linux version 3.8.0-30-generic (buildd@roseapple) (gcc version 4.7.3 (Ubuntu/Linaro 4.7.3-1ubuntu1) ) #44-Ubuntu SMP Thu Aug 22 20:52:24 UTC 2013 (Ubuntu 3.8.0-30.44-generic 3.8.13.6)
Nov 27 19:42:28 ktalina kernel: [    0.000000] Command line: BOOT_IMAGE=/boot/vmlinuz-3.8.0-30-generic root=UUID=b638beb9-a3e7-4e70-99d0-43dcbabc8bc3 ro
Nov 27 19:42:28 ktalina kernel: [    0.000000] KERNEL supported cpus:
Nov 27 19:42:28 ktalina kernel: [    0.000000]   Intel GenuineIntel
Nov 27 19:42:28 ktalina kernel: [    0.000000]   AMD AuthenticAMD
Nov 27 19:42:28 ktalina kernel: [    0.000000]   Centaur CentaurHauls
Nov 27 19:42:28 ktalina kernel: [    0.000000] e820: BIOS-provided physical RAM map:
Nov 27 19:42:28 ktalina kernel: [    0.000000] BIOS-e820: [mem 0x0000000000000000-0x0000000000087fff] usable
Nov 27 19:42:28 ktalina kernel: [    0.000000] BIOS-e820: [mem 0x0000000000088000-0x00000000000bffff] reserved
Nov 27 19:42:28 ktalina kernel: [    0.000000] BIOS-e820: [mem 0x0000000000100000-0x000000001fffffff] usable
Nov 27 19:42:28 ktalina kernel: [    0.000000] BIOS-e820: [mem 0x0000000020000000-0x00000000201fffff] reserved
Nov 27 19:42:28 ktalina kernel: [    0.000000] BIOS-e820: [mem 0x0000000020200000-0x000000003a7befff] usable
Nov 27 19:42:28 ktalina kernel: [    0.000000] BIOS-e820: [mem 0x000000003a7bf000-0x000000003aebefff] reserved
Nov 27 19:42:28 ktalina kernel: [    0.000000] BIOS-e820: [mem 0x000000003aebf000-0x000000003afbefff] ACPI NVS
Nov 27 19:42:28 ktalina kernel: [    0.000000] BIOS-e820: [mem 0x000000003afbf000-0x000000003affefff] ACPI data
Nov 27 19:42:28 ktalina kernel: [    0.000000] BIOS-e820: [mem 0x000000003afff000-0x000000003affffff] usable
Nov 27 19:42:28 ktalina kernel: [    0.000000] BIOS-e820: [mem 0x000000003b000000-0x000000003f9fffff] reserved
Nov 27 19:42:28 ktalina kernel: [    0.000000] BIOS-e820: [mem 0x00000000f0000000-0x00000000f3ffffff] reserved
Nov 27 19:42:28 ktalina kernel: [    0.000000] BIOS-e820: [mem 0x00000000feb00000-0x00000000feb03fff] reserved
Nov 27 19:42:28 ktalina kernel: [    0.000000] BIOS-e820: [mem 0x00000000fec00000-0x00000000fec00fff] reserved
Nov 27 19:42:28 ktalina kernel: [    0.000000] BIOS-e820: [mem 0x00000000fed10000-0x00000000fed19fff] reserved
Nov 27 19:42:28 ktalina kernel: [    0.000000] BIOS-e820: [mem 0x00000000fed1c000-0x00000000fed1ffff] reserved
Nov 27 19:42:28 ktalina kernel: [    0.000000] BIOS-e820: [mem 0x00000000fee00000-0x00000000fee00fff] reserved
Nov 27 19:42:28 ktalina kernel: [    0.000000] BIOS-e820: [mem 0x00000000ffd80000-0x00000000ffffffff] reserved
Nov 27 19:42:28 ktalina kernel: [    0.000000] BIOS-e820: [mem 0x0000000100000000-0x00000001bf5fffff] usable
Nov 27 19:42:28 ktalina kernel: [    0.000000] NX (Execute Disable) protection: active
Nov 27 19:42:28 ktalina kernel: [    0.000000] efi: EFI v2.31 by INSYDE Corp.
Nov 27 19:42:28 ktalina kernel: [    0.000000] efi:  ACPI=0x3affe000  ACPI 2.0=0x3affe014  SMBIOS=0x3aebef98 
Nov 27 19:42:28 ktalina kernel: [    0.000000] efi: mem00: type=3, attr=0xf, range=[0x0000000000000000-0x0000000000001000) (0MB)
Nov 27 19:42:28 ktalina kernel: [    0.000000] efi: mem01: type=7, attr=0xf, range=[0x0000000000001000-0x000000000006f000) (0MB)
Nov 27 19:42:28 ktalina kernel: [    0.000000] efi: mem02: type=4, attr=0xf, range=[0x000000000006f000-0x0000000000070000) (0MB)
Nov 27 19:42:28 ktalina kernel: [    0.000000] efi: mem03: type=7, attr=0xf, range=[0x0000000000070000-0x0000000000088000) (0MB)
Nov 27 19:42:28 ktalina kernel: [    0.000000] efi: mem04: type=6, attr=0x800000000000000f, range=[0x0000000000088000-0x00000000000a0000) (0MB)
Nov 27 19:42:28 ktalina kernel: [    0.000000] efi: mem05: type=2, attr=0xf, range=[0x0000000000100000-0x0000000001444000) (19MB)
Nov 27 19:42:28 ktalina kernel: [    0.000000] efi: mem06: type=7, attr=0xf, range=[0x0000000001444000-0x0000000002000000) (11MB)
Nov 27 19:42:28 ktalina kernel: [    0.000000] efi: mem07: type=2, attr=0xf, range=[0x0000000002000000-0x0000000003344000) (19MB)
Nov 27 19:42:28 ktalina kernel: [    0.000000] efi: mem08: type=7, attr=0xf, range=[0x0000000003344000-0x000000001237b000) (240MB)
Nov 27 19:42:28 ktalina kernel: [    0.000000] efi: mem09: type=2, attr=0xf, range=[0x000000001237b000-0x0000000020000000) (220MB)
Nov 27 19:42:28 ktalina kernel: [    0.000000] efi: mem10: type=0, attr=0xf, range=[0x0000000020000000-0x0000000020200000) (2MB)
Nov 27 19:42:28 ktalina kernel: [    0.000000] efi: mem11: type=7, attr=0xf, range=[0x0000000020200000-0x000000002b1c0000) (175MB)
Nov 27 19:42:28 ktalina kernel: [    0.000000] efi: mem12: type=4, attr=0xf, range=[0x000000002b1c0000-0x000000002b1e0000) (0MB)
Nov 27 19:42:28 ktalina kernel: [    0.000000] efi: mem13: type=7, attr=0xf, range=[0x000000002b1e0000-0x00000000357a6000) (165MB)
Nov 27 19:42:28 ktalina kernel: [    0.000000] efi: mem14: type=4, attr=0xf, range=[0x00000000357a6000-0x00000000361b0000) (10MB)
Nov 27 19:42:28 ktalina kernel: [    0.000000] efi: mem15: type=7, attr=0xf, range=[0x00000000361b0000-0x00000000363a1000) (1MB)
Nov 27 19:42:28 ktalina kernel: [    0.000000] efi: mem16: type=1, attr=0xf, range=[0x00000000363a1000-0x00000000363bf000) (0MB)
Nov 27 19:42:28 ktalina kernel: [    0.000000] efi: mem17: type=7, attr=0xf, range=[0x00000000363bf000-0x000000003799a000) (21MB)
Nov 27 19:42:28 ktalina kernel: [    0.000000] efi: mem18: type=2, attr=0xf, range=[0x000000003799a000-0x0000000037bed000) (2MB)
Nov 27 19:42:28 ktalina kernel: [    0.000000] efi: mem19: type=4, attr=0xf, range=[0x0000000037bed000-0x000000003846f000) (8MB)
Nov 27 19:42:28 ktalina kernel: [    0.000000] efi: mem20: type=7, attr=0xf, range=[0x000000003846f000-0x0000000038770000) (3MB)
Nov 27 19:42:28 ktalina kernel: [    0.000000] efi: mem21: type=4, attr=0xf, range=[0x0000000038770000-0x00000000387ca000) (0MB)
Nov 27 19:42:28 ktalina kernel: [    0.000000] efi: mem22: type=7, attr=0xf, range=[0x00000000387ca000-0x00000000387d4000) (0MB)
Nov 27 19:42:28 ktalina kernel: [    0.000000] efi: mem23: type=4, attr=0xf, range=[0x00000000387d4000-0x0000000038818000) (0MB)
Nov 27 19:42:28 ktalina kernel: [    0.000000] efi: mem24: type=7, attr=0xf, range=[0x0000000038818000-0x000000003881a000) (0MB)
Nov 27 19:42:28 ktalina kernel: [    0.000000] efi: mem25: type=4, attr=0xf, range=[0x000000003881a000-0x000000003881c000) (0MB)
Nov 27 19:42:28 ktalina kernel: [    0.000000] efi: mem26: type=7, attr=0xf, range=[0x000000003881c000-0x000000003881e000) (0MB)
Nov 27 19:42:28 ktalina kernel: [    0.000000] efi: mem27: type=4, attr=0xf, range=[0x000000003881e000-0x0000000038868000) (0MB)
Nov 27 19:42:28 ktalina kernel: [    0.000000] efi: mem28: type=7, attr=0xf, range=[0x0000000038868000-0x000000003886d000) (0MB)
Nov 27 19:42:28 ktalina kernel: [    0.000000] efi: mem29: type=4, attr=0xf, range=[0x000000003886d000-0x0000000038874000) (0MB)
Nov 27 19:42:28 ktalina kernel: [    0.000000] efi: mem30: type=7, attr=0xf, range=[0x0000000038874000-0x0000000038875000) (0MB)
Nov 27 19:42:28 ktalina kernel: [    0.000000] efi: mem31: type=4, attr=0xf, range=[0x0000000038875000-0x000000003889f000) (0MB)
Nov 27 19:42:28 ktalina kernel: [    0.000000] efi: mem32: type=7, attr=0xf, range=[0x000000003889f000-0x00000000388a0000) (0MB)
Nov 27 19:42:28 ktalina kernel: [    0.000000] efi: mem33: type=4, attr=0xf, range=[0x00000000388a0000-0x0000000038a09000) (1MB)
Nov 27 19:42:28 ktalina kernel: [    0.000000] efi: mem34: type=7, attr=0xf, range=[0x0000000038a09000-0x0000000038a0c000) (0MB)
Nov 27 19:42:28 ktalina kernel: [    0.000000] efi: mem35: type=4, attr=0xf, range=[0x0000000038a0c000-0x0000000038a2f000) (0MB)
Nov 27 19:42:28 ktalina kernel: [    0.000000] efi: mem36: type=7, attr=0xf, range=[0x0000000038a2f000-0x0000000038a3f000) (0MB)
Nov 27 19:42:28 ktalina kernel: [    0.000000] efi: mem37: type=4, attr=0xf, range=[0x0000000038a3f000-0x0000000038a6c000) (0MB)
Nov 27 19:42:28 ktalina kernel: [    0.000000] efi: mem38: type=7, attr=0xf, range=[0x0000000038a6c000-0x0000000038a79000) (0MB)
Nov 27 19:42:28 ktalina kernel: [    0.000000] efi: mem39: type=4, attr=0xf, range=[0x0000000038a79000-0x0000000038e26000) (3MB)
Nov 27 19:42:28 ktalina kernel: [    0.000000] efi: mem40: type=7, attr=0xf, range=[0x0000000038e26000-0x0000000038e2d000) (0MB)
Nov 27 19:42:28 ktalina kernel: [    0.000000] efi: mem41: type=4, attr=0xf, range=[0x0000000038e2d000-0x0000000038e46000) (0MB)
Nov 27 19:42:28 ktalina kernel: [    0.000000] efi: mem42: type=7, attr=0xf, range=[0x0000000038e46000-0x0000000038e49000) (0MB)
Nov 27 19:42:28 ktalina kernel: [    0.000000] efi: mem43: type=4, attr=0xf, range=[0x0000000038e49000-0x000000003a3bf000) (21MB)
Nov 27 19:42:28 ktalina kernel: [    0.000000] efi: mem44: type=7, attr=0xf, range=[0x000000003a3bf000-0x000000003a3ec000) (0MB)
Nov 27 19:42:28 ktalina kernel: [    0.000000] efi: mem45: type=2, attr=0xf, range=[0x000000003a3ec000-0x000000003a3f6000) (0MB)
Nov 27 19:42:28 ktalina kernel: [    0.000000] efi: mem46: type=3, attr=0xf, range=[0x000000003a3f6000-0x000000003a7bf000) (3MB)
Nov 27 19:42:28 ktalina kernel: [    0.000000] efi: mem47: type=5, attr=0x800000000000000f, range=[0x000000003a7bf000-0x000000003a89b000) (0MB)
Nov 27 19:42:28 ktalina kernel: [    0.000000] efi: mem48: type=6, attr=0x800000000000000f, range=[0x000000003a89b000-0x000000003a89c000) (0MB)
Nov 27 19:42:28 ktalina kernel: [    0.000000] efi: mem49: type=5, attr=0x800000000000000f, range=[0x000000003a89c000-0x000000003a8cb000) (0MB)
Nov 27 19:42:28 ktalina kernel: [    0.000000] efi: mem50: type=6, attr=0x800000000000000f, range=[0x000000003a8cb000-0x000000003a8cc000) (0MB)
Nov 27 19:42:28 ktalina kernel: [    0.000000] efi: mem51: type=5, attr=0x800000000000000f, range=[0x000000003a8cc000-0x000000003a8dc000) (0MB)
Nov 27 19:42:28 ktalina kernel: [    0.000000] efi: mem52: type=6, attr=0x800000000000000f, range=[0x000000003a8dc000-0x000000003a930000) (0MB)
Nov 27 19:42:28 ktalina kernel: [    0.000000] efi: mem53: type=5, attr=0x800000000000000f, range=[0x000000003a930000-0x000000003a9bf000) (0MB)
Nov 27 19:42:28 ktalina kernel: [    0.000000] efi: mem54: type=6, attr=0x800000000000000f, range=[0x000000003a9bf000-0x000000003aabf000) (1MB)
Nov 27 19:42:28 ktalina kernel: [    0.000000] efi: mem55: type=0, attr=0xf, range=[0x000000003aabf000-0x000000003aebf000) (4MB)
Nov 27 19:42:28 ktalina kernel: [    0.000000] efi: mem56: type=10, attr=0xf, range=[0x000000003aebf000-0x000000003afbf000) (1MB)
Nov 27 19:42:28 ktalina kernel: [    0.000000] efi: mem57: type=9, attr=0xf, range=[0x000000003afbf000-0x000000003afff000) (0MB)
Nov 27 19:42:28 ktalina kernel: [    0.000000] efi: mem58: type=4, attr=0xf, range=[0x000000003afff000-0x000000003b000000) (0MB)
Nov 27 19:42:28 ktalina kernel: [    0.000000] efi: mem59: type=7, attr=0xf, range=[0x0000000100000000-0x00000001bf600000) (3062MB)
Nov 27 19:42:28 ktalina kernel: [    0.000000] efi: mem60: type=0, attr=0x0, range=[0x00000000000a0000-0x00000000000c0000) (0MB)
Nov 27 19:42:28 ktalina kernel: [    0.000000] efi: mem61: type=0, attr=0x0, range=[0x000000003b000000-0x000000003fa00000) (74MB)
Nov 27 19:42:28 ktalina kernel: [    0.000000] efi: mem62: type=11, attr=0x8000000000000001, range=[0x00000000f0000000-0x00000000f4000000) (64MB)
Nov 27 19:42:28 ktalina kernel: [    0.000000] efi: mem63: type=11, attr=0x8000000000000001, range=[0x00000000feb00000-0x00000000feb04000) (0MB)
Nov 27 19:42:28 ktalina kernel: [    0.000000] efi: mem64: type=11, attr=0x8000000000000001, range=[0x00000000fec00000-0x00000000fec01000) (0MB)
Nov 27 19:42:28 ktalina kernel: [    0.000000] efi: mem65: type=11, attr=0x8000000000000001, range=[0x00000000fed10000-0x00000000fed1a000) (0MB)
Nov 27 19:42:28 ktalina kernel: [    0.000000] efi: mem66: type=11, attr=0x8000000000000001, range=[0x00000000fed1c000-0x00000000fed20000) (0MB)
Nov 27 19:42:28 ktalina kernel: [    0.000000] efi: mem67: type=11, attr=0x8000000000000001, range=[0x00000000fee00000-0x00000000fee01000) (0MB)
Nov 27 19:42:28 ktalina kernel: [    0.000000] efi: mem68: type=11, attr=0x8000000000000000, range=[0x00000000ffd80000-0x0000000100000000) (2MB)
Nov 27 19:42:28 ktalina kernel: [    0.000000] SMBIOS 2.7 present.
Nov 27 19:42:28 ktalina kernel: [    0.000000] DMI: Hewlett-Packard HP Pavilion Sleekbook 15/1900, BIOS F.12 11/02/2012
Nov 27 19:42:28 ktalina kernel: [    0.000000] e820: update [mem 0x00000000-0x0000ffff] usable ==> reserved
Nov 27 19:42:28 ktalina kernel: [    0.000000] e820: remove [mem 0x000a0000-0x000fffff] usable
Nov 27 19:42:28 ktalina kernel: [    0.000000] No AGP bridge found
Nov 27 19:42:28 ktalina kernel: [    0.000000] e820: last_pfn = 0x1bf600 max_arch_pfn = 0x400000000
Nov 27 19:42:28 ktalina kernel: [    0.000000] MTRR default type: uncachable
Nov 27 19:42:28 ktalina kernel: [    0.000000] MTRR fixed ranges enabled:
Nov 27 19:42:28 ktalina kernel: [    0.000000]   00000-9FFFF write-back
Nov 27 19:42:28 ktalina kernel: [    0.000000]   A0000-BFFFF uncachable
Nov 27 19:42:28 ktalina kernel: [    0.000000]   C0000-E7FFF write-protect
Nov 27 19:42:28 ktalina kernel: [    0.000000]   E8000-EFFFF write-combining
Nov 27 19:42:28 ktalina kernel: [    0.000000]   F0000-FFFFF write-protect
Nov 27 19:42:28 ktalina kernel: [    0.000000] MTRR variable ranges enabled:
Nov 27 19:42:28 ktalina kernel: [    0.000000]   0 base 000000000 mask FC0000000 write-back
Nov 27 19:42:28 ktalina kernel: [    0.000000]   1 base 03B000000 mask FFF000000 uncachable
Nov 27 19:42:28 ktalina kernel: [    0.000000]   2 base 03C000000 mask FFC000000 uncachable
Nov 27 19:42:28 ktalina kernel: [    0.000000]   3 base 0FFC00000 mask FFFC00000 write-protect
Nov 27 19:42:28 ktalina kernel: [    0.000000]   4 base 100000000 mask F00000000 write-back
Nov 27 19:42:28 ktalina kernel: [    0.000000]   5 base 1BF600000 mask FFFE00000 uncachable
Nov 27 19:42:28 ktalina kernel: [    0.000000]   6 base 1BF800000 mask FFF800000 uncachable
Nov 27 19:42:28 ktalina kernel: [    0.000000]   7 base 1C0000000 mask FC0000000 uncachable
Nov 27 19:42:28 ktalina kernel: [    0.000000]   8 disabled
Nov 27 19:42:28 ktalina kernel: [    0.000000]   9 disabled
Nov 27 19:42:28 ktalina kernel: [    0.000000] x86 PAT enabled: cpu 0, old 0x7040600070406, new 0x7010600070106
Nov 27 19:42:28 ktalina kernel: [    0.000000] e820: last_pfn = 0x3b000 max_arch_pfn = 0x400000000
Nov 27 19:42:28 ktalina kernel: [    0.000000] initial memory mapped: [mem 0x00000000-0x1fffffff]
Nov 27 19:42:28 ktalina kernel: [    0.000000] Base memory trampoline at [ffff88000007e000] 7e000 size 24576
Nov 27 19:42:28 ktalina kernel: [    0.000000] reserving inaccessible SNB gfx pages
Nov 27 19:42:28 ktalina kernel: [    0.000000] init_memory_mapping: [mem 0x00000000-0x3affffff]
Nov 27 19:42:28 ktalina kernel: [    0.000000]  [mem 0x00000000-0x3affffff] page 2M
Nov 27 19:42:28 ktalina kernel: [    0.000000] kernel direct mapping tables up to 0x3affffff @ [mem 0x1fffe000-0x1fffffff]
Nov 27 19:42:28 ktalina kernel: [    0.000000] init_memory_mapping: [mem 0x100000000-0x1bf5fffff]
Nov 27 19:42:28 ktalina kernel: [    0.000000]  [mem 0x100000000-0x1bf5fffff] page 2M
Nov 27 19:42:28 ktalina kernel: [    0.000000] kernel direct mapping tables up to 0x1bf5fffff @ [mem 0x3a3f2000-0x3a3f5fff]
Nov 27 19:42:28 ktalina kernel: [    0.000000] RAMDISK: [mem 0x3799a000-0x37becfff]
Nov 27 19:42:28 ktalina kernel: [    0.000000] ACPI: RSDP 000000003affe014 00024 (v02 HPQOEM)
Nov 27 19:42:28 ktalina kernel: [    0.000000] ACPI: XSDT 000000003affe210 000A4 (v01 HPQOEM SLIC-MPC 00000001 HP   01000013)
Nov 27 19:42:28 ktalina kernel: [    0.000000] ACPI: FACP 000000003affb000 0010C (v05 HPQOEM SLIC-MPC 00000001 HP   00040000)
Nov 27 19:42:28 ktalina kernel: [    0.000000] ACPI: DSDT 000000003afe9000 0E884 (v01 HPQOEM INSYDE   00000000 INTL 00040000)
Nov 27 19:42:28 ktalina kernel: [    0.000000] ACPI: FACS 000000003afba000 00040
Nov 27 19:42:28 ktalina kernel: [    0.000000] ACPI: UEFI 000000003affd000 00236 (v01 HPQOEM 1900     00000001 HP   00040000)
Nov 27 19:42:28 ktalina kernel: [    0.000000] ACPI: ASF! 000000003affc000 000A5 (v32 HPQOEM 1900     00000001 HP   00040000)
Nov 27 19:42:28 ktalina kernel: [    0.000000] ACPI: HPET 000000003affa000 00038 (v01 HPQOEM 1900     00000001 HP   00040000)
Nov 27 19:42:28 ktalina kernel: [    0.000000] ACPI: APIC 000000003aff9000 0008C (v03 HPQOEM 1900     00000001 HP   00040000)
Nov 27 19:42:28 ktalina kernel: [    0.000000] ACPI: MCFG 000000003aff8000 0003C (v01 HPQOEM 1900     00000001 HP   00040000)
Nov 27 19:42:28 ktalina kernel: [    0.000000] ACPI: WDAT 000000003afe8000 00224 (v01 HPQOEM 1900     00000001 HP   00040000)
Nov 27 19:42:28 ktalina kernel: [    0.000000] ACPI: SSDT 000000003afe7000 00E21 (v01 HPQOEM INSYDE   00001000 INTL 00040000)
Nov 27 19:42:28 ktalina kernel: [    0.000000] ACPI: BOOT 000000003afe5000 00028 (v01 HPQOEM 1900     00000001 HP   00040000)
Nov 27 19:42:28 ktalina kernel: [    0.000000] ACPI: ASPT 000000003afe3000 00034 (v07 HPQOEM 1900     00000001 HP   00040000)
Nov 27 19:42:28 ktalina kernel: [    0.000000] ACPI: DBGP 000000003afe2000 00034 (v01 HPQOEM 1900     00000001 HP   00040000)
Nov 27 19:42:28 ktalina kernel: [    0.000000] ACPI: FPDT 000000003afe0000 00044 (v01 HPQOEM 1900     00000001 HP   00040000)
Nov 27 19:42:28 ktalina kernel: [    0.000000] ACPI: SSDT 000000003afde000 0079A (v01 HPQOEM INSYDE   00003000 INTL 00040000)
Nov 27 19:42:28 ktalina kernel: [    0.000000] ACPI: SSDT 000000003afdd000 00B22 (v01 HPQOEM INSYDE   00003000 INTL 00040000)
Nov 27 19:42:28 ktalina kernel: [    0.000000] ACPI: UEFI 000000003afdc000 0005C (v01 HPQOEM 1900     00000000 HP   00040000)
Nov 27 19:42:28 ktalina kernel: [    0.000000] ACPI: BGRT 000000003afdb000 00038 (v01 HPQOEM 1900     00000001 HP   00040000)
Nov 27 19:42:28 ktalina kernel: [    0.000000] ACPI: Local APIC address 0xfee00000
Nov 27 19:42:28 ktalina kernel: [    0.000000] No NUMA configuration found
Nov 27 19:42:28 ktalina kernel: [    0.000000] Faking a node at [mem 0x0000000000000000-0x00000001bf5fffff]
Nov 27 19:42:28 ktalina kernel: [    0.000000] Initmem setup node 0 [mem 0x00000000-0x1bf5fffff]
Nov 27 19:42:28 ktalina kernel: [    0.000000]   NODE_DATA [mem 0x1bf5fb000-0x1bf5fffff]
Nov 27 19:42:28 ktalina kernel: [    0.000000]  [ffffea0000000000-ffffea0006ffffff] PMD -> [ffff8801bac00000-ffff8801bebfffff] on node 0
Nov 27 19:42:28 ktalina kernel: [    0.000000] Zone ranges:
Nov 27 19:42:28 ktalina kernel: [    0.000000]   DMA      [mem 0x00010000-0x00ffffff]
Nov 27 19:42:28 ktalina kernel: [    0.000000]   DMA32    [mem 0x01000000-0xffffffff]
Nov 27 19:42:28 ktalina kernel: [    0.000000]   Normal   [mem 0x100000000-0x1bf5fffff]
Nov 27 19:42:28 ktalina kernel: [    0.000000] Movable zone start for each node
Nov 27 19:42:28 ktalina kernel: [    0.000000] Early memory node ranges
Nov 27 19:42:28 ktalina kernel: [    0.000000]   node   0: [mem 0x00010000-0x00087fff]
Nov 27 19:42:28 ktalina kernel: [    0.000000]   node   0: [mem 0x00100000-0x1fffffff]
Nov 27 19:42:28 ktalina kernel: [    0.000000]   node   0: [mem 0x20200000-0x3a7befff]
Nov 27 19:42:28 ktalina kernel: [    0.000000]   node   0: [mem 0x3afff000-0x3affffff]
Nov 27 19:42:28 ktalina kernel: [    0.000000]   node   0: [mem 0x100000000-0x1bf5fffff]
Nov 27 19:42:28 ktalina kernel: [    0.000000] On node 0 totalpages: 1022776
Nov 27 19:42:28 ktalina kernel: [    0.000000]   DMA zone: 64 pages used for memmap
Nov 27 19:42:28 ktalina kernel: [    0.000000]   DMA zone: 120 pages reserved
Nov 27 19:42:28 ktalina kernel: [    0.000000]   DMA zone: 3776 pages, LIFO batch:0
Nov 27 19:42:28 ktalina kernel: [    0.000000]   DMA32 zone: 3671 pages used for memmap
Nov 27 19:42:28 ktalina kernel: [    0.000000]   DMA32 zone: 231273 pages, LIFO batch:31
Nov 27 19:42:28 ktalina kernel: [    0.000000]   Normal zone: 12248 pages used for memmap
Nov 27 19:42:28 ktalina kernel: [    0.000000]   Normal zone: 771624 pages, LIFO batch:31
Nov 27 19:42:28 ktalina kernel: [    0.000000] ACPI: PM-Timer IO Port: 0x408
Nov 27 19:42:28 ktalina kernel: [    0.000000] ACPI: Local APIC address 0xfee00000
Nov 27 19:42:28 ktalina kernel: [    0.000000] ACPI: LAPIC (acpi_id[0x01] lapic_id[0x00] enabled)
Nov 27 19:42:28 ktalina kernel: [    0.000000] ACPI: LAPIC (acpi_id[0x02] lapic_id[0x01] enabled)
Nov 27 19:42:28 ktalina kernel: [    0.000000] ACPI: LAPIC (acpi_id[0x03] lapic_id[0x02] enabled)
Nov 27 19:42:28 ktalina kernel: [    0.000000] ACPI: LAPIC (acpi_id[0x04] lapic_id[0x03] enabled)
Nov 27 19:42:28 ktalina kernel: [    0.000000] ACPI: LAPIC (acpi_id[0x05] lapic_id[0x00] disabled)
Nov 27 19:42:28 ktalina kernel: [    0.000000] ACPI: LAPIC (acpi_id[0x06] lapic_id[0x00] disabled)
Nov 27 19:42:28 ktalina kernel: [    0.000000] ACPI: LAPIC (acpi_id[0x07] lapic_id[0x00] disabled)
Nov 27 19:42:28 ktalina kernel: [    0.000000] ACPI: LAPIC (acpi_id[0x08] lapic_id[0x00] disabled)
Nov 27 19:42:28 ktalina kernel: [    0.000000] ACPI: IOAPIC (id[0x00] address[0xfec00000] gsi_base[0])
Nov 27 19:42:28 ktalina kernel: [    0.000000] IOAPIC[0]: apic_id 0, version 32, address 0xfec00000, GSI 0-23
Nov 27 19:42:28 ktalina kernel: [    0.000000] ACPI: INT_SRC_OVR (bus 0 bus_irq 0 global_irq 2 dfl dfl)
Nov 27 19:42:28 ktalina kernel: [    0.000000] ACPI: INT_SRC_OVR (bus 0 bus_irq 9 global_irq 9 high level)
Nov 27 19:42:28 ktalina kernel: [    0.000000] ACPI: IRQ0 used by override.
Nov 27 19:42:28 ktalina kernel: [    0.000000] ACPI: IRQ2 used by override.
Nov 27 19:42:28 ktalina kernel: [    0.000000] ACPI: IRQ9 used by override.
Nov 27 19:42:28 ktalina kernel: [    0.000000] Using ACPI (MADT) for SMP configuration information
Nov 27 19:42:28 ktalina kernel: [    0.000000] ACPI: HPET id: 0x8086a201 base: 0xfed00000
Nov 27 19:42:28 ktalina kernel: [    0.000000] smpboot: Allowing 8 CPUs, 4 hotplug CPUs
Nov 27 19:42:28 ktalina kernel: [    0.000000] nr_irqs_gsi: 40
Nov 27 19:42:28 ktalina kernel: [    0.000000] PM: Registered nosave memory: 0000000000088000 - 00000000000c0000
Nov 27 19:42:28 ktalina kernel: [    0.000000] PM: Registered nosave memory: 00000000000c0000 - 0000000000100000
Nov 27 19:42:28 ktalina kernel: [    0.000000] PM: Registered nosave memory: 0000000020000000 - 0000000020200000
Nov 27 19:42:28 ktalina kernel: [    0.000000] PM: Registered nosave memory: 000000003a7bf000 - 000000003aebf000
Nov 27 19:42:28 ktalina kernel: [    0.000000] PM: Registered nosave memory: 000000003aebf000 - 000000003afbf000
Nov 27 19:42:28 ktalina kernel: [    0.000000] PM: Registered nosave memory: 000000003afbf000 - 000000003afff000
Nov 27 19:42:28 ktalina kernel: [    0.000000] PM: Registered nosave memory: 000000003b000000 - 000000003fa00000
Nov 27 19:42:28 ktalina kernel: [    0.000000] PM: Registered nosave memory: 000000003fa00000 - 00000000f0000000
Nov 27 19:42:28 ktalina kernel: [    0.000000] PM: Registered nosave memory: 00000000f0000000 - 00000000f4000000
Nov 27 19:42:28 ktalina kernel: [    0.000000] PM: Registered nosave memory: 00000000f4000000 - 00000000feb00000
Nov 27 19:42:28 ktalina kernel: [    0.000000] PM: Registered nosave memory: 00000000feb00000 - 00000000feb04000
Nov 27 19:42:28 ktalina kernel: [    0.000000] PM: Registered nosave memory: 00000000feb04000 - 00000000fec00000
Nov 27 19:42:28 ktalina kernel: [    0.000000] PM: Registered nosave memory: 00000000fec00000 - 00000000fec01000
Nov 27 19:42:28 ktalina kernel: [    0.000000] PM: Registered nosave memory: 00000000fec01000 - 00000000fed10000
Nov 27 19:42:28 ktalina kernel: [    0.000000] PM: Registered nosave memory: 00000000fed10000 - 00000000fed1a000
Nov 27 19:42:28 ktalina kernel: [    0.000000] PM: Registered nosave memory: 00000000fed1a000 - 00000000fed1c000
Nov 27 19:42:28 ktalina kernel: [    0.000000] PM: Registered nosave memory: 00000000fed1c000 - 00000000fed20000
Nov 27 19:42:28 ktalina kernel: [    0.000000] PM: Registered nosave memory: 00000000fed20000 - 00000000fee00000
Nov 27 19:42:28 ktalina kernel: [    0.000000] PM: Registered nosave memory: 00000000fee00000 - 00000000fee01000
Nov 27 19:42:28 ktalina kernel: [    0.000000] PM: Registered nosave memory: 00000000fee01000 - 00000000ffd80000
Nov 27 19:42:28 ktalina kernel: [    0.000000] PM: Registered nosave memory: 00000000ffd80000 - 0000000100000000
Nov 27 19:42:28 ktalina kernel: [    0.000000] e820: [mem 0x3fa00000-0xefffffff] available for PCI devices
Nov 27 19:42:28 ktalina kernel: [    0.000000] Booting paravirtualized kernel on bare hardware
Nov 27 19:42:28 ktalina kernel: [    0.000000] setup_percpu: NR_CPUS:256 nr_cpumask_bits:256 nr_cpu_ids:8 nr_node_ids:1
Nov 27 19:42:28 ktalina kernel: [    0.000000] PERCPU: Embedded 28 pages/cpu @ffff8801bf200000 s85056 r8192 d21440 u262144
Nov 27 19:42:28 ktalina kernel: [    0.000000] pcpu-alloc: s85056 r8192 d21440 u262144 alloc=1*2097152
Nov 27 19:42:28 ktalina kernel: [    0.000000] pcpu-alloc: [0] 0 1 2 3 4 5 6 7 
Nov 27 19:42:28 ktalina kernel: [    0.000000] Built 1 zonelists in Zone order, mobility grouping on.  Total pages: 1006673
Nov 27 19:42:28 ktalina kernel: [    0.000000] Policy zone: Normal
Nov 27 19:42:28 ktalina kernel: [    0.000000] Kernel command line: BOOT_IMAGE=/boot/vmlinuz-3.8.0-30-generic root=UUID=b638beb9-a3e7-4e70-99d0-43dcbabc8bc3 ro
Nov 27 19:42:28 ktalina kernel: [    0.000000] PID hash table entries: 4096 (order: 3, 32768 bytes)
Nov 27 19:42:28 ktalina kernel: [    0.000000] __ex_table already sorted, skipping sort
Nov 27 19:42:28 ktalina kernel: [    0.000000] xsave: enabled xstate_bv 0x7, cntxt size 0x340
Nov 27 19:42:28 ktalina kernel: [    0.000000] Checking aperture...
Nov 27 19:42:28 ktalina kernel: [    0.000000] No AGP bridge found
Nov 27 19:42:28 ktalina kernel: [    0.000000] Calgary: detecting Calgary via BIOS EBDA area
Nov 27 19:42:28 ktalina kernel: [    0.000000] Calgary: Unable to locate Rio Grande table in EBDA - bailing!
Nov 27 19:42:28 ktalina kernel: [    0.000000] Memory: 3888220k/7329792k available (7014k kernel code, 3238688k absent, 202884k reserved, 6229k data, 996k init)
Nov 27 19:42:28 ktalina kernel: [    0.000000] SLUB: Genslabs=15, HWalign=64, Order=0-3, MinObjects=0, CPUs=8, Nodes=1
Nov 27 19:42:28 ktalina kernel: [    0.000000] Hierarchical RCU implementation.
Nov 27 19:42:28 ktalina kernel: [    0.000000] 	RCU dyntick-idle grace-period acceleration is enabled.
Nov 27 19:42:28 ktalina kernel: [    0.000000] 	RCU restricting CPUs from NR_CPUS=256 to nr_cpu_ids=8.
Nov 27 19:42:28 ktalina kernel: [    0.000000] NR_IRQS:16640 nr_irqs:744 16
Nov 27 19:42:28 ktalina kernel: [    0.000000] Console: colour dummy device 80x25
Nov 27 19:42:28 ktalina kernel: [    0.000000] console [tty0] enabled
Nov 27 19:42:28 ktalina kernel: [    0.000000] allocated 16777216 bytes of page_cgroup
Nov 27 19:42:28 ktalina kernel: [    0.000000] please try 'cgroup_disable=memory' option if you don't want memory cgroups
Nov 27 19:42:28 ktalina kernel: [    0.000000] hpet clockevent registered
Nov 27 19:42:28 ktalina kernel: [    0.000000] tsc: Fast TSC calibration using PIT
Nov 27 19:42:28 ktalina kernel: [    0.004000] tsc: Detected 1496.682 MHz processor
Nov 27 19:42:28 ktalina kernel: [    0.000003] Calibrating delay loop (skipped), value calculated using timer frequency.. 2993.36 BogoMIPS (lpj=5986728)
Nov 27 19:42:28 ktalina kernel: [    0.000013] pid_max: default: 32768 minimum: 301
Nov 27 19:42:28 ktalina kernel: [    0.024443] Security Framework initialized
Nov 27 19:42:28 ktalina kernel: [    0.024460] AppArmor: AppArmor initialized
Nov 27 19:42:28 ktalina kernel: [    0.024464] Yama: becoming mindful.
Nov 27 19:42:28 ktalina kernel: [    0.024898] Dentry cache hash table entries: 524288 (order: 10, 4194304 bytes)
Nov 27 19:42:28 ktalina kernel: [    0.026212] Inode-cache hash table entries: 262144 (order: 9, 2097152 bytes)
Nov 27 19:42:28 ktalina kernel: [    0.026761] Mount-cache hash table entries: 256
Nov 27 19:42:28 ktalina kernel: [    0.026996] Initializing cgroup subsys cpuacct
Nov 27 19:42:28 ktalina kernel: [    0.027002] Initializing cgroup subsys memory
Nov 27 19:42:28 ktalina kernel: [    0.027013] Initializing cgroup subsys devices
Nov 27 19:42:28 ktalina kernel: [    0.027017] Initializing cgroup subsys freezer
Nov 27 19:42:28 ktalina kernel: [    0.027022] Initializing cgroup subsys blkio
Nov 27 19:42:28 ktalina kernel: [    0.027026] Initializing cgroup subsys perf_event
Nov 27 19:42:28 ktalina kernel: [    0.027031] Initializing cgroup subsys hugetlb
Nov 27 19:42:28 ktalina kernel: [    0.027067] CPU: Physical Processor ID: 0
Nov 27 19:42:28 ktalina kernel: [    0.027071] CPU: Processor Core ID: 0
Nov 27 19:42:28 ktalina kernel: [    0.027079] ENERGY_PERF_BIAS: Set to 'normal', was 'performance'
Nov 27 19:42:28 ktalina kernel: [    0.027079] ENERGY_PERF_BIAS: View and update with x86_energy_perf_policy(8)
Nov 27 19:42:28 ktalina kernel: [    0.027089] mce: CPU supports 7 MCE banks
Nov 27 19:42:28 ktalina kernel: [    0.027107] CPU0: Thermal monitoring enabled (TM1)
Nov 27 19:42:28 ktalina kernel: [    0.027120] process: using mwait in idle threads
Nov 27 19:42:28 ktalina kernel: [    0.027128] Last level iTLB entries: 4KB 512, 2MB 0, 4MB 0
Nov 27 19:42:28 ktalina kernel: [    0.027128] Last level dTLB entries: 4KB 512, 2MB 32, 4MB 32
Nov 27 19:42:28 ktalina kernel: [    0.027128] tlb_flushall_shift: 5
Nov 27 19:42:28 ktalina kernel: [    0.027344] Freeing SMP alternatives: 24k freed
Nov 27 19:42:28 ktalina kernel: [    0.031265] ACPI: Core revision 20121018
Nov 27 19:42:28 ktalina kernel: [    0.057780] ftrace: allocating 26715 entries in 105 pages
Nov 27 19:42:28 ktalina kernel: [    0.079491] ..TIMER: vector=0x30 apic1=0 pin1=2 apic2=-1 pin2=-1
Nov 27 19:42:28 ktalina kernel: [    0.119173] smpboot: CPU0: Intel(R) Core(TM) i3-2375M CPU @ 1.50GHz (fam: 06, model: 2a, stepping: 07)
Nov 27 19:42:28 ktalina kernel: [    0.119189] TSC deadline timer enabled
Nov 27 19:42:28 ktalina kernel: [    0.119194] Performance Events: PEBS fmt1+, 16-deep LBR, SandyBridge events, Intel PMU driver.
Nov 27 19:42:28 ktalina kernel: [    0.119208] ... version:                3
Nov 27 19:42:28 ktalina kernel: [    0.119211] ... bit width:              48
Nov 27 19:42:28 ktalina kernel: [    0.119214] ... generic registers:      4
Nov 27 19:42:28 ktalina kernel: [    0.119218] ... value mask:             0000ffffffffffff
Nov 27 19:42:28 ktalina kernel: [    0.119221] ... max period:             000000007fffffff
Nov 27 19:42:28 ktalina kernel: [    0.119225] ... fixed-purpose events:   3
Nov 27 19:42:28 ktalina kernel: [    0.119228] ... event mask:             000000070000000f
Nov 27 19:42:28 ktalina kernel: [    0.133936] NMI watchdog: enabled on all CPUs, permanently consumes one hw-PMU counter.
Nov 27 19:42:28 ktalina kernel: [    0.120679] smpboot: Booting Node   0, Processors  #1 #2 #3
Nov 27 19:42:28 ktalina kernel: [    0.160463] Brought up 4 CPUs
Nov 27 19:42:28 ktalina kernel: [    0.160472] smpboot: Total of 4 processors activated (11973.45 BogoMIPS)
Nov 27 19:42:28 ktalina kernel: [    0.165270] devtmpfs: initialized
Nov 27 19:42:28 ktalina kernel: [    0.166447] EVM: security.selinux
Nov 27 19:42:28 ktalina kernel: [    0.166451] EVM: security.SMACK64
Nov 27 19:42:28 ktalina kernel: [    0.166455] EVM: security.capability
Nov 27 19:42:28 ktalina kernel: [    0.166506] PM: Registering ACPI NVS region [mem 0x3aebf000-0x3afbefff] (1048576 bytes)
Nov 27 19:42:28 ktalina kernel: [    0.167622] regulator-dummy: no parameters
Nov 27 19:42:28 ktalina kernel: [    0.167690] NET: Registered protocol family 16
Nov 27 19:42:28 ktalina kernel: [    0.167860] ACPI FADT declares the system doesn't support PCIe ASPM, so disable it
Nov 27 19:42:28 ktalina kernel: [    0.167867] ACPI: bus type pci registered
Nov 27 19:42:28 ktalina kernel: [    0.167955] PCI: MMCONFIG for domain 0000 [bus 00-3f] at [mem 0xf0000000-0xf3ffffff] (base 0xf0000000)
Nov 27 19:42:28 ktalina kernel: [    0.167963] PCI: MMCONFIG at [mem 0xf0000000-0xf3ffffff] reserved in E820
Nov 27 19:42:28 ktalina kernel: [    0.176360] PCI: Using configuration type 1 for base access
Nov 27 19:42:28 ktalina kernel: [    0.177548] bio: create slab <bio-0> at 0
Nov 27 19:42:28 ktalina kernel: [    0.177663] ACPI: Added _OSI(Module Device)
Nov 27 19:42:28 ktalina kernel: [    0.177668] ACPI: Added _OSI(Processor Device)
Nov 27 19:42:28 ktalina kernel: [    0.177672] ACPI: Added _OSI(3.0 _SCP Extensions)
Nov 27 19:42:28 ktalina kernel: [    0.177676] ACPI: Added _OSI(Processor Aggregator Device)
Nov 27 19:42:28 ktalina kernel: [    0.179886] ACPI: EC: Look up EC in DSDT
Nov 27 19:42:28 ktalina kernel: [    0.182049] ACPI: Executed 1 blocks of module-level executable AML code
Nov 27 19:42:28 ktalina kernel: [    0.185544] [Firmware Bug]: ACPI: BIOS _OSI(Linux) query ignored
Nov 27 19:42:28 ktalina kernel: [    0.186238] ACPI: SSDT 000000003ae19018 0083B (v01  PmRef  Cpu0Cst 00003001 INTL 20111123)
Nov 27 19:42:28 ktalina kernel: [    0.186816] ACPI: Dynamic OEM Table Load:
Nov 27 19:42:28 ktalina kernel: [    0.186822] ACPI: SSDT           (null) 0083B (v01  PmRef  Cpu0Cst 00003001 INTL 20111123)
Nov 27 19:42:28 ktalina kernel: [    0.187227] ACPI: SSDT 000000003ae5ba98 00303 (v01  PmRef    ApIst 00003000 INTL 20111123)
Nov 27 19:42:28 ktalina kernel: [    0.187846] ACPI: Dynamic OEM Table Load:
Nov 27 19:42:28 ktalina kernel: [    0.187852] ACPI: SSDT           (null) 00303 (v01  PmRef    ApIst 00003000 INTL 20111123)
Nov 27 19:42:28 ktalina kernel: [    0.188040] ACPI: SSDT 000000003ae18d98 00119 (v01  PmRef    ApCst 00003000 INTL 20111123)
Nov 27 19:42:28 ktalina kernel: [    0.188607] ACPI: Dynamic OEM Table Load:
Nov 27 19:42:28 ktalina kernel: [    0.188612] ACPI: SSDT           (null) 00119 (v01  PmRef    ApCst 00003000 INTL 20111123)
Nov 27 19:42:28 ktalina kernel: [    0.297933] ACPI: Interpreter enabled
Nov 27 19:42:28 ktalina kernel: [    0.297942] ACPI: (supports S0 S3 S4 S5)
Nov 27 19:42:28 ktalina kernel: [    0.297976] ACPI: Using IOAPIC for interrupt routing
Nov 27 19:42:28 ktalina kernel: [    0.303601] ACPI: EC: GPE = 0x1d, I/O: command/status = 0x66, data = 0x62
Nov 27 19:42:28 ktalina kernel: [    0.303757] ACPI: No dock devices found.
Nov 27 19:42:28 ktalina kernel: [    0.303764] PCI: Using host bridge windows from ACPI; if necessary, use "pci=nocrs" and report a bug
Nov 27 19:42:28 ktalina kernel: [    0.303993] ACPI: PCI Root Bridge [PCI0] (domain 0000 [bus 00-3e])
Nov 27 19:42:28 ktalina kernel: [    0.303999] ACPI: PCI Interrupt Routing Table [\_SB_.PCI0._PRT]
Nov 27 19:42:28 ktalina kernel: [    0.304301] \_SB_.PCI0:_OSC invalid UUID
Nov 27 19:42:28 ktalina kernel: [    0.304303] _OSC request data:1 8 0 
Nov 27 19:42:28 ktalina kernel: [    0.304732] PCI host bridge to bus 0000:00
Nov 27 19:42:28 ktalina kernel: [    0.304740] pci_bus 0000:00: root bus resource [bus 00-3e]
Nov 27 19:42:28 ktalina kernel: [    0.304745] pci_bus 0000:00: root bus resource [io  0x0000-0x0cf7]
Nov 27 19:42:28 ktalina kernel: [    0.304750] pci_bus 0000:00: root bus resource [io  0x0d00-0xffff]
Nov 27 19:42:28 ktalina kernel: [    0.304755] pci_bus 0000:00: root bus resource [mem 0x000a0000-0x000bffff]
Nov 27 19:42:28 ktalina kernel: [    0.304760] pci_bus 0000:00: root bus resource [mem 0x000c0000-0x000c3fff]
Nov 27 19:42:28 ktalina kernel: [    0.304765] pci_bus 0000:00: root bus resource [mem 0x000c4000-0x000c7fff]
Nov 27 19:42:28 ktalina kernel: [    0.304770] pci_bus 0000:00: root bus resource [mem 0x000c8000-0x000cbfff]
Nov 27 19:42:28 ktalina kernel: [    0.304775] pci_bus 0000:00: root bus resource [mem 0x000cc000-0x000cffff]
Nov 27 19:42:28 ktalina kernel: [    0.304779] pci_bus 0000:00: root bus resource [mem 0x000d0000-0x000d3fff]
Nov 27 19:42:28 ktalina kernel: [    0.304784] pci_bus 0000:00: root bus resource [mem 0x000d4000-0x000d7fff]
Nov 27 19:42:28 ktalina kernel: [    0.304789] pci_bus 0000:00: root bus resource [mem 0x000d8000-0x000dbfff]
Nov 27 19:42:28 ktalina kernel: [    0.304794] pci_bus 0000:00: root bus resource [mem 0x000dc000-0x000dffff]
Nov 27 19:42:28 ktalina kernel: [    0.304799] pci_bus 0000:00: root bus resource [mem 0x000e0000-0x000e3fff]
Nov 27 19:42:28 ktalina kernel: [    0.304804] pci_bus 0000:00: root bus resource [mem 0x000e4000-0x000e7fff]
Nov 27 19:42:28 ktalina kernel: [    0.304809] pci_bus 0000:00: root bus resource [mem 0x000e8000-0x000ebfff]
Nov 27 19:42:28 ktalina kernel: [    0.304814] pci_bus 0000:00: root bus resource [mem 0x000ec000-0x000effff]
Nov 27 19:42:28 ktalina kernel: [    0.304819] pci_bus 0000:00: root bus resource [mem 0x000f0000-0x000fffff]
Nov 27 19:42:28 ktalina kernel: [    0.304824] pci_bus 0000:00: root bus resource [mem 0x3fa00000-0xfeafffff]
Nov 27 19:42:28 ktalina kernel: [    0.304838] pci 0000:00:00.0: [8086:0104] type 00 class 0x060000
Nov 27 19:42:28 ktalina kernel: [    0.304892] pci 0000:00:02.0: [8086:0116] type 00 class 0x030000
Nov 27 19:42:28 ktalina kernel: [    0.304908] pci 0000:00:02.0: reg 10: [mem 0x52000000-0x523fffff 64bit]
Nov 27 19:42:28 ktalina kernel: [    0.304918] pci 0000:00:02.0: reg 18: [mem 0x40000000-0x4fffffff 64bit pref]
Nov 27 19:42:28 ktalina kernel: [    0.304925] pci 0000:00:02.0: reg 20: [io  0x4000-0x403f]
Nov 27 19:42:28 ktalina kernel: [    0.305012] pci 0000:00:14.0: [8086:1e31] type 00 class 0x0c0330
Nov 27 19:42:28 ktalina kernel: [    0.305057] pci 0000:00:14.0: reg 10: [mem 0x52600000-0x5260ffff 64bit]
Nov 27 19:42:28 ktalina kernel: [    0.305187] pci 0000:00:14.0: PME# supported from D3hot D3cold
Nov 27 19:42:28 ktalina kernel: [    0.305227] pci 0000:00:16.0: [8086:1e3a] type 00 class 0x078000
Nov 27 19:42:28 ktalina kernel: [    0.305265] pci 0000:00:16.0: reg 10: [mem 0x52614000-0x5261400f 64bit]
Nov 27 19:42:28 ktalina kernel: [    0.305393] pci 0000:00:16.0: PME# supported from D0 D3hot D3cold
Nov 27 19:42:28 ktalina kernel: [    0.305452] pci 0000:00:1a.0: [8086:1e2d] type 00 class 0x0c0320
Nov 27 19:42:28 ktalina kernel: [    0.305488] pci 0000:00:1a.0: reg 10: [mem 0x52619000-0x526193ff]
Nov 27 19:42:28 ktalina kernel: [    0.305640] pci 0000:00:1a.0: PME# supported from D0 D3hot D3cold
Nov 27 19:42:28 ktalina kernel: [    0.305686] pci 0000:00:1b.0: [8086:1e20] type 00 class 0x040300
Nov 27 19:42:28 ktalina kernel: [    0.305713] pci 0000:00:1b.0: reg 10: [mem 0x52610000-0x52613fff 64bit]
Nov 27 19:42:28 ktalina kernel: [    0.305850] pci 0000:00:1b.0: PME# supported from D0 D3hot D3cold
Nov 27 19:42:28 ktalina kernel: [    0.305890] pci 0000:00:1c.0: [8086:1e10] type 01 class 0x060400
Nov 27 19:42:28 ktalina kernel: [    0.306034] pci 0000:00:1c.0: PME# supported from D0 D3hot D3cold
Nov 27 19:42:28 ktalina kernel: [    0.306080] pci 0000:00:1c.1: [8086:1e12] type 01 class 0x060400
Nov 27 19:42:28 ktalina kernel: [    0.306224] pci 0000:00:1c.1: PME# supported from D0 D3hot D3cold
Nov 27 19:42:28 ktalina kernel: [    0.306266] pci 0000:00:1c.2: [8086:1e14] type 01 class 0x060400
Nov 27 19:42:28 ktalina kernel: [    0.306410] pci 0000:00:1c.2: PME# supported from D0 D3hot D3cold
Nov 27 19:42:28 ktalina kernel: [    0.306470] pci 0000:00:1d.0: [8086:1e26] type 00 class 0x0c0320
Nov 27 19:42:28 ktalina kernel: [    0.306504] pci 0000:00:1d.0: reg 10: [mem 0x52618000-0x526183ff]
Nov 27 19:42:28 ktalina kernel: [    0.306658] pci 0000:00:1d.0: PME# supported from D0 D3hot D3cold
Nov 27 19:42:28 ktalina kernel: [    0.306699] pci 0000:00:1f.0: [8086:1e57] type 00 class 0x060100
Nov 27 19:42:28 ktalina kernel: [    0.306897] pci 0000:00:1f.2: [8086:282a] type 00 class 0x010400
Nov 27 19:42:28 ktalina kernel: [    0.306935] pci 0000:00:1f.2: reg 10: [io  0x4088-0x408f]
Nov 27 19:42:28 ktalina kernel: [    0.306952] pci 0000:00:1f.2: reg 14: [io  0x4094-0x4097]
Nov 27 19:42:28 ktalina kernel: [    0.306967] pci 0000:00:1f.2: reg 18: [io  0x4080-0x4087]
Nov 27 19:42:28 ktalina kernel: [    0.306983] pci 0000:00:1f.2: reg 1c: [io  0x4090-0x4093]
Nov 27 19:42:28 ktalina kernel: [    0.306998] pci 0000:00:1f.2: reg 20: [io  0x4060-0x407f]
Nov 27 19:42:28 ktalina kernel: [    0.307014] pci 0000:00:1f.2: reg 24: [mem 0x52617000-0x526177ff]
Nov 27 19:42:28 ktalina kernel: [    0.307113] pci 0000:00:1f.2: PME# supported from D3hot
Nov 27 19:42:28 ktalina kernel: [    0.307147] pci 0000:00:1f.3: [8086:1e22] type 00 class 0x0c0500
Nov 27 19:42:28 ktalina kernel: [    0.307176] pci 0000:00:1f.3: reg 10: [mem 0x52615000-0x526150ff 64bit]
Nov 27 19:42:28 ktalina kernel: [    0.307219] pci 0000:00:1f.3: reg 20: [io  0x4040-0x405f]
Nov 27 19:42:28 ktalina kernel: [    0.307398] pci 0000:01:00.0: [168c:0036] type 00 class 0x028000
Nov 27 19:42:28 ktalina kernel: [    0.307459] pci 0000:01:00.0: reg 10: [mem 0x52500000-0x5257ffff 64bit]
Nov 27 19:42:28 ktalina kernel: [    0.307606] pci 0000:01:00.0: reg 30: [mem 0xffff0000-0xffffffff pref]
Nov 27 19:42:28 ktalina kernel: [    0.307754] pci 0000:01:00.0: supports D1 D2
Nov 27 19:42:28 ktalina kernel: [    0.307757] pci 0000:01:00.0: PME# supported from D0 D1 D2 D3hot D3cold
Nov 27 19:42:28 ktalina kernel: [    0.313084] pci 0000:00:1c.0: PCI bridge to [bus 01]
Nov 27 19:42:28 ktalina kernel: [    0.313111] pci 0000:00:1c.0:   bridge window [mem 0x52500000-0x525fffff]
Nov 27 19:42:28 ktalina kernel: [    0.313229] pci 0000:02:00.0: [10ec:8136] type 00 class 0x020000
Nov 27 19:42:28 ktalina kernel: [    0.313257] pci 0000:02:00.0: reg 10: [io  0x3000-0x30ff]
Nov 27 19:42:28 ktalina kernel: [    0.313306] pci 0000:02:00.0: reg 18: [mem 0x52404000-0x52404fff 64bit pref]
Nov 27 19:42:28 ktalina kernel: [    0.313337] pci 0000:02:00.0: reg 20: [mem 0x52400000-0x52403fff 64bit pref]
Nov 27 19:42:28 ktalina kernel: [    0.313467] pci 0000:02:00.0: supports D1 D2
Nov 27 19:42:28 ktalina kernel: [    0.313470] pci 0000:02:00.0: PME# supported from D0 D1 D2 D3hot D3cold
Nov 27 19:42:28 ktalina kernel: [    0.321081] pci 0000:00:1c.1: PCI bridge to [bus 02]
Nov 27 19:42:28 ktalina kernel: [    0.321095] pci 0000:00:1c.1:   bridge window [io  0x3000-0x3fff]
Nov 27 19:42:28 ktalina kernel: [    0.321114] pci 0000:00:1c.1:   bridge window [mem 0x52400000-0x524fffff]
Nov 27 19:42:28 ktalina kernel: [    0.321306] pci 0000:03:00.0: [10ec:5229] type 00 class 0xff0000
Nov 27 19:42:28 ktalina kernel: [    0.321376] pci 0000:03:00.0: reg 10: [mem 0x51000000-0x51000fff]
Nov 27 19:42:28 ktalina kernel: [    0.321876] pci 0000:03:00.0: supports D1 D2
Nov 27 19:42:28 ktalina kernel: [    0.321878] pci 0000:03:00.0: PME# supported from D1 D2 D3hot
Nov 27 19:42:28 ktalina kernel: [    0.329128] pci 0000:00:1c.2: PCI bridge to [bus 03-08]
Nov 27 19:42:28 ktalina kernel: [    0.329137] pci 0000:00:1c.2:   bridge window [io  0x2000-0x2fff]
Nov 27 19:42:28 ktalina kernel: [    0.329144] pci 0000:00:1c.2:   bridge window [mem 0x51000000-0x51ffffff]
Nov 27 19:42:28 ktalina kernel: [    0.329155] pci 0000:00:1c.2:   bridge window [mem 0x50000000-0x50ffffff 64bit pref]
Nov 27 19:42:28 ktalina kernel: [    0.329220] ACPI: PCI Interrupt Routing Table [\_SB_.PCI0.RP01._PRT]
Nov 27 19:42:28 ktalina kernel: [    0.329262] ACPI: PCI Interrupt Routing Table [\_SB_.PCI0.RP02._PRT]
Nov 27 19:42:28 ktalina kernel: [    0.329303] ACPI: PCI Interrupt Routing Table [\_SB_.PCI0.RP03._PRT]
Nov 27 19:42:28 ktalina kernel: [    0.329425] \_SB_.PCI0:_OSC invalid UUID
Nov 27 19:42:28 ktalina kernel: [    0.329426] _OSC request data:1 1f 0 
Nov 27 19:42:28 ktalina kernel: [    0.329432]  pci0000:00: ACPI _OSC support notification failed, disabling PCIe ASPM
Nov 27 19:42:28 ktalina kernel: [    0.329438]  pci0000:00: Unable to request _OSC control (_OSC support mask: 0x08)
Nov 27 19:42:28 ktalina kernel: [    0.330216] ACPI: PCI Interrupt Link [LNKA] (IRQs 1 3 4 5 6 10 11 12 14 15) *0, disabled.
Nov 27 19:42:28 ktalina kernel: [    0.330286] ACPI: PCI Interrupt Link [LNKB] (IRQs 1 3 4 5 6 10 11 12 14 15) *0, disabled.
Nov 27 19:42:28 ktalina kernel: [    0.330351] ACPI: PCI Interrupt Link [LNKC] (IRQs 1 3 4 5 6 10 11 12 14 15) *0, disabled.
Nov 27 19:42:28 ktalina kernel: [    0.330416] ACPI: PCI Interrupt Link [LNKD] (IRQs 1 3 4 5 6 10 11 12 14 15) *0, disabled.
Nov 27 19:42:28 ktalina kernel: [    0.330480] ACPI: PCI Interrupt Link [LNKE] (IRQs 1 3 4 5 6 10 11 12 14 15) *0, disabled.
Nov 27 19:42:28 ktalina kernel: [    0.330544] ACPI: PCI Interrupt Link [LNKF] (IRQs 1 3 4 5 6 10 11 12 14 15) *0, disabled.
Nov 27 19:42:28 ktalina kernel: [    0.330608] ACPI: PCI Interrupt Link [LNKG] (IRQs 1 3 4 5 6 10 11 12 14 15) *0, disabled.
Nov 27 19:42:28 ktalina kernel: [    0.330672] ACPI: PCI Interrupt Link [LNKH] (IRQs 1 3 4 5 6 10 11 12 14 15) *0, disabled.
Nov 27 19:42:28 ktalina kernel: [    0.330807] vgaarb: device added: PCI:0000:00:02.0,decodes=io+mem,owns=io+mem,locks=none
Nov 27 19:42:28 ktalina kernel: [    0.330816] vgaarb: loaded
Nov 27 19:42:28 ktalina kernel: [    0.330819] vgaarb: bridge control possible 0000:00:02.0
Nov 27 19:42:28 ktalina kernel: [    0.331036] SCSI subsystem initialized
Nov 27 19:42:28 ktalina kernel: [    0.331041] ACPI: bus type scsi registered
Nov 27 19:42:28 ktalina kernel: [    0.331094] libata version 3.00 loaded.
Nov 27 19:42:28 ktalina kernel: [    0.331116] ACPI: bus type usb registered
Nov 27 19:42:28 ktalina kernel: [    0.331140] usbcore: registered new interface driver usbfs
Nov 27 19:42:28 ktalina kernel: [    0.331152] usbcore: registered new interface driver hub
Nov 27 19:42:28 ktalina kernel: [    0.331181] usbcore: registered new device driver usb
Nov 27 19:42:28 ktalina kernel: [    0.331290] PCI: Using ACPI for IRQ routing
Nov 27 19:42:28 ktalina kernel: [    0.334076] PCI: pci_cache_line_size set to 64 bytes
Nov 27 19:42:28 ktalina kernel: [    0.334184] e820: reserve RAM buffer [mem 0x00088000-0x0008ffff]
Nov 27 19:42:28 ktalina kernel: [    0.334187] e820: reserve RAM buffer [mem 0x3a7bf000-0x3bffffff]
Nov 27 19:42:28 ktalina kernel: [    0.334190] e820: reserve RAM buffer [mem 0x3b000000-0x3bffffff]
Nov 27 19:42:28 ktalina kernel: [    0.334192] e820: reserve RAM buffer [mem 0x1bf600000-0x1bfffffff]
Nov 27 19:42:28 ktalina kernel: [    0.334299] NetLabel: Initializing
Nov 27 19:42:28 ktalina kernel: [    0.334303] NetLabel:  domain hash size = 128
Nov 27 19:42:28 ktalina kernel: [    0.334306] NetLabel:  protocols = UNLABELED CIPSOv4
Nov 27 19:42:28 ktalina kernel: [    0.334321] NetLabel:  unlabeled traffic allowed by default
Nov 27 19:42:28 ktalina kernel: [    0.334383] hpet0: at MMIO 0xfed00000, IRQs 2, 8, 0, 0, 0, 0, 0, 0
Nov 27 19:42:28 ktalina kernel: [    0.334395] hpet0: 8 comparators, 64-bit 14.318180 MHz counter
Nov 27 19:42:28 ktalina kernel: [    0.336410] Switching to clocksource hpet
Nov 27 19:42:28 ktalina kernel: [    0.343306] AppArmor: AppArmor Filesystem Enabled
Nov 27 19:42:28 ktalina kernel: [    0.343339] pnp: PnP ACPI init
Nov 27 19:42:28 ktalina kernel: [    0.343355] ACPI: bus type pnp registered
Nov 27 19:42:28 ktalina kernel: [    0.343697] pnp 00:00: [dma 4]
Nov 27 19:42:28 ktalina kernel: [    0.343728] pnp 00:00: Plug and Play ACPI device, IDs PNP0200 (active)
Nov 27 19:42:28 ktalina kernel: [    0.343755] pnp 00:01: Plug and Play ACPI device, IDs INT0800 (active)
Nov 27 19:42:28 ktalina kernel: [    0.343879] pnp 00:02: Plug and Play ACPI device, IDs PNP0103 (active)
Nov 27 19:42:28 ktalina kernel: [    0.343920] pnp 00:03: Plug and Play ACPI device, IDs PNP0c04 (active)
Nov 27 19:42:28 ktalina kernel: [    0.343980] system 00:04: [io  0x0680-0x069f] has been reserved
Nov 27 19:42:28 ktalina kernel: [    0.343986] system 00:04: [io  0x1000-0x100f] has been reserved
Nov 27 19:42:28 ktalina kernel: [    0.343991] system 00:04: [io  0xffff] has been reserved
Nov 27 19:42:28 ktalina kernel: [    0.343996] system 00:04: [io  0xffff] has been reserved
Nov 27 19:42:28 ktalina kernel: [    0.344001] system 00:04: [io  0x0400-0x0453] has been reserved
Nov 27 19:42:28 ktalina kernel: [    0.344006] system 00:04: [io  0x0458-0x047f] has been reserved
Nov 27 19:42:28 ktalina kernel: [    0.344011] system 00:04: [io  0x0500-0x057f] has been reserved
Nov 27 19:42:28 ktalina kernel: [    0.344016] system 00:04: [io  0x164e-0x164f] has been reserved
Nov 27 19:42:28 ktalina kernel: [    0.344021] system 00:04: [io  0x0454-0x0457] has been reserved
Nov 27 19:42:28 ktalina kernel: [    0.344026] system 00:04: [io  0x0380-0x0387] has been reserved
Nov 27 19:42:28 ktalina kernel: [    0.344032] system 00:04: Plug and Play ACPI device, IDs PNP0c02 (active)
Nov 27 19:42:28 ktalina kernel: [    0.344065] pnp 00:05: Plug and Play ACPI device, IDs PNP0b00 (active)
Nov 27 19:42:28 ktalina kernel: [    0.344111] pnp 00:06: Plug and Play ACPI device, IDs HPQ8001 PNP0303 (active)
Nov 27 19:42:28 ktalina kernel: [    0.344156] pnp 00:07: Plug and Play ACPI device, IDs SYN1e83 SYN1e00 SYN0002 PNP0f13 (active)
Nov 27 19:42:28 ktalina kernel: [    0.344214] pnp 00:08: Plug and Play ACPI device, IDs HPQ0004 (active)
Nov 27 19:42:28 ktalina kernel: [    0.344516] system 00:09: [mem 0xfed1c000-0xfed1ffff] has been reserved
Nov 27 19:42:28 ktalina kernel: [    0.344523] system 00:09: [mem 0xfed10000-0xfed17fff] has been reserved
Nov 27 19:42:28 ktalina kernel: [    0.344528] system 00:09: [mem 0xfed18000-0xfed18fff] has been reserved
Nov 27 19:42:28 ktalina kernel: [    0.344533] system 00:09: [mem 0xfed19000-0xfed19fff] has been reserved
Nov 27 19:42:28 ktalina kernel: [    0.344539] system 00:09: [mem 0xf0000000-0xf3ffffff] has been reserved
Nov 27 19:42:28 ktalina kernel: [    0.344544] system 00:09: [mem 0xfed20000-0xfed3ffff] has been reserved
Nov 27 19:42:28 ktalina kernel: [    0.344549] system 00:09: [mem 0xfed90000-0xfed93fff] has been reserved
Nov 27 19:42:28 ktalina kernel: [    0.344555] system 00:09: [mem 0xff000000-0xffffffff] could not be reserved
Nov 27 19:42:28 ktalina kernel: [    0.344560] system 00:09: [mem 0xfee00000-0xfeefffff] could not be reserved
Nov 27 19:42:28 ktalina kernel: [    0.344566] system 00:09: [mem 0x3fa00000-0x3fa00fff] has been reserved
Nov 27 19:42:28 ktalina kernel: [    0.344572] system 00:09: Plug and Play ACPI device, IDs PNP0c02 (active)
Nov 27 19:42:28 ktalina kernel: [    0.344822] pnp 00:0a: disabling [mem 0x40000000-0x401fffff] because it overlaps 0000:00:02.0 BAR 2 [mem 0x40000000-0x4fffffff 64bit pref]
Nov 27 19:42:28 ktalina kernel: [    0.344861] system 00:0a: [mem 0x20000000-0x201fffff] has been reserved
Nov 27 19:42:28 ktalina kernel: [    0.344868] system 00:0a: Plug and Play ACPI device, IDs PNP0c01 (active)
Nov 27 19:42:28 ktalina kernel: [    0.344893] pnp: PnP ACPI: found 11 devices
Nov 27 19:42:28 ktalina kernel: [    0.344897] ACPI: ACPI bus type pnp unregistered
Nov 27 19:42:28 ktalina kernel: [    0.351765] pci 0000:01:00.0: no compatible bridge window for [mem 0xffff0000-0xffffffff pref]
Nov 27 19:42:28 ktalina kernel: [    0.351825] pci 0000:00:1c.0: BAR 15: assigned [mem 0x3fb00000-0x3fbfffff pref]
Nov 27 19:42:28 ktalina kernel: [    0.351832] pci 0000:01:00.0: BAR 6: assigned [mem 0x3fb00000-0x3fb0ffff pref]
Nov 27 19:42:28 ktalina kernel: [    0.351839] pci 0000:00:1c.0: PCI bridge to [bus 01]
Nov 27 19:42:28 ktalina kernel: [    0.351849] pci 0000:00:1c.0:   bridge window [mem 0x52500000-0x525fffff]
Nov 27 19:42:28 ktalina kernel: [    0.351858] pci 0000:00:1c.0:   bridge window [mem 0x3fb00000-0x3fbfffff pref]
Nov 27 19:42:28 ktalina kernel: [    0.351872] pci 0000:00:1c.1: PCI bridge to [bus 02]
Nov 27 19:42:28 ktalina kernel: [    0.351878] pci 0000:00:1c.1:   bridge window [io  0x3000-0x3fff]
Nov 27 19:42:28 ktalina kernel: [    0.351889] pci 0000:00:1c.1:   bridge window [mem 0x52400000-0x524fffff]
Nov 27 19:42:28 ktalina kernel: [    0.351906] pci 0000:00:1c.2: PCI bridge to [bus 03-08]
Nov 27 19:42:28 ktalina kernel: [    0.351912] pci 0000:00:1c.2:   bridge window [io  0x2000-0x2fff]
Nov 27 19:42:28 ktalina kernel: [    0.351923] pci 0000:00:1c.2:   bridge window [mem 0x51000000-0x51ffffff]
Nov 27 19:42:28 ktalina kernel: [    0.351932] pci 0000:00:1c.2:   bridge window [mem 0x50000000-0x50ffffff 64bit pref]
Nov 27 19:42:28 ktalina kernel: [    0.351982] pci_bus 0000:00: resource 4 [io  0x0000-0x0cf7]
Nov 27 19:42:28 ktalina kernel: [    0.351985] pci_bus 0000:00: resource 5 [io  0x0d00-0xffff]
Nov 27 19:42:28 ktalina kernel: [    0.351988] pci_bus 0000:00: resource 6 [mem 0x000a0000-0x000bffff]
Nov 27 19:42:28 ktalina kernel: [    0.351991] pci_bus 0000:00: resource 7 [mem 0x000c0000-0x000c3fff]
Nov 27 19:42:28 ktalina kernel: [    0.351993] pci_bus 0000:00: resource 8 [mem 0x000c4000-0x000c7fff]
Nov 27 19:42:28 ktalina kernel: [    0.351996] pci_bus 0000:00: resource 9 [mem 0x000c8000-0x000cbfff]
Nov 27 19:42:28 ktalina kernel: [    0.351999] pci_bus 0000:00: resource 10 [mem 0x000cc000-0x000cffff]
Nov 27 19:42:28 ktalina kernel: [    0.352001] pci_bus 0000:00: resource 11 [mem 0x000d0000-0x000d3fff]
Nov 27 19:42:28 ktalina kernel: [    0.352004] pci_bus 0000:00: resource 12 [mem 0x000d4000-0x000d7fff]
Nov 27 19:42:28 ktalina kernel: [    0.352007] pci_bus 0000:00: resource 13 [mem 0x000d8000-0x000dbfff]
Nov 27 19:42:28 ktalina kernel: [    0.352009] pci_bus 0000:00: resource 14 [mem 0x000dc000-0x000dffff]
Nov 27 19:42:28 ktalina kernel: [    0.352012] pci_bus 0000:00: resource 15 [mem 0x000e0000-0x000e3fff]
Nov 27 19:42:28 ktalina kernel: [    0.352014] pci_bus 0000:00: resource 16 [mem 0x000e4000-0x000e7fff]
Nov 27 19:42:28 ktalina kernel: [    0.352017] pci_bus 0000:00: resource 17 [mem 0x000e8000-0x000ebfff]
Nov 27 19:42:28 ktalina kernel: [    0.352020] pci_bus 0000:00: resource 18 [mem 0x000ec000-0x000effff]
Nov 27 19:42:28 ktalina kernel: [    0.352022] pci_bus 0000:00: resource 19 [mem 0x000f0000-0x000fffff]
Nov 27 19:42:28 ktalina kernel: [    0.352025] pci_bus 0000:00: resource 20 [mem 0x3fa00000-0xfeafffff]
Nov 27 19:42:28 ktalina kernel: [    0.352028] pci_bus 0000:01: resource 1 [mem 0x52500000-0x525fffff]
Nov 27 19:42:28 ktalina kernel: [    0.352031] pci_bus 0000:01: resource 2 [mem 0x3fb00000-0x3fbfffff pref]
Nov 27 19:42:28 ktalina kernel: [    0.352034] pci_bus 0000:02: resource 0 [io  0x3000-0x3fff]
Nov 27 19:42:28 ktalina kernel: [    0.352036] pci_bus 0000:02: resource 1 [mem 0x52400000-0x524fffff]
Nov 27 19:42:28 ktalina kernel: [    0.352039] pci_bus 0000:03: resource 0 [io  0x2000-0x2fff]
Nov 27 19:42:28 ktalina kernel: [    0.352042] pci_bus 0000:03: resource 1 [mem 0x51000000-0x51ffffff]
Nov 27 19:42:28 ktalina kernel: [    0.352045] pci_bus 0000:03: resource 2 [mem 0x50000000-0x50ffffff 64bit pref]
Nov 27 19:42:28 ktalina kernel: [    0.352085] NET: Registered protocol family 2
Nov 27 19:42:28 ktalina kernel: [    0.352288] TCP established hash table entries: 32768 (order: 7, 524288 bytes)
Nov 27 19:42:28 ktalina kernel: [    0.352467] TCP bind hash table entries: 32768 (order: 7, 524288 bytes)
Nov 27 19:42:28 ktalina kernel: [    0.352573] TCP: Hash tables configured (established 32768 bind 32768)
Nov 27 19:42:28 ktalina kernel: [    0.352602] TCP: reno registered
Nov 27 19:42:28 ktalina kernel: [    0.352617] UDP hash table entries: 2048 (order: 4, 65536 bytes)
Nov 27 19:42:28 ktalina kernel: [    0.352643] UDP-Lite hash table entries: 2048 (order: 4, 65536 bytes)
Nov 27 19:42:28 ktalina kernel: [    0.352729] NET: Registered protocol family 1
Nov 27 19:42:28 ktalina kernel: [    0.352746] pci 0000:00:02.0: Boot video device
Nov 27 19:42:28 ktalina kernel: [    0.384503] PCI: CLS 64 bytes, default 64
Nov 27 19:42:28 ktalina kernel: [    0.384555] Trying to unpack rootfs image as initramfs...
Nov 27 19:42:28 ktalina kernel: [    0.449685] Freeing initrd memory: 2380k freed
Nov 27 19:42:28 ktalina kernel: [    0.450115] PCI-DMA: Using software bounce buffering for IO (SWIOTLB)
Nov 27 19:42:28 ktalina kernel: [    0.450124] software IO TLB [mem 0x317a6000-0x357a6000] (64MB) mapped at [ffff8800317a6000-ffff8800357a5fff]
Nov 27 19:42:28 ktalina kernel: [    0.450163] Simple Boot Flag at 0x44 set to 0x1
Nov 27 19:42:28 ktalina kernel: [    0.450645] Initialise module verification
Nov 27 19:42:28 ktalina kernel: [    0.450707] audit: initializing netlink socket (disabled)
Nov 27 19:42:28 ktalina kernel: [    0.450728] type=2000 audit(1385577730.400:1): initialized
Nov 27 19:42:28 ktalina kernel: [    0.492299] HugeTLB registered 2 MB page size, pre-allocated 0 pages
Nov 27 19:42:28 ktalina kernel: [    0.494109] VFS: Disk quotas dquot_6.5.2
Nov 27 19:42:28 ktalina kernel: [    0.494167] Dquot-cache hash table entries: 512 (order 0, 4096 bytes)
Nov 27 19:42:28 ktalina kernel: [    0.494745] fuse init (API version 7.20)
Nov 27 19:42:28 ktalina kernel: [    0.494836] msgmni has been set to 7699
Nov 27 19:42:28 ktalina kernel: [    0.495340] Key type asymmetric registered
Nov 27 19:42:28 ktalina kernel: [    0.495347] Asymmetric key parser 'x509' registered
Nov 27 19:42:28 ktalina kernel: [    0.495391] Block layer SCSI generic (bsg) driver version 0.4 loaded (major 252)
Nov 27 19:42:28 ktalina kernel: [    0.495425] io scheduler noop registered
Nov 27 19:42:28 ktalina kernel: [    0.495432] io scheduler deadline registered (default)
Nov 27 19:42:28 ktalina kernel: [    0.495440] io scheduler cfq registered
Nov 27 19:42:28 ktalina kernel: [    0.495753] pci_hotplug: PCI Hot Plug PCI Core version: 0.5
Nov 27 19:42:28 ktalina kernel: [    0.495773] pciehp: PCI Express Hot Plug Controller Driver version: 0.4
Nov 27 19:42:28 ktalina kernel: [    0.495844] efifb: probing for efifb
Nov 27 19:42:28 ktalina kernel: [    0.496553] efifb: framebuffer at 0x40000000, mapped to 0xffffc90008b80000, using 4160k, total 4160k
Nov 27 19:42:28 ktalina kernel: [    0.496559] efifb: mode is 1366x768x32, linelength=5504, pages=1
Nov 27 19:42:28 ktalina kernel: [    0.496563] efifb: scrolling: redraw
Nov 27 19:42:28 ktalina kernel: [    0.496567] efifb: Truecolor: size=8:8:8:8, shift=24:16:8:0
Nov 27 19:42:28 ktalina kernel: [    0.500397] Console: switching to colour frame buffer device 170x48
Nov 27 19:42:28 ktalina kernel: [    0.504041] fb0: EFI VGA frame buffer device
Nov 27 19:42:28 ktalina kernel: [    0.504073] intel_idle: MWAIT substates: 0x21120
Nov 27 19:42:28 ktalina kernel: [    0.504075] intel_idle: v0.4 model 0x2A
Nov 27 19:42:28 ktalina kernel: [    0.504077] intel_idle: lapic_timer_reliable_states 0xffffffff
Nov 27 19:42:28 ktalina kernel: [    0.504639] ACPI: AC Adapter [ACAD] (off-line)
Nov 27 19:42:28 ktalina kernel: [    0.504816] input: Lid Switch as /devices/LNXSYSTM:00/LNXSYBUS:00/PNP0C0D:00/input/input0
Nov 27 19:42:28 ktalina kernel: [    0.505570] ACPI: Lid Switch [LID0]
Nov 27 19:42:28 ktalina kernel: [    0.505641] input: Power Button as /devices/LNXSYSTM:00/LNXSYBUS:00/PNP0C0C:00/input/input1
Nov 27 19:42:28 ktalina kernel: [    0.505693] ACPI: Power Button [PWRB]
Nov 27 19:42:28 ktalina kernel: [    0.505765] input: Power Button as /devices/LNXSYSTM:00/LNXPWRBN:00/input/input2
Nov 27 19:42:28 ktalina kernel: [    0.505810] ACPI: Power Button [PWRF]
Nov 27 19:42:28 ktalina kernel: [    0.505924] ACPI: Requesting acpi_cpufreq
Nov 27 19:42:28 ktalina kernel: [    0.512655] [Firmware Bug]: Invalid critical threshold (0)
Nov 27 19:42:28 ktalina kernel: [    0.515191] thermal LNXTHERM:00: registered as thermal_zone0
Nov 27 19:42:28 ktalina kernel: [    0.515229] ACPI: Thermal Zone [TZ01] (0 C)
Nov 27 19:42:28 ktalina kernel: [    0.515288] GHES: HEST is not enabled!
Nov 27 19:42:28 ktalina kernel: [    0.515491] Serial: 8250/16550 driver, 32 ports, IRQ sharing enabled
Nov 27 19:42:28 ktalina kernel: [    0.517793] Linux agpgart interface v0.103
Nov 27 19:42:28 ktalina kernel: [    0.519395] brd: module loaded
Nov 27 19:42:28 ktalina kernel: [    0.520243] loop: module loaded
Nov 27 19:42:28 ktalina kernel: [    0.520655] libphy: Fixed MDIO Bus: probed
Nov 27 19:42:28 ktalina kernel: [    0.520752] tun: Universal TUN/TAP device driver, 1.6
Nov 27 19:42:28 ktalina kernel: [    0.520783] tun: (C) 1999-2004 Max Krasnyansky <maxk@qualcomm.com>
Nov 27 19:42:28 ktalina kernel: [    0.520875] PPP generic driver version 2.4.2
Nov 27 19:42:28 ktalina kernel: [    0.520970] ehci_hcd: USB 2.0 'Enhanced' Host Controller (EHCI) Driver
Nov 27 19:42:28 ktalina kernel: [    0.521011] ehci-pci: EHCI PCI platform driver
Nov 27 19:42:28 ktalina kernel: [    0.522383] ehci-pci 0000:00:1a.0: setting latency timer to 64
Nov 27 19:42:28 ktalina kernel: [    0.522388] ehci-pci 0000:00:1a.0: EHCI Host Controller
Nov 27 19:42:28 ktalina kernel: [    0.523724] ehci-pci 0000:00:1a.0: new USB bus registered, assigned bus number 1
Nov 27 19:42:28 ktalina kernel: [    0.525108] ehci-pci 0000:00:1a.0: debug port 2
Nov 27 19:42:28 ktalina kernel: [    0.530337] ehci-pci 0000:00:1a.0: cache line size of 64 is not supported
Nov 27 19:42:28 ktalina kernel: [    0.530358] ehci-pci 0000:00:1a.0: irq 16, io mem 0x52619000
Nov 27 19:42:28 ktalina kernel: [    0.540388] ehci-pci 0000:00:1a.0: USB 2.0 started, EHCI 1.00
Nov 27 19:42:28 ktalina kernel: [    0.541759] usb usb1: New USB device found, idVendor=1d6b, idProduct=0002
Nov 27 19:42:28 ktalina kernel: [    0.543073] usb usb1: New USB device strings: Mfr=3, Product=2, SerialNumber=1
Nov 27 19:42:28 ktalina kernel: [    0.544395] usb usb1: Product: EHCI Host Controller
Nov 27 19:42:28 ktalina kernel: [    0.545709] usb usb1: Manufacturer: Linux 3.8.0-30-generic ehci_hcd
Nov 27 19:42:28 ktalina kernel: [    0.547031] usb usb1: SerialNumber: 0000:00:1a.0
Nov 27 19:42:28 ktalina kernel: [    0.548516] hub 1-0:1.0: USB hub found
Nov 27 19:42:28 ktalina kernel: [    0.549822] hub 1-0:1.0: 2 ports detected
Nov 27 19:42:28 ktalina kernel: [    0.551209] ehci-pci 0000:00:1d.0: setting latency timer to 64
Nov 27 19:42:28 ktalina kernel: [    0.551214] ehci-pci 0000:00:1d.0: EHCI Host Controller
Nov 27 19:42:28 ktalina kernel: [    0.552564] ehci-pci 0000:00:1d.0: new USB bus registered, assigned bus number 2
Nov 27 19:42:28 ktalina kernel: [    0.553878] ehci-pci 0000:00:1d.0: debug port 2
Nov 27 19:42:28 ktalina kernel: [    0.559076] ehci-pci 0000:00:1d.0: cache line size of 64 is not supported
Nov 27 19:42:28 ktalina kernel: [    0.559095] ehci-pci 0000:00:1d.0: irq 20, io mem 0x52618000
Nov 27 19:42:28 ktalina kernel: [    0.571362] ACPI: Battery Slot [BAT0] (battery present)
Nov 27 19:42:28 ktalina kernel: [    0.572673] ehci-pci 0000:00:1d.0: USB 2.0 started, EHCI 1.00
Nov 27 19:42:28 ktalina kernel: [    0.573983] usb usb2: New USB device found, idVendor=1d6b, idProduct=0002
Nov 27 19:42:28 ktalina kernel: [    0.575272] usb usb2: New USB device strings: Mfr=3, Product=2, SerialNumber=1
Nov 27 19:42:28 ktalina kernel: [    0.576557] usb usb2: Product: EHCI Host Controller
Nov 27 19:42:28 ktalina kernel: [    0.577818] usb usb2: Manufacturer: Linux 3.8.0-30-generic ehci_hcd
Nov 27 19:42:28 ktalina kernel: [    0.579082] usb usb2: SerialNumber: 0000:00:1d.0
Nov 27 19:42:28 ktalina kernel: [    0.580467] hub 2-0:1.0: USB hub found
Nov 27 19:42:28 ktalina kernel: [    0.581724] hub 2-0:1.0: 2 ports detected
Nov 27 19:42:28 ktalina kernel: [    0.583053] ehci-platform: EHCI generic platform driver
Nov 27 19:42:28 ktalina kernel: [    0.584307] ohci_hcd: USB 1.1 'Open' Host Controller (OHCI) Driver
Nov 27 19:42:28 ktalina kernel: [    0.585580] uhci_hcd: USB Universal Host Controller Interface driver
Nov 27 19:42:28 ktalina kernel: [    0.586866] xhci_hcd 0000:00:14.0: setting latency timer to 64
Nov 27 19:42:28 ktalina kernel: [    0.586872] xhci_hcd 0000:00:14.0: xHCI Host Controller
Nov 27 19:42:28 ktalina kernel: [    0.588091] xhci_hcd 0000:00:14.0: new USB bus registered, assigned bus number 3
Nov 27 19:42:28 ktalina kernel: [    0.589429] xhci_hcd 0000:00:14.0: cache line size of 64 is not supported
Nov 27 19:42:28 ktalina kernel: [    0.589503] xhci_hcd 0000:00:14.0: irq 40 for MSI/MSI-X
Nov 27 19:42:28 ktalina kernel: [    0.589565] usb usb3: New USB device found, idVendor=1d6b, idProduct=0002
Nov 27 19:42:28 ktalina kernel: [    0.590781] usb usb3: New USB device strings: Mfr=3, Product=2, SerialNumber=1
Nov 27 19:42:28 ktalina kernel: [    0.591985] usb usb3: Product: xHCI Host Controller
Nov 27 19:42:28 ktalina kernel: [    0.593205] usb usb3: Manufacturer: Linux 3.8.0-30-generic xhci_hcd
Nov 27 19:42:28 ktalina kernel: [    0.594421] usb usb3: SerialNumber: 0000:00:14.0
Nov 27 19:42:28 ktalina kernel: [    0.595711] xHCI xhci_add_endpoint called for root hub
Nov 27 19:42:28 ktalina kernel: [    0.595713] xHCI xhci_check_bandwidth called for root hub
Nov 27 19:42:28 ktalina kernel: [    0.595737] hub 3-0:1.0: USB hub found
Nov 27 19:42:28 ktalina kernel: [    0.596953] hub 3-0:1.0: 4 ports detected
Nov 27 19:42:28 ktalina kernel: [    0.598518] xhci_hcd 0000:00:14.0: xHCI Host Controller
Nov 27 19:42:28 ktalina kernel: [    0.599712] xhci_hcd 0000:00:14.0: new USB bus registered, assigned bus number 4
Nov 27 19:42:28 ktalina kernel: [    0.600948] usb usb4: New USB device found, idVendor=1d6b, idProduct=0003
Nov 27 19:42:28 ktalina kernel: [    0.602158] usb usb4: New USB device strings: Mfr=3, Product=2, SerialNumber=1
Nov 27 19:42:28 ktalina kernel: [    0.603382] usb usb4: Product: xHCI Host Controller
Nov 27 19:42:28 ktalina kernel: [    0.604613] usb usb4: Manufacturer: Linux 3.8.0-30-generic xhci_hcd
Nov 27 19:42:28 ktalina kernel: [    0.605842] usb usb4: SerialNumber: 0000:00:14.0
Nov 27 19:42:28 ktalina kernel: [    0.607139] xHCI xhci_add_endpoint called for root hub
Nov 27 19:42:28 ktalina kernel: [    0.607142] xHCI xhci_check_bandwidth called for root hub
Nov 27 19:42:28 ktalina kernel: [    0.607166] hub 4-0:1.0: USB hub found
Nov 27 19:42:28 ktalina kernel: [    0.608396] hub 4-0:1.0: 4 ports detected
Nov 27 19:42:28 ktalina kernel: [    0.610061] i8042: PNP: PS/2 Controller [PNP0303:PS2K,PNP0f13:PS2M] at 0x60,0x64 irq 1,12
Nov 27 19:42:28 ktalina kernel: [    0.619581] serio: i8042 KBD port at 0x60,0x64 irq 1
Nov 27 19:42:28 ktalina kernel: [    0.620838] serio: i8042 AUX port at 0x60,0x64 irq 12
Nov 27 19:42:28 ktalina kernel: [    0.622224] mousedev: PS/2 mouse device common for all mice
Nov 27 19:42:28 ktalina kernel: [    0.623615] rtc_cmos 00:05: RTC can wake from S4
Nov 27 19:42:28 ktalina kernel: [    0.625044] rtc_cmos 00:05: rtc core: registered rtc_cmos as rtc0
Nov 27 19:42:28 ktalina kernel: [    0.626299] rtc0: alarms up to one month, 242 bytes nvram, hpet irqs
Nov 27 19:42:28 ktalina kernel: [    0.627622] device-mapper: uevent: version 1.0.3
Nov 27 19:42:28 ktalina kernel: [    0.628968] device-mapper: ioctl: 4.23.1-ioctl (2012-12-18) initialised: dm-devel@redhat.com
Nov 27 19:42:28 ktalina kernel: [    0.630312] cpuidle: using governor ladder
Nov 27 19:42:28 ktalina kernel: [    0.631676] cpuidle: using governor menu
Nov 27 19:42:28 ktalina kernel: [    0.632968] ledtrig-cpu: registered to indicate activity on CPUs
Nov 27 19:42:28 ktalina kernel: [    0.634229] EFI Variables Facility v0.08 2004-May-17
Nov 27 19:42:28 ktalina kernel: [    0.657825] ashmem: initialized
Nov 27 19:42:28 ktalina kernel: [    0.659227] TCP: cubic registered
Nov 27 19:42:28 ktalina kernel: [    0.660626] NET: Registered protocol family 10
Nov 27 19:42:28 ktalina kernel: [    0.662068] NET: Registered protocol family 17
Nov 27 19:42:28 ktalina kernel: [    0.663318] Key type dns_resolver registered
Nov 27 19:42:28 ktalina kernel: [    0.664877] Loading module verification certificates
Nov 27 19:42:28 ktalina kernel: [    0.667497] MODSIGN: Loaded cert 'Magrathea: Glacier signing key: 3a8155c013f798de7084673b6e86215ebed17697'
Nov 27 19:42:28 ktalina kernel: [    0.668784] registered taskstats version 1
Nov 27 19:42:28 ktalina kernel: [    0.673120] Key type trusted registered
Nov 27 19:42:28 ktalina kernel: [    0.677188] Key type encrypted registered
Nov 27 19:42:28 ktalina kernel: [    0.681850] rtc_cmos 00:05: setting system clock to 2013-11-27 18:42:11 UTC (1385577731)
Nov 27 19:42:28 ktalina kernel: [    0.683932] BIOS EDD facility v0.16 2004-Jun-25, 0 devices found
Nov 27 19:42:28 ktalina kernel: [    0.685288] EDD information not available.
Nov 27 19:42:28 ktalina kernel: [    0.688874] Freeing unused kernel memory: 996k freed
Nov 27 19:42:28 ktalina kernel: [    0.690318] Write protecting the kernel read-only data: 12288k
Nov 27 19:42:28 ktalina kernel: [    0.696518] Freeing unused kernel memory: 1168k freed
Nov 27 19:42:28 ktalina kernel: [    0.702234] Freeing unused kernel memory: 1076k freed
Nov 27 19:42:28 ktalina kernel: [    0.724296] zram: module is from the staging directory, the quality is unknown, you have been warned.
Nov 27 19:42:28 ktalina kernel: [    0.726019] zram: num_devices not specified. Using default: 1
Nov 27 19:42:28 ktalina kernel: [    0.727336] zram: Creating 1 devices ...
Nov 27 19:42:28 ktalina kernel: [    0.736133] Disabling lock debugging due to kernel taint
Nov 27 19:42:28 ktalina kernel: [    0.739313] ahci 0000:00:1f.2: version 3.0
Nov 27 19:42:28 ktalina kernel: [    0.739422] ahci 0000:00:1f.2: irq 41 for MSI/MSI-X
Nov 27 19:42:28 ktalina kernel: [    0.739509] ahci 0000:00:1f.2: AHCI 0001.0300 32 slots 6 ports 6 Gbps 0x1 impl RAID mode
Nov 27 19:42:28 ktalina kernel: [    0.741749] ahci 0000:00:1f.2: flags: 64bit ncq pm led clo pio slum part ems apst 
Nov 27 19:42:28 ktalina kernel: [    0.743976] ahci 0000:00:1f.2: setting latency timer to 64
Nov 27 19:42:28 ktalina kernel: [    0.745760] scsi0 : ahci
Nov 27 19:42:28 ktalina kernel: [    0.747597] scsi1 : ahci
Nov 27 19:42:28 ktalina kernel: [    0.749938] scsi2 : ahci
Nov 27 19:42:28 ktalina kernel: [    0.752162] scsi3 : ahci
Nov 27 19:42:28 ktalina kernel: [    0.754469] scsi4 : ahci
Nov 27 19:42:28 ktalina kernel: [    0.758008] scsi5 : ahci
Nov 27 19:42:28 ktalina kernel: [    0.760032] ata1: SATA max UDMA/133 abar m2048@0x52617000 port 0x52617100 irq 41
Nov 27 19:42:28 ktalina kernel: [    0.761639] ata2: DUMMY
Nov 27 19:42:28 ktalina kernel: [    0.763205] ata3: DUMMY
Nov 27 19:42:28 ktalina kernel: [    0.764670] ata4: DUMMY
Nov 27 19:42:28 ktalina kernel: [    0.765943] ata5: DUMMY
Nov 27 19:42:28 ktalina kernel: [    0.767184] ata6: DUMMY
Nov 27 19:42:28 ktalina kernel: [    0.868300] usb 1-1: new high-speed USB device number 2 using ehci-pci
Nov 27 19:42:28 ktalina kernel: [    1.001056] usb 1-1: New USB device found, idVendor=8087, idProduct=0024
Nov 27 19:42:28 ktalina kernel: [    1.003394] usb 1-1: New USB device strings: Mfr=0, Product=0, SerialNumber=0
Nov 27 19:42:28 ktalina kernel: [    1.006136] hub 1-1:1.0: USB hub found
Nov 27 19:42:28 ktalina kernel: [    1.008642] hub 1-1:1.0: 6 ports detected
Nov 27 19:42:28 ktalina kernel: [    1.088315] ata1: SATA link up 3.0 Gbps (SStatus 123 SControl 300)
Nov 27 19:42:28 ktalina kernel: [    1.100328] ata1.00: ATA-8: ST500LT012-9WS142, 0001YAM1, max UDMA/133
Nov 27 19:42:28 ktalina kernel: [    1.102607] ata1.00: 976773168 sectors, multi 16: LBA48 NCQ (depth 31/32), AA
Nov 27 19:42:28 ktalina kernel: [    1.120275] ata1.00: configured for UDMA/133
Nov 27 19:42:28 ktalina kernel: [    1.122922] scsi 0:0:0:0: Direct-Access     ATA      ST500LT012-9WS14 0001 PQ: 0 ANSI: 5
Nov 27 19:42:28 ktalina kernel: [    1.124245] usb 2-1: new high-speed USB device number 2 using ehci-pci
Nov 27 19:42:28 ktalina kernel: [    1.127945] sd 0:0:0:0: [sda] 976773168 512-byte logical blocks: (500 GB/465 GiB)
Nov 27 19:42:28 ktalina kernel: [    1.128073] sd 0:0:0:0: Attached scsi generic sg0 type 0
Nov 27 19:42:28 ktalina kernel: [    1.133284] sd 0:0:0:0: [sda] 4096-byte physical blocks
Nov 27 19:42:28 ktalina kernel: [    1.134067] input: AT Translated Set 2 keyboard as /devices/platform/i8042/serio0/input/input3
Nov 27 19:42:28 ktalina kernel: [    1.138361] sd 0:0:0:0: [sda] Write Protect is off
Nov 27 19:42:28 ktalina kernel: [    1.140933] sd 0:0:0:0: [sda] Mode Sense: 00 3a 00 00
Nov 27 19:42:28 ktalina kernel: [    1.140991] sd 0:0:0:0: [sda] Write cache: enabled, read cache: enabled, doesn't support DPO or FUA
Nov 27 19:42:28 ktalina kernel: [    1.243034]  sda: sda1 sda2 sda3 sda4 < sda5 sda6 sda7 >
Nov 27 19:42:28 ktalina kernel: [    1.246817] sd 0:0:0:0: [sda] Attached SCSI disk
Nov 27 19:42:28 ktalina kernel: [    1.256671] usb 2-1: New USB device found, idVendor=8087, idProduct=0024
Nov 27 19:42:28 ktalina kernel: [    1.259344] usb 2-1: New USB device strings: Mfr=0, Product=0, SerialNumber=0
Nov 27 19:42:28 ktalina kernel: [    1.262200] hub 2-1:1.0: USB hub found
Nov 27 19:42:28 ktalina kernel: [    1.264899] hub 2-1:1.0: 8 ports detected
Nov 27 19:42:28 ktalina kernel: [    1.432159] usb 3-3: new high-speed USB device number 2 using xhci_hcd
Nov 27 19:42:28 ktalina kernel: [    1.448126] tsc: Refined TSC clocksource calibration: 1496.600 MHz
Nov 27 19:42:28 ktalina kernel: [    1.450852] Switching to clocksource tsc
Nov 27 19:42:28 ktalina kernel: [    1.543709] usb 3-3: New USB device found, idVendor=04f2, idProduct=b35f
Nov 27 19:42:28 ktalina kernel: [    1.546382] usb 3-3: New USB device strings: Mfr=3, Product=1, SerialNumber=2
Nov 27 19:42:28 ktalina kernel: [    1.549010] usb 3-3: Product: HP Truevision HD
Nov 27 19:42:28 ktalina kernel: [    1.551661] usb 3-3: Manufacturer: Chicony Electronics Co.,Ltd.
Nov 27 19:42:28 ktalina kernel: [    1.554258] usb 3-3: SerialNumber: 0x0001
Nov 27 19:42:28 ktalina kernel: [    1.632183] usb 1-1.3: new full-speed USB device number 3 using ehci-pci
Nov 27 19:42:28 ktalina kernel: [    1.725106] usb 1-1.3: New USB device found, idVendor=0cf3, idProduct=311f
Nov 27 19:42:28 ktalina kernel: [    1.727628] usb 1-1.3: New USB device strings: Mfr=0, Product=0, SerialNumber=0
Nov 27 19:42:28 ktalina kernel: [    2.079707] EXT4-fs (sda1): INFO: recovery required on readonly filesystem
Nov 27 19:42:28 ktalina kernel: [    2.082411] EXT4-fs (sda1): write access will be enabled during recovery
Nov 27 19:42:28 ktalina kernel: [    4.232368] EXT4-fs (sda1): orphan cleanup on readonly fs
Nov 27 19:42:28 ktalina kernel: [    4.235105] EXT4-fs (sda1): ext4_orphan_cleanup: deleting unreferenced inode 917971
Nov 27 19:42:28 ktalina kernel: [    4.235263] EXT4-fs (sda1): 1 orphan inode deleted
Nov 27 19:42:28 ktalina kernel: [    4.237920] EXT4-fs (sda1): recovery complete
Nov 27 19:42:28 ktalina kernel: [    4.320263] EXT4-fs (sda1): mounted filesystem with ordered data mode. Opts: (null)
Nov 27 19:42:28 ktalina kernel: [   13.467318] Adding 1048572k swap on /dev/sda5.  Priority:-1 extents:1 across:1048572k 
Nov 27 19:42:28 ktalina kernel: [   13.765272] microcode: CPU0 sig=0x206a7, pf=0x10, revision=0x28
Nov 27 19:42:28 ktalina kernel: [   13.768553] lp: driver loaded but no devices found
Nov 27 19:42:28 ktalina kernel: [   13.786816] ACPI Warning: 0x0000000000000428-0x000000000000042f SystemIO conflicts with Region \PMIO 1 (20121018/utaddress-251)
Nov 27 19:42:28 ktalina kernel: [   13.786828] ACPI: If an ACPI driver is available for this device, you should use it instead of the native driver
Nov 27 19:42:28 ktalina kernel: [   13.786836] ACPI Warning: 0x0000000000000530-0x000000000000053f SystemIO conflicts with Region \GPIO 1 (20121018/utaddress-251)
Nov 27 19:42:28 ktalina kernel: [   13.786843] ACPI Warning: 0x0000000000000530-0x000000000000053f SystemIO conflicts with Region \_SB_.PCI0.LPCB.GPIO 2 (20121018/utaddress-251)
Nov 27 19:42:28 ktalina kernel: [   13.786850] ACPI: If an ACPI driver is available for this device, you should use it instead of the native driver
Nov 27 19:42:28 ktalina kernel: [   13.786854] ACPI Warning: 0x0000000000000500-0x000000000000052f SystemIO conflicts with Region \GPIO 1 (20121018/utaddress-251)
Nov 27 19:42:28 ktalina kernel: [   13.786860] ACPI Warning: 0x0000000000000500-0x000000000000052f SystemIO conflicts with Region \_SB_.PCI0.LPCB.GPIO 2 (20121018/utaddress-251)
Nov 27 19:42:28 ktalina kernel: [   13.786867] ACPI: If an ACPI driver is available for this device, you should use it instead of the native driver
Nov 27 19:42:28 ktalina kernel: [   13.786870] lpc_ich: Resource conflict(s) found affecting gpio_ich
Nov 27 19:42:28 ktalina kernel: [   13.787376] r8169 Gigabit Ethernet driver 2.3LK-NAPI loaded
Nov 27 19:42:28 ktalina kernel: [   13.787635] r8169 0000:02:00.0: irq 42 for MSI/MSI-X
Nov 27 19:42:28 ktalina kernel: [   13.787897] r8169 0000:02:00.0 eth0: RTL8105e at 0xffffc90004096000, 38:ea:a7:f9:be:ee, XID 00c00000 IRQ 42
Nov 27 19:42:28 ktalina kernel: [   13.788299] mei 0000:00:16.0: setting latency timer to 64
Nov 27 19:42:28 ktalina kernel: [   13.788391] mei 0000:00:16.0: irq 43 for MSI/MSI-X
Nov 27 19:42:28 ktalina kernel: [   13.788790] rtsx_pci 0000:03:00.0: irq 44 for MSI/MSI-X
Nov 27 19:42:28 ktalina kernel: [   13.788830] rtsx_pci 0000:03:00.0: rtsx_pci_acquire_irq: pcr->msi_en = 1, pci->irq = 44
Nov 27 19:42:28 ktalina kernel: [   13.793646] [drm] Initialized drm 1.1.0 20060810
Nov 27 19:42:28 ktalina kernel: [   13.797776] cfg80211: Calling CRDA to update world regulatory domain
Nov 27 19:42:28 ktalina kernel: [   13.799320] Bluetooth: Core ver 2.16
Nov 27 19:42:28 ktalina kernel: [   13.799464] NET: Registered protocol family 31
Nov 27 19:42:28 ktalina kernel: [   13.799469] Bluetooth: HCI device and connection manager initialized
Nov 27 19:42:28 ktalina kernel: [   13.799480] Bluetooth: HCI socket layer initialized
Nov 27 19:42:28 ktalina kernel: [   13.799485] Bluetooth: L2CAP socket layer initialized
Nov 27 19:42:28 ktalina kernel: [   13.799496] Bluetooth: SCO socket layer initialized
Nov 27 19:42:28 ktalina kernel: [   13.804576] usbcore: registered new interface driver btusb
Nov 27 19:42:28 ktalina kernel: [   13.836399] [drm] Memory usable by graphics device = 2048M
Nov 27 19:42:28 ktalina kernel: [   13.836408] checking generic (40000000 410000) vs hw (40000000 10000000)
Nov 27 19:42:28 ktalina kernel: [   13.836412] fb: conflicting fb hw usage inteldrmfb vs EFI VGA - removing generic driver
Nov 27 19:42:28 ktalina kernel: [   13.836436] Console: switching to colour dummy device 80x25
Nov 27 19:42:28 ktalina kernel: [   13.839024] i915 0000:00:02.0: setting latency timer to 64
Nov 27 19:42:28 ktalina kernel: [   13.871963] wmi: Mapper loaded
Nov 27 19:42:28 ktalina kernel: [   13.893393] hp_accel: laptop model unknown, using default axes configuration
Nov 27 19:42:28 ktalina kernel: [   13.902218] i915 0000:00:02.0: irq 45 for MSI/MSI-X
Nov 27 19:42:28 ktalina kernel: [   13.902277] [drm] Supports vblank timestamp caching Rev 1 (10.10.2010).
Nov 27 19:42:28 ktalina kernel: [   13.902279] [drm] Driver supports precise vblank timestamp query.
Nov 27 19:42:28 ktalina kernel: [   13.902435] vgaarb: device changed decodes: PCI:0000:00:02.0,olddecodes=io+mem,decodes=io+mem:owns=io+mem
Nov 27 19:42:28 ktalina kernel: [   13.907330] lis3lv02d: 8 bits 3DC sensor found
Nov 27 19:42:28 ktalina kernel: [   13.913155] ath: phy0: ASPM enabled: 0x43
Nov 27 19:42:28 ktalina kernel: [   13.913163] ath: EEPROM regdomain: 0x6a
Nov 27 19:42:28 ktalina kernel: [   13.913165] ath: EEPROM indicates we should expect a direct regpair map
Nov 27 19:42:28 ktalina kernel: [   13.913168] ath: Country alpha2 being used: 00
Nov 27 19:42:28 ktalina kernel: [   13.913170] ath: Regpair used: 0x6a
Nov 27 19:42:28 ktalina kernel: [   13.924205] ieee80211 phy0: Selected rate control algorithm 'minstrel_ht'
Nov 27 19:42:28 ktalina kernel: [   13.924741] ieee80211 phy0: Atheros AR9565 Rev:0 mem=0xffffc90008b80000, irq=16
Nov 27 19:42:28 ktalina kernel: [   13.945312] device-mapper: multipath: version 1.5.1 loaded
Nov 27 19:42:28 ktalina kernel: [   13.956869] input: ST LIS3LV02DL Accelerometer as /devices/platform/lis3lv02d/input/input4
Nov 27 19:42:28 ktalina kernel: [   14.019202] Linux video capture interface: v2.00
Nov 27 19:42:28 ktalina kernel: [   14.035444] uvcvideo: Found UVC 1.00 device HP Truevision HD (04f2:b35f)
Nov 27 19:42:28 ktalina kernel: [   14.041197] input: HP Truevision HD as /devices/pci0000:00/0000:00:14.0/usb3/3-3/3-3:1.0/input/input5
Nov 27 19:42:28 ktalina kernel: [   14.041406] usbcore: registered new interface driver uvcvideo
Nov 27 19:42:28 ktalina kernel: [   14.041411] USB Video Class driver (1.1.1)
Nov 27 19:42:28 ktalina kernel: [   14.101243] microcode: CPU1 sig=0x206a7, pf=0x10, revision=0x28
Nov 27 19:42:28 ktalina kernel: [   14.140079] [drm] GMBUS [i915 gmbus vga] timed out, falling back to bit banging on pin 2
Nov 27 19:42:28 ktalina kernel: [   14.166733] microcode: CPU2 sig=0x206a7, pf=0x10, revision=0x28
Nov 27 19:42:28 ktalina kernel: [   14.173245] input: HP WMI hotkeys as /devices/virtual/input/input6
Nov 27 19:42:28 ktalina kernel: [   14.177125] microcode: CPU3 sig=0x206a7, pf=0x10, revision=0x28
Nov 27 19:42:28 ktalina kernel: [   14.182427] microcode: Microcode Update Driver: v2.00 <tigran@aivazian.fsnet.co.uk>, Peter Oruba
Nov 27 19:42:28 ktalina kernel: [   14.194908] cfg80211: World regulatory domain updated:
Nov 27 19:42:28 ktalina kernel: [   14.194913] cfg80211:   (start_freq - end_freq @ bandwidth), (max_antenna_gain, max_eirp)
Nov 27 19:42:28 ktalina kernel: [   14.194916] cfg80211:   (2402000 KHz - 2472000 KHz @ 40000 KHz), (300 mBi, 2000 mBm)
Nov 27 19:42:28 ktalina kernel: [   14.194919] cfg80211:   (2457000 KHz - 2482000 KHz @ 20000 KHz), (300 mBi, 2000 mBm)
Nov 27 19:42:28 ktalina kernel: [   14.194921] cfg80211:   (2474000 KHz - 2494000 KHz @ 20000 KHz), (300 mBi, 2000 mBm)
Nov 27 19:42:28 ktalina kernel: [   14.194923] cfg80211:   (5170000 KHz - 5250000 KHz @ 40000 KHz), (300 mBi, 2000 mBm)
Nov 27 19:42:28 ktalina kernel: [   14.194926] cfg80211:   (5735000 KHz - 5835000 KHz @ 40000 KHz), (300 mBi, 2000 mBm)
Nov 27 19:42:28 ktalina kernel: [   14.195130] fbcon: inteldrmfb (fb0) is primary device
Nov 27 19:42:28 ktalina kernel: [   14.628826] psmouse serio1: synaptics: Touchpad model: 1, fw: 7.5, id: 0x1e0b1, caps: 0xf00173/0x240000/0xa2400, board id: 2068, fw id: 1028260
Nov 27 19:42:28 ktalina kernel: [   14.668318] input: SynPS/2 Synaptics TouchPad as /devices/platform/i8042/serio1/input/input7
Nov 27 19:42:28 ktalina kernel: [   14.991895] Console: switching to colour frame buffer device 170x48
Nov 27 19:42:28 ktalina kernel: [   14.995598] i915 0000:00:02.0: fb0: inteldrmfb frame buffer device
Nov 27 19:42:28 ktalina kernel: [   14.995601] i915 0000:00:02.0: registered panic notifier
